notes/week02/data.csv
STORE,UPC,WEEK,MOVE,QTY,PRICE,SALE,PROFIT,OK
2,1470001100,120,4,1,1.69,,26.03,1
2,1470001100,121,15,1,1.61,,43.78,1
2,1470001100,122,11,1,1.5,B,48,1
2,1470001100,123,11,1,1.56,B,50,1
2,1470001100,124,22,1,1.4,,44.28,1
2,1470001100,125,207,1,0.99,B,21.21,1
2,1470001100,126,25,1,1.21,B,18.51,1
2,1470001100,127,10,1,1.69,,26.03,1
2,1470001100,128,14,1,1.69,,26.03,1
2,1470001100,129,8,1,1.69,,26.03,1
2,1470001100,130,9,1,1.69,,26.03,1
2,1470001100,131,7,1,1.69,,26.03,1
2,1470001100,132,7,1,1.69,,26.03,1
2,1470001100,133,13,1,1.69,,26.03,1
2,1470001100,134,6,1,1.69,,26.03,1
2,1470001100,135,15,1,1.69,,26.03,1
2,1470001100,136,7,1,1.69,,26.03,1
2,1470001100,137,10,1,1.69,,30.76,1
2,1470001100,138,10,1,1.27,,17.32,1
2,1470001100,139,237,1,0.99,B,6.06,1
2,1470001100,140,11,1,1.17,B,10.25,1
2,1470001100,141,19,1,1.5,B,30,1
2,1470001100,142,7,1,1.69,,36.21,1
2,1470001100,143,12,1,1.69,,26.03,1
2,1470001100,144,10,1,1.69,,26.03,1
2,1470001100,145,15,1,1.69,,26.03,1
2,1470001100,146,11,1,1.69,,26.03,1
2,1470001100,147,21,1,1.69,,26.03,1
2,1470001100,148,20,1,1.69,,26.03,1
2,1470001100,149,8,1,1.69,,26.03,1
2,1470001100,150,11,1,1.69,,26.03,1
2,1470001100,151,10,1,1.69,,26.03,1
2,1470001100,152,15,1,1.69,,26.03,1
2,1470001100,153,40,1,1.69,,48.69,1
2,1470001100,154,494,1,0.84,S,4.76,1
2,1470001100,155,66,1,1.69,,52.66,1
2,1470001100,156,47,1,1.69,,52.66,1
2,1470001100,157,13,1,1.69,,52.66,1
2,1470001100,158,14,1,1.69,,43.19,1
2,1470001100,159,21,1,1.69,,26.03,1
2,1470001100,160,9,1,1.69,,26.03,1
2,1470001100,161,12,1,1.69,,26.03,1
2,1470001100,162,10,1,1.69,,26.03,1
2,1470001100,163,9,1,1.69,,26.03,1
2,1470001100,164,12,1,1.69,,26.03,1
2,1470001100,165,24,1,1.45,,21.86,1
2,1470001100,166,32,1,1.29,B,18.6,1
2,1470001100,167,21,1,1.38,B,23.91,1
2,1470001100,168,8,1,1.5,B,30,1
2,1470001100,169,16,1,1.59,B,33.96,1
2,1470001100,170,19,1,1.69,,31.06,1
2,1470001100,171,9,1,1.69,,26.03,1
2,1470001100,172,10,1,1.69,,26.03,1
2,1470001100,173,16,1,1.69,,26.03,1
2,1470001100,174,13,1,1.69,,26.03,1
2,1470001100,175,15,1,1.69,,26.03,1
2,1470001100,176,11,1,1.69,,26.03,1
2,1470001100,177,22,1,1.62,,26.79,1
2,1470001100,178,20,1,1.49,B,29.53,1
2,1470001100,179,18,1,1.49,B,29.53,1
2,1470001100,180,27,1,1.49,B,29.53,1
2,1470001100,181,13,1,1.52,B,30.92,1
2,1470001100,182,15,1,1.69,,33.13,1
2,1470001100,183,9,1,1.69,,26.03,1
2,1470001100,184,12,1,1.69,,26.03,1
2,1470001100,185,8,1,1.69,,26.03,1
2,1470001100,186,13,1,1.69,,26.03,1
2,1470001100,187,5,1,1.69,,26.03,1
2,1470001100,188,9,1,1.69,,26.03,1
2,1470001100,189,15,1,1.69,,34.91,1
2,1470001100,190,216,1,0.99,S,19.19,1
2,1470001100,191,24,1,1.45,,44.82,1
2,1470001100,192,35,1,0.99,B,19.19,1
2,1470001100,193,36,1,0.99,B,19.19,1
2,1470001100,194,7,1,1.69,,45.08,1
2,1470001100,195,7,1,1.69,,26.03,1
2,1470001100,196,12,1,1.75,,28.57,1
2,1470001100,197,16,1,1.85,,32.43,1
2,1470001100,198,12,1,1.85,,32.43,1
2,1470001100,199,14,1,1.85,,32.43,1
2,1470001100,200,7,1,1.85,,32.43,1
2,1470001100,201,11,1,1.85,,32.43,1
2,1470001100,202,10,1,1.85,,32.43,1
2,1470001100,203,12,1,1.85,,32.43,1
2,1470001100,204,10,1,1.85,,32.43,1
2,1470001100,205,12,1,1.61,,30.68,1
2,1470001100,206,19,1,1.29,B,18.6,1
2,1470001100,207,33,1,1.29,B,18.6,1
2,1470001100,208,26,1,1.29,B,18.6,1
2,1470001100,209,16,1,1.36,B,22.79,1
2,1470001100,210,9,1,1.85,,38.48,1
2,1470001100,211,6,1,1.85,,32.43,1
2,1470001100,212,4,1,1.85,,32.43,1
2,1470001100,213,7,1,1.85,,32.43,1
2,1470001100,214,10,1,1.85,,32.43,1
2,1470001100,215,5,1,1.85,,32.43,1
2,1470001100,216,10,1,1.85,,32.43,1
2,1470001100,217,11,1,1.81,,38.01,1
2,1470001100,218,18,1,1.49,B,29.53,1
2,1470001100,219,0,1,0,,0,0
2,1470001100,220,11,1,1.49,B,29.53,1
2,1470001100,221,11,1,1.49,B,29.53,1
2,1470001100,222,13,1,1.85,,39.13,1
2,1470001100,223,9,1,1.84,,32.06,1
2,1470001100,224,3,1,1.79,,30.16,1
2,1470001100,225,7,1,1.79,,30.16,1
2,1470001100,226,19,1,1.79,,30.16,1
2,1470001100,227,10,1,1.79,,30.16,1
2,1470001100,228,10,1,1.79,,30.16,1
2,1470001100,229,13,1,1.79,,35.97,1
2,1470001100,230,10,1,1.47,,45.57,1
2,1470001100,231,120,1,0.99,B,19.19,1
2,1470001100,232,10,1,1.47,,45.57,1
2,1470001100,233,120,1,0.99,B,19.19,1
2,1470001100,234,13,1,1.79,B,45.64,1
2,1470001100,235,9,1,1.79,B,30.16,1
2,1470001110,120,11,1,2.49,,36.06,1
2,1470001110,121,97,1,2.49,,31.44,1
2,1470001110,122,23,1,2.49,,26.02,1
2,1470001110,123,21,1,2.49,,26.02,1
2,1470001110,124,17,1,2.49,,26.02,1
2,1470001110,125,12,1,2.53,,26,1
2,1470001110,126,15,1,2.59,,26.02,1
2,1470001110,127,18,1,2.59,,26.02,1
2,1470001110,128,16,1,2.59,,26.02,1
2,1470001110,129,21,1,2.44,,27.82,1
2,1470001110,130,14,1,2.26,B,26.28,1
2,1470001110,131,19,1,2.19,B,23.92,1
2,1470001110,132,15,1,2.48,B,32.82,1
2,1470001110,133,18,1,2.59,,35.67,1
2,1470001110,134,9,1,2.59,,31.38,1
2,1470001110,135,19,1,2.59,,26.02,1
2,1470001110,136,13,1,2.59,,26.02,1
2,1470001110,137,10,1,2.59,,26.02,1
2,1470001110,138,12,1,2.59,,26.02,1
2,1470001110,139,7,1,2.59,,26.02,1
2,1470001110,140,9,1,2.59,,26.02,1
2,1470001110,141,15,1,2.59,,26.02,1
2,1470001110,142,10,1,2.59,,26.02,1
2,1470001110,143,12,1,2.59,,26.02,1
2,1470001110,144,10,1,2.59,,26.02,1
2,1470001110,145,12,1,2.14,,20.23,1
2,1470001110,146,28,1,1.99,B,16.28,1
2,1470001110,147,12,1,1.99,B,16.28,1
2,1470001110,148,12,1,1.99,B,16.28,1
2,1470001110,149,10,1,2.59,,35.67,1
2,1470001110,150,13,1,2.59,,30.5,1
2,1470001110,151,10,1,2.59,,26.02,1
2,1470001110,152,7,1,2.59,,26.02,1
2,1470001110,153,15,1,2.59,,26.02,1
2,1470001110,154,7,1,2.59,,26.02,1
2,1470001110,155,10,1,2.59,,26.02,1
2,1470001110,156,10,1,2.59,,26.02,1
2,1470001110,157,15,1,2.53,,26.91,1
2,1470001110,158,18,1,2.39,B,30.29,1
2,1470001110,159,11,1,2.39,B,30.29,1
2,1470001110,160,11,1,2.59,,35.67,1
2,1470001110,161,17,1,2.59,,35.67,1
2,1470001110,162,23,1,2.59,,30.65,1
2,1470001110,163,9,1,2.59,,26.02,1
2,1470001110,164,5,1,2.59,,26.02,1
2,1470001110,165,10,1,2.59,,26.02,1
2,1470001110,166,20,1,2.59,,26.02,1
2,1470001110,167,10,1,2.59,,26.02,1
2,1470001110,168,11,1,2.59,,26.02,1
2,1470001110,169,16,1,2.39,,25.06,1
2,1470001110,170,17,1,2.19,B,23.92,1
2,1470001110,171,9,1,2.36,B,29.4,1
2,1470001110,172,10,1,2.59,,35.67,1
2,1470001110,173,8,1,2.59,,35.67,1
2,1470001110,174,15,1,2.59,,31.81,1
2,1470001110,175,17,1,2.59,,26.02,1
2,1470001110,176,14,1,2.59,,26.02,1
2,1470001110,177,10,1,2.59,,26.02,1
2,1470001110,178,22,1,2.59,,26.02,1
2,1470001110,179,11,1,2.59,,26.02,1
2,1470001110,180,15,1,2.59,,26.02,1
2,1470001110,181,16,1,2.51,,26.65,1
2,1470001110,182,21,1,2.19,B,30.77,1
2,1470001110,183,17,1,2.19,B,30.77,1
2,1470001110,184,20,1,2.19,B,30.77,1
2,1470001110,185,17,1,2.23,B,32.01,1
2,1470001110,186,14,1,2.59,,33.74,1
2,1470001110,187,9,1,2.59,,26.02,1
2,1470001110,188,14,1,2.59,,26.02,1
2,1470001110,189,14,1,2.59,,26.02,1
2,1470001110,190,10,1,2.59,,26.02,1
2,1470001110,191,9,1,2.59,,26.02,1
2,1470001110,192,16,1,2.75,,30.32,1
2,1470001110,193,11,1,2.85,,32.77,1
2,1470001110,194,17,1,2.85,,32.77,1
2,1470001110,195,18,1,2.85,,32.77,1
2,1470001110,196,14,1,2.85,,32.77,1
2,1470001110,197,10,1,2.85,,32.77,1
2,1470001110,198,11,1,2.85,,32.77,1
2,1470001110,199,15,1,2.85,,32.77,1
2,1470001110,200,14,1,1.85,B,-3.56,1
2,1470001110,201,23,1,2.02,B,5.14,1
2,1470001110,202,16,1,2.85,,32.77,1
2,1470001110,203,9,1,2.85,,32.77,1
2,1470001110,204,14,1,2.85,,32.77,1
2,1470001110,205,13,1,2.85,,32.77,1
2,1470001110,206,17,1,2.85,,32.77,1
2,1470001110,207,9,1,2.85,,32.77,1
2,1470001110,208,15,1,2.85,,32.77,1
2,1470001110,209,21,1,2.56,,30.27,1
2,1470001110,210,19,1,2.26,B,26.28,1
2,1470001110,211,55,1,1.99,S,16.28,1
2,1470001110,212,17,1,2.26,,26.28,1
2,1470001110,213,28,1,2.3,,27.56,1
2,1470001110,214,18,1,2.85,,37.64,1
2,1470001110,215,21,1,2.85,,32.77,1
2,1470001110,216,19,1,2.85,,32.77,1
2,1470001110,217,11,1,2.85,,32.77,1
2,1470001110,218,10,1,2.85,,32.77,1
2,1470001110,219,0,1,0,,0,0
2,1470001110,220,14,1,2.72,,29.55,1
2,1470001110,221,12,1,2.69,,33.75,1
2,1470001110,222,28,1,2.29,S,33.79,1
2,1470001110,223,12,1,2.69,,43.64,1
2,1470001110,224,5,1,2.69,,43.64,1
2,1470001110,225,16,1,2.69,,43.64,1
2,1470001110,226,14,1,2.69,,41.52,1
2,1470001110,227,23,1,2.69,,28.77,1
2,1470001110,228,24,1,2.69,,28.77,1
2,1470001110,229,16,1,2.69,,28.77,1
2,1470001110,230,18,1,2.69,,28.77,1
2,1470001110,231,12,1,2.69,,28.77,1
2,1470001110,232,18,1,2.69,,28.77,1
2,1470001110,233,12,1,2.69,,28.77,1
2,1470001110,234,18,1,2.69,,42.82,1
2,1470001110,235,15,1,2.69,,43.64,1
2,3010016584,120,4,1,2.87,,27.07,1
2,3010016584,121,8,1,2.69,B,22.19,1
2,3010016584,122,9,1,2.82,B,25.78,1
2,3010016584,123,7,1,2.93,B,28.56,1
2,3010016584,124,10,1,2.95,B,29.05,1
2,3010016584,125,4,1,3.05,,27.44,1
2,3010016584,126,3,1,3.05,,27.44,1
2,3010016584,127,5,1,3.05,,27.44,1
2,3010016584,128,2,1,3.05,,27.44,1
2,3010016584,129,7,1,2.93,B,28.56,1
2,3010016584,130,14,1,2.93,B,28.56,1
2,3010016584,131,13,1,2.29,S,8.6,1
2,3010016584,132,8,1,3.05,,31.37,1
2,3010016584,133,6,1,3.05,,29.4,1
2,3010016584,134,4,1,3.05,,27.44,1
2,3010016584,135,6,1,3.05,,27.44,1
2,3010016584,136,2,1,2.96,,29.29,1
2,3010016584,137,8,1,2.93,B,28.56,1
2,3010016584,138,3,1,2.93,B,28.56,1
2,3010016584,139,10,1,2.95,B,29.05,1
2,3010016584,140,183,1,1.47,B,42.38,1
2,3010016584,141,6,1,3.05,,29.4,1
2,3010016584,142,7,1,3.05,,27.44,1
2,3010016584,143,7,1,3.05,,27.44,1
2,3010016584,144,11,1,3,,28.33,1
2,3010016584,145,10,1,2.82,B,29.68,1
2,3010016584,146,10,1,2.86,B,30.66,1
2,3010016584,147,9,1,2.49,S,20.36,1
2,3010016584,148,9,1,3.05,,34.98,1
2,3010016584,149,6,1,3.05,,28.72,1
2,3010016584,150,11,1,3.05,,27.44,1
2,3010016584,151,9,1,3.02,,27.58,1
2,3010016584,152,8,1,2.5,B,20.68,1
2,3010016584,153,14,1,1.99,B,0.35,1
2,3010016584,154,10,1,1.99,B,0.35,1
2,3010016584,155,10,1,2.41,B,17.71,1
2,3010016584,156,8,1,3.05,,34.98,1
2,3010016584,157,3,1,3.05,,27.44,1
2,3010016584,158,3,1,3.05,,27.44,1
2,3010016584,159,6,1,2.97,,30.67,1
2,3010016584,160,7,1,2.82,B,29.68,1
2,3010016584,161,10,1,2.84,B,30.17,1
2,3010016584,162,32,1,2.29,S,13.4,1
2,3010016584,163,8,1,3.05,,34.98,1
2,3010016584,164,9,1,3.05,,34.98,1
2,3010016584,165,6,1,3.05,,31.21,1
2,3010016584,166,12,1,3.05,,27.44,1
2,3010016584,167,6,1,3.05,,27.44,1
2,3010016584,168,8,1,3.05,,27.44,1
2,3010016584,169,8,1,3.05,,27.44,1
2,3010016584,170,6,1,3.05,,27.44,1
2,3010016584,171,8,1,3.05,,27.44,1
2,3010016584,172,5,1,3.05,,27.44,1
2,3010016584,173,5,1,3.05,,27.44,1
2,3010016584,174,6,1,3.05,,27.44,1
2,3010016584,175,13,1,2.5,S,11.48,1
2,3010016584,176,7,1,3.05,,27.44,1
2,3010016584,177,7,1,3.05,,29.6,1
2,3010016584,178,7,1,3.05,,34.98,1
2,3010016584,179,10,1,2.29,S,13.4,1
2,3010016584,180,9,1,2.75,,27.89,1
2,3010016584,181,7,1,2.48,B,19.51,1
2,3010016584,182,7,1,3.05,,31.86,1
2,3010016584,183,7,1,3.05,,31.86,1
2,3010016584,184,8,1,3.05,,31.86,1
2,3010016584,185,8,1,3.05,,33.04,1
2,3010016584,186,9,1,3.05,,34.98,1
2,3010016584,187,15,1,2.69,S,26.28,1
2,3010016584,188,7,1,3.05,,34.98,1
2,3010016584,189,9,1,3.05,,34.98,1
2,3010016584,190,1,1,3.05,,34.98,1
2,3010016584,191,8,1,3.05,,27.44,1
2,3010016584,192,9,1,3.11,,28.84,1
2,3010016584,193,10,1,3.25,,36.15,1
2,3010016584,194,9,1,3.12,B,36.44,1
2,3010016584,195,5,1,3.12,B,36.44,1
2,3010016584,196,4,1,2.79,S,28.92,1
2,3010016584,197,9,1,3.12,,36.44,1
2,3010016584,198,8,1,3.35,,35.67,1
2,3010016584,199,6,1,3.35,,33.94,1
2,3010016584,200,14,1,3.35,,33.94,1
2,3010016584,201,5,1,3.3,,34.39,1
2,3010016584,202,3,1,3.23,B,35.2,1
2,3010016584,203,22,1,2.59,S,19.18,1
2,3010016584,204,6,1,3.23,,35.2,1
2,3010016584,205,8,1,3.27,,35.99,1
2,3010016584,206,3,1,3.35,,33.94,1
2,3010016584,207,4,1,3.35,,33.94,1
2,3010016584,208,6,1,3.35,,33.94,1
2,3010016584,209,14,1,3.35,,33.94,1
2,3010016584,210,4,1,2.93,B,24.47,1
2,3010016584,211,5,1,3.09,B,28.38,1
2,3010016584,212,7,1,3.35,,33.94,1
2,3010016584,213,13,1,2.69,S,17.73,1
2,3010016584,214,7,1,3.35,,33.94,1
2,3010016584,215,7,1,3.35,,33.94,1
2,3010016584,216,2,1,3.35,,33.94,1
2,3010016584,217,9,1,3.35,,33.94,1
2,3010016584,218,7,1,3.35,,33.94,1
2,3010016584,219,0,1,0,,0,0
2,3010016584,220,3,1,3.35,,33.94,1
2,3010016584,221,4,1,3.27,,32.32,1
2,3010016584,222,2,1,3.05,,27.44,1
2,3010016584,223,7,1,3.05,,27.44,1
2,3010016584,224,3,1,3.05,,27.44,1
2,3010016584,225,6,1,3.05,,43.6,1
2,3010016584,226,2,1,3.05,,75.9,1
2,3010016584,227,5,1,3.05,,75.9,1
2,3010016584,228,8,1,3.05,,75.9,1
2,3010016584,229,7,1,2.99,,77.15,1
2,3010016584,230,10,1,2.93,B,79.01,1
2,3010016584,231,6,1,2.93,B,79.01,1
2,3010016584,232,10,1,2.93,B,79.01,1
2,3010016584,233,6,1,2.93,B,79.01,1
2,3010016584,234,10,1,3.05,B,77.86,1
2,3010016584,235,9,1,3.05,B,75.9,1
2,3010021196,120,6,1,2.87,,27.07,1
2,3010021196,121,19,1,2.69,B,22.19,1
2,3010021196,122,7,1,2.79,B,24.98,1
2,3010021196,123,10,1,2.93,B,28.56,1
2,3010021196,124,17,1,2.96,B,29.29,1
2,3010021196,125,11,1,3.05,,27.8,1
2,3010021196,126,11,1,3.05,,27.44,1
2,3010021196,127,12,1,3.05,,27.44,1
2,3010021196,128,23,1,3.01,,27.87,1
2,3010021196,129,26,1,2.93,B,28.56,1
2,3010021196,130,15,1,2.93,B,28.56,1
2,3010021196,131,35,1,2.29,S,8.6,1
2,3010021196,132,9,1,3.05,,31.37,1
2,3010021196,133,8,1,3.05,,27.93,1
2,3010021196,134,7,1,3.05,,27.44,1
2,3010021196,135,4,1,3.05,,27.44,1
2,3010021196,136,5,1,3.02,,29.9,1
2,3010021196,137,6,1,2.93,B,28.56,1
2,3010021196,138,9,1,2.93,B,28.56,1
2,3010021196,139,14,1,2.94,B,28.8,1
2,3010021196,140,284,1,1.55,B,35.03,1
2,3010021196,141,8,1,3.05,,28.42,1
2,3010021196,142,5,1,3.05,,27.44,1
2,3010021196,143,6,1,3.05,,27.44,1
2,3010021196,144,6,1,2.97,,29.36,1
2,3010021196,145,17,1,2.82,B,29.68,1
2,3010021196,146,12,1,2.85,B,30.42,1
2,3010021196,147,12,1,2.49,S,20.36,1
2,3010021196,148,5,1,3.05,,34.98,1
2,3010021196,149,15,1,3.05,,29.47,1
2,3010021196,150,11,1,3.05,,27.44,1
2,3010021196,151,5,1,2.95,,28.1,1
2,3010021196,152,16,1,2.66,B,25.45,1
2,3010021196,153,28,1,1.99,B,0.35,1
2,3010021196,154,9,1,1.99,B,0.35,1
2,3010021196,155,14,1,1.99,B,0.35,1
2,3010021196,156,7,1,3.05,,34.98,1
2,3010021196,157,8,1,3.05,,28.39,1
2,3010021196,158,5,1,3.05,,27.44,1
2,3010021196,159,8,1,2.99,,30.8,1
2,3010021196,160,13,1,2.82,B,29.68,1
2,3010021196,161,13,1,2.83,B,29.92,1
2,3010021196,162,30,1,2.29,S,13.4,1
2,3010021196,163,7,1,3.05,,34.98,1
2,3010021196,164,7,1,3.05,,34.98,1
2,3010021196,165,3,1,3.05,,27.44,1
2,3010021196,166,12,1,3.05,,27.44,1
2,3010021196,167,6,1,3.05,,27.44,1
2,3010021196,168,12,1,3.05,,27.44,1
2,3010021196,169,9,1,3.05,,27.44,1
2,3010021196,170,6,1,3.05,,27.44,1
2,3010021196,171,7,1,3.05,,27.44,1
2,3010021196,172,1,1,3.05,,27.44,1
2,3010021196,173,8,1,3.05,,33.8,1
2,3010021196,174,8,1,3.05,,37.6,1
2,3010021196,175,51,1,2.5,S,23.88,1
2,3010021196,176,10,1,3.05,,37.6,1
2,3010021196,177,6,1,3.05,,37.6,1
2,3010021196,178,7,1,3.05,,30.36,1
2,3010021196,179,5,1,3.05,,27.44,1
2,3010021196,180,7,1,3.05,,27.44,1
2,3010021196,181,5,1,3.05,,28.95,1
2,3010021196,182,8,1,3.05,,34.98,1
2,3010021196,183,5,1,3.05,,34.98,1
2,3010021196,184,10,1,1.99,S,0.35,1
2,3010021196,185,8,1,3.05,,34.98,1
2,3010021196,186,9,1,3.05,,30.81,1
2,3010021196,187,5,1,3.05,,27.44,1
2,3010021196,188,9,1,3.05,,27.44,1
2,3010021196,189,19,1,2.92,,29.24,1
2,3010021196,190,18,1,2.75,B,30.8,1
2,3010021196,191,16,1,2.75,B,30.8,1
2,3010021196,192,25,1,2.59,S,26.52,1
2,3010021196,193,16,1,2.8,,32.03,1
2,3010021196,194,15,1,3.05,,30.85,1
2,3010021196,195,14,1,3.05,,27.44,1
2,3010021196,196,4,1,3.05,,27.44,1
2,3010021196,197,6,1,3.05,,29.4,1
2,3010021196,198,6,1,3.05,,31.37,1
2,3010021196,199,10,1,3.05,,31.37,1
2,3010021196,200,161,1,1.52,S,-37.69,1
2,3010021196,201,7,1,3.17,,33.97,1
2,3010021196,202,4,1,3.35,,35.73,1
2,3010021196,203,6,1,3.35,,33.94,1
2,3010021196,204,3,1,3.35,,33.94,1
2,3010021196,205,8,1,3.29,,32.73,1
2,3010021196,206,10,1,2.93,B,24.47,1
2,3010021196,207,12,1,2.93,B,24.47,1
2,3010021196,208,4,1,2.93,B,24.47,1
2,3010021196,209,62,1,1.46,B,-51.57,1
2,3010021196,210,2,1,3.35,,33.94,1
2,3010021196,211,8,1,3.35,,33.94,1
2,3010021196,212,9,1,3.35,,33.94,1
2,3010021196,213,4,1,3.35,,35.67,1
2,3010021196,214,14,1,2.49,S,20.36,1
2,3010021196,215,6,1,3.2,S,38.03,1
2,3010021196,216,10,1,2.82,B,29.68,1
2,3010021196,217,6,1,2.9,B,31.62,1
2,3010021196,218,3,1,3.35,,38.53,1
2,3010021196,219,0,1,0,,0,0
2,3010021196,220,4,1,3.35,,33.94,1
2,3010021196,221,10,1,3.35,,33.94,1
2,3010021196,222,4,1,3.35,,33.94,1
2,3010021196,223,7,1,3.35,,33.94,1
2,3010021196,224,5,1,3.05,,29.8,1
2,3010021196,225,8,1,2.71,B,22.76,1
2,3010021196,226,15,1,2.71,B,22.76,1
2,3010021196,227,2,1,2.71,B,22.76,1
2,3010021196,228,14,1,2.71,B,22.76,1
2,3010021196,229,13,1,2.19,B,4.42,1
2,3010021196,230,6,1,3.05,,30.72,1
2,3010021196,231,7,1,3.05,,27.44,1
2,3010021196,232,6,1,3.05,,30.72,1
2,3010021196,233,7,1,3.05,,27.44,1
2,3010021196,234,17,1,1.99,S,8.39,1
2,3010021196,235,5,1,3.05,,40.22,1
