notes/week02/data.csv
STORE,UPC,WEEK,MOVE,QTY,PRICE,SALE,PROFIT,OK
2,3828112277,120,8,1,1.69,,51.95,1
2,3828112277,121,30,1,1.69,,51.95,1
2,3828112277,122,18,1,1.69,,51.95,1
2,3828112277,123,20,1,1.69,,51.95,1
2,3828112277,124,26,1,1.69,,51.59,1
2,3828112277,125,25,1,1.69,,51.24,1
2,3828112277,126,20,1,1.69,,51.18,1
2,3828112277,127,19,1,1.69,,52.6,1
2,3828112277,128,16,1,1.69,,52.13,1
2,3828112277,129,26,1,1.69,,52.54,1
2,3828112277,130,19,1,1.69,,52.07,1
2,3828112277,131,21,1,1.48,,46.48,1
2,3828112277,132,52,1,1.33,B,41.27,1
2,3828112277,133,27,1,1.52,B,48.94,1
2,3828112277,134,17,1,1.69,,54.08,1
2,3828112277,135,18,1,1.69,,54.08,1
2,3828112277,136,11,1,1.65,,52.9,1
2,3828112277,137,23,1,1.59,,50.69,1
2,3828112277,138,13,1,1.59,,50.75,1
2,3828112277,139,23,1,1.59,,50.88,1
2,3828112277,140,24,1,1.59,,50.88,1
2,3828112277,141,24,1,1.59,,48.23,1
2,3828112277,142,50,1,1.5,S,49.33,1
2,3828112277,143,21,1,1.59,,51.88,1
2,3828112277,144,17,1,1.59,,50.94,1
2,3828112277,145,19,1,1.59,,52.45,1
2,3828112277,146,26,1,1.59,,51.44,1
2,3828112277,147,13,1,1.59,,50.75,1
2,3828112277,148,18,1,1.59,,50.81,1
2,3828112277,149,69,1,0.79,S,1.26,1
2,3828112277,150,25,1,1.59,,49.93,1
2,3828112277,151,22,1,1.59,,51,1
2,3828112277,152,32,1,1.5,B,48.4,1
2,3828112277,153,31,1,1.19,B,34.95,1
2,3828112277,154,13,1,1.28,B,39.6,1
2,3828112277,155,16,1,1.59,,51.5,1
2,3828112277,156,21,1,1.59,,51.5,1
2,3828112277,157,23,1,1.59,,51.5,1
2,3828112277,158,30,1,1.59,,51.5,1
2,3828112277,159,19,1,1.59,,51.57,1
2,3828112277,160,31,1,1.39,S,44.6,1
2,3828112277,161,15,1,1.59,B,51.57,1
2,3828112277,162,34,1,1.55,,50.32,1
2,3828112277,163,21,1,1.51,B,49,1
2,3828112277,164,42,1,1.19,B,35.29,1
2,3828112277,165,25,1,1.59,,51.57,1
2,3828112277,166,17,1,1.59,,51.57,1
2,3828112277,167,35,1,1.59,,51.57,1
2,3828112277,168,26,1,1.59,,51.57,1
2,3828112277,169,24,1,1.59,,51.57,1
2,3828112277,170,11,1,1.59,,51.57,1
2,3828112277,171,15,1,1.59,,51.57,1
2,3828112277,172,13,1,1.59,,51.57,1
2,3828112277,173,16,1,1.59,,51.57,1
2,3828112277,174,20,1,1.59,,51.57,1
2,3828112277,175,25,1,1.59,,51.57,1
2,3828112277,176,26,1,1.59,,51.57,1
2,3828112277,177,17,1,1.25,B,38.4,1
2,3828112277,178,30,1,1.59,,51.57,1
2,3828112277,179,25,1,1.59,,51.57,1
2,3828112277,180,33,1,1.19,S,35.29,1
2,3828112277,181,25,1,1.59,,51.19,1
2,3828112277,182,15,1,1.59,,49.62,1
2,3828112277,183,19,1,1.59,,50.25,1
2,3828112277,184,22,1,1.59,,50.25,1
2,3828112277,185,21,1,1.59,,48.42,1
2,3828112277,186,21,1,1.59,,47.67,1
2,3828112277,187,24,1,1.59,,47.16,1
2,3828112277,188,27,1,1.5,S,43.73,1
2,3828112277,189,25,1,1.6,,47.25,1
2,3828112277,190,23,1,1.65,,48.84,1
2,3828112277,191,19,1,1.59,B,47.61,1
2,3828112277,192,27,1,1.61,B,48.26,1
2,3828112277,193,23,1,1.69,,50.53,1
2,3828112277,194,28,1,1.69,,50.11,1
2,3828112277,195,25,1,1.69,,50.47,1
2,3828112277,196,10,1,1.69,,51.06,1
2,3828112277,197,28,1,1.69,,51.36,1
2,3828112277,198,18,1,1.69,,50.76,1
2,3828112277,199,21,1,1.69,,51.12,1
2,3828112277,200,22,1,1.69,,50.94,1
2,3828112277,201,24,1,1.69,,50.71,1
2,3828112277,202,30,1,1.69,,50.82,1
2,3828112277,203,23,1,1.69,,50.82,1
2,3828112277,204,11,1,1.69,,51.24,1
2,3828112277,205,23,1,1.69,,53.13,1
2,3828112277,206,50,1,0.99,S,21.81,1
2,3828112277,207,35,1,1.19,S,34.95,1
2,3828112277,208,21,1,1.69,,54.43,1
2,3828112277,209,18,1,1.69,,54.26,1
2,3828112277,210,22,1,1.69,,52.54,1
2,3828112277,211,27,1,1.69,,51,1
2,3828112277,212,23,1,1.69,,52.07,1
2,3828112277,213,29,1,1.69,,52.18,1
2,3828112277,214,56,1,1.39,S,45.75,1
2,3828112277,215,17,1,1.69,,53.19,1
2,3828112277,216,47,1,1.19,S,32.68,1
2,3828112277,217,26,1,1.69,,52.95,1
2,3828112277,218,21,1,1.69,,52.72,1
2,3828112277,219,0,1,0,,0,0
2,3828112277,220,15,1,1.69,,51.77,1
2,3828112277,221,15,1,1.69,,51.77,1
2,3828112277,222,20,1,1.69,,50.53,1
2,3828112277,223,14,1,1.69,,50.47,1
2,3828112277,224,13,1,1.69,,50.23,1
2,3828112277,225,20,1,1.69,,50.11,1
2,3828112277,226,19,1,1.69,,50.35,1
2,3828112277,227,17,1,1.69,,52.24,1
2,3828112277,228,31,1,1.69,,53.31,1
2,3828112277,229,37,1,1.19,S,34.11,1
2,3828112277,230,22,1,1.69,,53.72,1
2,3828112277,231,23,1,1.69,,54.26,1
2,3828112277,232,22,1,1.69,,53.72,1
2,3828112277,233,23,1,1.69,,54.26,1
2,3828112277,234,16,1,1.69,S,53.01,1
2,3828112277,235,16,1,1.69,S,53.01,1
2,3828112289,120,4,1,2.39,,40.41,1
2,3828112289,121,7,1,2.39,,40.41,1
2,3828112289,122,10,1,2.39,,39.7,1
2,3828112289,123,11,1,2.34,,37.9,1
2,3828112289,124,16,1,2.31,B,37.83,1
2,3828112289,125,5,1,2.39,,41.33,1
2,3828112289,126,7,1,2.39,,43.51,1
2,3828112289,127,1,1,2.39,,52.46,1
2,3828112289,128,2,1,2.39,,46.23,1
2,3828112289,129,2,1,2.39,,46.56,1
2,3828112289,130,1,1,2.19,,39.4,1
2,3828112289,131,2,1,2.19,,40.36,1
2,3828112289,132,6,1,2.19,,41.32,1
2,3828112289,133,3,1,2.19,,33.88,1
2,3828112289,134,6,1,2.04,,36.86,1
2,3828112289,135,13,1,1.89,B,31.11,1
2,3828112289,136,9,1,2.15,B,39.44,1
2,3828112289,137,12,1,2.19,,40.54,1
2,3828112289,138,6,1,2.19,,40.54,1
2,3828112289,139,6,1,2.19,,40.54,1
2,3828112289,140,8,1,2.19,,40.54,1
2,3828112289,141,12,1,2.19,,40.54,1
2,3828112289,142,6,1,2.19,,37.3,1
2,3828112289,143,7,1,2.19,,33.6,1
2,3828112289,144,9,1,2.19,,32.83,1
2,3828112289,145,7,1,2.19,,32.73,1
2,3828112289,146,18,1,2.05,,27.9,1
2,3828112289,147,16,1,1.99,,25.67,1
2,3828112289,148,12,1,1.99,,26.28,1
2,3828112289,149,17,1,1.99,,26.03,1
2,3828112289,150,14,1,1.99,,26.18,1
2,3828112289,151,10,1,1.99,,25.87,1
2,3828112289,152,9,1,1.99,,27.48,1
2,3828112289,153,22,1,1.49,B,5.77,1
2,3828112289,154,13,1,1.72,B,19.06,1
2,3828112289,155,13,1,1.99,,30.35,1
2,3828112289,156,12,1,1.99,,30.35,1
2,3828112289,157,13,1,1.99,,30.35,1
2,3828112289,158,12,1,1.99,,30.35,1
2,3828112289,159,27,1,1.89,B,26.66,1
2,3828112289,160,8,1,1.99,,30.35,1
2,3828112289,161,19,1,1.99,B,30.45,1
2,3828112289,162,11,1,1.96,,29.94,1
2,3828112289,163,15,1,1.89,B,27.19,1
2,3828112289,164,14,1,1.49,B,7.51,1
2,3828112289,165,10,1,1.99,,30.75,1
2,3828112289,166,12,1,1.99,,29.39,1
2,3828112289,167,22,1,1.99,,29.69,1
2,3828112289,168,13,1,1.99,,29.69,1
2,3828112289,169,16,1,1.89,S,25.97,1
2,3828112289,170,13,1,1.99,,29.69,1
2,3828112289,171,10,1,1.99,,29.69,1
2,3828112289,172,7,1,1.99,,29.69,1
2,3828112289,173,8,1,1.99,,29.69,1
2,3828112289,174,18,1,1.99,,29.69,1
2,3828112289,175,18,1,1.99,,29.69,1
2,3828112289,176,14,1,1.99,,29.69,1
2,3828112289,177,10,1,1.99,,28.14,1
2,3828112289,178,8,1,1.99,,26.58,1
2,3828112289,179,9,1,1.99,,28.49,1
2,3828112289,180,12,1,1.49,S,6.44,1
2,3828112289,181,7,1,1.99,,28.99,1
2,3828112289,182,26,1,1.89,S,22.59,1
2,3828112289,183,8,1,1.99,,27.53,1
2,3828112289,184,5,1,1.99,,27.53,1
2,3828112289,185,9,1,1.99,,27.53,1
2,3828112289,186,12,1,1.99,,27.53,1
2,3828112289,187,10,1,1.99,,27.53,1
2,3828112289,188,10,1,1.99,,27.53,1
2,3828112289,189,16,1,1.99,,25.92,1
2,3828112289,190,17,1,1.99,,25.72,1
2,3828112289,191,8,1,1.99,,26.13,1
2,3828112289,192,13,1,1.99,,26.43,1
2,3828112289,193,9,1,1.99,,25.87,1
2,3828112289,194,16,1,1.99,,25.72,1
2,3828112289,195,11,1,1.99,,27.58,1
2,3828112289,196,2,1,1.99,,25.82,1
2,3828112289,197,10,1,1.99,,27.73,1
2,3828112289,198,13,1,1.99,,25.92,1
2,3828112289,199,14,1,1.99,,26.68,1
2,3828112289,200,5,1,1.99,,26.28,1
2,3828112289,201,7,1,1.99,,26.23,1
2,3828112289,202,12,1,1.99,,26.48,1
2,3828112289,203,15,1,1.99,,26.18,1
2,3828112289,204,8,1,1.99,,26.08,1
2,3828112289,205,8,1,1.99,,25.82,1
2,3828112289,206,10,1,1.99,,26.93,1
2,3828112289,207,25,1,1.49,S,7.18,1
2,3828112289,208,11,1,2.29,,39.69,1
2,3828112289,209,15,1,2.33,,40.34,1
2,3828112289,210,7,1,2.49,,42.57,1
2,3828112289,211,8,1,2.49,,41.76,1
2,3828112289,212,35,1,1.35,G,-3.55,1
2,3828112289,213,12,1,2.49,,44.81,1
2,3828112289,214,7,1,2.49,,44.81,1
2,3828112289,215,7,1,2.49,,44.69,1
2,3828112289,216,21,1,1.86,S,24.94,1
2,3828112289,217,8,1,2.49,,44.13,1
2,3828112289,218,8,1,2.49,,44.13,1
2,3828112289,219,0,1,0,,0,0
2,3828112289,220,9,1,2.49,,42.85,1
2,3828112289,221,4,1,2.49,,42.85,1
2,3828112289,222,6,1,2.49,,42.85,1
2,3828112289,223,8,1,2.49,,40.68,1
2,3828112289,224,0,1,0,,0,1
2,3828112289,225,8,1,2.49,,40.88,1
2,3828112289,226,7,1,2.49,,40.68,1
2,3828112289,227,8,1,2.49,,40.68,1
2,3828112289,228,10,1,2.49,,40.68,1
2,3828112289,229,11,1,2.49,,40.6,1
2,3828112289,230,6,1,2.49,,40.6,1
2,3828112289,231,7,1,2.49,,42.77,1
2,3828112289,232,6,1,2.49,,40.6,1
2,3828112289,233,7,1,2.49,,42.77,1
2,3828112289,234,2,1,2.49,S,46.74,1
2,3828112289,235,3,1,2.49,S,43.85,1
2,4400000516,120,17,1,2.81,B,28.11,1
2,4400000516,121,27,1,2.82,B,27.9,1
2,4400000516,122,14,1,2.93,,26.96,1
2,4400000516,123,27,1,2.93,,26.96,1
2,4400000516,124,33,1,2.93,,28.97,1
2,4400000516,125,35,1,2.88,,29.86,1
2,4400000516,126,62,1,2.79,B,27.59,1
2,4400000516,127,39,1,2.8,B,27.85,1
2,4400000516,128,20,1,2.82,B,28.36,1
2,4400000516,129,20,1,2.93,,29.01,1
2,4400000516,130,22,1,2.93,,26.96,1
2,4400000516,131,25,1,2.93,,26.96,1
2,4400000516,132,16,1,2.93,,26.96,1
2,4400000516,133,17,1,2.93,,26.96,1
2,4400000516,134,10,1,2.93,,26.96,1
2,4400000516,135,15,1,2.93,,26.96,1
2,4400000516,136,18,1,2.93,,26.96,1
2,4400000516,137,27,1,2.93,,26.96,1
2,4400000516,138,9,1,2.93,,26.96,1
2,4400000516,139,22,1,2.93,,26.96,1
2,4400000516,140,33,1,2.77,,25.63,1
2,4400000516,141,53,1,2.69,B,24.9,1
2,4400000516,142,50,1,2.69,B,24.9,1
2,4400000516,143,42,1,2.76,B,26.81,1
2,4400000516,144,27,1,2.93,,31.05,1
2,4400000516,145,14,1,2.93,,28.73,1
2,4400000516,146,29,1,2.93,,26.96,1
2,4400000516,147,32,1,2.93,,26.96,1
2,4400000516,148,41,1,2.88,,27.95,1
2,4400000516,149,40,1,2.81,B,28.11,1
2,4400000516,150,74,1,2.59,B,22,1
2,4400000516,151,19,1,2.93,,31.05,1
2,4400000516,152,15,1,2.93,,26.96,1
2,4400000516,153,19,1,2.93,,26.96,1
2,4400000516,154,6,1,2.93,,26.96,1
2,4400000516,155,18,1,2.93,,26.96,1
2,4400000516,156,22,1,2.93,,26.96,1
2,4400000516,157,18,1,2.93,,26.96,1
2,4400000516,158,27,1,2.93,,26.96,1
2,4400000516,159,22,1,2.93,,26.96,1
2,4400000516,160,35,1,2.93,,26.96,1
2,4400000516,161,16,1,2.93,,26.96,1
2,4400000516,162,8,1,2.93,,26.96,1
2,4400000516,163,14,1,2.93,,26.96,1
2,4400000516,164,10,1,2.93,,26.96,1
2,4400000516,165,14,1,2.93,,26.96,1
2,4400000516,166,17,1,2.93,,26.96,1
2,4400000516,167,30,1,2.93,,26.96,1
2,4400000516,168,13,1,2.93,,30.03,1
2,4400000516,169,24,1,2.57,,22.37,1
2,4400000516,170,59,1,1.99,B,0.25,1
2,4400000516,171,14,1,2.93,,31.36,1
2,4400000516,172,9,1,2.93,,26.96,1
2,4400000516,173,15,1,2.93,,26.96,1
2,4400000516,174,20,1,2.93,,26.96,1
2,4400000516,175,11,1,2.93,,26.96,1
2,4400000516,176,11,1,2.93,,26.96,1
2,4400000516,177,19,1,2.93,,26.96,1
2,4400000516,178,21,1,2.93,,26.96,1
2,4400000516,179,21,1,2.93,,26.96,1
2,4400000516,180,20,1,2.93,,26.96,1
2,4400000516,181,16,1,2.93,,26.96,1
2,4400000516,182,26,1,2.93,,26.96,1
2,4400000516,183,15,1,2.93,,26.96,1
2,4400000516,184,3,1,2.93,,26.96,1
2,4400000516,185,13,1,2.93,,26.96,1
2,4400000516,186,14,1,2.93,,26.96,1
2,4400000516,187,10,1,2.93,,28.19,1
2,4400000516,188,17,1,2.49,S,18.87,1
2,4400000516,189,15,1,2.93,,31.05,1
2,4400000516,190,19,1,2.93,,31.05,1
2,4400000516,191,20,1,2.93,,26.96,1
2,4400000516,192,23,1,3.01,,28.9,1
2,4400000516,193,5,1,3.25,,34.15,1
2,4400000516,194,16,1,3.25,,34.15,1
2,4400000516,195,8,1,3.25,,34.15,1
2,4400000516,196,10,1,3.25,,34.15,1
2,4400000516,197,19,1,3.25,,34.15,1
2,4400000516,198,13,1,3.25,,34.15,1
2,4400000516,199,36,1,2.43,S,11.93,1
2,4400000516,200,14,1,3.25,,34.15,1
2,4400000516,201,13,1,3.25,,34.15,1
2,4400000516,202,13,1,3.25,,34.15,1
2,4400000516,203,15,1,3.25,,35.63,1
2,4400000516,204,9,1,3.25,,37.84,1
2,4400000516,205,51,1,1.99,S,-1.5,1
2,4400000516,206,14,1,3.25,,37.84,1
2,4400000516,207,9,1,3.25,,34.15,1
2,4400000516,208,10,1,3.25,,34.15,1
2,4400000516,209,18,1,3.25,,34.15,1
2,4400000516,210,7,1,3.25,,34.15,1
2,4400000516,211,15,1,3.25,,34.15,1
2,4400000516,212,16,1,3.25,,34.15,1
2,4400000516,213,8,1,3.25,,34.15,1
2,4400000516,214,18,1,3.25,,34.15,1
2,4400000516,215,7,1,3.25,,34.15,1
2,4400000516,216,11,1,3.25,,34.15,1
2,4400000516,217,9,1,3.25,,34.15,1
2,4400000516,218,11,1,3.25,,34.15,1
2,4400000516,219,0,1,0,,0,0
2,4400000516,220,21,1,3.08,,30.51,1
2,4400000516,221,14,1,2.99,,28.42,1
2,4400000516,222,31,1,2.29,S,6.55,1
2,4400000516,223,18,1,2.99,,28.42,1
2,4400000516,224,10,1,2.99,,28.42,1
2,4400000516,225,25,1,2.99,,28.42,1
2,4400000516,226,19,1,2.99,,27.79,1
2,4400000516,227,15,1,2.99,,25.98,1
2,4400000516,228,21,1,2.99,,25.98,1
2,4400000516,229,21,1,2.99,,25.98,1
2,4400000516,230,126,1,1.99,B,-11.2,1
2,4400000516,231,37,1,2.23,B,0.76,1
2,4400000516,232,126,1,1.99,B,-11.2,1
2,4400000516,233,37,1,2.23,B,0.76,1
2,4400000516,234,20,1,2.99,,25.98,1
2,4400000516,235,7,1,2.99,,25.98,1
2,4400000527,120,17,1,2.84,,27.28,1
2,4400000527,121,16,1,2.84,,27.28,1
2,4400000527,122,31,1,2.84,,27.28,1
2,4400000527,123,38,1,2.84,,27.28,1
2,4400000527,124,24,1,2.79,,28.74,1
2,4400000527,125,25,1,2.64,B,29.5,1
2,4400000527,126,29,1,2.65,,29.77,1
2,4400000527,127,71,1,2.5,B,25.56,1
2,4400000527,128,29,1,2.59,B,28.14,1
2,4400000527,129,21,1,2.84,,30.03,1
2,4400000527,130,20,1,2.84,,27.28,1
2,4400000527,131,19,1,2.84,,27.28,1
2,4400000527,132,25,1,2.76,,30.39,1
2,4400000527,133,29,1,2.6,B,29.8,1
2,4400000527,134,26,1,2.41,,24.27,1
2,4400000527,135,90,1,1.99,B,8.29,1
2,4400000527,136,20,1,2.28,B,19.95,1
2,4400000527,137,23,1,2.84,,32.07,1
2,4400000527,138,20,1,2.84,,27.28,1
2,4400000527,139,26,1,2.84,,27.28,1
2,4400000527,140,23,1,2.79,,29.35,1
2,4400000527,141,32,1,2.72,B,28.49,1
2,4400000527,142,27,1,2.73,B,28.75,1
2,4400000527,143,48,1,2.19,S,11.18,1
2,4400000527,144,15,1,2.84,,31.51,1
2,4400000527,145,18,1,2.84,,30.1,1
2,4400000527,146,27,1,2.84,,27.28,1
2,4400000527,147,16,1,2.85,,27.54,1
2,4400000527,148,26,1,2.89,,32.07,1
2,4400000527,149,228,1,1.44,S,35.06,1
2,4400000527,150,23,1,2.89,,32.69,1
2,4400000527,151,17,1,2.89,,32.69,1
2,4400000527,152,18,1,2.89,,28.54,1
2,4400000527,153,19,1,2.89,,28.54,1
2,4400000527,154,26,1,2.89,,28.54,1
2,4400000527,155,18,1,2.89,,28.54,1
2,4400000527,156,27,1,2.89,,28.54,1
2,4400000527,157,16,1,2.89,,28.54,1
2,4400000527,158,16,1,2.89,,31.41,1
2,4400000527,159,29,1,2.59,S,24.51,1
2,4400000527,160,17,1,2.89,,30.1,1
2,4400000527,161,28,1,2.89,,30.1,1
2,4400000527,162,24,1,2.89,,25.95,1
2,4400000527,163,29,1,2.89,,25.95,1
2,4400000527,164,21,1,2.89,,25.95,1
2,4400000527,165,15,1,2.89,,25.95,1
2,4400000527,166,32,1,2.59,S,17.37,1
2,4400000527,167,23,1,2.89,,25.95,1
2,4400000527,168,14,1,2.89,,25.95,1
2,4400000527,169,22,1,2.89,,25.95,1
2,4400000527,170,20,1,2.89,,25.95,1
2,4400000527,171,17,1,2.89,,25.95,1
2,4400000527,172,17,1,2.89,,25.95,1
2,4400000527,173,24,1,2.89,,25.95,1
2,4400000527,174,21,1,2.89,,25.95,1
2,4400000527,175,23,1,2.89,,25.95,1
2,4400000527,176,21,1,2.89,,25.95,1
2,4400000527,177,25,1,2.89,,26.95,1
2,4400000527,178,141,1,1.59,S,-27.04,1
2,4400000527,179,18,1,2.89,,30.1,1
2,4400000527,180,26,1,2.89,,30.1,1
2,4400000527,181,28,1,2.89,,25.95,1
2,4400000527,182,19,1,2.89,,25.95,1
2,4400000527,183,17,1,2.89,,27.19,1
2,4400000527,184,20,1,2.89,,30.1,1
2,4400000527,185,28,1,2.59,S,22,1
2,4400000527,186,26,1,2.89,,30.1,1
2,4400000527,187,37,1,2.69,S,24.9,1
2,4400000527,188,44,1,2.89,,30.1,1
2,4400000527,189,25,1,2.89,,25.95,1
2,4400000527,190,26,1,2.89,,25.95,1
2,4400000527,191,23,1,2.89,,25.95,1
2,4400000527,192,25,1,2.93,,26.96,1
2,4400000527,193,16,1,3.19,,32.91,1
2,4400000527,194,23,1,3.19,,32.91,1
2,4400000527,195,19,1,3.19,,34.32,1
2,4400000527,196,17,1,3.19,,36.67,1
2,4400000527,197,76,1,2.59,B,22,1
2,4400000527,198,34,1,2.74,B,26.27,1
2,4400000527,199,20,1,3.19,,32.91,1
2,4400000527,200,15,1,3.19,,32.91,1
2,4400000527,201,23,1,3.19,,32.91,1
2,4400000527,202,22,1,3.19,,32.91,1
2,4400000527,203,18,1,3.19,,35.23,1
2,4400000527,204,17,1,3.19,,36.67,1
2,4400000527,205,20,1,3.19,,36.67,1
2,4400000527,206,22,1,3.19,,36.67,1
2,4400000527,207,22,1,3.19,,32.91,1
2,4400000527,208,20,1,3.19,,32.91,1
2,4400000527,209,13,1,3.19,,32.91,1
2,4400000527,210,15,1,3.19,,32.91,1
2,4400000527,211,21,1,3.19,,34.01,1
2,4400000527,212,56,1,2.91,,30.58,1
2,4400000527,213,45,1,2.95,S,31.52,1
2,4400000527,214,29,1,3.19,,36.67,1
2,4400000527,215,21,1,3.19,,32.91,1
2,4400000527,216,16,1,3.19,,32.91,1
2,4400000527,217,18,1,3.19,,32.91,1
2,4400000527,218,17,1,3.19,,32.91,1
2,4400000527,219,0,1,0,,0,0
2,4400000527,220,18,1,3.11,,35.04,1
2,4400000527,221,24,1,2.49,S,18.87,1
2,4400000527,222,16,1,2.99,,32.44,1
2,4400000527,223,6,1,2.99,,28.42,1
2,4400000527,224,9,1,2.99,,28.42,1
2,4400000527,225,17,1,2.99,,28.42,1
2,4400000527,226,10,1,2.99,,27.95,1
2,4400000527,227,16,1,2.99,,25.98,1
2,4400000527,228,14,1,2.99,,25.98,1
2,4400000527,229,16,1,2.99,,25.98,1
2,4400000527,230,23,1,2.99,,25.98,1
2,4400000527,231,15,1,2.99,,28.12,1
2,4400000527,232,23,1,2.99,,25.98,1
2,4400000527,233,15,1,2.99,,28.12,1
2,4400000527,234,18,1,2.32,S,9.78,1
2,4400000527,235,8,1,2.29,B,5.32,1
