notes/week02/data.csv
STORE,UPC,WEEK,MOVE,QTY,PRICE,SALE,PROFIT,OK
2,4400000551,120,18,1,2.99,,25.98,1
2,4400000551,121,25,1,2.99,,27.75,1
2,4400000551,122,34,1,2.99,,30,1
2,4400000551,123,35,1,2.99,,30,1
2,4400000551,124,38,1,2.95,,29.05,1
2,4400000551,125,43,1,2.87,B,27.07,1
2,4400000551,126,47,1,2.87,B,27.07,1
2,4400000551,127,34,1,2.99,,30,1
2,4400000551,128,258,1,2.99,,30,1
2,4400000551,129,62,1,2.99,,27.69,1
2,4400000551,130,28,1,2.99,,25.98,1
2,4400000551,131,27,1,2.99,,25.98,1
2,4400000551,132,25,1,2.95,,29.05,1
2,4400000551,133,33,1,2.69,B,28.88,1
2,4400000551,134,48,1,2.4,,20.29,1
2,4400000551,135,196,1,1.99,B,3.86,1
2,4400000551,136,83,1,2.12,B,9.76,1
2,4400000551,137,19,1,2.99,,28.62,1
2,4400000551,138,21,1,2.99,,25.98,1
2,4400000551,139,33,1,2.99,,25.98,1
2,4400000551,140,22,1,2.99,,27.82,1
2,4400000551,141,47,1,2.99,,30,1
2,4400000551,142,329,1,1.99,S,5.17,1
2,4400000551,143,41,1,2.95,,29.05,1
2,4400000551,144,46,1,2.88,B,27.32,1
2,4400000551,145,28,1,2.99,,27.72,1
2,4400000551,146,42,1,2.99,,25.98,1
2,4400000551,147,28,1,2.99,,25.98,1
2,4400000551,148,31,1,2.99,,25.98,1
2,4400000551,149,47,1,2.99,,25.98,1
2,4400000551,150,38,1,2.99,,28.62,1
2,4400000551,151,447,1,1.63,,28.4,1
2,4400000551,152,27,1,2.99,,30,1
2,4400000551,153,26,1,2.99,,30,1
2,4400000551,154,16,1,2.99,,25.98,1
2,4400000551,155,31,1,2.99,,25.98,1
2,4400000551,156,31,1,2.99,,28.19,1
2,4400000551,157,24,1,2.99,,30,1
2,4400000551,158,53,1,2.49,S,15.94,1
2,4400000551,159,31,1,2.99,,30,1
2,4400000551,160,29,1,2.99,,25.98,1
2,4400000551,161,25,1,2.99,,25.98,1
2,4400000551,162,26,1,2.99,,25.98,1
2,4400000551,163,38,1,2.99,,25.98,1
2,4400000551,164,35,1,2.99,,27.95,1
2,4400000551,165,105,1,2.59,S,19.18,1
2,4400000551,166,60,1,2.99,,30,1
2,4400000551,167,39,1,2.99,,29.49,1
2,4400000551,168,24,1,2.99,,25.98,1
2,4400000551,169,26,1,2.99,,25.98,1
2,4400000551,170,19,1,2.99,,25.98,1
2,4400000551,171,26,1,2.99,,25.98,1
2,4400000551,172,11,1,2.99,,25.98,1
2,4400000551,173,27,1,2.99,,25.98,1
2,4400000551,174,42,1,2.99,,25.98,1
2,4400000551,175,32,1,2.99,,26.75,1
2,4400000551,176,40,1,2.99,,30,1
2,4400000551,177,81,1,2.24,S,6.56,1
2,4400000551,178,41,1,2.99,,30,1
2,4400000551,179,32,1,2.99,,28.12,1
2,4400000551,180,36,1,2.99,,30,1
2,4400000551,181,696,1,1.49,S,-40.46,1
2,4400000551,182,37,1,2.99,,30,1
2,4400000551,183,28,1,2.99,,25.98,1
2,4400000551,184,21,1,2.99,,25.98,1
2,4400000551,185,28,1,2.99,,28.29,1
2,4400000551,186,28,1,2.99,,30,1
2,4400000551,187,28,1,2.99,,30,1
2,4400000551,188,23,1,2.99,,30,1
2,4400000551,189,35,1,2.99,,30,1
2,4400000551,190,44,1,2.99,,30,1
2,4400000551,191,31,1,2.99,,25.98,1
2,4400000551,192,37,1,3.14,,29.52,1
2,4400000551,193,34,1,3.29,,32.73,1
2,4400000551,194,45,1,3.29,,32.73,1
2,4400000551,195,48,1,3.12,,31.15,1
2,4400000551,196,732,1,1.49,S,-40.46,1
2,4400000551,197,43,1,3.09,,32.26,1
2,4400000551,198,37,1,3.29,,36.38,1
2,4400000551,199,32,1,3.29,,32.73,1
2,4400000551,200,35,1,3.29,,32.73,1
2,4400000551,201,39,1,3.29,,34.07,1
2,4400000551,202,30,1,3.29,,36.38,1
2,4400000551,203,115,1,2.02,,-3.61,1
2,4400000551,204,555,1,1.6,B,-30.81,1
2,4400000551,205,30,1,3.07,B,27.91,1
2,4400000551,206,21,1,3.29,,32.73,1
2,4400000551,207,26,1,3.29,,32.73,1
2,4400000551,208,28,1,3.29,,32.73,1
2,4400000551,209,23,1,3.29,,32.73,1
2,4400000551,210,606,1,1.64,S,-34.93,1
2,4400000551,211,41,1,3.29,,32.73,1
2,4400000551,212,36,1,3.29,,32.73,1
2,4400000551,213,42,1,3.29,,32.73,1
2,4400000551,214,46,1,3.29,,32.73,1
2,4400000551,215,29,1,3.29,,32.73,1
2,4400000551,216,20,1,3.29,,32.73,1
2,4400000551,217,40,1,3.29,,34.65,1
2,4400000551,218,86,1,2.49,S,15.94,1
2,4400000551,219,0,1,0,,0,0
2,4400000551,220,14,1,3.29,,36.38,1
2,4400000551,221,34,1,3.29,,33.4,1
2,4400000551,222,35,1,3.29,,32.73,1
2,4400000551,223,32,1,3.14,,29.52,1
2,4400000551,224,29,1,2.99,,25.98,1
2,4400000551,225,31,1,2.99,,25.98,1
2,4400000551,226,36,1,2.99,,29.13,1
2,4400000551,227,703,1,1.28,S,-63.51,1
2,4400000551,228,68,1,2.97,S,29.52,1
2,4400000551,229,36,1,2.99,,26.88,1
2,4400000551,230,41,1,2.99,,25.98,1
2,4400000551,231,30,1,2.99,,27.05,1
2,4400000551,232,41,1,2.99,,25.98,1
2,4400000551,233,30,1,2.99,,27.05,1
2,4400000551,234,73,1,2.07,G,25.21,1
2,4400000551,235,57,1,1.99,B,-3.71,1
2,4400000655,120,7,1,2.85,,31.64,1
2,4400000655,121,16,1,2.69,B,27.58,1
2,4400000655,122,8,1,2.93,B,33.51,1
2,4400000655,123,14,1,3.01,B,35.28,1
2,4400000655,124,22,1,3.08,B,36.75,1
2,4400000655,125,3,1,3.25,,31.6,1
2,4400000655,126,8,1,3.25,,27.35,1
2,4400000655,127,7,1,3.25,,27.35,1
2,4400000655,128,8,1,3.18,,30.47,1
2,4400000655,129,6,1,2.99,B,29.06,1
2,4400000655,130,4,1,3.25,,34.73,1
2,4400000655,131,17,1,2.22,,4.45,1
2,4400000655,132,94,1,1.66,B,27.77,1
2,4400000655,133,13,1,2.03,B,8.07,1
2,4400000655,134,12,1,3.25,,27.35,1
2,4400000655,135,7,1,3.25,,27.35,1
2,4400000655,136,7,1,3.25,,30.52,1
2,4400000655,137,13,1,3.25,,34.73,1
2,4400000655,138,46,1,1.99,S,6.58,1
2,4400000655,139,4,1,3.19,,33.51,1
2,4400000655,140,15,1,3.04,B,30.23,1
2,4400000655,141,9,1,3.25,,30.64,1
2,4400000655,142,8,1,3.25,,27.35,1
2,4400000655,143,7,1,3.25,,27.35,1
2,4400000655,144,6,1,3.25,,35.6,1
2,4400000655,145,81,1,1.99,S,8.29,1
2,4400000655,146,10,1,3.25,,43.84,1
2,4400000655,147,5,1,3.25,,30.67,1
2,4400000655,148,3,1,3.25,,27.35,1
2,4400000655,149,8,1,3.25,,27.35,1
2,4400000655,150,9,1,3.25,,27.35,1
2,4400000655,151,8,1,3.25,,27.35,1
2,4400000655,152,10,1,3.25,,28.83,1
2,4400000655,153,6,1,3.25,,31.04,1
2,4400000655,154,119,1,1.62,S,38.33,1
2,4400000655,155,11,1,3.25,,31.04,1
2,4400000655,156,9,1,3.25,,27.35,1
2,4400000655,157,14,1,3.25,,27.35,1
2,4400000655,158,9,1,3.25,,27.35,1
2,4400000655,159,7,1,3.25,,27.35,1
2,4400000655,160,8,1,3.25,S,29.2,1
2,4400000655,161,12,1,3.25,,31.04,1
2,4400000655,162,120,1,1.62,S,38.33,1
2,4400000655,163,7,1,3.25,,31.04,1
2,4400000655,164,5,1,3.25,,27.35,1
2,4400000655,165,5,1,3.25,,27.35,1
2,4400000655,166,7,1,3.25,,27.35,1
2,4400000655,167,3,1,3.25,,27.35,1
2,4400000655,168,6,1,3.25,,27.35,1
2,4400000655,169,5,1,3.25,,27.35,1
2,4400000655,170,4,1,3.25,,27.35,1
2,4400000655,171,3,1,3.25,,27.35,1
2,4400000655,172,4,1,3.25,,27.35,1
2,4400000655,173,5,1,3.25,,28.09,1
2,4400000655,174,5,1,3.25,,31.04,1
2,4400000655,175,8,1,3.25,,31.04,1
2,4400000655,176,113,1,1.72,G,30.29,1
2,4400000655,177,2,1,3.25,,31.04,1
2,4400000655,178,6,1,3.25,,31.04,1
2,4400000655,179,5,1,3.25,,27.35,1
2,4400000655,180,9,1,3.25,,27.35,1
2,4400000655,181,4,1,3.25,,27.35,1
2,4400000655,182,8,1,3.25,,31.04,1
2,4400000655,183,9,1,3.25,,31.04,1
2,4400000655,184,472,1,0.99,S,-26.36,1
2,4400000655,185,6,1,3.25,,27.35,1
2,4400000655,186,4,1,3.25,,27.35,1
2,4400000655,187,6,1,3.25,,27.35,1
2,4400000655,188,10,1,3.15,B,25.04,1
2,4400000655,189,6,1,3.25,,27.35,1
2,4400000655,190,10,1,3.25,,27.35,1
2,4400000655,191,3,1,3.25,,29.81,1
2,4400000655,192,7,1,3.25,,31.04,1
2,4400000655,193,215,1,1.69,G,-32.6,1
2,4400000655,194,8,1,3.25,,31.04,1
2,4400000655,195,10,1,3.38,,30.14,1
2,4400000655,196,6,1,3.59,,34.23,1
2,4400000655,197,5,1,3.59,,36.23,1
2,4400000655,198,5,1,3.59,,37.57,1
2,4400000655,199,17,1,2.69,S,16.69,1
2,4400000655,200,6,1,3.59,,37.57,1
2,4400000655,201,1,1,3.59,,34.23,1
2,4400000655,202,62,1,3.59,,34.23,1
2,4400000655,203,4,1,3.59,,34.23,1
2,4400000655,204,3,1,3.59,,34.23,1
2,4400000655,205,4,1,3.59,,34.23,1
2,4400000655,206,7,1,3.59,,34.23,1
2,4400000655,207,13,1,3.4,,32.47,1
2,4400000655,208,154,1,1.64,B,-36.64,1
2,4400000655,209,11,1,3.31,B,32.29,1
2,4400000655,210,11,1,3.59,,37.57,1
2,4400000655,211,7,1,3.59,,37.46,1
2,4400000655,212,14,1,3.09,,30.16,1
2,4400000655,213,11,1,2.95,S,26.84,1
2,4400000655,214,11,1,3.37,,35.96,1
2,4400000655,215,220,1,1.62,S,-33.2,1
2,4400000655,216,8,1,3.33,,35.19,1
2,4400000655,217,7,1,3.59,,35.04,1
2,4400000655,218,15,1,3.59,,34.23,1
2,4400000655,219,0,1,0,,0,0
2,4400000655,220,10,1,3.41,,30.76,1
2,4400000655,221,7,1,3.29,,28.23,1
2,4400000655,222,6,1,3.29,,28.23,1
2,4400000655,223,5,1,3.29,,28.23,1
2,4400000655,224,0,1,0,,0,1
2,4400000655,225,4,1,3.29,,29.14,1
2,4400000655,226,7,1,3.29,,31.58,1
2,4400000655,227,4,1,3.29,,29.63,1
2,4400000655,228,28,1,1.99,S,-16.33,1
2,4400000655,229,9,1,3.29,,29.63,1
2,4400000655,230,3,1,3.29,,29.63,1
2,4400000655,231,4,1,3.29,,25.98,1
2,4400000655,232,3,1,3.29,,29.63,1
2,4400000655,233,4,1,3.29,,25.98,1
2,4400000655,234,7,1,3.29,,43.37,1
2,4400000655,235,209,1,1.7,G,10.29,1
2,4400000720,120,29,1,2.92,,33.28,1
2,4400000720,121,44,1,2.69,B,27.58,1
2,4400000720,122,42,1,2.78,B,29.92,1
2,4400000720,123,29,1,3.01,B,35.28,1
2,4400000720,124,36,1,3.09,B,36.95,1
2,4400000720,125,23,1,3.25,,33.44,1
2,4400000720,126,29,1,3.25,,27.35,1
2,4400000720,127,29,1,3.25,,27.35,1
2,4400000720,128,26,1,3.2,,30.84,1
2,4400000720,129,50,1,2.99,B,29.06,1
2,4400000720,130,34,1,3.25,,34.73,1
2,4400000720,131,53,1,2.02,,5,1
2,4400000720,132,419,1,1.66,B,27.77,1
2,4400000720,133,223,1,1.72,B,23.31,1
2,4400000720,134,19,1,3.25,,34.73,1
2,4400000720,135,28,1,3.25,,34.73,1
2,4400000720,136,26,1,3.25,,34.73,1
2,4400000720,137,23,1,3.25,,34.73,1
2,4400000720,138,184,1,1.99,S,6.58,1
2,4400000720,139,19,1,3.17,,33.09,1
2,4400000720,140,16,1,3.07,B,30.91,1
2,4400000720,141,27,1,3.25,,32.03,1
2,4400000720,142,20,1,3.25,,27.35,1
2,4400000720,143,33,1,3.25,,27.35,1
2,4400000720,144,43,1,3.25,,39.63,1
2,4400000720,145,318,1,1.99,S,8.29,1
2,4400000720,146,24,1,3.25,,43.84,1
2,4400000720,147,32,1,3.25,,35.6,1
2,4400000720,148,21,1,3.25,,27.35,1
2,4400000720,149,22,1,3.25,,27.35,1
2,4400000720,150,18,1,3.25,,27.35,1
2,4400000720,151,17,1,3.25,,27.35,1
2,4400000720,152,22,1,3.25,,29.2,1
2,4400000720,153,24,1,3.25,,31.04,1
2,4400000720,154,451,1,1.62,S,38.33,1
2,4400000720,155,69,1,3.25,,31.04,1
2,4400000720,156,64,1,3.25,,27.35,1
2,4400000720,157,33,1,3.25,,27.35,1
2,4400000720,158,27,1,3.25,,27.35,1
2,4400000720,159,11,1,3.25,,27.35,1
2,4400000720,160,19,1,3.25,S,30.09,1
2,4400000720,161,37,1,3.25,,31.04,1
2,4400000720,162,593,1,1.62,S,38.33,1
2,4400000720,163,22,1,3.25,,31.04,1
2,4400000720,164,31,1,3.25,,27.35,1
2,4400000720,165,9,1,3.25,,27.35,1
2,4400000720,166,23,1,3.25,,27.35,1
2,4400000720,167,26,1,3.25,,27.35,1
2,4400000720,168,15,1,3.25,,27.35,1
2,4400000720,169,18,1,3.25,,27.35,1
2,4400000720,170,19,1,3.25,,27.35,1
2,4400000720,171,19,1,3.25,,27.35,1
2,4400000720,172,14,1,3.25,,27.35,1
2,4400000720,173,22,1,3.25,,28.89,1
2,4400000720,174,38,1,3.25,,31.04,1
2,4400000720,175,35,1,3.25,,31.04,1
2,4400000720,176,493,1,1.69,G,32.6,1
2,4400000720,177,31,1,3.25,,31.04,1
2,4400000720,178,21,1,3.25,,31.04,1
2,4400000720,179,35,1,3.25,,27.35,1
2,4400000720,180,28,1,3.25,,27.35,1
2,4400000720,181,19,1,3.25,,28.52,1
2,4400000720,182,26,1,3.25,,31.04,1
2,4400000720,183,29,1,3.25,,31.04,1
2,4400000720,184,2314,1,0.99,S,-26.36,1
2,4400000720,185,19,1,3.25,,27.35,1
2,4400000720,186,20,1,3.25,,27.35,1
2,4400000720,187,15,1,3.25,,27.35,1
2,4400000720,188,22,1,3.15,B,25.04,1
2,4400000720,189,23,1,3.25,,27.35,1
2,4400000720,190,26,1,3.25,,27.35,1
2,4400000720,191,31,1,3.25,,28.92,1
2,4400000720,192,30,1,3.25,,31.04,1
2,4400000720,193,702,1,1.67,G,-34.19,1
2,4400000720,194,27,1,3.25,,31.04,1
2,4400000720,195,26,1,3.4,,30.55,1
2,4400000720,196,19,1,3.59,,34.23,1
2,4400000720,197,28,1,3.59,,34.95,1
2,4400000720,198,26,1,3.59,,37.57,1
2,4400000720,199,53,1,2.69,S,16.69,1
2,4400000720,200,24,1,3.59,,37.57,1
2,4400000720,201,36,1,3.59,,34.23,1
2,4400000720,202,313,1,3.59,,34.23,1
2,4400000720,203,25,1,3.59,,34.23,1
2,4400000720,204,13,1,3.59,,34.23,1
2,4400000720,205,15,1,3.59,,34.23,1
2,4400000720,206,24,1,3.59,,34.23,1
2,4400000720,207,34,1,3.38,,32.36,1
2,4400000720,208,786,1,1.66,B,-35,1
2,4400000720,209,38,1,3.32,B,32.5,1
2,4400000720,210,24,1,3.59,,37.57,1
2,4400000720,211,25,1,3.59,,36.04,1
2,4400000720,212,50,1,3.07,,29.7,1
2,4400000720,213,40,1,3.08,S,29.93,1
2,4400000720,214,30,1,3.4,,36.52,1
2,4400000720,215,802,1,1.62,S,-33.2,1
2,4400000720,216,22,1,3.13,S,31.05,1
2,4400000720,217,22,1,3.59,,35.54,1
2,4400000720,218,20,1,3.59,,34.23,1
2,4400000720,219,0,1,0,,0,0
2,4400000720,220,20,1,3.44,,31.36,1
2,4400000720,221,34,1,3.29,,28.23,1
2,4400000720,222,21,1,3.29,,28.23,1
2,4400000720,223,22,1,3.29,,28.23,1
2,4400000720,224,11,1,3.29,,28.23,1
2,4400000720,225,26,1,3.29,,28.66,1
2,4400000720,226,35,1,3.29,,30.94,1
2,4400000720,227,26,1,3.29,,29.63,1
2,4400000720,228,164,1,1.99,S,-16.33,1
2,4400000720,229,21,1,3.16,S,26.74,1
2,4400000720,230,22,1,3.29,,29.63,1
2,4400000720,231,17,1,3.29,,25.98,1
2,4400000720,232,22,1,3.29,,29.63,1
2,4400000720,233,17,1,3.29,,25.98,1
2,4400000720,234,29,1,3.29,,39.57,1
2,4400000720,235,555,1,1.67,G,8.68,1
2,4400003721,120,18,1,2.49,,25.98,1
2,4400003721,121,17,1,2.49,,25.98,1
2,4400003721,122,17,1,2.49,,25.98,1
2,4400003721,123,15,1,2.49,,25.98,1
2,4400003721,124,10,1,2.49,,25.98,1
2,4400003721,125,21,1,2.49,,25.98,1
2,4400003721,126,12,1,2.49,,25.98,1
2,4400003721,127,19,1,2.49,,25.98,1
2,4400003721,128,10,1,2.46,,28.98,1
2,4400003721,129,19,1,2.37,B,27.29,1
2,4400003721,130,14,1,2.37,B,27.29,1
2,4400003721,131,20,1,2.4,B,28.2,1
2,4400003721,132,17,1,2.49,,30.8,1
2,4400003721,133,10,1,2.49,,27.91,1
2,4400003721,134,17,1,2.49,,25.98,1
2,4400003721,135,19,1,2.49,,25.98,1
2,4400003721,136,22,1,2.46,,26.42,1
2,4400003721,137,19,1,2.39,B,27.9,1
2,4400003721,138,11,1,2.38,B,27.6,1
2,4400003721,139,15,1,2.37,B,27.29,1
2,4400003721,140,13,1,2.44,B,29.38,1
2,4400003721,141,12,1,2.49,,27.59,1
2,4400003721,142,16,1,2.49,,25.98,1
2,4400003721,143,11,1,2.49,,25.98,1
2,4400003721,144,12,1,2.49,,30,1
2,4400003721,145,11,1,2.29,S,24.75,1
2,4400003721,146,8,1,2.29,S,24.75,1
2,4400003721,147,15,1,2.52,,31.62,1
2,4400003721,148,9,1,2.39,B,27.9,1
2,4400003721,149,16,1,2.39,B,24.47,1
2,4400003721,150,11,1,2.46,B,25.08,1
2,4400003721,151,11,1,2.7,,31.74,1
2,4400003721,152,12,1,2.85,,35.33,1
2,4400003721,153,19,1,2.85,,35.33,1
2,4400003721,154,15,1,2.85,,38.42,1
2,4400003721,155,11,1,2.85,,39.54,1
2,4400003721,156,8,1,2.85,,39.54,1
2,4400003721,157,16,1,2.85,,39.54,1
2,4400003721,158,14,1,2.85,,35.33,1
2,4400003721,159,9,1,2.85,,35.33,1
2,4400003721,160,11,1,2.85,,32.77,1
2,4400003721,161,11,1,2.85,,32.77,1
2,4400003721,162,8,1,2.85,,32.77,1
2,4400003721,163,15,1,2.85,,32.77,1
2,4400003721,164,16,1,2.85,,32.77,1
2,4400003721,165,12,1,2.85,,32.77,1
2,4400003721,166,14,1,2.85,,32.77,1
2,4400003721,167,19,1,2.85,,32.77,1
2,4400003721,168,8,1,2.85,,32.77,1
2,4400003721,169,15,1,2.85,,32.77,1
2,4400003721,170,23,1,2.85,,34.98,1
2,4400003721,171,22,1,2.85,,36.98,1
2,4400003721,172,14,1,2.85,,36.98,1
2,4400003721,173,9,1,2.85,,34.66,1
2,4400003721,174,16,1,2.85,,32.77,1
2,4400003721,175,14,1,2.85,,32.77,1
2,4400003721,176,6,1,2.85,,32.77,1
2,4400003721,177,19,1,2.85,,34.77,1
2,4400003721,178,12,1,2.85,,36.98,1
2,4400003721,179,64,1,1.99,S,9.74,1
2,4400003721,180,19,1,2.85,,36.98,1
2,4400003721,181,14,1,2.85,,32.77,1
2,4400003721,182,17,1,2.85,,32.77,1
2,4400003721,183,10,1,2.85,,32.77,1
2,4400003721,184,14,1,2.85,,32.77,1
2,4400003721,185,14,1,2.85,,32.77,1
2,4400003721,186,10,1,2.85,,32.77,1
2,4400003721,187,13,1,2.85,,33.12,1
2,4400003721,188,10,1,2.85,,36.98,1
2,4400003721,189,16,1,2.29,S,21.57,1
2,4400003721,190,18,1,2.85,,36.98,1
2,4400003721,191,11,1,2.85,,33.92,1
2,4400003721,192,16,1,2.85,,36.98,1
2,4400003721,193,6,1,2.85,,36.98,1
2,4400003721,194,20,1,2.39,S,24.85,1
2,4400003721,195,15,1,2.85,,32.77,1
2,4400003721,196,10,1,2.85,,32.77,1
2,4400003721,197,15,1,2.85,,32.77,1
2,4400003721,198,12,1,2.85,,32.77,1
2,4400003721,199,14,1,2.85,,32.77,1
2,4400003721,200,16,1,2.85,,32.77,1
2,4400003721,201,17,1,2.85,,32.77,1
2,4400003721,202,20,1,2.85,,32.77,1
2,4400003721,203,23,1,1.99,S,7.13,1
2,4400003721,204,10,1,2.85,,36.98,1
2,4400003721,205,13,1,2.85,,36.98,1
2,4400003721,206,11,1,2.85,,36.98,1
2,4400003721,207,8,1,2.85,,32.77,1
2,4400003721,208,12,1,2.85,,32.77,1
2,4400003721,209,11,1,2.85,,32.77,1
2,4400003721,210,12,1,2.85,,32.77,1
2,4400003721,211,15,1,2.85,,32.77,1
2,4400003721,212,13,1,2.85,,32.77,1
2,4400003721,213,15,1,2.85,,32.77,1
2,4400003721,214,12,1,2.85,,32.77,1
2,4400003721,215,13,1,2.85,,34.42,1
2,4400003721,216,8,1,2.85,,36.98,1
2,4400003721,217,15,1,2.39,S,24.85,1
2,4400003721,218,4,1,2.85,,36.98,1
2,4400003721,219,0,1,0,,0,0
2,4400003721,220,11,1,2.79,,31.32,1
2,4400003721,221,22,1,2.69,,28.77,1
2,4400003721,222,14,1,2.69,,28.77,1
2,4400003721,223,42,1,1.99,B,3.71,1
2,4400003721,224,33,1,2.13,B,10.04,1
2,4400003721,225,12,1,2.69,,28.77,1
2,4400003721,226,18,1,2.69,,28.77,1
2,4400003721,227,16,1,2.69,,28.77,1
2,4400003721,228,19,1,2.69,,28.77,1
2,4400003721,229,12,1,2.69,,29.51,1
2,4400003721,230,10,1,2.49,B,27.87,1
2,4400003721,231,13,1,2.52,B,28.73,1
2,4400003721,232,10,1,2.49,B,27.87,1
2,4400003721,233,13,1,2.52,B,28.73,1
2,4400003721,234,3,1,2.69,,33.23,1
2,4400003721,235,4,1,2.54,B,24.56,1
