notes/week02/data.csv
STORE,UPC,WEEK,MOVE,QTY,PRICE,SALE,PROFIT,OK
2,4400003732,120,5,1,2.99,,25.98,1
2,4400003732,121,5,1,2.99,,25.98,1
2,4400003732,122,8,1,2.99,,25.98,1
2,4400003732,123,8,1,2.99,,25.98,1
2,4400003732,124,9,1,2.96,,26.58,1
2,4400003732,125,11,1,2.87,B,27.07,1
2,4400003732,126,10,1,2.87,B,27.07,1
2,4400003732,127,9,1,2.99,,30,1
2,4400003732,128,54,1,2.99,,30,1
2,4400003732,129,17,1,2.99,,28.36,1
2,4400003732,130,8,1,2.99,,25.98,1
2,4400003732,131,9,1,2.99,,25.98,1
2,4400003732,132,13,1,2.94,,31.8,1
2,4400003732,133,13,1,2.69,B,28.88,1
2,4400003732,134,6,1,2.32,,17.54,1
2,4400003732,135,52,1,1.99,B,3.86,1
2,4400003732,136,31,1,2.15,B,11.02,1
2,4400003732,137,9,1,2.99,,31.57,1
2,4400003732,138,7,1,2.99,,25.98,1
2,4400003732,139,7,1,2.99,,25.98,1
2,4400003732,140,2,1,2.99,,27.99,1
2,4400003732,141,13,1,2.99,,30,1
2,4400003732,142,92,1,1.99,S,5.17,1
2,4400003732,143,7,1,2.95,,29.05,1
2,4400003732,144,8,1,2.9,B,27.82,1
2,4400003732,145,13,1,2.99,,27.85,1
2,4400003732,146,12,1,2.99,,25.98,1
2,4400003732,147,14,1,2.99,,25.98,1
2,4400003732,148,15,1,2.99,,25.98,1
2,4400003732,149,5,1,2.99,,25.98,1
2,4400003732,150,9,1,2.99,,28.66,1
2,4400003732,151,54,1,1.49,,40.46,1
2,4400003732,152,5,1,2.99,,30,1
2,4400003732,153,10,1,2.99,,30,1
2,4400003732,154,11,1,2.99,,25.98,1
2,4400003732,155,2,1,2.99,,25.98,1
2,4400003732,156,5,1,2.99,,29.19,1
2,4400003732,157,11,1,2.99,,30,1
2,4400003732,158,15,1,2.49,S,15.94,1
2,4400003732,159,7,1,2.99,,30,1
2,4400003732,160,6,1,2.99,,25.98,1
2,4400003732,161,11,1,2.99,,25.98,1
2,4400003732,162,6,1,2.99,,25.98,1
2,4400003732,163,6,1,2.99,,25.98,1
2,4400003732,164,9,1,2.99,,27.79,1
2,4400003732,165,12,1,2.59,S,19.18,1
2,4400003732,166,2,1,2.99,,30,1
2,4400003732,167,7,1,2.99,,30,1
2,4400003732,168,4,1,2.99,,25.98,1
2,4400003732,169,7,1,2.99,,25.98,1
2,4400003732,170,8,1,2.99,,25.98,1
2,4400003732,171,7,1,2.99,,25.98,1
2,4400003732,172,6,1,2.99,,25.98,1
2,4400003732,173,7,1,2.99,,25.98,1
2,4400003732,174,8,1,2.99,,25.98,1
2,4400003732,175,4,1,2.99,,26.98,1
2,4400003732,176,7,1,2.99,,30,1
2,4400003732,177,14,1,2.24,S,6.56,1
2,4400003732,178,3,1,2.99,,30,1
2,4400003732,179,3,1,2.99,,28.66,1
2,4400003732,180,5,1,2.99,,30,1
2,4400003732,181,172,1,1.49,S,-40.46,1
2,4400003732,182,3,1,2.99,,30,1
2,4400003732,183,3,1,2.99,,25.98,1
2,4400003732,184,2,1,2.99,,25.98,1
2,4400003732,185,3,1,2.99,,28.66,1
2,4400003732,186,2,1,2.99,,30,1
2,4400003732,187,11,1,2.99,,30,1
2,4400003732,188,5,1,2.99,,30,1
2,4400003732,189,7,1,2.99,,30,1
2,4400003732,190,5,1,2.99,,30,1
2,4400003732,191,9,1,2.99,,25.98,1
2,4400003732,192,6,1,3.09,,28.38,1
2,4400003732,193,4,1,3.29,,32.73,1
2,4400003732,194,4,1,3.29,,32.73,1
2,4400003732,195,9,1,3.22,,32.11,1
2,4400003732,196,251,1,1.49,S,-40.46,1
2,4400003732,197,8,1,3.14,,33.34,1
2,4400003732,198,7,1,3.29,,36.38,1
2,4400003732,199,4,1,3.29,,32.73,1
2,4400003732,200,11,1,3.29,,32.73,1
2,4400003732,201,8,1,3.29,,35.01,1
2,4400003732,202,3,1,3.29,,36.38,1
2,4400003732,203,19,1,2.78,,24.71,1
2,4400003732,204,83,1,1.4,B,-49.5,1
2,4400003732,205,8,1,3.06,B,27.67,1
2,4400003732,206,5,1,3.29,,32.73,1
2,4400003732,207,10,1,3.29,,32.73,1
2,4400003732,208,6,1,3.29,,32.73,1
2,4400003732,209,8,1,3.29,,34.28,1
2,4400003732,210,151,1,1.64,S,-22.56,1
2,4400003732,211,2,1,3.29,,38.9,1
2,4400003732,212,4,1,3.29,,38.9,1
2,4400003732,213,15,1,3.29,,32.73,1
2,4400003732,214,8,1,3.29,,32.73,1
2,4400003732,215,7,1,3.29,,32.73,1
2,4400003732,216,4,1,3.29,,32.73,1
2,4400003732,217,7,1,3.29,,34.31,1
2,4400003732,218,16,1,2.49,S,15.94,1
2,4400003732,219,0,1,0,,0,0
2,4400003732,220,7,1,3.29,,36.38,1
2,4400003732,221,7,1,3.29,,32.73,1
2,4400003732,222,5,1,3.29,,32.73,1
2,4400003732,223,5,1,3.23,,31.48,1
2,4400003732,224,4,1,2.99,,25.98,1
2,4400003732,225,9,1,2.99,,25.98,1
2,4400003732,226,7,1,2.99,,30,1
2,4400003732,227,177,1,1.3,S,-61,1
2,4400003732,228,4,1,2.99,,30,1
2,4400003732,229,13,1,2.99,,27.22,1
2,4400003732,230,4,1,2.99,,25.98,1
2,4400003732,231,5,1,2.99,,28.39,1
2,4400003732,232,4,1,2.99,,25.98,1
2,4400003732,233,5,1,2.99,,28.39,1
2,4400003732,234,12,1,2.74,G,43.06,1
2,4400003732,235,7,1,2.99,G,25.98,1
2,4400004713,120,0,1,0,,0,1
2,4400004713,121,0,1,0,,0,1
2,4400004713,122,0,1,0,,0,1
2,4400004713,123,0,1,0,,0,1
2,4400004713,124,6,1,2.64,B,29.5,1
2,4400004713,125,17,1,2.64,B,29.5,1
2,4400004713,126,40,1,2.64,,29.5,1
2,4400004713,127,50,1,2.5,B,25.56,1
2,4400004713,128,27,1,2.57,B,27.58,1
2,4400004713,129,19,1,2.84,,31.09,1
2,4400004713,130,20,1,2.84,,27.28,1
2,4400004713,131,19,1,2.84,,27.28,1
2,4400004713,132,17,1,2.79,,31.07,1
2,4400004713,133,23,1,2.6,B,29.8,1
2,4400004713,134,15,1,2.27,,19.6,1
2,4400004713,135,53,1,1.99,B,8.29,1
2,4400004713,136,16,1,2.09,B,12.67,1
2,4400004713,137,15,1,2.84,,30.66,1
2,4400004713,138,17,1,2.84,,27.28,1
2,4400004713,139,16,1,2.84,,27.28,1
2,4400004713,140,15,1,2.8,,28.53,1
2,4400004713,141,19,1,2.72,B,28.49,1
2,4400004713,142,24,1,2.76,B,29.52,1
2,4400004713,143,25,1,2.19,S,11.18,1
2,4400004713,144,10,1,2.84,,31.51,1
2,4400004713,145,14,1,2.84,,28.8,1
2,4400004713,146,14,1,2.84,,27.28,1
2,4400004713,147,15,1,2.85,,27.54,1
2,4400004713,148,21,1,2.89,,30.72,1
2,4400004713,149,134,1,1.44,S,35.06,1
2,4400004713,150,23,1,2.89,,32.69,1
2,4400004713,151,18,1,2.89,,32.69,1
2,4400004713,152,24,1,2.89,,28.54,1
2,4400004713,153,17,1,2.89,,28.54,1
2,4400004713,154,11,1,2.89,,28.54,1
2,4400004713,155,25,1,2.89,,28.54,1
2,4400004713,156,18,1,2.89,,28.54,1
2,4400004713,157,16,1,2.89,,28.54,1
2,4400004713,158,23,1,2.89,,29.82,1
2,4400004713,159,21,1,2.59,S,24.78,1
2,4400004713,160,14,1,2.89,,30.1,1
2,4400004713,161,14,1,2.89,,30.1,1
2,4400004713,162,12,1,2.89,,25.95,1
2,4400004713,163,12,1,2.89,,25.95,1
2,4400004713,164,14,1,2.89,,25.95,1
2,4400004713,165,6,1,2.89,,25.95,1
2,4400004713,166,18,1,2.59,S,17.37,1
2,4400004713,167,10,1,2.89,,25.95,1
2,4400004713,168,11,1,2.89,,25.95,1
2,4400004713,169,16,1,2.89,,25.95,1
2,4400004713,170,13,1,2.89,,25.95,1
2,4400004713,171,5,1,2.89,,25.95,1
2,4400004713,172,8,1,2.89,,25.95,1
2,4400004713,173,9,1,2.89,,25.95,1
2,4400004713,174,14,1,2.89,,25.95,1
2,4400004713,175,19,1,2.89,,25.95,1
2,4400004713,176,5,1,2.89,,25.95,1
2,4400004713,177,18,1,2.89,,27.57,1
2,4400004713,178,98,1,1.59,S,-27.04,1
2,4400004713,179,33,1,2.89,,30.1,1
2,4400004713,180,10,1,2.89,,30.1,1
2,4400004713,181,23,1,2.89,,25.95,1
2,4400004713,182,27,1,2.89,,25.95,1
2,4400004713,183,22,1,2.89,,26.33,1
2,4400004713,184,22,1,2.89,,30.1,1
2,4400004713,185,27,1,2.59,S,22,1
2,4400004713,186,24,1,2.89,,30.1,1
2,4400004713,187,45,1,2.69,S,24.9,1
2,4400004713,188,39,1,2.89,,30.1,1
2,4400004713,189,20,1,2.89,,25.95,1
2,4400004713,190,27,1,2.89,,25.95,1
2,4400004713,191,17,1,2.89,,25.95,1
2,4400004713,192,23,1,3,,28.66,1
2,4400004713,193,26,1,3.19,,32.91,1
2,4400004713,194,18,1,3.19,,32.91,1
2,4400004713,195,22,1,3.19,,34.13,1
2,4400004713,196,12,1,3.19,,36.67,1
2,4400004713,197,43,1,2.59,B,22,1
2,4400004713,198,30,1,2.63,B,23.19,1
2,4400004713,199,25,1,3.19,,32.91,1
2,4400004713,200,16,1,3.19,,32.91,1
2,4400004713,201,21,1,3.19,,32.91,1
2,4400004713,202,23,1,3.19,,32.91,1
2,4400004713,203,20,1,3.19,,32.91,1
2,4400004713,204,11,1,3.19,,32.91,1
2,4400004713,205,23,1,3.19,,32.91,1
2,4400004713,206,25,1,3.19,,32.91,1
2,4400004713,207,18,1,3.19,,32.91,1
2,4400004713,208,26,1,3.19,,32.91,1
2,4400004713,209,19,1,3.19,,32.91,1
2,4400004713,210,18,1,3.19,,32.91,1
2,4400004713,211,17,1,3.19,,32.91,1
2,4400004713,212,26,1,3.19,,32.91,1
2,4400004713,213,21,1,3.19,,32.91,1
2,4400004713,214,26,1,3.19,,32.91,1
2,4400004713,215,21,1,3.19,,32.91,1
2,4400004713,216,21,1,3.19,,32.91,1
2,4400004713,217,23,1,3.19,,32.91,1
2,4400004713,218,19,1,3.19,,32.91,1
2,4400004713,219,0,1,0,,0,0
2,4400004713,220,19,1,3.11,,31.18,1
2,4400004713,221,28,1,2.99,,28.42,1
2,4400004713,222,19,1,2.99,,28.42,1
2,4400004713,223,11,1,2.99,,28.42,1
2,4400004713,224,11,1,2.99,,28.42,1
2,4400004713,225,16,1,2.99,,28.42,1
2,4400004713,226,25,1,2.99,,27.52,1
2,4400004713,227,18,1,2.99,,26.15,1
2,4400004713,228,33,1,2.99,,26.15,1
2,4400004713,229,26,1,2.99,,26.15,1
2,4400004713,230,29,1,2.99,,26.15,1
2,4400004713,231,20,1,2.99,,26.75,1
2,4400004713,232,29,1,2.99,,26.15,1
2,4400004713,233,20,1,2.99,,26.75,1
2,4400004713,234,23,1,2.99,,30.16,1
2,4400004713,235,18,1,2.99,,26.82,1
12,1470001100,120,21,1,1.69,,26.04,1
12,1470001100,121,33,1,1.69,,26.04,1
12,1470001100,122,33,2,3,B,48,1
12,1470001100,123,26,2,3,B,48,1
12,1470001100,124,30,1,1.69,,53.85,1
12,1470001100,125,290,1,0.99,B,21.21,1
12,1470001100,126,40,1,0.99,B,21.21,1
12,1470001100,127,13,1,1.69,,26.04,1
12,1470001100,128,16,1,1.69,,26.04,1
12,1470001100,129,22,1,1.69,,26.04,1
12,1470001100,130,19,1,1.69,,26.04,1
12,1470001100,131,14,1,1.69,,26.04,1
12,1470001100,132,16,1,1.69,,26.04,1
12,1470001100,133,16,1,1.69,,26.04,1
12,1470001100,134,19,1,1.69,,26.04,1
12,1470001100,135,18,1,1.69,,26.04,1
12,1470001100,136,22,1,1.69,,26.04,1
12,1470001100,137,14,1,1.69,,26.04,1
12,1470001100,138,43,1,1.69,,37.87,1
12,1470001100,139,194,1,0.99,S,6.06,1
12,1470001100,140,38,1,0.99,B,6.06,1
12,1470001100,141,20,2,3,B,30,1
12,1470001100,142,13,1,1.69,,37.87,1
12,1470001100,143,13,1,1.69,,26.04,1
12,1470001100,144,11,1,1.69,,26.04,1
12,1470001100,145,10,1,1.69,,26.04,1
12,1470001100,146,17,1,1.69,,26.04,1
12,1470001100,147,10,1,1.69,,26.04,1
12,1470001100,148,14,1,1.69,,26.04,1
12,1470001100,149,12,1,1.69,,26.04,1
12,1470001100,150,11,1,1.69,,26.04,1
12,1470001100,151,10,1,1.69,,26.04,1
12,1470001100,152,15,1,1.69,,26.04,1
12,1470001100,153,5,1,1.69,,26.04,1
12,1470001100,154,515,1,0.84,S,4.76,1
12,1470001100,155,0,1,0,,0,1
12,1470001100,156,17,1,1.69,,52.66,1
12,1470001100,157,4,1,1.69,,52.66,1
12,1470001100,158,0,1,0,,0,1
12,1470001100,159,11,1,1.69,,26.04,1
12,1470001100,160,10,1,1.69,,26.04,1
12,1470001100,161,21,1,1.69,,26.04,1
12,1470001100,162,12,1,1.69,,26.04,1
12,1470001100,163,8,1,1.69,,26.04,1
12,1470001100,164,14,1,1.69,,26.04,1
12,1470001100,165,24,1,1.69,,26.04,1
12,1470001100,166,30,1,1.29,B,18.6,1
12,1470001100,167,30,1,1.29,B,18.6,1
12,1470001100,168,9,2,3,S,30,1
12,1470001100,169,36,2,3,B,30,1
12,1470001100,170,15,1,1.69,,37.87,1
12,1470001100,171,19,1,1.69,,26.04,1
12,1470001100,172,16,1,1.69,,26.04,1
12,1470001100,173,19,1,1.69,,26.04,1
12,1470001100,174,19,1,1.69,,26.04,1
12,1470001100,175,17,1,1.69,,26.04,1
12,1470001100,176,19,1,1.69,,26.04,1
12,1470001100,177,19,1,1.69,,26.04,1
12,1470001100,178,20,1,1.49,,29.53,1
12,1470001100,179,26,1,1.49,,29.53,1
12,1470001100,180,29,1,1.49,B,29.53,1
12,1470001100,181,22,1,1.49,B,29.53,1
12,1470001100,182,22,1,1.69,,37.87,1
12,1470001100,183,19,1,1.69,,26.04,1
12,1470001100,184,16,1,1.69,,26.04,1
12,1470001100,185,17,1,1.69,,26.03,1
12,1470001100,186,15,1,1.69,,26.03,1
12,1470001100,187,14,1,1.69,,26.03,1
12,1470001100,188,18,1,1.69,,26.03,1
12,1470001100,189,26,1,1.69,,38.34,1
12,1470001100,190,445,1,0.99,S,19.19,1
12,1470001100,191,31,1,1.23,,34.95,1
12,1470001100,192,49,1,0.99,B,19.19,1
12,1470001100,193,43,1,0.99,B,19.19,1
12,1470001100,194,14,1,1.69,,39.34,1
12,1470001100,195,21,1,1.69,,26.03,1
12,1470001100,196,22,1,1.69,,26.03,1
12,1470001100,197,21,1,1.69,,26.03,1
12,1470001100,198,26,1,1.69,,26.03,1
12,1470001100,199,21,1,1.69,,26.03,1
12,1470001100,200,13,1,1.69,,26.03,1
12,1470001100,201,11,1,1.69,,26.03,1
12,1470001100,202,14,1,1.69,,26.03,1
12,1470001100,203,10,1,1.69,,26.03,1
12,1470001100,204,14,1,1.69,,26.03,1
12,1470001100,205,22,1,1.41,,21.06,1
12,1470001100,206,30,1,1.29,B,18.6,1
12,1470001100,207,26,1,1.29,B,18.6,1
12,1470001100,208,25,1,1.29,B,18.6,1
12,1470001100,209,32,1,1.35,B,22.22,1
12,1470001100,210,14,1,1.69,,36.21,1
12,1470001100,211,5,1,1.69,,26.03,1
12,1470001100,212,7,1,1.69,,26.03,1
12,1470001100,213,19,1,1.69,,26.03,1
12,1470001100,214,7,1,1.69,,26.03,1
12,1470001100,215,11,1,1.69,,26.03,1
12,1470001100,216,9,1,1.69,,26.03,1
12,1470001100,217,14,1,1.61,,26.83,1
12,1470001100,218,21,1,1.49,B,29.53,1
12,1470001100,219,0,1,0,,0,0
12,1470001100,220,19,1,1.49,B,29.53,1
12,1470001100,221,21,1,1.53,B,31.37,1
12,1470001100,222,15,1,1.69,,36.33,1
12,1470001100,223,16,1,1.73,,27.74,1
12,1470001100,224,12,1,1.79,,30.16,1
12,1470001100,225,8,1,1.79,,30.16,1
12,1470001100,226,14,1,1.79,,30.16,1
12,1470001100,227,17,1,1.79,,30.16,1
12,1470001100,228,10,1,1.79,,30.16,1
12,1470001100,229,20,1,1.79,,36.48,1
12,1470001100,230,27,1,1.04,,23.07,1
12,1470001100,231,45,1,0.99,B,19.19,1
12,1470001100,232,27,1,1.04,,23.07,1
12,1470001100,233,45,1,0.99,B,19.19,1
12,1470001100,234,16,1,1.79,B,49.05,1
12,1470001100,235,18,1,1.79,B,30.16,1
12,1470001110,120,7,1,2.49,B,36.06,1
12,1470001110,121,18,1,2.49,,36.06,1
12,1470001110,122,8,1,2.49,,26.02,1
12,1470001110,123,13,1,2.49,,26.02,1
12,1470001110,124,9,1,2.49,,26.02,1
12,1470001110,125,5,1,2.49,,26.02,1
12,1470001110,126,9,1,2.59,,26.02,1
12,1470001110,127,8,1,2.59,,26.02,1
12,1470001110,128,13,1,2.59,,26.02,1
12,1470001110,129,14,1,2.59,,26.02,1
12,1470001110,130,12,1,2.34,B,28.8,1
12,1470001110,131,12,1,2.19,B,23.93,1
12,1470001110,132,6,1,2.19,B,23.93,1
12,1470001110,133,17,1,2.59,,35.68,1
12,1470001110,134,7,1,2.59,,35.68,1
12,1470001110,135,14,1,2.59,,26.02,1
12,1470001110,136,9,1,2.59,,26.02,1
12,1470001110,137,11,1,2.59,,26.02,1
12,1470001110,138,6,1,2.59,,26.02,1
12,1470001110,139,12,1,2.59,,26.02,1
12,1470001110,140,9,1,2.59,,26.02,1
12,1470001110,141,6,1,2.59,,26.02,1
12,1470001110,142,10,1,2.59,,26.02,1
12,1470001110,143,10,1,2.59,,26.02,1
12,1470001110,144,10,1,2.59,,26.02,1
12,1470001110,145,17,1,2.59,,26.02,1
12,1470001110,146,87,1,1.99,B,16.28,1
12,1470001110,147,32,1,1.99,B,16.28,1
12,1470001110,148,14,1,1.99,B,16.28,1
12,1470001110,149,14,1,2.59,B,35.68,1
12,1470001110,150,8,1,2.59,,35.68,1
12,1470001110,151,15,1,2.59,,26.02,1
12,1470001110,152,8,1,2.59,,26.02,1
12,1470001110,153,5,1,2.59,,26.02,1
12,1470001110,154,5,1,2.59,,26.02,1
12,1470001110,155,15,1,2.59,,26.02,1
12,1470001110,156,8,1,2.59,,26.02,1
12,1470001110,157,18,1,2.59,,26.02,1
12,1470001110,158,21,1,2.39,,30.29,1
12,1470001110,159,20,1,2.39,,30.29,1
12,1470001110,160,7,1,2.59,,35.68,1
12,1470001110,161,14,1,2.59,,35.68,1
12,1470001110,162,19,1,2.59,,35.68,1
12,1470001110,163,10,1,2.59,,26.02,1
12,1470001110,164,14,1,2.59,,26.02,1
12,1470001110,165,8,1,2.59,,26.02,1
12,1470001110,166,12,1,2.59,,26.02,1
12,1470001110,167,13,1,2.59,,26.02,1
12,1470001110,168,7,1,2.59,,26.02,1
12,1470001110,169,17,1,2.59,,26.02,1
12,1470001110,170,23,1,2.19,S,23.93,1
12,1470001110,171,21,1,2.19,B,23.93,1
12,1470001110,172,11,1,2.59,,35.68,1
12,1470001110,173,15,1,2.59,,35.68,1
12,1470001110,174,10,1,2.59,,35.68,1
12,1470001110,175,10,1,2.59,,26.02,1
12,1470001110,176,9,1,2.59,,26.02,1
12,1470001110,177,14,1,2.59,,26.02,1
12,1470001110,178,17,1,2.59,,26.02,1
12,1470001110,179,5,1,2.59,,26.02,1
12,1470001110,180,9,1,2.59,,26.02,1
12,1470001110,181,15,1,2.59,,26.02,1
12,1470001110,182,12,1,2.19,B,30.78,1
12,1470001110,183,17,1,2.19,B,30.78,1
12,1470001110,184,19,1,2.19,B,30.78,1
12,1470001110,185,18,1,2.25,B,32.62,1
12,1470001110,186,7,1,2.59,,34.86,1
12,1470001110,187,6,1,2.59,,26.02,1
12,1470001110,188,11,1,2.59,,26.02,1
12,1470001110,189,12,1,2.59,,26.02,1
12,1470001110,190,4,1,2.59,,26.02,1
12,1470001110,191,12,1,2.59,,26.02,1
12,1470001110,192,14,1,2.59,,26.02,1
12,1470001110,193,8,1,2.59,,26.02,1
12,1470001110,194,12,1,2.59,,26.02,1
12,1470001110,195,13,1,2.59,,26.02,1
12,1470001110,196,4,1,2.59,,26.02,1
12,1470001110,197,11,1,2.59,,26.02,1
12,1470001110,198,10,1,2.59,,26.02,1
12,1470001110,199,7,1,2.59,,26.02,1
12,1470001110,200,18,1,1.85,B,-3.56,1
12,1470001110,201,23,1,1.97,B,2.74,1
12,1470001110,202,11,1,2.59,,26.02,1
12,1470001110,203,15,1,2.59,,26.02,1
12,1470001110,204,15,1,2.59,,26.02,1
12,1470001110,205,14,1,2.59,,26.02,1
12,1470001110,206,20,1,2.59,,26.02,1
12,1470001110,207,19,1,2.59,,26.02,1
12,1470001110,208,22,1,2.59,,26.02,1
12,1470001110,209,16,1,2.48,,25.92,1
12,1470001110,210,20,1,2.26,B,26.28,1
12,1470001110,211,103,1,1.99,S,16.28,1
12,1470001110,212,20,1,2.26,,26.28,1
12,1470001110,213,12,1,2.34,,28.8,1
12,1470001110,214,11,1,2.59,,32.2,1
12,1470001110,215,9,1,2.59,,26.02,1
12,1470001110,216,20,1,2.59,,26.02,1
12,1470001110,217,18,1,2.59,,26.02,1
12,1470001110,218,19,1,2.59,,26.02,1
12,1470001110,219,0,1,0,,0,0
12,1470001110,220,12,1,2.62,,26.87,1
12,1470001110,221,11,1,2.69,,34.2,1
12,1470001110,222,17,1,2.29,S,33.79,1
12,1470001110,223,7,1,2.69,,43.64,1
12,1470001110,224,11,1,2.69,,43.64,1
12,1470001110,225,11,1,2.69,,43.64,1
12,1470001110,226,12,1,2.69,,38.69,1
12,1470001110,227,14,1,2.69,,28.77,1
12,1470001110,228,13,1,2.69,,28.77,1
12,1470001110,229,13,1,2.69,,28.77,1
12,1470001110,230,13,1,2.69,,28.77,1
12,1470001110,231,7,1,2.69,,28.77,1
12,1470001110,232,13,1,2.69,,28.77,1
12,1470001110,233,7,1,2.69,,28.77,1
12,1470001110,234,9,1,2.69,,40.37,1
12,1470001110,235,21,1,2.69,,43.64,1
