notes/week02/data.csv
STORE,UPC,WEEK,MOVE,QTY,PRICE,SALE,PROFIT,OK
12,3010016584,120,11,1,3.05,,31.38,1
12,3010016584,121,10,1,2.69,B,22.19,1
12,3010016584,122,8,1,2.69,B,22.19,1
12,3010016584,123,14,1,2.93,B,28.57,1
12,3010016584,124,10,1,2.93,B,28.57,1
12,3010016584,125,9,1,3.05,,31.38,1
12,3010016584,126,7,1,3.05,,27.44,1
12,3010016584,127,9,1,3.05,,27.44,1
12,3010016584,128,12,1,3.05,,27.44,1
12,3010016584,129,15,1,2.93,B,28.57,1
12,3010016584,130,18,1,2.93,,28.57,1
12,3010016584,131,101,1,2.29,S,8.6,1
12,3010016584,132,7,1,3.05,S,31.38,1
12,3010016584,133,7,1,3.05,,31.38,1
12,3010016584,134,7,1,3.05,,27.44,1
12,3010016584,135,12,1,3.05,,27.44,1
12,3010016584,136,10,1,3.05,,31.38,1
12,3010016584,137,9,1,2.93,B,28.57,1
12,3010016584,138,11,1,2.93,B,28.57,1
12,3010016584,139,8,1,2.93,B,28.57,1
12,3010016584,140,195,1,3.05,,31.38,1
12,3010016584,141,14,1,3.05,,31.38,1
12,3010016584,142,8,1,3.05,,27.44,1
12,3010016584,143,8,1,3.05,,27.44,1
12,3010016584,144,9,1,3.05,,27.44,1
12,3010016584,145,18,1,2.82,B,29.68,1
12,3010016584,146,8,1,2.82,B,29.68,1
12,3010016584,147,14,1,2.49,B,20.36,1
12,3010016584,148,11,1,3.05,S,34.98,1
12,3010016584,149,8,1,3.05,B,34.98,1
12,3010016584,150,4,1,3.05,,27.44,1
12,3010016584,151,8,1,3.05,,27.44,1
12,3010016584,152,19,1,2.82,B,29.68,1
12,3010016584,153,111,1,1.99,B,0.35,1
12,3010016584,154,19,1,1.99,B,0.35,1
12,3010016584,155,13,1,1.99,B,0.35,1
12,3010016584,156,5,1,3.05,,34.98,1
12,3010016584,157,6,1,3.05,,34.98,1
12,3010016584,158,4,1,3.05,,27.44,1
12,3010016584,159,6,1,3.05,,27.44,1
12,3010016584,160,12,1,2.82,S,29.68,1
12,3010016584,161,22,1,2.82,B,29.68,1
12,3010016584,162,82,1,2.29,S,13.41,1
12,3010016584,163,21,1,3.05,,34.98,1
12,3010016584,164,4,1,3.05,,34.98,1
12,3010016584,165,4,1,3.05,,34.98,1
12,3010016584,166,7,1,3.05,,27.44,1
12,3010016584,167,4,1,3.05,,27.44,1
12,3010016584,168,6,1,3.05,,27.44,1
12,3010016584,169,3,1,3.05,,27.44,1
12,3010016584,170,7,1,3.05,,27.44,1
12,3010016584,171,8,1,3.05,,27.44,1
12,3010016584,172,6,1,3.05,,27.44,1
12,3010016584,173,5,1,3.05,,27.44,1
12,3010016584,174,6,1,3.05,,27.44,1
12,3010016584,175,26,2,5,S,11.48,1
12,3010016584,176,4,1,3.05,,27.44,1
12,3010016584,177,9,1,3.05,,27.44,1
12,3010016584,178,7,1,3.05,,34.98,1
12,3010016584,179,37,1,2.29,S,13.41,1
12,3010016584,180,29,1,3.05,,34.98,1
12,3010016584,181,15,1,2.39,B,17.03,1
12,3010016584,182,14,1,3.05,,31.87,1
12,3010016584,183,6,1,3.05,,31.87,1
12,3010016584,184,4,1,3.05,,31.87,1
12,3010016584,185,8,1,3.05,,33.04,1
12,3010016584,186,8,1,3.05,,34.98,1
12,3010016584,187,27,1,2.69,S,26.28,1
12,3010016584,188,8,1,3.05,,34.98,1
12,3010016584,189,2,1,3.05,,34.98,1
12,3010016584,190,11,1,3.05,,30.19,1
12,3010016584,191,7,1,3.05,,27.44,1
12,3010016584,192,5,1,3.05,,27.44,1
12,3010016584,193,5,1,2.95,,28.1,1
12,3010016584,194,24,1,2.82,B,29.68,1
12,3010016584,195,15,1,2.82,B,29.68,1
12,3010016584,196,12,1,2.79,S,28.92,1
12,3010016584,197,12,1,2.82,,29.68,1
12,3010016584,198,10,1,3.05,,30.45,1
12,3010016584,199,7,1,3.05,,27.44,1
12,3010016584,200,12,1,3.05,,27.44,1
12,3010016584,201,10,1,3,,27.83,1
12,3010016584,202,19,1,2.93,B,28.56,1
12,3010016584,203,47,1,2.59,S,19.18,1
12,3010016584,204,19,1,2.93,,28.56,1
12,3010016584,205,8,1,2.93,,28.56,1
12,3010016584,206,6,1,3.05,,27.44,1
12,3010016584,207,10,1,3.05,,27.44,1
12,3010016584,208,6,1,3.05,,27.44,1
12,3010016584,209,21,1,3.01,,26.47,1
12,3010016584,210,12,1,2.93,B,24.47,1
12,3010016584,211,7,1,2.94,B,24.72,1
12,3010016584,212,4,1,3.05,,27.44,1
12,3010016584,213,21,1,2.69,S,17.73,1
12,3010016584,214,18,1,3.03,S,26.96,1
12,3010016584,215,7,1,3.05,,27.44,1
12,3010016584,216,11,1,3.05,,27.44,1
12,3010016584,217,16,1,3.05,,27.44,1
12,3010016584,218,13,1,3.05,,27.44,1
12,3010016584,219,0,1,0,,0,0
12,3010016584,220,9,1,3.05,,27.44,1
12,3010016584,221,7,1,3.05,,27.44,1
12,3010016584,222,10,1,3.05,,27.44,1
12,3010016584,223,6,1,3.05,,27.44,1
12,3010016584,224,9,1,3.05,,27.44,1
12,3010016584,225,7,1,3.05,,27.44,1
12,3010016584,226,4,1,3.05,,75.9,1
12,3010016584,227,7,1,3.05,,75.9,1
12,3010016584,228,15,1,3.05,,75.9,1
12,3010016584,229,14,1,2.97,,77.57,1
12,3010016584,230,11,1,2.93,B,79.01,1
12,3010016584,231,14,1,2.93,B,79.01,1
12,3010016584,232,11,1,2.93,B,79.01,1
12,3010016584,233,14,1,2.93,B,79.01,1
12,3010016584,234,5,1,3.05,B,75.9,1
12,3010016584,235,3,1,3.05,B,75.9,1
12,3010021196,120,9,1,3.05,B,31.38,1
12,3010021196,121,29,1,2.69,B,22.19,1
12,3010021196,122,40,1,2.69,B,22.19,1
12,3010021196,123,27,1,2.93,B,28.57,1
12,3010021196,124,14,1,2.93,B,28.57,1
12,3010021196,125,8,1,3.05,,31.38,1
12,3010021196,126,4,1,3.05,,27.44,1
12,3010021196,127,21,1,3.05,,27.44,1
12,3010021196,128,24,1,3.05,,27.44,1
12,3010021196,129,34,1,2.93,B,28.57,1
12,3010021196,130,21,1,2.93,,28.57,1
12,3010021196,131,67,1,2.29,,8.6,1
12,3010021196,132,11,1,3.05,S,31.38,1
12,3010021196,133,1,1,3.05,,31.38,1
12,3010021196,134,8,1,3.05,,27.44,1
12,3010021196,135,8,1,3.05,,27.44,1
12,3010021196,136,8,1,3.05,,31.38,1
12,3010021196,137,10,1,2.93,B,28.57,1
12,3010021196,138,1,1,2.93,B,28.57,1
12,3010021196,139,4,1,2.93,B,28.57,1
12,3010021196,140,161,1,3.05,,31.38,1
12,3010021196,141,2,1,3.05,,31.38,1
12,3010021196,142,9,1,3.05,,27.44,1
12,3010021196,143,3,1,3.05,,27.44,1
12,3010021196,144,5,1,3.05,,27.44,1
12,3010021196,145,7,1,2.82,B,29.68,1
12,3010021196,146,7,1,2.82,B,29.68,1
12,3010021196,147,17,1,2.49,S,20.36,1
12,3010021196,148,4,1,3.05,,34.98,1
12,3010021196,149,9,1,3.05,,34.98,1
12,3010021196,150,7,1,3.05,,27.44,1
12,3010021196,151,5,1,3.05,,27.44,1
12,3010021196,152,10,1,2.82,B,29.68,1
12,3010021196,153,26,1,1.99,B,0.35,1
12,3010021196,154,9,1,1.99,B,0.35,1
12,3010021196,155,14,1,1.99,B,0.35,1
12,3010021196,156,8,1,3.05,,34.98,1
12,3010021196,157,3,1,3.05,,34.98,1
12,3010021196,158,5,1,3.05,,27.44,1
12,3010021196,159,6,1,3.05,,27.44,1
12,3010021196,160,12,1,2.82,S,29.68,1
12,3010021196,161,7,1,2.82,B,29.68,1
12,3010021196,162,58,1,2.29,S,13.41,1
12,3010021196,163,31,1,3.05,B,34.98,1
12,3010021196,164,11,1,3.05,,34.98,1
12,3010021196,165,12,1,3.05,,34.98,1
12,3010021196,166,7,1,3.05,,27.44,1
12,3010021196,167,5,1,3.05,,27.44,1
12,3010021196,168,5,1,3.05,,27.44,1
12,3010021196,169,8,1,3.05,,27.44,1
12,3010021196,170,8,1,3.05,,27.44,1
12,3010021196,171,5,1,3.05,,27.44,1
12,3010021196,172,6,1,3.05,,27.44,1
12,3010021196,173,4,1,3.05,,27.44,1
12,3010021196,174,3,1,3.05,,37.61,1
12,3010021196,175,47,2,5,S,23.88,1
12,3010021196,176,21,1,3.05,,37.61,1
12,3010021196,177,10,1,3.05,,37.61,1
12,3010021196,178,10,1,3.05,,37.61,1
12,3010021196,179,7,1,3.05,,27.44,1
12,3010021196,180,13,1,3.05,,27.44,1
12,3010021196,181,4,1,3.05,,27.44,1
12,3010021196,182,6,1,3.05,,34.98,1
12,3010021196,183,3,1,3.05,B,34.98,1
12,3010021196,184,52,1,1.99,B,0.35,1
12,3010021196,185,2,1,3.05,,34.98,1
12,3010021196,186,8,1,3.05,,31.21,1
12,3010021196,187,4,1,3.05,,27.44,1
12,3010021196,188,2,1,3.05,,27.44,1
12,3010021196,189,6,1,2.9,,30.82,1
12,3010021196,190,10,1,2.75,B,30.8,1
12,3010021196,191,8,1,2.75,B,30.8,1
12,3010021196,192,11,1,2.59,S,26.52,1
12,3010021196,193,18,1,2.8,,32.03,1
12,3010021196,194,4,1,3.05,,32.52,1
12,3010021196,195,5,1,3.05,,27.44,1
12,3010021196,196,3,1,3.05,,27.44,1
12,3010021196,197,7,1,3.05,,30.26,1
12,3010021196,198,4,1,3.05,,31.37,1
12,3010021196,199,8,1,3.05,,31.37,1
12,3010021196,200,367,1,1.52,,-37.69,1
12,3010021196,201,6,1,3.05,,31.37,1
12,3010021196,202,14,1,3.05,,28.59,1
12,3010021196,203,11,1,3.05,,27.44,1
12,3010021196,204,6,1,3.05,,27.44,1
12,3010021196,205,11,1,3.01,,26.47,1
12,3010021196,206,15,1,2.93,B,24.47,1
12,3010021196,207,7,1,2.93,B,24.47,1
12,3010021196,208,24,1,2.93,B,24.47,1
12,3010021196,209,277,1,1.58,B,-40.06,1
12,3010021196,210,12,1,3.05,,27.44,1
12,3010021196,211,12,1,3.05,,27.44,1
12,3010021196,212,9,1,3.05,,27.44,1
12,3010021196,213,9,1,3.05,,32.49,1
12,3010021196,214,66,1,2.49,S,20.36,1
12,3010021196,215,21,1,2.91,S,31.85,1
12,3010021196,216,13,1,2.82,B,29.68,1
12,3010021196,217,10,1,2.88,B,31.14,1
12,3010021196,218,10,1,3.05,,31.21,1
12,3010021196,219,0,1,0,,0,0
12,3010021196,220,4,1,3.05,,27.44,1
12,3010021196,221,6,1,3.05,,27.44,1
12,3010021196,222,4,1,3.05,,27.44,1
12,3010021196,223,6,1,3.05,,27.44,1
12,3010021196,224,4,1,3.05,,29.4,1
12,3010021196,225,20,1,2.71,B,22.76,1
12,3010021196,226,10,1,2.71,B,22.76,1
12,3010021196,227,5,1,2.71,B,22.76,1
12,3010021196,228,18,1,2.71,B,22.76,1
12,3010021196,229,54,1,2.19,B,4.42,1
12,3010021196,230,3,1,3.05,,30.06,1
12,3010021196,231,2,1,3.05,,27.44,1
12,3010021196,232,3,1,3.05,,30.06,1
12,3010021196,233,2,1,3.05,,27.44,1
12,3010021196,234,42,1,1.99,S,8.39,1
12,3010021196,235,4,1,3.05,,38.03,1
12,3828112277,120,12,1,1.69,,51.95,1
12,3828112277,121,17,1,1.69,,51.95,1
12,3828112277,122,24,1,1.69,,51.95,1
12,3828112277,123,11,1,1.69,,51.95,1
12,3828112277,124,19,1,1.69,,51.95,1
12,3828112277,125,7,1,1.69,,51.24,1
12,3828112277,126,21,1,1.69,,51.24,1
12,3828112277,127,17,1,1.69,,51.48,1
12,3828112277,128,12,1,1.69,,52.13,1
12,3828112277,129,14,1,1.69,,52.43,1
12,3828112277,130,15,1,1.69,,52.66,1
12,3828112277,131,20,1,1.69,,52.43,1
12,3828112277,132,18,3,4,B,41.28,1
12,3828112277,133,22,3,4,B,41.28,1
12,3828112277,134,15,1,1.69,,54.08,1
12,3828112277,135,10,1,1.69,,54.08,1
12,3828112277,136,10,1,1.69,,54.08,1
12,3828112277,137,20,1,1.59,,50.69,1
12,3828112277,138,10,1,1.59,,50.69,1
12,3828112277,139,14,1,1.59,,50.88,1
12,3828112277,140,22,1,1.59,,50.88,1
12,3828112277,141,25,1,1.59,,50.88,1
12,3828112277,142,21,2,3,S,44.67,1
12,3828112277,143,14,1,1.59,,52.26,1
12,3828112277,144,19,1,1.59,,50.94,1
12,3828112277,145,19,1,1.59,,50.94,1
12,3828112277,146,19,1,1.59,,52.7,1
12,3828112277,147,18,1,1.59,,51.45,1
12,3828112277,148,18,1,1.59,,49.62,1
12,3828112277,149,196,1,0.79,S,1.65,1
12,3828112277,150,29,1,1.59,,49.62,1
12,3828112277,151,13,1,1.59,,49.94,1
12,3828112277,152,25,2,3,,48.27,1
12,3828112277,153,19,1,1.19,B,34.96,1
12,3828112277,154,13,1,1.19,,34.96,1
12,3828112277,155,22,1,1.59,,51.32,1
12,3828112277,156,18,1,1.59,,51.51,1
12,3828112277,157,27,1,1.59,,51.51,1
12,3828112277,158,17,1,1.59,,51.51,1
12,3828112277,159,28,1,1.59,,51.51,1
12,3828112277,160,36,1,1.39,S,44.6,1
12,3828112277,161,4,1,1.59,,51.57,1
12,3828112277,162,27,1,1.59,,51.57,1
12,3828112277,163,25,1,1.48,,47.97,1
12,3828112277,164,9,1,1.19,B,35.29,1
12,3828112277,165,24,1,1.59,,51.57,1
12,3828112277,166,23,1,1.59,,51.57,1
12,3828112277,167,25,1,1.59,,51.57,1
12,3828112277,168,14,1,1.59,,51.57,1
12,3828112277,169,17,1,1.59,,51.57,1
12,3828112277,170,20,1,1.59,,51.57,1
12,3828112277,171,13,1,1.59,,51.57,1
12,3828112277,172,16,1,1.59,,51.57,1
12,3828112277,173,16,1,1.59,,51.57,1
12,3828112277,174,19,1,1.59,,51.57,1
12,3828112277,175,20,1,1.59,,51.57,1
12,3828112277,176,16,1,1.59,,51.57,1
12,3828112277,177,34,2,2.5,B,38.4,1
12,3828112277,178,19,1,1.59,,51.57,1
12,3828112277,179,16,1,1.59,,51.57,1
12,3828112277,180,38,1,1.19,,35.29,1
12,3828112277,181,8,1,1.59,,51.57,1
12,3828112277,182,15,1,1.59,,51.57,1
12,3828112277,183,18,1,1.59,,49.62,1
12,3828112277,184,9,1,1.59,,50.25,1
12,3828112277,185,16,1,1.59,,48.42,1
12,3828112277,186,20,1,1.59,,47.67,1
12,3828112277,187,21,1,1.59,,47.16,1
12,3828112277,188,22,1,1.5,S,43.73,1
12,3828112277,189,16,1,1.6,,47.25,1
12,3828112277,190,14,1,1.6,,47.25,1
12,3828112277,191,14,1,1.59,B,47.61,1
12,3828112277,192,18,1,1.62,B,48.58,1
12,3828112277,193,14,1,1.69,,50.47,1
12,3828112277,194,22,1,1.69,,50.11,1
12,3828112277,195,22,1,1.69,,50.53,1
12,3828112277,196,15,1,1.69,,51.24,1
12,3828112277,197,12,1,1.69,,51.53,1
12,3828112277,198,11,1,1.69,,50.71,1
12,3828112277,199,18,1,1.69,,51.12,1
12,3828112277,200,16,1,1.69,,50.88,1
12,3828112277,201,14,1,1.69,,50.65,1
12,3828112277,202,15,1,1.69,,50.82,1
12,3828112277,203,15,1,1.69,,50.82,1
12,3828112277,204,16,1,1.69,,51.12,1
12,3828112277,205,16,1,1.69,,53.19,1
12,3828112277,206,35,1,0.99,S,21.81,1
12,3828112277,207,20,1,1.19,S,34.95,1
12,3828112277,208,3,1,1.69,,54.43,1
12,3828112277,209,80,1,1.69,,53.66,1
12,3828112277,210,49,1,1.69,,52.54,1
12,3828112277,211,19,1,1.69,,50.94,1
12,3828112277,212,19,1,1.69,,52.07,1
12,3828112277,213,25,1,1.69,,52.24,1
12,3828112277,214,46,1,1.39,S,46.11,1
12,3828112277,215,43,1,1.67,S,52.51,1
12,3828112277,216,29,1,1.19,S,32.68,1
12,3828112277,217,19,1,1.69,,52.95,1
12,3828112277,218,11,1,1.69,,52.84,1
12,3828112277,219,0,1,0,,0,0
12,3828112277,220,21,1,1.69,,51.77,1
12,3828112277,221,16,1,1.69,,51.65,1
12,3828112277,222,24,1,1.69,,50.53,1
12,3828112277,223,15,1,1.69,,50.47,1
12,3828112277,224,13,1,1.69,,50.23,1
12,3828112277,225,10,1,1.69,,50.11,1
12,3828112277,226,12,1,1.69,,50.41,1
12,3828112277,227,6,1,1.69,,51.83,1
12,3828112277,228,22,1,1.69,,53.31,1
12,3828112277,229,30,1,1.19,S,34.11,1
12,3828112277,230,20,1,1.66,S,52.95,1
12,3828112277,231,16,1,1.69,,54.26,1
12,3828112277,232,20,1,1.66,S,52.95,1
12,3828112277,233,16,1,1.69,,54.26,1
12,3828112277,234,28,1,1.69,S,53.01,1
12,3828112277,235,25,1,1.69,S,53.01,1
12,3828112289,120,1,1,2.39,,40.42,1
12,3828112289,121,15,1,2.39,,40.42,1
12,3828112289,122,79,1,2.39,,40.42,1
12,3828112289,123,69,1,2.39,,39.21,1
12,3828112289,124,73,1,2.29,B,36.55,1
12,3828112289,125,86,1,2.39,,40.75,1
12,3828112289,126,12,1,2.39,,41.34,1
12,3828112289,127,18,1,2.39,,56.4,1
12,3828112289,128,12,1,2.39,,52.47,1
12,3828112289,129,14,1,2.39,,46.28,1
12,3828112289,130,9,1,2.39,,46.82,1
12,3828112289,131,5,1,2.19,,39.41,1
12,3828112289,132,10,1,2.19,,41.32,1
12,3828112289,133,9,1,2.19,,41.32,1
12,3828112289,134,10,1,2.19,,33.88,1
12,3828112289,135,14,1,1.89,B,31.85,1
12,3828112289,136,10,1,1.89,B,31.11,1
12,3828112289,137,13,1,2.19,,40.55,1
12,3828112289,138,7,1,2.19,,40.55,1
12,3828112289,139,8,1,2.19,,40.55,1
12,3828112289,140,9,1,2.19,,40.55,1
12,3828112289,141,11,1,2.19,,40.55,1
12,3828112289,142,11,1,2.19,,40.55,1
12,3828112289,143,64,1,2.19,,37.31,1
12,3828112289,144,30,1,2.19,,32.88,1
12,3828112289,145,35,1,2.19,,32.74,1
12,3828112289,146,51,1,2.19,,32.6,1
12,3828112289,147,25,1,1.99,,25.68,1
12,3828112289,148,15,1,1.99,,25.68,1
12,3828112289,149,6,1,1.99,,26.08,1
12,3828112289,150,12,1,1.99,,25.98,1
12,3828112289,151,48,1,1.99,,26.08,1
12,3828112289,152,70,1,1.99,,25.78,1
12,3828112289,153,68,1,1.49,B,4.97,1
12,3828112289,154,71,1,1.49,,5.91,1
12,3828112289,155,54,1,1.99,,30,1
12,3828112289,156,6,1,1.99,,30.35,1
12,3828112289,157,15,1,1.99,,30.35,1
12,3828112289,158,14,1,1.99,,30.35,1
12,3828112289,159,14,1,1.89,,26.67,1
12,3828112289,160,16,1,1.99,,30.35,1
12,3828112289,161,5,1,1.99,,30.35,1
12,3828112289,162,5,1,1.99,,30.45,1
12,3828112289,163,31,1,1.89,,27.35,1
12,3828112289,164,72,1,1.49,B,7.52,1
12,3828112289,165,46,1,1.99,,30.75,1
12,3828112289,166,13,1,1.99,,30.45,1
12,3828112289,167,21,1,1.99,,29.4,1
12,3828112289,168,9,1,1.99,,29.7,1
12,3828112289,169,25,1,1.89,S,25.98,1
12,3828112289,170,16,1,1.99,,29.7,1
12,3828112289,171,11,1,1.99,,29.7,1
12,3828112289,172,11,1,1.99,,29.7,1
12,3828112289,173,37,1,1.99,,29.7,1
12,3828112289,174,55,1,1.99,,29.7,1
12,3828112289,175,74,1,1.99,,29.7,1
12,3828112289,176,76,1,1.99,,29.7,1
12,3828112289,177,69,1,1.99,,29.7,1
12,3828112289,178,47,1,1.99,,26.58,1
12,3828112289,179,16,1,1.99,,26.58,1
12,3828112289,180,38,1,1.49,,5.44,1
12,3828112289,181,31,1,1.99,,29.95,1
12,3828112289,182,47,1,1.89,,22.91,1
12,3828112289,183,13,1,1.99,,26.48,1
12,3828112289,184,7,1,1.99,,27.54,1
12,3828112289,185,17,1,1.99,,27.53,1
12,3828112289,186,21,1,1.99,,27.53,1
12,3828112289,187,17,1,1.99,,27.53,1
12,3828112289,188,19,1,1.99,,27.38,1
12,3828112289,189,18,1,1.99,,25.87,1
12,3828112289,190,23,1,1.99,,25.67,1
12,3828112289,191,19,1,1.99,,26.48,1
12,3828112289,192,19,1,1.99,,26.33,1
12,3828112289,193,20,1,1.99,,25.77,1
12,3828112289,194,68,1,1.99,,25.92,1
12,3828112289,195,33,1,1.99,,27.28,1
12,3828112289,196,12,1,1.99,,26.63,1
12,3828112289,197,67,1,1.99,,27.33,1
12,3828112289,198,113,1,1.99,,25.87,1
12,3828112289,199,57,1,1.99,,26.68,1
12,3828112289,200,27,1,1.99,,26.23,1
12,3828112289,201,110,1,1.99,,26.23,1
12,3828112289,202,109,1,1.99,,26.48,1
12,3828112289,203,107,1,1.99,,26.18,1
12,3828112289,204,75,1,1.99,,26.18,1
12,3828112289,205,104,1,1.99,,25.82,1
12,3828112289,206,102,1,1.99,,27.18,1
12,3828112289,207,79,1,1.49,S,7.18,1
12,3828112289,208,26,1,2.29,,39.69,1
12,3828112289,209,77,1,2.35,,40.63,1
12,3828112289,210,44,1,2.49,,42.32,1
12,3828112289,211,86,1,2.49,,41.76,1
12,3828112289,212,238,1,1.42,G,1.97,1
12,3828112289,213,93,1,2.49,,44.81,1
12,3828112289,214,96,1,2.49,,44.81,1
12,3828112289,215,76,1,2.49,,44.69,1
12,3828112289,216,137,1,1.86,S,25,1
12,3828112289,217,51,1,2.47,S,43.68,1
12,3828112289,218,9,1,2.49,,44.13,1
12,3828112289,219,0,1,0,,0,0
12,3828112289,220,9,1,2.49,,42.85,1
12,3828112289,221,17,1,2.49,,42.85,1
12,3828112289,222,15,1,2.49,,42.85,1
12,3828112289,223,16,1,2.49,,40.84,1
12,3828112289,224,13,1,2.49,,40.88,1
12,3828112289,225,29,1,2.49,,40.88,1
12,3828112289,226,75,1,2.49,,40.72,1
12,3828112289,227,70,1,2.49,,40.68,1
12,3828112289,228,82,1,2.49,,40.68,1
12,3828112289,229,63,1,2.49,,40.6,1
12,3828112289,230,67,1,2.49,,40.6,1
12,3828112289,231,34,1,2.49,,41.72,1
12,3828112289,232,67,1,2.49,,40.6,1
12,3828112289,233,34,1,2.49,,41.72,1
12,3828112289,234,49,1,2.49,S,46.74,1
12,3828112289,235,39,1,2.49,S,43.85,1
