notes/week02/data.csv
STORE,UPC,WEEK,MOVE,QTY,PRICE,SALE,PROFIT,OK
12,4400000516,120,21,1,2.81,B,28.11,1
12,4400000516,121,11,1,2.81,B,28.11,1
12,4400000516,122,10,1,2.93,,26.96,1
12,4400000516,123,19,1,2.93,,26.96,1
12,4400000516,124,16,1,2.93,,26.96,1
12,4400000516,125,27,1,2.93,,31.06,1
12,4400000516,126,34,1,2.79,B,27.6,1
12,4400000516,127,30,1,2.79,B,27.6,1
12,4400000516,128,19,1,2.81,B,28.11,1
12,4400000516,129,15,1,2.93,,31.06,1
12,4400000516,130,20,1,2.93,,26.96,1
12,4400000516,131,19,1,2.93,,26.96,1
12,4400000516,132,8,1,2.93,,26.96,1
12,4400000516,133,18,1,2.93,,26.96,1
12,4400000516,134,8,1,2.93,,26.96,1
12,4400000516,135,16,1,2.93,,26.96,1
12,4400000516,136,10,1,2.93,,26.96,1
12,4400000516,137,17,1,2.93,,26.96,1
12,4400000516,138,10,1,2.93,,26.96,1
12,4400000516,139,16,1,2.93,,26.96,1
12,4400000516,140,24,1,2.93,,31.06,1
12,4400000516,141,32,1,2.69,B,24.91,1
12,4400000516,142,19,1,2.69,B,24.91,1
12,4400000516,143,35,1,2.69,B,24.91,1
12,4400000516,144,17,1,2.93,,31.06,1
12,4400000516,145,7,1,2.93,,31.06,1
12,4400000516,146,24,1,2.93,,26.96,1
12,4400000516,147,23,1,2.93,,26.96,1
12,4400000516,148,21,1,2.93,,26.96,1
12,4400000516,149,16,1,2.81,S,28.11,1
12,4400000516,150,43,1,2.59,B,22.01,1
12,4400000516,151,21,1,2.93,,31.06,1
12,4400000516,152,19,1,2.93,,26.96,1
12,4400000516,153,15,1,2.93,,26.96,1
12,4400000516,154,6,1,2.93,,26.96,1
12,4400000516,155,22,1,2.93,,26.96,1
12,4400000516,156,18,1,2.93,,26.96,1
12,4400000516,157,26,1,2.93,,26.96,1
12,4400000516,158,20,1,2.93,B,26.96,1
12,4400000516,159,16,1,2.93,,26.96,1
12,4400000516,160,20,1,2.93,,26.96,1
12,4400000516,161,1,1,2.93,,26.96,1
12,4400000516,162,3,1,2.93,,26.96,1
12,4400000516,163,8,1,2.93,,26.96,1
12,4400000516,164,7,1,2.93,,26.96,1
12,4400000516,165,4,1,2.93,,26.96,1
12,4400000516,166,14,1,2.93,,26.96,1
12,4400000516,167,14,1,2.93,,26.96,1
12,4400000516,168,4,1,2.93,,26.96,1
12,4400000516,169,25,1,2.93,B,31.91,1
12,4400000516,170,55,1,1.99,B,0.25,1
12,4400000516,171,13,1,2.93,,31.91,1
12,4400000516,172,7,1,2.93,,26.96,1
12,4400000516,173,9,1,2.93,,26.96,1
12,4400000516,174,13,1,2.93,,26.96,1
12,4400000516,175,13,1,2.93,,26.96,1
12,4400000516,176,8,1,2.93,,26.96,1
12,4400000516,177,17,1,2.93,,26.96,1
12,4400000516,178,17,1,2.93,,26.96,1
12,4400000516,179,12,1,2.93,,26.96,1
12,4400000516,180,10,1,2.93,,26.96,1
12,4400000516,181,11,1,2.93,,26.96,1
12,4400000516,182,15,1,2.93,,26.96,1
12,4400000516,183,17,1,2.93,,26.96,1
12,4400000516,184,13,1,2.93,,26.96,1
12,4400000516,185,12,1,2.93,,26.96,1
12,4400000516,186,12,1,2.93,,26.96,1
12,4400000516,187,12,1,2.93,,28.66,1
12,4400000516,188,18,1,2.49,S,18.87,1
12,4400000516,189,7,1,2.93,,31.05,1
12,4400000516,190,16,1,2.93,,31.05,1
12,4400000516,191,18,1,2.93,,26.96,1
12,4400000516,192,18,1,2.93,,26.96,1
12,4400000516,193,5,1,2.95,,27.45,1
12,4400000516,194,14,1,2.95,,27.45,1
12,4400000516,195,15,1,2.95,,27.45,1
12,4400000516,196,12,1,2.95,,27.45,1
12,4400000516,197,12,1,2.95,,27.45,1
12,4400000516,198,8,1,2.95,,27.45,1
12,4400000516,199,18,1,2.21,S,3.16,1
12,4400000516,200,6,1,2.95,,27.45,1
12,4400000516,201,20,1,2.95,,27.45,1
12,4400000516,202,9,1,2.95,,27.45,1
12,4400000516,203,20,1,2.95,,29.28,1
12,4400000516,204,8,1,2.95,,31.52,1
12,4400000516,205,74,1,1.99,S,-1.5,1
12,4400000516,206,17,1,2.95,,31.52,1
12,4400000516,207,15,1,2.95,,27.45,1
12,4400000516,208,9,1,2.95,,27.45,1
12,4400000516,209,11,1,2.95,,27.45,1
12,4400000516,210,13,1,2.95,,27.45,1
12,4400000516,211,16,1,2.95,,27.45,1
12,4400000516,212,9,1,2.95,,27.45,1
12,4400000516,213,13,1,2.95,,27.45,1
12,4400000516,214,14,1,2.95,,27.45,1
12,4400000516,215,7,1,2.95,,27.45,1
12,4400000516,216,14,1,2.95,,27.45,1
12,4400000516,217,13,1,2.95,,27.45,1
12,4400000516,218,17,1,2.95,,27.45,1
12,4400000516,219,0,1,0,,0,0
12,4400000516,220,14,1,2.97,,27.94,1
12,4400000516,221,14,1,2.99,,28.42,1
12,4400000516,222,49,1,2.29,S,6.55,1
12,4400000516,223,11,1,2.99,,28.42,1
12,4400000516,224,14,1,2.99,,28.42,1
12,4400000516,225,12,1,2.99,,28.42,1
12,4400000516,226,14,1,2.99,,27.55,1
12,4400000516,227,11,1,2.99,,25.98,1
12,4400000516,228,8,1,2.99,,25.98,1
12,4400000516,229,16,1,2.99,,25.98,1
12,4400000516,230,53,1,1.99,B,-11.2,1
12,4400000516,231,37,1,2.17,B,-1.98,1
12,4400000516,232,53,1,1.99,B,-11.2,1
12,4400000516,233,37,1,2.17,B,-1.98,1
12,4400000516,234,14,1,2.99,,25.98,1
12,4400000516,235,5,1,2.99,,25.98,1
12,4400000527,120,10,1,2.84,,27.29,1
12,4400000527,121,15,1,2.84,,27.29,1
12,4400000527,122,16,1,2.84,,27.29,1
12,4400000527,123,17,1,2.84,,27.29,1
12,4400000527,124,22,1,2.84,,27.29,1
12,4400000527,125,33,1,2.64,B,29.51,1
12,4400000527,126,19,1,2.84,,34.47,1
12,4400000527,127,36,2,5,B,25.56,1
12,4400000527,128,28,2,5,B,25.56,1
12,4400000527,129,22,1,2.84,,34.47,1
12,4400000527,130,22,1,2.84,,27.29,1
12,4400000527,131,18,1,2.84,,27.29,1
12,4400000527,132,17,1,2.84,,27.29,1
12,4400000527,133,22,1,2.6,B,29.81,1
12,4400000527,134,23,1,2.84,,35.74,1
12,4400000527,135,42,1,1.99,B,8.29,1
12,4400000527,136,20,1,1.99,B,8.29,1
12,4400000527,137,15,1,2.84,,35.74,1
12,4400000527,138,16,1,2.84,,27.29,1
12,4400000527,139,14,1,2.84,,27.29,1
12,4400000527,140,17,1,2.84,,31.51,1
12,4400000527,141,21,1,2.72,B,28.49,1
12,4400000527,142,19,1,2.72,B,28.49,1
12,4400000527,143,47,1,2.19,S,11.19,1
12,4400000527,144,50,1,2.84,B,31.51,1
12,4400000527,145,16,1,2.84,,31.51,1
12,4400000527,146,21,1,2.84,,27.29,1
12,4400000527,147,17,1,2.84,,27.29,1
12,4400000527,148,19,1,2.89,,28.55,1
12,4400000527,149,169,1,1.44,,35.07,1
12,4400000527,150,61,1,2.89,,32.7,1
12,4400000527,151,19,1,2.89,,32.7,1
12,4400000527,152,19,1,2.89,,28.55,1
12,4400000527,153,10,1,2.89,,28.55,1
12,4400000527,154,19,1,2.89,,28.55,1
12,4400000527,155,16,1,2.89,,28.55,1
12,4400000527,156,17,1,2.89,,28.55,1
12,4400000527,157,20,1,2.89,,28.55,1
12,4400000527,158,29,1,2.89,,28.55,1
12,4400000527,159,40,1,2.59,B,24.9,1
12,4400000527,160,18,1,2.89,B,30.1,1
12,4400000527,161,3,1,2.89,,30.1,1
12,4400000527,162,21,1,2.89,,25.95,1
12,4400000527,163,25,1,2.89,,25.95,1
12,4400000527,164,19,1,2.89,,25.95,1
12,4400000527,165,16,1,2.89,,25.95,1
12,4400000527,166,20,1,2.59,S,17.37,1
12,4400000527,167,22,1,2.89,B,25.95,1
12,4400000527,168,17,1,2.89,,25.95,1
12,4400000527,169,12,1,2.89,,25.95,1
12,4400000527,170,19,1,2.89,,25.95,1
12,4400000527,171,5,1,2.89,,25.95,1
12,4400000527,172,7,1,2.89,,25.95,1
12,4400000527,173,11,1,2.89,,25.95,1
12,4400000527,174,25,1,2.89,,25.95,1
12,4400000527,175,14,1,2.89,,25.95,1
12,4400000527,176,19,1,2.89,,25.95,1
12,4400000527,177,28,1,2.89,,25.95,1
12,4400000527,178,110,1,1.59,S,-27.04,1
12,4400000527,179,14,1,2.89,,30.1,1
12,4400000527,180,14,1,2.89,B,30.1,1
12,4400000527,181,32,1,2.89,,25.95,1
12,4400000527,182,25,1,2.89,,25.95,1
12,4400000527,183,18,1,2.89,,25.95,1
12,4400000527,184,28,1,2.89,,30.1,1
12,4400000527,185,29,1,2.59,S,22,1
12,4400000527,186,40,1,2.89,,30.1,1
12,4400000527,187,29,1,2.69,S,24.9,1
12,4400000527,188,23,1,2.89,,30.1,1
12,4400000527,189,16,1,2.89,,25.95,1
12,4400000527,190,21,1,2.89,,25.95,1
12,4400000527,191,18,1,2.89,,25.95,1
12,4400000527,192,21,1,2.89,,25.95,1
12,4400000527,193,23,1,2.89,,25.95,1
12,4400000527,194,14,1,2.89,,25.95,1
12,4400000527,195,16,1,2.89,,28.82,1
12,4400000527,196,16,1,2.89,,30.1,1
12,4400000527,197,24,1,2.59,B,22,1
12,4400000527,198,10,1,2.65,B,23.77,1
12,4400000527,199,11,1,2.89,,25.95,1
12,4400000527,200,6,1,2.89,,25.95,1
12,4400000527,201,14,1,2.89,,25.95,1
12,4400000527,202,11,1,2.89,,25.95,1
12,4400000527,203,13,1,2.89,,28.51,1
12,4400000527,204,17,1,2.89,,30.1,1
12,4400000527,205,16,1,2.89,,30.1,1
12,4400000527,206,18,1,2.89,,30.1,1
12,4400000527,207,18,1,2.89,,25.95,1
12,4400000527,208,13,1,2.89,,25.95,1
12,4400000527,209,17,1,2.89,,25.95,1
12,4400000527,210,13,1,2.89,,25.95,1
12,4400000527,211,11,1,2.89,,27.47,1
12,4400000527,212,54,1,2.89,,30.1,1
12,4400000527,213,38,1,2.89,,30.1,1
12,4400000527,214,16,1,2.89,,30.1,1
12,4400000527,215,5,1,2.89,,25.95,1
12,4400000527,216,15,1,2.89,,25.95,1
12,4400000527,217,15,1,2.89,,25.95,1
12,4400000527,218,6,1,2.89,,25.95,1
12,4400000527,219,0,1,0,,0,0
12,4400000527,220,12,1,2.91,,30.58,1
12,4400000527,221,19,1,2.51,,19.52,1
12,4400000527,222,9,1,2.99,,32.44,1
12,4400000527,223,7,1,2.99,,29.03,1
12,4400000527,224,3,1,2.99,,28.42,1
12,4400000527,225,4,1,2.99,,28.42,1
12,4400000527,226,11,1,2.99,,27.12,1
12,4400000527,227,12,1,2.99,,25.98,1
12,4400000527,228,18,1,2.99,,25.98,1
12,4400000527,229,10,1,2.99,,25.98,1
12,4400000527,230,15,1,2.99,,25.98,1
12,4400000527,231,14,1,2.99,,27.42,1
12,4400000527,232,15,1,2.99,,25.98,1
12,4400000527,233,14,1,2.99,,27.42,1
12,4400000527,234,8,1,2.29,B,8.6,1
12,4400000527,235,27,1,2.29,B,4.14,1
12,4400000551,120,21,1,2.99,,25.99,1
12,4400000551,121,29,1,2.99,,25.99,1
12,4400000551,122,28,1,2.99,,30,1
12,4400000551,123,38,1,2.99,,30,1
12,4400000551,124,30,1,2.99,,30,1
12,4400000551,125,49,1,2.87,B,27.07,1
12,4400000551,126,44,1,2.87,B,27.07,1
12,4400000551,127,35,1,2.99,,30,1
12,4400000551,128,186,1,2.99,C,30,1
12,4400000551,129,29,1,2.99,C,30,1
12,4400000551,130,33,1,2.99,,25.99,1
12,4400000551,131,26,1,2.99,,25.99,1
12,4400000551,132,39,1,2.99,,25.99,1
12,4400000551,133,52,1,2.69,B,28.88,1
12,4400000551,134,43,1,2.99,,36.02,1
12,4400000551,135,125,1,1.99,B,3.87,1
12,4400000551,136,53,1,1.99,B,3.87,1
12,4400000551,137,36,1,2.99,,36.02,1
12,4400000551,138,21,1,2.99,,25.99,1
12,4400000551,139,34,1,2.99,,25.99,1
12,4400000551,140,25,1,2.99,,30,1
12,4400000551,141,29,1,2.99,,30,1
12,4400000551,142,204,1,1.99,S,5.18,1
12,4400000551,143,34,1,2.99,,30,1
12,4400000551,144,34,1,2.87,B,27.07,1
12,4400000551,145,27,1,2.99,,30,1
12,4400000551,146,32,1,2.99,,25.99,1
12,4400000551,147,32,1,2.99,,25.99,1
12,4400000551,148,30,1,2.99,,25.99,1
12,4400000551,149,34,1,2.99,,25.99,1
12,4400000551,150,47,1,2.99,,25.99,1
12,4400000551,151,408,1,2.99,,30,1
12,4400000551,152,5,1,2.99,B,30,1
12,4400000551,153,30,1,2.99,B,30,1
12,4400000551,154,23,1,2.99,,25.99,1
12,4400000551,155,29,1,2.99,,25.99,1
12,4400000551,156,26,1,2.99,,25.99,1
12,4400000551,157,40,1,2.99,,30,1
12,4400000551,158,68,1,2.49,S,15.94,1
12,4400000551,159,79,1,2.99,,30,1
12,4400000551,160,37,1,2.99,,25.99,1
12,4400000551,161,5,1,2.99,,25.99,1
12,4400000551,162,18,1,2.99,,25.99,1
12,4400000551,163,36,1,2.99,,25.99,1
12,4400000551,164,37,1,2.99,,25.99,1
12,4400000551,165,55,1,2.59,S,19.19,1
12,4400000551,166,28,1,2.99,,30,1
12,4400000551,167,44,1,2.99,,30,1
12,4400000551,168,29,1,2.99,,25.99,1
12,4400000551,169,33,1,2.99,,25.99,1
12,4400000551,170,27,1,2.99,,25.99,1
12,4400000551,171,34,1,2.99,,25.99,1
12,4400000551,172,24,1,2.99,,25.99,1
12,4400000551,173,29,1,2.99,,25.99,1
12,4400000551,174,30,1,2.99,S,25.99,1
12,4400000551,175,30,1,2.99,B,25.99,1
12,4400000551,176,19,1,2.99,,30,1
12,4400000551,177,79,1,2.24,B,6.56,1
12,4400000551,178,40,1,2.99,,30,1
12,4400000551,179,40,1,2.99,B,25.99,1
12,4400000551,180,51,1,2.99,,30,1
12,4400000551,181,508,1,1.49,,-40.47,1
12,4400000551,182,25,1,2.99,,30,1
12,4400000551,183,34,1,2.99,,25.99,1
12,4400000551,184,22,1,2.99,,25.99,1
12,4400000551,185,30,1,2.99,,26.78,1
12,4400000551,186,30,1,2.99,,30,1
12,4400000551,187,23,1,2.99,,30,1
12,4400000551,188,20,1,2.99,,30,1
12,4400000551,189,31,1,2.99,,30,1
12,4400000551,190,35,1,2.99,,30,1
12,4400000551,191,36,1,2.99,,25.98,1
12,4400000551,192,36,1,2.99,,25.98,1
12,4400000551,193,35,1,2.99,,25.98,1
12,4400000551,194,40,1,2.99,,25.98,1
12,4400000551,195,37,1,2.99,,27.62,1
12,4400000551,196,847,1,1.49,,-40.46,1
12,4400000551,197,41,1,2.91,S,28.07,1
12,4400000551,198,25,1,2.99,,30,1
12,4400000551,199,38,1,2.99,,25.98,1
12,4400000551,200,21,1,2.99,,25.98,1
12,4400000551,201,27,1,2.99,,27.05,1
12,4400000551,202,32,1,2.99,,30,1
12,4400000551,203,27,1,2.99,,30,1
12,4400000551,204,627,1,1.54,G,-35.9,1
12,4400000551,205,39,1,2.99,,25.98,1
12,4400000551,206,47,1,2.99,,25.98,1
12,4400000551,207,24,1,2.99,,25.98,1
12,4400000551,208,24,1,2.99,,25.98,1
12,4400000551,209,31,1,2.99,,25.98,1
12,4400000551,210,724,1,1.49,,-48.52,1
12,4400000551,211,35,1,2.99,,25.98,1
12,4400000551,212,35,1,2.99,,25.98,1
12,4400000551,213,34,1,2.99,,25.98,1
12,4400000551,214,39,1,2.99,,25.98,1
12,4400000551,215,36,1,2.99,,25.98,1
12,4400000551,216,34,1,2.99,,25.98,1
12,4400000551,217,35,1,2.99,,27.15,1
12,4400000551,218,102,1,2.5,,16.28,1
12,4400000551,219,0,1,0,,0,0
12,4400000551,220,34,1,2.99,,30,1
12,4400000551,221,9,1,2.99,,28.22,1
12,4400000551,222,37,1,2.99,,25.98,1
12,4400000551,223,36,1,2.99,,25.98,1
12,4400000551,224,16,1,2.99,,25.98,1
12,4400000551,225,28,1,2.99,,25.98,1
12,4400000551,226,35,1,2.99,,29.66,1
12,4400000551,227,727,1,1.08,,-93.79,1
12,4400000551,228,44,1,2.96,S,29.29,1
12,4400000551,229,33,1,2.99,,26.35,1
12,4400000551,230,38,1,2.99,,25.98,1
12,4400000551,231,30,1,2.99,,26.92,1
12,4400000551,232,38,1,2.99,,25.98,1
12,4400000551,233,30,1,2.99,,26.92,1
12,4400000551,234,29,1,1.95,G,19.07,1
12,4400000551,235,46,1,1.99,B,-4.62,1
12,4400000655,120,5,1,3.25,,40.06,1
12,4400000655,121,4,1,2.69,,27.58,1
12,4400000655,122,7,1,2.69,B,27.58,1
12,4400000655,123,2,1,3.01,B,35.28,1
12,4400000655,124,5,1,3.01,B,35.28,1
12,4400000655,125,5,1,3.25,,40.06,1
12,4400000655,126,1,1,3.25,,27.35,1
12,4400000655,127,2,1,3.25,,27.35,1
12,4400000655,128,1,1,3.25,,27.35,1
12,4400000655,129,0,1,0,,0,1
12,4400000655,130,6,1,3.25,,34.74,1
12,4400000655,131,5,1,3.25,,34.74,1
12,4400000655,132,76,3,5,B,27.77,1
12,4400000655,133,7,3,5,,27.77,1
12,4400000655,134,4,1,3.25,,27.35,1
12,4400000655,135,6,1,3.25,,27.35,1
12,4400000655,136,3,1,3.25,,34.74,1
12,4400000655,137,9,1,3.25,B,34.74,1
12,4400000655,138,81,1,1.99,S,6.58,1
12,4400000655,139,8,1,3.25,,34.74,1
12,4400000655,140,2,1,3.01,B,29.53,1
12,4400000655,141,8,1,3.25,,34.74,1
12,4400000655,142,10,1,3.25,,27.35,1
12,4400000655,143,1,1,3.25,,27.35,1
12,4400000655,144,4,1,3.25,,27.35,1
12,4400000655,145,17,1,1.99,S,8.29,1
12,4400000655,146,7,1,3.25,,43.85,1
12,4400000655,147,5,1,3.25,B,43.85,1
12,4400000655,148,7,1,3.25,B,27.35,1
12,4400000655,149,4,1,3.25,,27.35,1
12,4400000655,150,3,1,3.25,,27.35,1
12,4400000655,151,0,1,0,,0,1
12,4400000655,152,1,1,3.25,,27.35,1
12,4400000655,153,3,1,3.25,S,31.05,1
12,4400000655,154,78,1,1.62,S,38.33,1
12,4400000655,155,3,1,3.25,,31.05,1
12,4400000655,156,2,1,3.25,,27.35,1
12,4400000655,157,5,1,3.25,,27.35,1
12,4400000655,158,4,1,3.25,,27.35,1
12,4400000655,159,0,1,0,,0,1
12,4400000655,160,4,1,3.25,S,27.35,1
12,4400000655,161,10,1,3.25,,31.05,1
12,4400000655,162,20,1,1.62,S,38.33,1
12,4400000655,163,2,1,3.25,,31.05,1
12,4400000655,164,2,1,3.25,,27.35,1
12,4400000655,165,8,1,3.25,,27.35,1
12,4400000655,166,7,1,3.25,,27.35,1
12,4400000655,167,6,1,3.25,,27.35,1
12,4400000655,168,4,1,3.25,,27.35,1
12,4400000655,169,2,1,3.25,,27.35,1
12,4400000655,170,2,1,3.25,,27.35,1
12,4400000655,171,2,1,3.25,,27.35,1
12,4400000655,172,0,1,0,,0,1
12,4400000655,173,4,1,3.25,,27.35,1
12,4400000655,174,5,1,3.25,,31.05,1
12,4400000655,175,5,1,3.25,S,31.05,1
12,4400000655,176,51,1,3.25,,31.05,1
12,4400000655,177,4,1,3.25,,31.05,1
12,4400000655,178,3,1,3.25,,31.05,1
12,4400000655,179,2,1,3.25,,27.35,1
12,4400000655,180,3,1,3.25,,27.35,1
12,4400000655,181,3,1,3.25,,27.35,1
12,4400000655,182,2,1,3.25,S,31.05,1
12,4400000655,183,3,1,3.25,,31.05,1
12,4400000655,184,295,1,0.99,S,-99.99,1
12,4400000655,185,5,1,3.25,,27.35,1
12,4400000655,186,4,1,3.25,,27.35,1
12,4400000655,187,7,1,3.25,,27.35,1
12,4400000655,188,2,1,3.15,B,25.04,1
12,4400000655,189,6,1,3.25,,27.35,1
12,4400000655,190,3,1,3.25,,27.35,1
12,4400000655,191,1,1,3.25,,27.35,1
12,4400000655,192,5,1,3.25,,31.04,1
12,4400000655,193,158,1,1.81,G,-23.81,1
12,4400000655,194,4,1,3.25,,31.04,1
12,4400000655,195,5,1,3.25,,27.35,1
12,4400000655,196,2,1,3.25,,27.35,1
12,4400000655,197,4,1,3.25,,27.35,1
12,4400000655,198,5,1,3.25,,31.04,1
12,4400000655,199,29,1,2.43,S,7.77,1
12,4400000655,200,2,1,3.25,,31.04,1
12,4400000655,201,3,1,3.25,,27.35,1
12,4400000655,202,8,1,3.25,,27.35,1
12,4400000655,203,2,1,3.25,,27.35,1
12,4400000655,204,2,1,3.25,,27.35,1
12,4400000655,205,6,1,3.25,,27.35,1
12,4400000655,206,4,1,3.25,,27.35,1
12,4400000655,207,8,1,3.25,,29.66,1
12,4400000655,208,149,1,1.91,G,-17.32,1
12,4400000655,209,2,1,3.25,,31.04,1
12,4400000655,210,3,1,3.25,,31.04,1
12,4400000655,211,4,1,3.25,,27.35,1
12,4400000655,212,18,1,2.97,,27.34,1
12,4400000655,213,14,1,2.91,S,25.84,1
12,4400000655,214,6,1,3.25,,33.6,1
12,4400000655,215,179,1,1.62,S,-33.2,1
12,4400000655,216,4,1,2.43,S,11.19,1
12,4400000655,217,10,1,3.25,,28,1
12,4400000655,218,3,1,3.25,,27.35,1
12,4400000655,219,0,1,0,,0,0
12,4400000655,220,2,1,3.25,,27.35,1
12,4400000655,221,3,1,3.29,,28.23,1
12,4400000655,222,3,1,3.29,,28.23,1
12,4400000655,223,2,1,3.29,,28.23,1
12,4400000655,224,1,1,3.29,,28.23,1
12,4400000655,225,1,1,3.29,,31.88,1
12,4400000655,226,1,1,3.29,,31.88,1
12,4400000655,227,5,1,3.29,,29.63,1
12,4400000655,228,44,1,1.99,S,-16.33,1
12,4400000655,229,10,1,3.29,,29.63,1
12,4400000655,230,6,1,3.29,,29.63,1
12,4400000655,231,3,1,3.29,,25.98,1
12,4400000655,232,6,1,3.29,,29.63,1
12,4400000655,233,3,1,3.29,,25.98,1
12,4400000655,234,4,1,3.29,,35.65,1
12,4400000655,235,114,1,1.9,,19.73,1
