notes/week02/data.csv
STORE,UPC,WEEK,MOVE,QTY,PRICE,SALE,PROFIT,OK
12,4400000720,120,12,1,3.25,,40.06,1
12,4400000720,121,43,1,2.69,,27.58,1
12,4400000720,122,29,1,2.69,B,27.58,1
12,4400000720,123,22,1,3.01,B,35.28,1
12,4400000720,124,27,1,3.01,B,35.28,1
12,4400000720,125,16,1,3.25,,40.06,1
12,4400000720,126,23,1,3.25,,27.35,1
12,4400000720,127,11,1,3.25,,27.35,1
12,4400000720,128,18,1,3.25,,27.35,1
12,4400000720,129,36,1,2.99,,29.06,1
12,4400000720,130,24,1,3.25,,34.74,1
12,4400000720,131,32,1,3.25,,34.74,1
12,4400000720,132,299,3,5,B,27.77,1
12,4400000720,133,65,3,5,B,27.77,1
12,4400000720,134,12,1,3.25,,34.74,1
12,4400000720,135,11,1,3.25,,34.74,1
12,4400000720,136,9,1,3.25,,34.74,1
12,4400000720,137,19,1,3.25,B,34.74,1
12,4400000720,138,303,1,1.99,S,6.58,1
12,4400000720,139,18,1,3.25,,34.74,1
12,4400000720,140,24,1,3.01,B,29.53,1
12,4400000720,141,19,1,3.25,,34.74,1
12,4400000720,142,47,1,3.25,,27.35,1
12,4400000720,143,16,1,3.25,,27.35,1
12,4400000720,144,15,1,3.25,,27.35,1
12,4400000720,145,189,1,1.99,S,8.29,1
12,4400000720,146,32,1,3.25,,43.85,1
12,4400000720,147,31,1,3.25,,43.85,1
12,4400000720,148,13,1,3.25,,27.35,1
12,4400000720,149,5,1,3.25,,27.35,1
12,4400000720,150,11,1,3.25,,27.35,1
12,4400000720,151,16,1,3.25,,27.35,1
12,4400000720,152,11,1,3.25,,27.35,1
12,4400000720,153,22,1,3.25,,31.05,1
12,4400000720,154,383,1,1.62,B,38.33,1
12,4400000720,155,14,1,3.25,,31.05,1
12,4400000720,156,18,1,3.25,,27.35,1
12,4400000720,157,20,1,3.25,,27.35,1
12,4400000720,158,23,1,3.25,,27.35,1
12,4400000720,159,20,1,3.25,,27.35,1
12,4400000720,160,13,1,3.25,S,27.35,1
12,4400000720,161,76,1,3.25,,31.05,1
12,4400000720,162,476,1,1.62,S,38.33,1
12,4400000720,163,18,1,3.25,,31.05,1
12,4400000720,164,33,1,3.25,,27.35,1
12,4400000720,165,24,1,3.25,,27.35,1
12,4400000720,166,27,1,3.25,,27.35,1
12,4400000720,167,44,1,3.25,,27.35,1
12,4400000720,168,31,1,3.25,,27.35,1
12,4400000720,169,30,1,3.25,,27.35,1
12,4400000720,170,22,1,3.25,,27.35,1
12,4400000720,171,28,1,3.25,,27.35,1
12,4400000720,172,21,1,3.25,,27.35,1
12,4400000720,173,20,1,3.25,,27.35,1
12,4400000720,174,24,1,3.25,,31.05,1
12,4400000720,175,30,1,3.25,,31.05,1
12,4400000720,176,393,1,3.25,B,31.05,1
12,4400000720,177,22,1,3.25,,31.05,1
12,4400000720,178,19,1,3.25,,31.05,1
12,4400000720,179,24,1,3.25,,27.35,1
12,4400000720,180,22,1,3.25,,27.35,1
12,4400000720,181,12,1,3.25,,27.35,1
12,4400000720,182,23,1,3.25,S,31.05,1
12,4400000720,183,34,1,3.25,B,31.05,1
12,4400000720,184,1823,1,0.99,B,-99.99,1
12,4400000720,185,18,1,3.25,,27.35,1
12,4400000720,186,29,1,3.25,,27.35,1
12,4400000720,187,15,1,3.25,,27.35,1
12,4400000720,188,17,1,3.15,B,25.04,1
12,4400000720,189,27,1,3.25,,27.35,1
12,4400000720,190,21,1,3.25,,27.35,1
12,4400000720,191,17,1,3.25,,28.67,1
12,4400000720,192,26,1,3.25,,31.04,1
12,4400000720,193,367,1,1.67,G,-34.19,1
12,4400000720,194,27,1,3.25,,31.04,1
12,4400000720,195,12,1,3.25,,27.35,1
12,4400000720,196,25,1,3.25,,27.35,1
12,4400000720,197,22,1,3.25,,29.2,1
12,4400000720,198,24,1,3.25,,31.04,1
12,4400000720,199,83,1,2.43,S,7.77,1
12,4400000720,200,17,1,3.25,,31.04,1
12,4400000720,201,31,1,3.25,,27.35,1
12,4400000720,202,32,1,3.25,,27.35,1
12,4400000720,203,17,1,3.25,,27.35,1
12,4400000720,204,30,1,3.25,,27.35,1
12,4400000720,205,15,1,3.25,,27.35,1
12,4400000720,206,20,1,3.25,,27.35,1
12,4400000720,207,23,1,3.25,,28.98,1
12,4400000720,208,584,1,1.69,G,-32.6,1
12,4400000720,209,28,1,3.25,,31.04,1
12,4400000720,210,28,1,3.25,,31.04,1
12,4400000720,211,40,1,3.25,,28.92,1
12,4400000720,212,57,1,2.97,,27.34,1
12,4400000720,213,45,1,2.97,S,27.34,1
12,4400000720,214,19,1,3.25,,33.6,1
12,4400000720,215,767,1,1.62,,-33.2,1
12,4400000720,216,26,1,2.43,S,11.19,1
12,4400000720,217,28,1,3.25,,28.03,1
12,4400000720,218,14,1,3.25,,27.35,1
12,4400000720,219,0,1,0,,0,0
12,4400000720,220,21,1,3.26,,27.57,1
12,4400000720,221,24,1,3.29,,28.23,1
12,4400000720,222,10,1,3.29,,28.23,1
12,4400000720,223,16,1,3.29,,28.23,1
12,4400000720,224,12,1,3.29,,28.23,1
12,4400000720,225,17,1,3.29,,29.11,1
12,4400000720,226,12,1,3.29,,30.97,1
12,4400000720,227,17,1,3.29,,29.63,1
12,4400000720,228,185,1,1.99,S,-16.33,1
12,4400000720,229,18,1,3.21,S,27.88,1
12,4400000720,230,18,1,3.29,,29.63,1
12,4400000720,231,12,1,3.29,,27.2,1
12,4400000720,232,18,1,3.29,,29.63,1
12,4400000720,233,12,1,3.29,,27.2,1
12,4400000720,234,24,1,3.29,,40.66,1
12,4400000720,235,426,1,1.66,,8.13,1
12,4400003721,120,18,1,2.49,,25.98,1
12,4400003721,121,26,1,2.49,,25.98,1
12,4400003721,122,25,1,2.49,,25.98,1
12,4400003721,123,19,1,2.49,,25.98,1
12,4400003721,124,34,1,2.49,,25.98,1
12,4400003721,125,20,1,2.49,,25.98,1
12,4400003721,126,21,1,2.49,,25.98,1
12,4400003721,127,22,1,2.49,,25.98,1
12,4400003721,128,13,1,2.49,,25.98,1
12,4400003721,129,18,1,2.37,,27.3,1
12,4400003721,130,17,1,2.37,B,27.3,1
12,4400003721,131,19,1,2.37,B,27.3,1
12,4400003721,132,25,1,2.49,B,30.8,1
12,4400003721,133,16,1,2.49,,30.8,1
12,4400003721,134,13,1,2.49,,25.98,1
12,4400003721,135,17,1,2.49,,25.98,1
12,4400003721,136,15,1,2.49,,30.8,1
12,4400003721,137,23,1,2.39,B,27.91,1
12,4400003721,138,16,1,2.39,B,27.91,1
12,4400003721,139,24,1,2.37,B,27.3,1
12,4400003721,140,20,1,2.37,B,27.3,1
12,4400003721,141,15,1,2.49,,30.8,1
12,4400003721,142,20,1,2.49,,25.98,1
12,4400003721,143,18,1,2.49,,25.98,1
12,4400003721,144,10,1,2.49,,25.98,1
12,4400003721,145,21,1,2.29,B,24.76,1
12,4400003721,146,23,1,2.29,B,24.76,1
12,4400003721,147,11,1,2.49,B,30.8,1
12,4400003721,148,23,1,2.39,B,27.91,1
12,4400003721,149,12,1,2.39,B,27.91,1
12,4400003721,150,22,1,2.39,B,22.89,1
12,4400003721,151,17,1,2.59,,28.84,1
12,4400003721,152,24,1,2.33,,20.9,1
12,4400003721,153,6,1,2.33,,20.9,1
12,4400003721,154,9,1,2.33,,20.9,1
12,4400003721,155,15,1,2.33,,26.05,1
12,4400003721,156,19,1,2.33,,26.05,1
12,4400003721,157,16,1,2.33,,26.05,1
12,4400003721,158,22,1,2.33,,20.9,1
12,4400003721,159,21,1,2.33,,20.9,1
12,4400003721,160,13,1,2.33,,17.77,1
12,4400003721,161,3,1,2.33,,17.77,1
12,4400003721,162,11,1,2.33,,17.77,1
12,4400003721,163,23,1,2.33,,17.77,1
12,4400003721,164,16,1,2.33,,17.77,1
12,4400003721,165,9,1,2.33,,17.77,1
12,4400003721,166,14,1,2.33,,17.77,1
12,4400003721,167,24,1,2.33,,17.77,1
12,4400003721,168,17,1,2.33,,17.77,1
12,4400003721,169,17,1,2.33,,17.77,1
12,4400003721,170,22,1,2.33,,17.77,1
12,4400003721,171,18,1,2.33,,22.92,1
12,4400003721,172,14,1,2.33,,22.92,1
12,4400003721,173,12,1,2.33,,22.92,1
12,4400003721,174,14,1,2.33,,17.77,1
12,4400003721,175,10,1,2.33,,17.77,1
12,4400003721,176,10,1,2.33,,17.77,1
12,4400003721,177,9,1,2.33,,17.77,1
12,4400003721,178,12,1,2.33,,22.92,1
12,4400003721,179,13,1,1.99,S,9.75,1
12,4400003721,180,9,1,2.33,,22.92,1
12,4400003721,181,13,1,2.33,,17.77,1
12,4400003721,182,11,1,2.33,,17.77,1
12,4400003721,183,14,1,2.33,,17.77,1
12,4400003721,184,10,1,2.33,,17.77,1
12,4400003721,185,5,1,2.33,,17.76,1
12,4400003721,186,6,1,2.33,,17.76,1
12,4400003721,187,14,1,2.33,,18.88,1
12,4400003721,188,7,1,2.33,,22.91,1
12,4400003721,189,12,1,2.29,S,21.57,1
12,4400003721,190,13,1,2.33,,22.91,1
12,4400003721,191,15,1,2.33,,19.82,1
12,4400003721,192,7,1,2.33,,22.91,1
12,4400003721,193,6,1,2.33,,22.91,1
12,4400003721,194,18,1,2.33,,22.91,1
12,4400003721,195,10,1,2.33,,17.76,1
12,4400003721,196,13,1,2.33,,17.76,1
12,4400003721,197,13,1,2.33,,17.76,1
12,4400003721,198,11,1,2.45,,21.79,1
12,4400003721,199,12,1,2.55,,24.86,1
12,4400003721,200,7,1,2.55,,24.86,1
12,4400003721,201,11,1,2.55,,24.86,1
12,4400003721,202,10,1,2.55,,24.86,1
12,4400003721,203,17,1,1.99,S,4.82,1
12,4400003721,204,7,1,2.55,,29.56,1
12,4400003721,205,16,1,2.55,,29.56,1
12,4400003721,206,13,1,2.55,,29.56,1
12,4400003721,207,13,1,2.55,,24.86,1
12,4400003721,208,9,1,2.55,,24.86,1
12,4400003721,209,17,1,2.55,,24.86,1
12,4400003721,210,8,1,2.55,,24.86,1
12,4400003721,211,22,1,2.55,,24.86,1
12,4400003721,212,12,1,2.55,,24.86,1
12,4400003721,213,16,1,2.55,,24.86,1
12,4400003721,214,8,1,2.55,,24.86,1
12,4400003721,215,29,1,2.55,,26.5,1
12,4400003721,216,17,1,2.55,,29.56,1
12,4400003721,217,26,1,2.39,S,24.85,1
12,4400003721,218,22,1,2.55,,29.56,1
12,4400003721,219,0,1,0,,0,0
12,4400003721,220,18,1,2.58,,25.73,1
12,4400003721,221,13,1,2.69,,28.77,1
12,4400003721,222,11,1,2.69,,28.77,1
12,4400003721,223,40,1,1.99,B,3.71,1
12,4400003721,224,36,1,2.08,B,7.88,1
12,4400003721,225,11,1,2.69,,28.77,1
12,4400003721,226,12,1,2.69,,28.77,1
12,4400003721,227,14,1,2.69,,28.77,1
12,4400003721,228,15,1,2.69,,28.77,1
12,4400003721,229,13,1,2.69,,29.81,1
12,4400003721,230,15,1,2.5,,28.16,1
12,4400003721,231,14,1,2.56,B,29.84,1
12,4400003721,232,15,1,2.5,,28.16,1
12,4400003721,233,14,1,2.56,B,29.84,1
12,4400003721,234,6,1,2.66,,32.48,1
12,4400003721,235,18,1,2.54,B,25.62,1
12,4400003732,120,5,1,2.99,,25.99,1
12,4400003732,121,1,1,2.99,,25.99,1
12,4400003732,122,5,1,2.99,,25.99,1
12,4400003732,123,5,1,2.99,,25.99,1
12,4400003732,124,3,1,2.99,,25.99,1
12,4400003732,125,5,1,2.87,B,27.07,1
12,4400003732,126,3,1,2.87,B,27.07,1
12,4400003732,127,1,1,2.99,,30,1
12,4400003732,128,17,1,2.99,C,30,1
12,4400003732,129,3,1,2.99,,30,1
12,4400003732,130,2,1,2.99,,25.99,1
12,4400003732,131,9,1,2.99,,25.99,1
12,4400003732,132,8,1,2.99,,25.99,1
12,4400003732,133,6,1,2.69,B,28.88,1
12,4400003732,134,13,1,2.99,,36.02,1
12,4400003732,135,21,1,1.99,B,3.87,1
12,4400003732,136,11,1,1.99,B,3.87,1
12,4400003732,137,3,1,2.99,,36.02,1
12,4400003732,138,3,1,2.99,,25.99,1
12,4400003732,139,7,1,2.99,,25.99,1
12,4400003732,140,6,1,2.99,,30,1
12,4400003732,141,12,1,2.99,B,30,1
12,4400003732,142,35,1,1.99,S,5.18,1
12,4400003732,143,8,1,2.99,B,30,1
12,4400003732,144,5,1,2.87,B,27.07,1
12,4400003732,145,9,1,2.99,,30,1
12,4400003732,146,3,1,2.99,,25.99,1
12,4400003732,147,4,1,2.99,,25.99,1
12,4400003732,148,8,1,2.99,,25.99,1
12,4400003732,149,3,1,2.99,,25.99,1
12,4400003732,150,7,1,2.99,,25.99,1
12,4400003732,151,54,1,2.99,,30,1
12,4400003732,152,0,1,0,,0,1
12,4400003732,153,0,1,0,,0,1
12,4400003732,154,2,1,2.99,,25.99,1
12,4400003732,155,6,1,2.99,,25.99,1
12,4400003732,156,4,1,2.99,,25.99,1
12,4400003732,157,6,1,2.99,,30,1
12,4400003732,158,8,1,2.49,S,15.94,1
12,4400003732,159,0,1,0,,0,1
12,4400003732,160,6,1,2.99,,25.99,1
12,4400003732,161,0,1,0,,0,1
12,4400003732,162,2,1,2.99,,25.99,1
12,4400003732,163,3,1,2.99,,25.99,1
12,4400003732,164,1,1,2.99,,25.99,1
12,4400003732,165,11,1,2.59,S,19.19,1
12,4400003732,166,3,1,2.99,B,30,1
12,4400003732,167,4,1,2.99,,30,1
12,4400003732,168,4,1,2.99,,25.99,1
12,4400003732,169,2,1,2.99,,25.99,1
12,4400003732,170,5,1,2.99,,25.99,1
12,4400003732,171,1,1,2.99,,25.99,1
12,4400003732,172,2,1,2.99,,25.99,1
12,4400003732,173,7,1,2.99,,25.99,1
12,4400003732,174,7,1,2.99,S,25.99,1
12,4400003732,175,3,1,2.99,,25.99,1
12,4400003732,176,1,1,2.99,B,30,1
12,4400003732,177,10,1,2.24,S,6.56,1
12,4400003732,178,8,1,2.99,S,30,1
12,4400003732,179,2,1,2.99,B,25.99,1
12,4400003732,180,4,1,2.99,,30,1
12,4400003732,181,125,1,1.49,,-40.47,1
12,4400003732,182,4,1,2.99,,30,1
12,4400003732,183,6,1,2.99,,25.99,1
12,4400003732,184,1,1,2.99,,25.99,1
12,4400003732,185,6,1,2.99,,26.65,1
12,4400003732,186,7,1,2.99,,30,1
12,4400003732,187,4,1,2.99,,30,1
12,4400003732,188,6,1,2.99,,30,1
12,4400003732,189,8,1,2.99,,30,1
12,4400003732,190,4,1,2.99,,30,1
12,4400003732,191,8,1,2.99,,25.98,1
12,4400003732,192,6,1,2.99,,25.98,1
12,4400003732,193,9,1,2.99,,25.98,1
12,4400003732,194,14,1,2.99,,25.98,1
12,4400003732,195,11,1,2.99,,28.19,1
12,4400003732,196,72,1,1.51,,-38.6,1
12,4400003732,197,5,1,2.99,,30,1
12,4400003732,198,4,1,2.99,,30,1
12,4400003732,199,10,1,2.99,,25.98,1
12,4400003732,200,6,1,2.99,,25.98,1
12,4400003732,201,10,1,2.99,,26.78,1
12,4400003732,202,7,1,2.99,,30,1
12,4400003732,203,9,1,2.99,,30,1
12,4400003732,204,138,1,1.45,G,-44.34,1
12,4400003732,205,12,1,2.99,,25.98,1
12,4400003732,206,15,1,2.99,,25.98,1
12,4400003732,207,10,1,2.99,,25.98,1
12,4400003732,208,10,1,2.99,,25.98,1
12,4400003732,209,8,1,2.99,,27.69,1
12,4400003732,210,100,1,1.49,S,-34.89,1
12,4400003732,211,14,1,2.99,,32.77,1
12,4400003732,212,18,1,2.99,,32.77,1
12,4400003732,213,12,1,2.99,,25.98,1
12,4400003732,214,13,1,2.99,,25.98,1
12,4400003732,215,10,1,2.99,,25.98,1
12,4400003732,216,16,1,2.99,,25.98,1
12,4400003732,217,10,1,2.99,,25.98,1
12,4400003732,218,39,1,2.49,S,15.94,1
12,4400003732,219,0,1,0,,0,0
12,4400003732,220,12,1,2.99,,30,1
12,4400003732,221,11,1,2.99,,27.09,1
12,4400003732,222,13,1,2.99,,25.98,1
12,4400003732,223,8,1,2.99,,25.98,1
12,4400003732,224,6,1,2.99,,25.98,1
12,4400003732,225,3,1,2.99,,25.98,1
12,4400003732,226,8,1,2.99,,30,1
12,4400003732,227,154,1,1.27,,-64.8,1
12,4400003732,228,14,1,2.99,,30,1
12,4400003732,229,11,1,2.99,,26.35,1
12,4400003732,230,5,1,2.99,,25.98,1
12,4400003732,231,9,1,2.99,,26.45,1
12,4400003732,232,5,1,2.99,,25.98,1
12,4400003732,233,9,1,2.99,,26.45,1
12,4400003732,234,12,1,2.74,G,49.52,1
12,4400003732,235,5,1,2.99,G,25.98,1
50,1470001100,120,15,1,1.69,,26.04,1
50,1470001100,121,8,1,1.69,,26.04,1
50,1470001100,122,22,2,3,B,48,1
50,1470001100,123,16,2,3,B,48,1
50,1470001100,124,13,1,1.69,,53.85,1
50,1470001100,125,1,1,0.99,B,21.21,0
50,1470001100,126,23,1,0.99,B,21.21,1
50,1470001100,127,6,1,1.69,,26.04,1
50,1470001100,128,17,1,1.69,,26.04,1
50,1470001100,129,8,1,1.69,,26.04,1
50,1470001100,130,3,1,1.69,,26.04,1
50,1470001100,131,7,1,1.69,,26.04,1
50,1470001100,132,5,1,1.69,,26.04,1
50,1470001100,133,9,1,1.69,,26.04,1
50,1470001100,134,1,1,1.69,,26.04,1
50,1470001100,135,5,1,1.69,,26.04,1
50,1470001100,136,8,1,1.69,,26.04,1
50,1470001100,137,11,1,1.69,,26.04,1
50,1470001100,138,7,1,1.69,,37.87,1
50,1470001100,139,48,1,0.99,S,6.06,1
50,1470001100,140,10,1,0.99,B,6.06,1
50,1470001100,141,8,2,3,B,30,1
50,1470001100,142,5,1,1.69,,37.87,1
50,1470001100,143,7,1,1.69,,26.04,1
50,1470001100,144,8,1,1.69,,26.04,1
50,1470001100,145,13,1,1.69,,26.04,1
50,1470001100,146,15,1,1.69,,26.04,1
50,1470001100,147,8,1,1.69,,26.04,1
50,1470001100,148,5,1,1.69,,26.04,1
50,1470001100,149,8,1,1.69,,26.04,1
50,1470001100,150,3,1,1.69,,26.04,1
50,1470001100,151,5,1,1.69,,26.04,1
50,1470001100,152,7,1,1.69,,26.04,1
50,1470001100,153,7,1,1.69,,26.04,0
50,1470001100,154,205,1,0.84,S,4.76,1
50,1470001100,155,31,1,1.69,,52.66,1
50,1470001100,156,23,1,1.69,,52.66,1
50,1470001100,157,16,1,1.69,,52.66,1
50,1470001100,158,8,1,1.69,,52.66,1
50,1470001100,159,6,1,1.69,,26.04,1
50,1470001100,160,7,1,1.69,,26.04,1
50,1470001100,161,9,1,1.69,,26.04,1
50,1470001100,162,5,1,1.69,,26.04,1
50,1470001100,163,6,1,1.69,,26.04,1
50,1470001100,164,7,1,1.69,,26.04,1
50,1470001100,165,14,1,1.69,,26.04,1
50,1470001100,166,11,1,1.29,B,18.6,1
50,1470001100,167,14,1,1.29,B,18.6,1
50,1470001100,168,9,2,3,S,30,1
50,1470001100,169,13,2,3,B,30,1
50,1470001100,170,7,1,1.69,,37.87,1
50,1470001100,171,12,1,1.69,,26.04,1
50,1470001100,172,9,1,1.69,,26.04,1
50,1470001100,173,6,1,1.69,,26.04,1
50,1470001100,174,6,1,1.69,,26.04,1
50,1470001100,175,15,1,1.69,,26.04,1
50,1470001100,176,7,1,1.69,,26.04,1
50,1470001100,177,7,1,1.69,,26.04,1
50,1470001100,178,15,1,1.49,,29.53,1
50,1470001100,179,9,1,1.49,,29.53,1
50,1470001100,180,11,1,1.49,B,29.53,1
50,1470001100,181,10,1,1.49,B,29.53,1
50,1470001100,182,10,1,1.69,,37.87,1
50,1470001100,183,4,1,1.69,,26.04,1
50,1470001100,184,7,1,1.69,,26.04,1
50,1470001100,185,6,1,1.69,,26.04,1
50,1470001100,186,1,1,1.69,,26.04,1
50,1470001100,187,5,1,1.69,,26.04,1
50,1470001100,188,7,1,1.69,,26.04,1
50,1470001100,189,7,1,1.69,S,26.04,1
50,1470001100,190,207,1,0.99,,19.19,1
50,1470001100,191,32,1,1.69,B,52.66,1
50,1470001100,192,48,1,0.99,B,19.19,1
50,1470001100,193,25,1,0.99,B,19.19,1
50,1470001100,194,6,1,1.69,,48.22,1
50,1470001100,195,7,1,1.69,,26.03,1
50,1470001100,196,7,1,1.8,,30.55,1
50,1470001100,197,6,1,1.85,,32.43,1
50,1470001100,198,7,1,1.85,,32.43,1
50,1470001100,199,8,1,1.85,,32.43,1
50,1470001100,200,4,1,1.85,,32.43,1
50,1470001100,201,3,1,1.85,,32.43,1
50,1470001100,202,7,1,1.85,,32.43,1
50,1470001100,203,12,1,1.85,,32.43,1
50,1470001100,204,5,1,1.85,,32.43,1
50,1470001100,205,8,1,1.57,,26.75,1
50,1470001100,206,18,1,1.29,B,18.6,1
50,1470001100,207,11,1,1.29,B,18.6,1
50,1470001100,208,9,1,1.29,B,18.6,1
50,1470001100,209,13,1,1.37,B,23.35,1
50,1470001100,210,4,1,1.85,,40.54,1
50,1470001100,211,4,1,1.85,,32.43,1
50,1470001100,212,5,1,1.85,,32.43,1
50,1470001100,213,7,1,1.85,,32.43,1
50,1470001100,214,5,1,1.85,,32.43,1
50,1470001100,215,0,1,0,,0,1
50,1470001100,216,0,1,0,,0,1
50,1470001100,217,0,1,0,,0,1
50,1470001100,218,0,1,0,,0,1
50,1470001100,219,0,1,0,,0,0
50,1470001100,220,0,1,0,,0,1
50,1470001100,221,0,1,0,,0,1
50,1470001100,222,0,1,0,,0,1
50,1470001100,223,0,1,0,,0,1
50,1470001100,224,0,1,0,,0,1
50,1470001100,225,0,1,0,,0,1
50,1470001100,226,0,1,0,,0,1
50,1470001100,227,0,1,0,,0,1
50,1470001100,228,0,1,0,,0,1
50,1470001100,229,0,1,0,,0,1
50,1470001100,230,0,1,0,,0,1
50,1470001100,231,0,1,0,,0,1
50,1470001100,232,0,1,0,,0,1
50,1470001100,233,0,1,0,,0,1
50,1470001100,234,0,1,0,,0,1
50,1470001100,235,0,1,0,,0,1
