notes/week02/data.csv
STORE,UPC,WEEK,MOVE,QTY,PRICE,SALE,PROFIT,OK
50,1470001110,120,9,1,2.49,B,36.06,1
50,1470001110,121,6,1,2.49,,36.06,1
50,1470001110,122,14,1,2.49,,26.02,1
50,1470001110,123,15,1,2.49,,26.02,1
50,1470001110,124,12,1,2.49,,26.02,1
50,1470001110,125,2,1,2.49,,26.02,0
50,1470001110,126,7,1,2.59,,26.02,1
50,1470001110,127,8,1,2.59,,26.02,1
50,1470001110,128,9,1,2.59,,26.02,1
50,1470001110,129,11,1,2.59,,26.02,1
50,1470001110,130,9,1,2.34,B,28.8,1
50,1470001110,131,7,1,2.19,B,23.93,1
50,1470001110,132,11,1,2.19,B,23.93,1
50,1470001110,133,11,1,2.59,,35.68,1
50,1470001110,134,14,1,2.59,,35.68,1
50,1470001110,135,7,1,2.59,,26.02,1
50,1470001110,136,0,1,0,,0,1
50,1470001110,137,7,1,2.59,,26.02,1
50,1470001110,138,9,1,2.59,,26.02,1
50,1470001110,139,6,1,2.59,,26.02,1
50,1470001110,140,7,1,2.59,,26.02,1
50,1470001110,141,6,1,2.59,,26.02,1
50,1470001110,142,9,1,2.59,,26.02,1
50,1470001110,143,13,1,2.59,,26.02,1
50,1470001110,144,12,1,2.59,,26.02,1
50,1470001110,145,11,1,2.59,,26.02,1
50,1470001110,146,16,1,1.99,B,16.28,1
50,1470001110,147,17,1,1.99,B,16.28,1
50,1470001110,148,12,1,1.99,B,16.28,1
50,1470001110,149,18,1,2.59,B,35.68,1
50,1470001110,150,7,1,2.59,,35.68,1
50,1470001110,151,3,1,2.59,,26.02,1
50,1470001110,152,8,1,2.59,,26.02,1
50,1470001110,153,4,1,2.59,,26.02,0
50,1470001110,154,10,1,2.59,,26.02,1
50,1470001110,155,14,1,2.59,,26.02,1
50,1470001110,156,6,1,2.59,,26.02,1
50,1470001110,157,11,1,2.59,,26.02,1
50,1470001110,158,20,1,2.39,,30.29,1
50,1470001110,159,20,1,2.39,,30.29,1
50,1470001110,160,7,1,2.59,,35.68,1
50,1470001110,161,6,1,2.59,,35.68,1
50,1470001110,162,6,1,2.59,,35.68,1
50,1470001110,163,8,1,2.59,,26.02,1
50,1470001110,164,10,1,2.59,,26.02,1
50,1470001110,165,9,1,2.59,,26.02,1
50,1470001110,166,6,1,2.59,,26.02,1
50,1470001110,167,13,1,2.59,,26.02,1
50,1470001110,168,12,1,2.59,,26.02,1
50,1470001110,169,12,1,2.59,,26.02,1
50,1470001110,170,13,1,2.19,S,23.93,1
50,1470001110,171,12,1,2.19,B,23.93,1
50,1470001110,172,5,1,2.59,,35.68,1
50,1470001110,173,7,1,2.59,,35.68,1
50,1470001110,174,13,1,2.59,,35.68,1
50,1470001110,175,16,1,2.59,,26.02,1
50,1470001110,176,7,1,2.59,,26.02,1
50,1470001110,177,15,1,2.59,,26.02,1
50,1470001110,178,5,1,2.59,,26.02,1
50,1470001110,179,13,1,2.59,,26.02,1
50,1470001110,180,9,1,2.59,,26.02,1
50,1470001110,181,5,1,2.59,,26.02,1
50,1470001110,182,5,1,2.19,B,30.78,1
50,1470001110,183,13,1,2.19,B,30.78,1
50,1470001110,184,7,1,2.19,B,30.78,1
50,1470001110,185,12,1,2.19,B,30.78,1
50,1470001110,186,1,1,2.59,,41.47,1
50,1470001110,187,3,1,2.59,,26.02,1
50,1470001110,188,7,1,2.59,,26.02,1
50,1470001110,189,10,1,2.59,,26.02,1
50,1470001110,190,2,1,2.59,,26.02,1
50,1470001110,191,7,1,2.59,,26.02,1
50,1470001110,192,6,1,2.85,,32.77,1
50,1470001110,193,7,1,2.85,,32.77,1
50,1470001110,194,5,1,2.85,,32.77,1
50,1470001110,195,6,1,2.85,,32.77,1
50,1470001110,196,13,1,2.85,,32.77,1
50,1470001110,197,15,1,2.85,,32.77,1
50,1470001110,198,8,1,2.85,,32.77,1
50,1470001110,199,5,1,2.85,,32.77,1
50,1470001110,200,10,1,1.85,B,-3.56,1
50,1470001110,201,6,1,2.01,B,4.67,1
50,1470001110,202,7,1,2.85,,32.77,1
50,1470001110,203,8,1,2.85,,32.77,1
50,1470001110,204,3,1,2.85,,32.77,1
50,1470001110,205,11,1,2.85,,32.77,1
50,1470001110,206,8,1,2.85,,32.77,1
50,1470001110,207,6,1,2.85,,32.77,1
50,1470001110,208,8,1,2.85,,32.77,1
50,1470001110,209,12,1,2.75,,34.14,1
50,1470001110,210,7,1,2.26,B,26.28,1
50,1470001110,211,62,1,1.99,S,16.28,1
50,1470001110,212,14,1,2.26,,26.28,1
50,1470001110,213,15,1,2.37,,29.7,1
50,1470001110,214,1,1,2.85,,41.54,1
50,1470001110,215,0,1,0,,0,1
50,1470001110,216,0,1,0,,0,1
50,1470001110,217,0,1,0,,0,1
50,1470001110,218,0,1,0,,0,1
50,1470001110,219,0,1,0,,0,0
50,1470001110,220,0,1,0,,0,1
50,1470001110,221,0,1,0,,0,1
50,1470001110,222,0,1,0,,0,1
50,1470001110,223,0,1,0,,0,1
50,1470001110,224,0,1,0,,0,1
50,1470001110,225,0,1,0,,0,1
50,1470001110,226,0,1,0,,0,1
50,1470001110,227,0,1,0,,0,1
50,1470001110,228,0,1,0,,0,1
50,1470001110,229,0,1,0,,0,1
50,1470001110,230,0,1,0,,0,1
50,1470001110,231,0,1,0,,0,1
50,1470001110,232,0,1,0,,0,1
50,1470001110,233,0,1,0,,0,1
50,1470001110,234,0,1,0,,0,1
50,1470001110,235,0,1,0,,0,1
50,3010016584,120,3,1,3.05,,31.38,1
50,3010016584,121,8,1,2.69,B,22.19,1
50,3010016584,122,9,1,2.69,B,22.19,1
50,3010016584,123,9,1,2.93,B,28.57,1
50,3010016584,124,5,1,2.93,B,28.57,1
50,3010016584,125,0,1,0,,0,0
50,3010016584,126,4,1,3.05,,27.44,1
50,3010016584,127,2,1,3.05,,27.44,1
50,3010016584,128,8,1,3.05,,27.44,1
50,3010016584,129,6,1,2.93,B,28.57,1
50,3010016584,130,5,1,2.93,,28.57,1
50,3010016584,131,11,1,2.29,S,8.6,1
50,3010016584,132,4,1,3.05,S,31.38,1
50,3010016584,133,6,1,3.05,,31.38,1
50,3010016584,134,1,1,3.05,,27.44,1
50,3010016584,135,4,1,3.05,,27.44,1
50,3010016584,136,2,1,3.05,,31.38,1
50,3010016584,137,6,1,2.93,B,28.57,1
50,3010016584,138,9,1,2.93,B,28.57,1
50,3010016584,139,12,1,2.93,B,28.57,1
50,3010016584,140,33,1,3.05,,31.38,1
50,3010016584,141,3,1,3.05,,31.38,1
50,3010016584,142,5,1,3.05,,27.44,1
50,3010016584,143,5,1,3.05,,27.44,1
50,3010016584,144,2,1,3.05,,27.44,1
50,3010016584,145,6,1,2.82,B,29.68,1
50,3010016584,146,4,1,2.82,B,29.68,1
50,3010016584,147,17,1,2.49,B,20.36,1
50,3010016584,148,5,1,3.05,S,34.98,1
50,3010016584,149,4,1,3.05,B,34.98,1
50,3010016584,150,4,1,3.05,,27.44,1
50,3010016584,151,14,1,3.05,,27.44,1
50,3010016584,152,11,1,2.82,B,29.68,1
50,3010016584,153,11,1,1.99,B,0.35,0
50,3010016584,154,9,1,1.99,B,0.35,1
50,3010016584,155,5,1,1.99,B,0.35,1
50,3010016584,156,5,1,3.05,,34.98,1
50,3010016584,157,5,1,3.05,,34.98,1
50,3010016584,158,6,1,3.05,,27.44,1
50,3010016584,159,4,1,3.05,,27.44,1
50,3010016584,160,28,1,2.82,S,29.68,1
50,3010016584,161,33,1,2.82,B,29.68,1
50,3010016584,162,41,1,2.29,S,13.41,1
50,3010016584,163,17,1,3.05,,34.98,1
50,3010016584,164,10,1,3.05,,34.98,1
50,3010016584,165,7,1,3.05,,34.98,1
50,3010016584,166,6,1,3.05,,27.44,1
50,3010016584,167,10,1,3.05,,27.44,1
50,3010016584,168,6,1,3.05,,27.44,1
50,3010016584,169,7,1,3.05,,27.44,1
50,3010016584,170,1,1,3.05,,27.44,1
50,3010016584,171,4,1,3.05,,27.44,1
50,3010016584,172,3,1,3.05,,27.44,1
50,3010016584,173,0,1,0,,0,1
50,3010016584,174,2,1,3.05,,27.44,1
50,3010016584,175,11,2,5,S,11.48,1
50,3010016584,176,7,1,3.05,,27.44,1
50,3010016584,177,1,1,3.05,,27.44,1
50,3010016584,178,4,1,3.05,,34.98,1
50,3010016584,179,15,1,2.29,S,13.41,1
50,3010016584,180,9,1,3.05,,34.98,1
50,3010016584,181,11,1,2.39,B,17.03,1
50,3010016584,182,8,1,3.05,,31.87,1
50,3010016584,183,9,1,3.05,,31.87,1
50,3010016584,184,7,1,3.05,,31.87,1
50,3010016584,185,9,1,3.05,,31.87,1
50,3010016584,186,16,1,3.05,,34.98,1
50,3010016584,187,15,1,2.69,,26.28,1
50,3010016584,188,18,1,3.05,,34.98,1
50,3010016584,189,16,1,3.05,,34.98,1
50,3010016584,190,4,1,3.05,,34.98,1
50,3010016584,191,1,1,3.05,,27.44,1
50,3010016584,192,10,1,3.35,,33.94,1
50,3010016584,193,3,1,3.27,,37.03,1
50,3010016584,194,10,1,3.12,B,36.44,1
50,3010016584,195,13,1,3.12,B,36.44,1
50,3010016584,196,39,1,2.79,S,28.92,1
50,3010016584,197,17,1,3.16,,37.24,1
50,3010016584,198,15,1,3.35,,36.68,1
50,3010016584,199,4,1,3.35,,33.94,1
50,3010016584,200,5,1,3.35,,33.94,1
50,3010016584,201,7,1,3.35,,36,1
50,3010016584,202,5,1,3.23,B,35.2,1
50,3010016584,203,17,1,2.59,S,19.18,1
50,3010016584,204,8,1,3.23,,35.2,1
50,3010016584,205,8,1,3.26,,35.79,1
50,3010016584,206,6,1,3.35,,35.13,1
50,3010016584,207,5,1,3.35,,33.94,1
50,3010016584,208,8,1,3.35,,33.94,1
50,3010016584,209,10,1,3.3,,32.93,1
50,3010016584,210,7,1,2.93,B,24.47,1
50,3010016584,211,10,1,2.93,B,24.47,1
50,3010016584,212,4,1,3.35,,33.94,1
50,3010016584,213,7,1,2.69,S,17.73,1
50,3010016584,214,4,1,3.35,,33.94,1
50,3010016584,215,4,1,3.35,,33.94,1
50,3010016584,216,0,1,0,,0,1
50,3010016584,217,0,1,0,,0,1
50,3010016584,218,0,1,0,,0,1
50,3010016584,219,0,1,0,,0,0
50,3010016584,220,0,1,0,,0,1
50,3010016584,221,0,1,0,,0,1
50,3010016584,222,0,1,0,,0,1
50,3010016584,223,0,1,0,,0,1
50,3010016584,224,0,1,0,,0,1
50,3010016584,225,0,1,0,,0,1
50,3010016584,226,0,1,0,,0,1
50,3010016584,227,0,1,0,,0,1
50,3010016584,228,0,1,0,,0,1
50,3010016584,229,0,1,0,,0,1
50,3010016584,230,0,1,0,,0,1
50,3010016584,231,0,1,0,,0,1
50,3010016584,232,0,1,0,,0,1
50,3010016584,233,0,1,0,,0,1
50,3010016584,234,0,1,0,,0,1
50,3010016584,235,0,1,0,,0,1
50,3010021196,120,5,1,3.05,B,31.38,1
50,3010021196,121,24,1,2.69,B,22.19,1
50,3010021196,122,14,1,2.69,B,22.19,1
50,3010021196,123,10,1,2.93,B,28.57,1
50,3010021196,124,16,1,2.93,B,28.57,1
50,3010021196,125,0,1,0,,0,0
50,3010021196,126,9,1,3.05,,27.44,1
50,3010021196,127,31,1,3.05,,27.44,1
50,3010021196,128,36,1,3.05,,27.44,1
50,3010021196,129,36,1,2.93,B,28.57,1
50,3010021196,130,21,1,2.93,,28.57,1
50,3010021196,131,56,1,2.29,,8.6,1
50,3010021196,132,20,1,3.05,S,31.38,1
50,3010021196,133,21,1,3.05,,31.38,1
50,3010021196,134,14,1,3.05,,27.44,1
50,3010021196,135,6,1,3.05,,27.44,1
50,3010021196,136,9,1,3.05,,31.38,1
50,3010021196,137,16,1,2.93,B,28.57,1
50,3010021196,138,10,1,2.93,B,28.57,1
50,3010021196,139,9,1,2.93,B,28.57,1
50,3010021196,140,176,1,3.05,,31.38,1
50,3010021196,141,13,1,3.05,,31.38,1
50,3010021196,142,4,1,3.05,,27.44,1
50,3010021196,143,6,1,3.05,,27.44,1
50,3010021196,144,8,1,3.05,,27.44,1
50,3010021196,145,15,1,2.82,B,29.68,1
50,3010021196,146,9,1,2.82,B,29.68,1
50,3010021196,147,49,1,2.49,S,20.36,1
50,3010021196,148,9,1,3.05,,34.98,1
50,3010021196,149,20,1,3.05,,34.98,1
50,3010021196,150,5,1,3.05,,27.44,1
50,3010021196,151,5,1,3.05,,27.44,1
50,3010021196,152,22,1,2.82,B,29.68,1
50,3010021196,153,20,1,1.99,B,0.35,0
50,3010021196,154,18,1,1.99,B,0.35,1
50,3010021196,155,8,1,1.99,B,0.35,1
50,3010021196,156,6,1,3.05,,34.98,1
50,3010021196,157,4,1,3.05,,34.98,1
50,3010021196,158,2,1,3.05,,27.44,1
50,3010021196,159,6,1,3.05,,27.44,1
50,3010021196,160,55,1,2.82,S,29.68,1
50,3010021196,161,38,1,2.82,B,29.68,1
50,3010021196,162,80,1,2.29,S,13.41,1
50,3010021196,163,22,1,3.05,B,34.98,1
50,3010021196,164,7,1,3.05,,34.98,1
50,3010021196,165,11,1,3.05,,34.98,1
50,3010021196,166,10,1,3.05,,27.44,1
50,3010021196,167,15,1,3.05,,27.44,1
50,3010021196,168,11,1,3.05,,27.44,1
50,3010021196,169,7,1,3.05,,27.44,1
50,3010021196,170,8,1,3.05,,27.44,1
50,3010021196,171,4,1,3.05,,27.44,1
50,3010021196,172,4,1,3.05,,27.44,1
50,3010021196,173,5,1,3.05,,27.44,1
50,3010021196,174,7,1,3.05,,37.61,1
50,3010021196,175,27,2,5,S,23.88,1
50,3010021196,176,5,1,3.05,,37.61,1
50,3010021196,177,4,1,3.05,,37.61,1
50,3010021196,178,10,1,3.05,,37.61,1
50,3010021196,179,2,1,3.05,,27.44,1
50,3010021196,180,9,1,3.05,,27.44,1
50,3010021196,181,8,1,3.05,,27.44,1
50,3010021196,182,16,1,3.05,,34.98,1
50,3010021196,183,21,1,3.05,B,34.98,1
50,3010021196,184,35,1,1.99,B,0.35,1
50,3010021196,185,15,1,3.05,B,34.98,1
50,3010021196,186,2,1,3.05,S,34.98,1
50,3010021196,187,2,1,3.05,,27.44,1
50,3010021196,188,8,1,3.05,,27.44,1
50,3010021196,189,10,1,3.05,,27.44,1
50,3010021196,190,13,1,2.75,B,30.8,1
50,3010021196,191,7,1,2.75,B,30.8,1
50,3010021196,192,61,1,2.59,S,26.52,1
50,3010021196,193,14,1,2.77,,31.29,1
50,3010021196,194,16,1,3.05,,30,1
50,3010021196,195,5,1,3.05,,27.44,1
50,3010021196,196,5,1,3.05,,27.44,1
50,3010021196,197,6,1,3.05,,29.4,1
50,3010021196,198,6,1,3.05,,31.37,1
50,3010021196,199,8,1,3.05,,31.37,1
50,3010021196,200,215,1,1.52,S,-37.69,1
50,3010021196,201,4,1,3.2,,34.59,1
50,3010021196,202,1,1,3.35,,33.94,1
50,3010021196,203,5,1,3.35,,33.94,1
50,3010021196,204,3,1,3.35,,33.94,1
50,3010021196,205,5,1,3.26,,32.11,1
50,3010021196,206,9,1,2.93,B,24.47,1
50,3010021196,207,12,1,2.93,B,24.47,1
50,3010021196,208,6,1,2.93,B,24.47,1
50,3010021196,209,92,1,1.56,B,-41.85,1
50,3010021196,210,3,1,3.35,,33.94,1
50,3010021196,211,3,1,3.35,,33.94,1
50,3010021196,212,7,1,3.35,,33.94,1
50,3010021196,213,4,1,3.35,,35.67,1
50,3010021196,214,14,1,2.49,S,20.36,1
50,3010021196,215,0,1,0,,0,1
50,3010021196,216,0,1,0,,0,1
50,3010021196,217,0,1,0,,0,1
50,3010021196,218,0,1,0,,0,1
50,3010021196,219,0,1,0,,0,0
50,3010021196,220,0,1,0,,0,1
50,3010021196,221,0,1,0,,0,1
50,3010021196,222,0,1,0,,0,1
50,3010021196,223,0,1,0,,0,1
50,3010021196,224,0,1,0,,0,1
50,3010021196,225,0,1,0,,0,1
50,3010021196,226,0,1,0,,0,1
50,3010021196,227,0,1,0,,0,1
50,3010021196,228,0,1,0,,0,1
50,3010021196,229,0,1,0,,0,1
50,3010021196,230,0,1,0,,0,1
50,3010021196,231,0,1,0,,0,1
50,3010021196,232,0,1,0,,0,1
50,3010021196,233,0,1,0,,0,1
50,3010021196,234,0,1,0,,0,1
50,3010021196,235,0,1,0,,0,1
50,3828112277,120,2,1,1.59,,48.93,1
50,3828112277,121,5,1,1.59,,48.93,1
50,3828112277,122,11,1,1.59,,48.93,1
50,3828112277,123,12,1,1.59,,48.93,1
50,3828112277,124,12,1,1.59,,48.93,1
50,3828112277,125,1,1,1.59,,48.18,0
50,3828112277,126,4,1,1.59,,48.18,1
50,3828112277,127,10,1,1.59,,48.43,1
50,3828112277,128,10,1,1.59,,49.12,1
50,3828112277,129,7,1,1.59,,49.43,1
50,3828112277,130,11,1,1.59,,49.69,1
50,3828112277,131,10,1,1.59,,49.43,1
50,3828112277,132,20,3,4,B,41.28,1
50,3828112277,133,19,3,4,B,41.28,1
50,3828112277,134,11,1,1.59,,51.19,1
50,3828112277,135,6,1,1.59,,51.19,1
50,3828112277,136,7,1,1.59,,51.19,1
50,3828112277,137,11,1,1.59,,50.69,1
50,3828112277,138,8,1,1.59,,50.69,1
50,3828112277,139,10,1,1.59,,50.88,1
50,3828112277,140,12,1,1.59,,50.88,1
50,3828112277,141,10,1,1.59,,50.88,1
50,3828112277,142,13,2,3,S,44.67,1
50,3828112277,143,13,1,1.59,,52.26,1
50,3828112277,144,12,1,1.59,,50.94,1
50,3828112277,145,4,1,1.59,,50.94,1
50,3828112277,146,10,1,1.59,,52.7,1
50,3828112277,147,11,1,1.59,,51.45,1
50,3828112277,148,9,1,1.59,,49.62,1
50,3828112277,149,105,1,0.79,S,1.65,1
50,3828112277,150,11,1,1.59,,49.62,1
50,3828112277,151,6,1,1.59,,49.94,1
50,3828112277,152,18,2,3,,48.27,1
50,3828112277,153,3,1,1.19,B,34.96,0
50,3828112277,154,10,1,1.19,,34.96,1
50,3828112277,155,6,1,1.59,,51.32,1
50,3828112277,156,7,1,1.59,,51.51,1
50,3828112277,157,13,1,1.59,,51.51,1
50,3828112277,158,17,1,1.59,,51.51,1
50,3828112277,159,10,1,1.59,,51.51,1
50,3828112277,160,8,1,1.39,S,44.6,1
50,3828112277,161,12,1,1.59,,51.57,1
50,3828112277,162,10,1,1.59,,51.57,1
50,3828112277,163,8,1,1.48,,47.97,1
50,3828112277,164,18,1,1.19,B,35.29,1
50,3828112277,165,9,1,1.59,,51.57,1
50,3828112277,166,5,1,1.59,,51.57,1
50,3828112277,167,16,1,1.59,,51.57,1
50,3828112277,168,13,1,1.59,,51.57,1
50,3828112277,169,10,1,1.59,,51.57,1
50,3828112277,170,11,1,1.59,,51.57,1
50,3828112277,171,10,1,1.59,,51.57,1
50,3828112277,172,6,1,1.59,,51.57,1
50,3828112277,173,8,1,1.59,,51.57,1
50,3828112277,174,14,1,1.59,,51.57,1
50,3828112277,175,14,1,1.59,,51.57,1
50,3828112277,176,8,1,1.59,,51.57,1
50,3828112277,177,31,2,2.5,B,38.4,1
50,3828112277,178,11,1,1.59,,51.57,1
50,3828112277,179,13,1,1.59,,51.57,1
50,3828112277,180,13,1,1.19,,35.29,1
50,3828112277,181,6,1,1.59,,51.57,1
50,3828112277,182,15,1,1.59,,51.57,1
50,3828112277,183,9,1,1.59,,49.62,1
50,3828112277,184,10,1,1.59,,50.25,1
50,3828112277,185,8,1,1.59,,50.25,1
50,3828112277,186,5,1,1.59,,48.49,1
50,3828112277,187,2,1,1.59,,47.3,1
50,3828112277,188,11,2,3,,43.73,1
50,3828112277,189,11,1,1.59,,46.92,1
50,3828112277,190,14,1,1.59,,46.92,1
50,3828112277,191,7,1,1.49,,43.36,1
50,3828112277,192,13,1,1.59,,47.61,1
50,3828112277,193,12,1,1.59,,47.35,1
50,3828112277,194,14,1,1.59,,46.98,1
50,3828112277,195,8,1,1.59,,47.35,1
50,3828112277,196,15,1,1.59,,48.11,1
50,3828112277,197,12,1,1.59,,48.55,1
50,3828112277,198,7,1,1.59,,47.67,1
50,3828112277,199,10,1,1.59,,48.05,1
50,3828112277,200,15,1,1.59,,47.86,1
50,3828112277,201,8,1,1.59,,47.54,1
50,3828112277,202,12,1,1.59,,47.73,1
50,3828112277,203,16,1,1.59,,47.73,1
50,3828112277,204,8,1,1.59,,47.73,1
50,3828112277,205,14,1,1.59,,50,1
50,3828112277,206,28,1,0.99,S,21.81,1
50,3828112277,207,10,1,1.19,S,34.95,1
50,3828112277,208,1,1,1.59,,51.57,1
50,3828112277,209,17,1,1.59,,51.25,1
50,3828112277,210,14,1,1.59,,49.62,1
50,3828112277,211,10,1,1.59,,47.79,1
50,3828112277,212,13,1,1.59,,49.24,1
50,3828112277,213,10,1,1.59,,49.43,1
50,3828112277,214,7,1,1.39,S,44.17,1
50,3828112277,215,0,1,0,,0,1
50,3828112277,216,0,1,0,,0,1
50,3828112277,217,0,1,0,,0,1
50,3828112277,218,0,1,0,,0,1
50,3828112277,219,0,1,0,,0,0
50,3828112277,220,0,1,0,,0,1
50,3828112277,221,0,1,0,,0,1
50,3828112277,222,0,1,0,,0,1
50,3828112277,223,0,1,0,,0,1
50,3828112277,224,0,1,0,,0,1
50,3828112277,225,0,1,0,,0,1
50,3828112277,226,0,1,0,,0,1
50,3828112277,227,0,1,0,,0,1
50,3828112277,228,0,1,0,,0,1
50,3828112277,229,0,1,0,,0,1
50,3828112277,230,0,1,0,,0,1
50,3828112277,231,0,1,0,,0,1
50,3828112277,232,0,1,0,,0,1
50,3828112277,233,0,1,0,,0,1
50,3828112277,234,0,1,0,,0,1
50,3828112277,235,0,1,0,,0,1
