notes/week02/data.csv
STORE,UPC,WEEK,MOVE,QTY,PRICE,SALE,PROFIT,OK
50,3828112289,120,3,1,2.29,,37.82,1
50,3828112289,121,7,1,2.29,,37.82,1
50,3828112289,122,7,1,2.29,,37.82,1
50,3828112289,123,10,1,2.29,,36.55,1
50,3828112289,124,13,1,2.19,B,33.65,1
50,3828112289,125,1,1,2.29,,38.17,0
50,3828112289,126,13,1,2.29,,38.78,1
50,3828112289,127,8,1,2.29,,54.5,1
50,3828112289,128,2,1,2.29,,50.39,1
50,3828112289,129,11,1,2.29,,43.93,1
50,3828112289,130,8,1,2.29,,44.5,1
50,3828112289,131,8,1,1.99,,33.32,1
50,3828112289,132,14,1,1.99,,35.43,1
50,3828112289,133,5,1,1.99,,35.43,1
50,3828112289,134,15,1,1.99,,27.24,1
50,3828112289,135,14,1,1.89,B,31.85,1
50,3828112289,136,18,1,1.89,B,31.11,1
50,3828112289,137,9,1,1.99,,34.57,1
50,3828112289,138,6,1,1.99,,34.57,1
50,3828112289,139,13,1,1.99,,34.57,1
50,3828112289,140,10,1,1.99,,34.57,1
50,3828112289,141,12,1,1.99,,34.57,1
50,3828112289,142,7,1,1.99,,34.57,1
50,3828112289,143,8,1,1.99,,31.01,1
50,3828112289,144,10,1,1.99,,26.13,1
50,3828112289,145,16,1,1.99,,25.98,1
50,3828112289,146,4,1,1.99,,25.83,1
50,3828112289,147,10,1,1.99,,25.68,1
50,3828112289,148,11,1,1.99,,25.68,1
50,3828112289,149,7,1,1.99,,26.08,1
50,3828112289,150,11,1,1.99,,25.98,1
50,3828112289,151,6,1,1.99,,26.08,1
50,3828112289,152,8,1,1.99,,25.78,1
50,3828112289,153,7,1,1.49,B,4.97,0
50,3828112289,154,13,1,1.49,,5.91,1
50,3828112289,155,13,1,1.99,,30,1
50,3828112289,156,12,1,1.99,,30.35,1
50,3828112289,157,15,1,1.99,,30.35,1
50,3828112289,158,8,1,1.99,,30.35,1
50,3828112289,159,16,1,1.89,,26.67,1
50,3828112289,160,3,1,1.99,,30.35,1
50,3828112289,161,13,1,1.99,,30.35,1
50,3828112289,162,7,1,1.99,,30.45,1
50,3828112289,163,13,1,1.89,,27.35,1
50,3828112289,164,17,1,1.49,B,7.52,1
50,3828112289,165,9,1,1.99,,30.75,1
50,3828112289,166,13,1,1.99,,30.45,1
50,3828112289,167,12,1,1.99,,29.4,1
50,3828112289,168,16,1,1.99,,29.7,1
50,3828112289,169,15,1,1.89,S,25.98,1
50,3828112289,170,16,1,1.99,,29.7,1
50,3828112289,171,12,1,1.99,,29.7,1
50,3828112289,172,6,1,1.99,,29.7,1
50,3828112289,173,10,1,1.99,,29.7,1
50,3828112289,174,15,1,1.99,,29.7,1
50,3828112289,175,8,1,1.99,,29.7,1
50,3828112289,176,16,1,1.99,,29.7,1
50,3828112289,177,11,1,1.99,,29.7,1
50,3828112289,178,11,1,1.99,,26.58,1
50,3828112289,179,9,1,1.99,,26.58,1
50,3828112289,180,19,1,1.49,,5.44,1
50,3828112289,181,0,1,0,,0,1
50,3828112289,182,14,1,1.89,,22.91,1
50,3828112289,183,9,1,1.99,,26.48,1
50,3828112289,184,3,1,1.99,,27.54,1
50,3828112289,185,14,1,1.99,,27.54,1
50,3828112289,186,2,1,1.99,,27.54,1
50,3828112289,187,3,1,1.99,,27.54,1
50,3828112289,188,9,1,1.99,,27.54,1
50,3828112289,189,16,1,1.99,,27.54,1
50,3828112289,190,11,1,1.99,,25.63,1
50,3828112289,191,15,1,1.99,,26.58,1
50,3828112289,192,6,1,1.99,,26.58,1
50,3828112289,193,12,1,1.99,,25.87,1
50,3828112289,194,12,1,1.99,,25.72,1
50,3828112289,195,12,1,1.99,,27.33,1
50,3828112289,196,1,1,1.99,,25.82,1
50,3828112289,197,16,1,1.99,,27.53,1
50,3828112289,198,24,1,1.99,,25.92,1
50,3828112289,199,21,1,1.99,,26.68,1
50,3828112289,200,9,1,1.99,,26.23,1
50,3828112289,201,17,1,1.99,,26.23,1
50,3828112289,202,12,1,1.99,,26.53,1
50,3828112289,203,11,1,1.99,,26.18,1
50,3828112289,204,9,1,1.99,,26.18,1
50,3828112289,205,16,1,1.99,,25.82,1
50,3828112289,206,9,1,1.99,,27.53,1
50,3828112289,207,18,1,1.49,S,7.18,1
50,3828112289,208,10,1,2.29,,39.69,1
50,3828112289,209,4,1,2.39,,41.25,1
50,3828112289,210,5,1,2.49,,42.69,1
50,3828112289,211,10,1,2.49,,41.48,1
50,3828112289,212,27,1,1.38,G,-2.82,1
50,3828112289,213,0,1,0,,0,1
50,3828112289,214,0,1,0,,0,1
50,3828112289,215,0,1,0,,0,1
50,3828112289,216,0,1,0,,0,1
50,3828112289,217,0,1,0,,0,1
50,3828112289,218,0,1,0,,0,1
50,3828112289,219,0,1,0,,0,0
50,3828112289,220,0,1,0,,0,1
50,3828112289,221,0,1,0,,0,1
50,3828112289,222,0,1,0,,0,1
50,3828112289,223,0,1,0,,0,1
50,3828112289,224,0,1,0,,0,1
50,3828112289,225,0,1,0,,0,1
50,3828112289,226,0,1,0,,0,1
50,3828112289,227,0,1,0,,0,1
50,3828112289,228,0,1,0,,0,1
50,3828112289,229,0,1,0,,0,1
50,3828112289,230,0,1,0,,0,1
50,3828112289,231,0,1,0,,0,1
50,3828112289,232,0,1,0,,0,1
50,3828112289,233,0,1,0,,0,1
50,3828112289,234,0,1,0,,0,1
50,3828112289,235,0,1,0,,0,1
50,4400000516,120,21,1,2.81,B,28.11,1
50,4400000516,121,15,1,2.81,B,28.11,1
50,4400000516,122,18,1,2.93,,26.96,1
50,4400000516,123,18,1,2.93,,26.96,1
50,4400000516,124,15,1,2.93,,26.96,1
50,4400000516,125,3,1,2.93,,31.06,0
50,4400000516,126,40,1,2.79,B,27.6,1
50,4400000516,127,23,1,2.79,B,27.6,1
50,4400000516,128,16,1,2.81,B,28.11,1
50,4400000516,129,16,1,2.93,,31.06,1
50,4400000516,130,8,1,2.93,,26.96,1
50,4400000516,131,14,1,2.93,,26.96,1
50,4400000516,132,11,1,2.93,,26.96,1
50,4400000516,133,14,1,2.93,,26.96,1
50,4400000516,134,13,1,2.93,,26.96,1
50,4400000516,135,13,1,2.93,,26.96,1
50,4400000516,136,10,1,2.93,,26.96,1
50,4400000516,137,10,1,2.93,,26.96,1
50,4400000516,138,2,1,2.93,,26.96,1
50,4400000516,139,12,1,2.93,,26.96,1
50,4400000516,140,16,1,2.93,,31.06,1
50,4400000516,141,41,1,2.69,B,24.91,1
50,4400000516,142,14,1,2.69,B,24.91,1
50,4400000516,143,28,1,2.69,B,24.91,1
50,4400000516,144,13,1,2.93,,31.06,1
50,4400000516,145,12,1,2.93,,31.06,1
50,4400000516,146,10,1,2.93,,26.96,1
50,4400000516,147,21,1,2.93,,26.96,1
50,4400000516,148,10,1,2.93,,26.96,1
50,4400000516,149,29,1,2.81,S,28.11,1
50,4400000516,150,68,1,2.59,B,22.01,1
50,4400000516,151,17,1,2.93,,31.06,1
50,4400000516,152,26,1,2.93,,26.96,1
50,4400000516,153,5,1,2.93,,26.96,0
50,4400000516,154,11,1,2.93,,26.96,1
50,4400000516,155,20,1,2.93,,26.96,1
50,4400000516,156,7,1,2.93,,26.96,1
50,4400000516,157,14,1,2.93,,26.96,1
50,4400000516,158,13,1,2.93,B,26.96,1
50,4400000516,159,10,1,2.93,,26.96,1
50,4400000516,160,12,1,2.93,,26.96,1
50,4400000516,161,19,1,2.93,,26.96,1
50,4400000516,162,7,1,2.93,,26.96,1
50,4400000516,163,9,1,2.93,,26.96,1
50,4400000516,164,8,1,2.93,,26.96,1
50,4400000516,165,8,1,2.93,,26.96,1
50,4400000516,166,18,1,2.93,,26.96,1
50,4400000516,167,9,1,2.93,,26.96,1
50,4400000516,168,1,1,2.93,,26.96,1
50,4400000516,169,10,1,2.93,B,31.91,1
50,4400000516,170,40,1,1.99,B,0.25,1
50,4400000516,171,10,1,2.93,,31.91,1
50,4400000516,172,6,1,2.93,,26.96,1
50,4400000516,173,9,1,2.93,,26.96,1
50,4400000516,174,9,1,2.93,,26.96,1
50,4400000516,175,3,1,2.93,,26.96,1
50,4400000516,176,4,1,2.93,,26.96,1
50,4400000516,177,9,1,2.93,,26.96,1
50,4400000516,178,10,1,2.93,,26.96,1
50,4400000516,179,10,1,2.93,,26.96,1
50,4400000516,180,12,1,2.93,,26.96,1
50,4400000516,181,3,1,2.93,,26.96,1
50,4400000516,182,0,1,0,,0,1
50,4400000516,183,6,1,2.93,,26.96,1
50,4400000516,184,1,1,2.93,,26.96,1
50,4400000516,185,6,1,2.93,,26.96,1
50,4400000516,186,1,1,2.93,,26.96,1
50,4400000516,187,1,1,2.93,,26.96,1
50,4400000516,188,23,1,2.49,S,18.88,1
50,4400000516,189,9,1,2.93,,31.06,1
50,4400000516,190,9,1,2.93,,31.06,1
50,4400000516,191,4,1,2.93,,26.96,1
50,4400000516,192,8,1,2.93,,26.96,1
50,4400000516,193,1,1,3.25,,34.15,1
50,4400000516,194,5,1,3.25,,34.15,1
50,4400000516,195,7,1,3.25,,34.15,1
50,4400000516,196,7,1,3.25,,34.15,1
50,4400000516,197,8,1,3.25,,34.15,1
50,4400000516,198,7,1,3.25,,34.15,1
50,4400000516,199,21,1,2.43,S,11.93,1
50,4400000516,200,7,1,3.25,,34.15,1
50,4400000516,201,10,1,3.25,,34.15,1
50,4400000516,202,8,1,3.25,,34.15,1
50,4400000516,203,11,1,3.25,,35.84,1
50,4400000516,204,11,1,3.25,,37.84,1
50,4400000516,205,203,1,1.99,S,-1.5,1
50,4400000516,206,8,1,3.25,,37.84,1
50,4400000516,207,8,1,3.25,,34.15,1
50,4400000516,208,7,1,3.25,,34.15,1
50,4400000516,209,3,1,3.25,,34.15,1
50,4400000516,210,3,1,3.25,,34.15,1
50,4400000516,211,6,1,3.25,,34.15,1
50,4400000516,212,9,1,3.25,,34.15,1
50,4400000516,213,18,1,3.25,,34.15,1
50,4400000516,214,4,1,3.25,,34.15,1
50,4400000516,215,0,1,0,,0,1
50,4400000516,216,0,1,0,,0,1
50,4400000516,217,0,1,0,,0,1
50,4400000516,218,0,1,0,,0,1
50,4400000516,219,0,1,0,,0,0
50,4400000516,220,0,1,0,,0,1
50,4400000516,221,0,1,0,,0,1
50,4400000516,222,0,1,0,,0,1
50,4400000516,223,0,1,0,,0,1
50,4400000516,224,0,1,0,,0,1
50,4400000516,225,0,1,0,,0,1
50,4400000516,226,0,1,0,,0,1
50,4400000516,227,0,1,0,,0,1
50,4400000516,228,0,1,0,,0,1
50,4400000516,229,0,1,0,,0,1
50,4400000516,230,0,1,0,,0,1
50,4400000516,231,0,1,0,,0,1
50,4400000516,232,0,1,0,,0,1
50,4400000516,233,0,1,0,,0,1
50,4400000516,234,0,1,0,,0,1
50,4400000516,235,0,1,0,,0,1
50,4400000527,120,2,1,2.84,,27.29,1
50,4400000527,121,11,1,2.84,,27.29,1
50,4400000527,122,10,1,2.84,,27.29,1
50,4400000527,123,15,1,2.84,,27.29,1
50,4400000527,124,13,1,2.84,,27.29,1
50,4400000527,125,0,1,0,,0,0
50,4400000527,126,18,1,2.84,,34.47,1
50,4400000527,127,25,2,5,B,25.56,1
50,4400000527,128,9,2,5,B,25.56,1
50,4400000527,129,18,1,2.84,,34.47,1
50,4400000527,130,13,1,2.84,,27.29,1
50,4400000527,131,9,1,2.84,,27.29,1
50,4400000527,132,17,1,2.84,,27.29,1
50,4400000527,133,15,1,2.6,B,29.81,1
50,4400000527,134,10,1,2.84,,35.74,1
50,4400000527,135,40,1,1.99,B,8.29,1
50,4400000527,136,12,1,1.99,B,8.29,1
50,4400000527,137,9,1,2.84,,35.74,1
50,4400000527,138,15,1,2.84,,27.29,1
50,4400000527,139,8,1,2.84,,27.29,1
50,4400000527,140,17,1,2.84,,31.51,1
50,4400000527,141,12,1,2.72,B,28.49,1
50,4400000527,142,20,1,2.72,B,28.49,1
50,4400000527,143,28,1,2.19,S,11.19,1
50,4400000527,144,8,1,2.84,B,31.51,1
50,4400000527,145,9,1,2.84,,31.51,1
50,4400000527,146,11,1,2.84,,27.29,1
50,4400000527,147,14,1,2.84,,27.29,1
50,4400000527,148,8,1,2.89,,28.55,1
50,4400000527,149,127,1,1.44,,35.07,1
50,4400000527,150,7,1,2.89,,32.7,1
50,4400000527,151,8,1,2.89,,32.7,1
50,4400000527,152,11,1,2.89,,28.55,1
50,4400000527,153,5,1,2.89,,28.55,0
50,4400000527,154,8,1,2.89,,28.55,1
50,4400000527,155,13,1,2.89,,28.55,1
50,4400000527,156,11,1,2.89,,28.55,1
50,4400000527,157,9,1,2.89,,28.55,1
50,4400000527,158,12,1,2.89,,28.55,1
50,4400000527,159,17,1,2.59,B,24.9,1
50,4400000527,160,6,1,2.89,B,30.1,1
50,4400000527,161,8,1,2.89,,30.1,1
50,4400000527,162,6,1,2.89,,25.95,1
50,4400000527,163,7,1,2.89,,25.95,1
50,4400000527,164,10,1,2.89,,25.95,1
50,4400000527,165,7,1,2.89,,25.95,1
50,4400000527,166,11,1,2.59,S,17.37,1
50,4400000527,167,10,1,2.89,B,25.95,1
50,4400000527,168,9,1,2.89,,25.95,1
50,4400000527,169,5,1,2.89,,25.95,1
50,4400000527,170,12,1,2.89,,25.95,1
50,4400000527,171,7,1,2.89,,25.95,1
50,4400000527,172,5,1,2.89,,25.95,1
50,4400000527,173,3,1,2.89,,25.95,1
50,4400000527,174,11,1,2.89,,25.95,1
50,4400000527,175,12,1,2.89,,25.95,1
50,4400000527,176,13,1,2.89,,25.95,1
50,4400000527,177,8,1,2.89,,25.95,1
50,4400000527,178,48,1,1.59,S,-27.04,1
50,4400000527,179,7,1,2.89,,30.1,1
50,4400000527,180,19,1,2.89,B,30.1,1
50,4400000527,181,11,1,2.89,,25.95,1
50,4400000527,182,14,1,2.89,,25.95,1
50,4400000527,183,14,1,2.89,,25.95,1
50,4400000527,184,13,1,2.89,,30.1,1
50,4400000527,185,59,1,2.59,S,22.01,1
50,4400000527,186,4,1,2.89,B,30.1,1
50,4400000527,187,1,1,2.69,S,24.91,1
50,4400000527,188,10,1,2.89,B,30.1,1
50,4400000527,189,14,1,2.89,S,25.95,1
50,4400000527,190,14,1,2.89,,25.95,1
50,4400000527,191,5,1,2.89,,25.95,1
50,4400000527,192,4,1,3.19,,32.91,1
50,4400000527,193,8,1,3.19,,32.91,1
50,4400000527,194,5,1,3.19,,32.91,1
50,4400000527,195,1,1,3.19,,36.67,1
50,4400000527,196,9,1,3.19,,36.67,1
50,4400000527,197,24,1,2.59,B,22,1
50,4400000527,198,11,1,2.64,B,23.48,1
50,4400000527,199,3,1,3.19,,32.91,1
50,4400000527,200,6,1,3.19,,32.91,1
50,4400000527,201,6,1,3.19,,32.91,1
50,4400000527,202,8,1,3.19,,32.91,1
50,4400000527,203,5,1,3.19,,33.66,1
50,4400000527,204,4,1,3.19,,36.67,1
50,4400000527,205,6,1,3.19,,36.67,1
50,4400000527,206,7,1,3.19,,36.67,1
50,4400000527,207,12,1,3.19,,32.91,1
50,4400000527,208,7,1,3.19,,32.91,1
50,4400000527,209,9,1,3.19,,32.91,1
50,4400000527,210,4,1,3.19,,32.91,1
50,4400000527,211,10,1,3.19,,34.04,1
50,4400000527,212,45,1,2.91,,30.58,1
50,4400000527,213,6,1,2.89,S,30.1,1
50,4400000527,214,0,1,0,,0,1
50,4400000527,215,0,1,0,,0,1
50,4400000527,216,0,1,0,,0,1
50,4400000527,217,0,1,0,,0,1
50,4400000527,218,0,1,0,,0,1
50,4400000527,219,0,1,0,,0,0
50,4400000527,220,0,1,0,,0,1
50,4400000527,221,0,1,0,,0,1
50,4400000527,222,0,1,0,,0,1
50,4400000527,223,0,1,0,,0,1
50,4400000527,224,0,1,0,,0,1
50,4400000527,225,0,1,0,,0,1
50,4400000527,226,0,1,0,,0,1
50,4400000527,227,0,1,0,,0,1
50,4400000527,228,0,1,0,,0,1
50,4400000527,229,0,1,0,,0,1
50,4400000527,230,0,1,0,,0,1
50,4400000527,231,0,1,0,,0,1
50,4400000527,232,0,1,0,,0,1
50,4400000527,233,0,1,0,,0,1
50,4400000527,234,0,1,0,,0,1
50,4400000527,235,0,1,0,,0,1
50,4400000551,120,16,1,2.99,,25.99,1
50,4400000551,121,30,1,2.99,,25.99,1
50,4400000551,122,39,1,2.99,,30,1
50,4400000551,123,41,1,2.99,,30,1
50,4400000551,124,25,1,2.99,,30,1
50,4400000551,125,1,1,2.87,B,27.07,0
50,4400000551,126,49,1,2.87,B,27.07,1
50,4400000551,127,35,1,2.99,,30,1
50,4400000551,128,257,1,2.99,C,30,1
50,4400000551,129,30,1,2.99,C,30,1
50,4400000551,130,38,1,2.99,,25.99,1
50,4400000551,131,25,1,2.99,,25.99,1
50,4400000551,132,41,1,2.99,,25.99,1
50,4400000551,133,41,1,2.69,B,28.88,1
50,4400000551,134,32,1,2.99,,36.02,1
50,4400000551,135,213,1,1.99,B,3.87,1
50,4400000551,136,104,1,1.99,B,3.87,1
50,4400000551,137,49,1,2.99,,36.02,1
50,4400000551,138,34,1,2.99,,25.99,1
50,4400000551,139,49,1,2.99,,25.99,1
50,4400000551,140,48,1,2.99,,30,1
50,4400000551,141,38,1,2.99,,30,1
50,4400000551,142,298,1,1.99,S,5.18,1
50,4400000551,143,36,1,2.99,,30,1
50,4400000551,144,43,1,2.87,B,27.07,1
50,4400000551,145,23,1,2.99,,30,1
50,4400000551,146,42,1,2.99,,25.99,1
50,4400000551,147,35,1,2.99,,25.99,1
50,4400000551,148,37,1,2.99,,25.99,1
50,4400000551,149,31,1,2.99,,25.99,1
50,4400000551,150,24,1,2.99,,25.99,1
50,4400000551,151,362,1,2.99,,30,1
50,4400000551,152,28,1,2.99,B,30,1
50,4400000551,153,9,1,2.99,B,30,0
50,4400000551,154,22,1,2.99,,25.99,1
50,4400000551,155,35,1,2.99,,25.99,1
50,4400000551,156,28,1,2.99,,25.99,1
50,4400000551,157,25,1,2.99,,30,1
50,4400000551,158,59,1,2.49,S,15.94,1
50,4400000551,159,36,1,2.99,,30,1
50,4400000551,160,20,1,2.99,,25.99,1
50,4400000551,161,27,1,2.99,,25.99,1
50,4400000551,162,21,1,2.99,,25.99,1
50,4400000551,163,35,1,2.99,,25.99,1
50,4400000551,164,29,1,2.99,,25.99,1
50,4400000551,165,53,1,2.59,S,19.19,1
50,4400000551,166,34,1,2.99,,30,1
50,4400000551,167,25,1,2.99,,30,1
50,4400000551,168,22,1,2.99,,25.99,1
50,4400000551,169,31,1,2.99,,25.99,1
50,4400000551,170,32,1,2.99,,25.99,1
50,4400000551,171,29,1,2.99,,25.99,1
50,4400000551,172,22,1,2.99,,25.99,1
50,4400000551,173,26,1,2.99,,25.99,1
50,4400000551,174,43,1,2.99,S,25.99,1
50,4400000551,175,36,1,2.99,B,25.99,1
50,4400000551,176,37,1,2.99,,30,1
50,4400000551,177,78,1,2.24,B,6.56,1
50,4400000551,178,25,1,2.99,,30,1
50,4400000551,179,31,1,2.99,B,25.99,1
50,4400000551,180,45,1,2.99,,30,1
50,4400000551,181,515,1,1.49,,-40.47,1
50,4400000551,182,24,1,2.99,,30,1
50,4400000551,183,31,1,2.99,,25.99,1
50,4400000551,184,19,1,2.99,,25.99,1
50,4400000551,185,30,1,2.99,,25.99,1
50,4400000551,186,4,1,2.99,,30,1
50,4400000551,187,13,1,2.99,S,30,1
50,4400000551,188,23,1,2.99,B,30,1
50,4400000551,189,28,1,2.99,,30,1
50,4400000551,190,31,1,2.99,,30,1
50,4400000551,191,21,1,2.99,,25.99,1
50,4400000551,192,23,1,3.29,,32.73,1
50,4400000551,193,28,1,3.29,,32.73,1
50,4400000551,194,24,1,3.29,,32.73,1
50,4400000551,195,55,1,3.07,,30.71,1
50,4400000551,196,901,1,1.49,S,-40.46,1
50,4400000551,197,35,1,3.11,,32.7,1
50,4400000551,198,30,1,3.29,,36.38,1
50,4400000551,199,27,1,3.29,,32.73,1
50,4400000551,200,31,1,3.29,,32.73,1
50,4400000551,201,28,1,3.29,,33.92,1
50,4400000551,202,23,1,3.29,,36.38,1
50,4400000551,203,45,1,3.15,,33.55,1
50,4400000551,204,941,1,1.52,B,-37.69,1
50,4400000551,205,36,1,3.06,B,27.67,1
50,4400000551,206,27,1,3.29,,32.73,1
50,4400000551,207,26,1,3.29,,32.73,1
50,4400000551,208,32,1,3.29,,32.73,1
50,4400000551,209,27,1,3.29,,32.73,1
50,4400000551,210,416,1,1.64,S,-34.93,1
50,4400000551,211,29,1,3.29,,32.73,1
50,4400000551,212,73,1,3.29,,32.73,1
50,4400000551,213,82,1,3.29,,32.73,1
50,4400000551,214,53,1,3.29,,32.73,1
50,4400000551,215,40,1,3.29,,32.73,1
50,4400000551,216,36,1,3.29,,32.73,1
50,4400000551,217,0,1,0,,0,1
50,4400000551,218,0,1,0,,0,1
50,4400000551,219,0,1,0,,0,0
50,4400000551,220,0,1,0,,0,1
50,4400000551,221,0,1,0,,0,1
50,4400000551,222,0,1,0,,0,1
50,4400000551,223,0,1,0,,0,1
50,4400000551,224,0,1,0,,0,1
50,4400000551,225,0,1,0,,0,1
50,4400000551,226,0,1,0,,0,1
50,4400000551,227,0,1,0,,0,1
50,4400000551,228,0,1,0,,0,1
50,4400000551,229,0,1,0,,0,1
50,4400000551,230,0,1,0,,0,1
50,4400000551,231,0,1,0,,0,1
50,4400000551,232,0,1,0,,0,1
50,4400000551,233,0,1,0,,0,1
50,4400000551,234,0,1,0,,0,1
50,4400000551,235,0,1,0,,0,1
