notes/week02/data.csv
STORE,UPC,WEEK,MOVE,QTY,PRICE,SALE,PROFIT,OK
50,4400000655,120,6,1,3.25,,40.06,1
50,4400000655,121,14,1,2.69,,27.58,1
50,4400000655,122,8,1,2.69,B,27.58,1
50,4400000655,123,2,1,3.01,B,35.28,1
50,4400000655,124,4,1,3.01,B,35.28,1
50,4400000655,125,0,1,0,,0,0
50,4400000655,126,0,1,0,,0,1
50,4400000655,127,1,1,3.25,,27.35,1
50,4400000655,128,1,1,3.25,,27.35,1
50,4400000655,129,9,1,2.99,,29.06,1
50,4400000655,130,3,1,3.25,,34.74,1
50,4400000655,131,11,1,3.25,,34.74,1
50,4400000655,132,56,3,5,B,27.77,1
50,4400000655,133,13,3,5,,27.77,1
50,4400000655,134,0,1,0,,0,1
50,4400000655,135,1,1,3.25,,27.35,1
50,4400000655,136,2,1,3.25,,34.74,1
50,4400000655,137,3,1,3.25,B,34.74,1
50,4400000655,138,22,1,1.99,S,6.58,1
50,4400000655,139,9,1,3.25,,34.74,1
50,4400000655,140,3,1,3.01,B,29.53,1
50,4400000655,141,3,1,3.25,,34.74,1
50,4400000655,142,5,1,3.25,,27.35,1
50,4400000655,143,6,1,3.25,,27.35,1
50,4400000655,144,4,1,3.25,,27.35,1
50,4400000655,145,15,1,1.99,S,8.29,1
50,4400000655,146,3,1,3.25,,43.85,1
50,4400000655,147,2,1,3.25,B,43.85,1
50,4400000655,148,1,1,3.25,B,27.35,1
50,4400000655,149,0,1,0,,0,1
50,4400000655,150,0,1,0,,0,1
50,4400000655,151,1,1,3.25,,27.35,1
50,4400000655,152,1,1,3.25,,27.35,1
50,4400000655,153,4,1,3.25,S,31.05,0
50,4400000655,154,96,1,1.62,S,38.33,1
50,4400000655,155,3,1,3.25,,31.05,1
50,4400000655,156,3,1,3.25,,27.35,1
50,4400000655,157,4,1,3.25,,27.35,1
50,4400000655,158,2,1,3.25,,27.35,1
50,4400000655,159,3,1,3.25,,27.35,1
50,4400000655,160,3,1,3.25,S,27.35,1
50,4400000655,161,1,1,3.25,,31.05,1
50,4400000655,162,41,1,1.62,S,38.33,1
50,4400000655,163,4,1,3.25,,31.05,1
50,4400000655,164,4,1,3.25,,27.35,1
50,4400000655,165,2,1,3.25,,27.35,1
50,4400000655,166,1,1,3.25,,27.35,1
50,4400000655,167,4,1,3.25,,27.35,1
50,4400000655,168,2,1,3.25,,27.35,1
50,4400000655,169,1,1,3.25,,27.35,1
50,4400000655,170,0,1,0,,0,1
50,4400000655,171,1,1,3.25,,27.35,1
50,4400000655,172,1,1,3.25,,27.35,1
50,4400000655,173,1,1,3.25,,27.35,1
50,4400000655,174,3,1,3.25,,31.05,1
50,4400000655,175,0,1,0,,0,1
50,4400000655,176,59,1,3.25,,31.05,1
50,4400000655,177,0,1,0,,0,1
50,4400000655,178,2,1,3.25,,31.05,1
50,4400000655,179,3,1,3.25,,27.35,1
50,4400000655,180,2,1,3.25,,27.35,1
50,4400000655,181,4,1,3.25,,27.35,1
50,4400000655,182,2,1,3.25,S,31.05,1
50,4400000655,183,5,1,3.25,,31.05,1
50,4400000655,184,230,1,0.99,S,-99.99,1
50,4400000655,185,0,1,0,,0,1
50,4400000655,186,1,1,3.25,,27.35,1
50,4400000655,187,0,1,0,,0,1
50,4400000655,188,1,1,3.15,B,25.05,1
50,4400000655,189,5,1,3.25,,27.35,1
50,4400000655,190,4,1,3.25,,27.35,1
50,4400000655,191,1,1,3.25,,27.35,1
50,4400000655,192,4,1,3.25,,31.04,1
50,4400000655,193,127,1,1.79,G,-25.19,1
50,4400000655,194,1,1,3.25,,31.04,1
50,4400000655,195,5,1,3.38,,30.14,1
50,4400000655,196,2,1,3.59,,34.23,1
50,4400000655,197,3,1,3.59,,35.34,1
50,4400000655,198,0,1,0,,0,1
50,4400000655,199,15,1,2.69,S,16.69,1
50,4400000655,200,0,1,0,,0,1
50,4400000655,201,2,1,3.59,,34.23,1
50,4400000655,202,20,1,3.59,,34.23,1
50,4400000655,203,1,1,3.59,,34.23,1
50,4400000655,204,0,1,0,,0,1
50,4400000655,205,0,1,0,,0,1
50,4400000655,206,2,1,3.59,,34.23,1
50,4400000655,207,7,1,3.29,,31.36,1
50,4400000655,208,170,1,1.73,B,-29.53,1
50,4400000655,209,3,1,3.36,B,33.3,1
50,4400000655,210,1,1,3.59,,37.57,1
50,4400000655,211,3,1,3.59,,36.12,1
50,4400000655,212,12,1,3,,28.06,1
50,4400000655,213,8,1,3.06,S,29.47,1
50,4400000655,214,5,1,3.59,,39.88,1
50,4400000655,215,26,1,1.62,S,-33.2,1
50,4400000655,216,0,1,0,,0,1
50,4400000655,217,0,1,0,,0,1
50,4400000655,218,0,1,0,,0,1
50,4400000655,219,0,1,0,,0,0
50,4400000655,220,0,1,0,,0,1
50,4400000655,221,0,1,0,,0,1
50,4400000655,222,0,1,0,,0,1
50,4400000655,223,0,1,0,,0,1
50,4400000655,224,0,1,0,,0,1
50,4400000655,225,0,1,0,,0,1
50,4400000655,226,0,1,0,,0,1
50,4400000655,227,0,1,0,,0,1
50,4400000655,228,0,1,0,,0,1
50,4400000655,229,0,1,0,,0,1
50,4400000655,230,0,1,0,,0,1
50,4400000655,231,0,1,0,,0,1
50,4400000655,232,0,1,0,,0,1
50,4400000655,233,0,1,0,,0,1
50,4400000655,234,0,1,0,,0,1
50,4400000655,235,0,1,0,,0,1
50,4400000720,120,8,1,3.25,,40.06,1
50,4400000720,121,43,1,2.69,,27.58,1
50,4400000720,122,22,1,2.69,B,27.58,1
50,4400000720,123,21,1,3.01,B,35.28,1
50,4400000720,124,21,1,3.01,B,35.28,1
50,4400000720,125,1,1,3.25,,40.06,0
50,4400000720,126,7,1,3.25,,27.35,1
50,4400000720,127,15,1,3.25,,27.35,1
50,4400000720,128,15,1,3.25,,27.35,1
50,4400000720,129,28,1,2.99,,29.06,1
50,4400000720,130,14,1,3.25,,34.74,1
50,4400000720,131,37,1,3.25,,34.74,1
50,4400000720,132,173,3,5,B,27.77,1
50,4400000720,133,46,3,5,B,27.77,1
50,4400000720,134,12,1,3.25,,34.74,1
50,4400000720,135,13,1,3.25,,34.74,1
50,4400000720,136,20,1,3.25,,34.74,1
50,4400000720,137,12,1,3.25,B,34.74,1
50,4400000720,138,115,1,1.99,S,6.58,1
50,4400000720,139,29,1,3.25,,34.74,1
50,4400000720,140,18,1,3.01,B,29.53,1
50,4400000720,141,12,1,3.25,,34.74,1
50,4400000720,142,14,1,3.25,,27.35,1
50,4400000720,143,17,1,3.25,,27.35,1
50,4400000720,144,19,1,3.25,,27.35,1
50,4400000720,145,178,1,1.99,S,8.29,1
50,4400000720,146,11,1,3.25,,43.85,1
50,4400000720,147,15,1,3.25,,43.85,1
50,4400000720,148,16,1,3.25,,27.35,1
50,4400000720,149,9,1,3.25,,27.35,1
50,4400000720,150,9,1,3.25,,27.35,1
50,4400000720,151,13,1,3.25,,27.35,1
50,4400000720,152,13,1,3.25,,27.35,1
50,4400000720,153,11,1,3.25,,31.05,0
50,4400000720,154,213,1,1.62,B,38.33,1
50,4400000720,155,11,1,3.25,,31.05,1
50,4400000720,156,13,1,3.25,,27.35,1
50,4400000720,157,13,1,3.25,,27.35,1
50,4400000720,158,4,1,3.25,,27.35,1
50,4400000720,159,7,1,3.25,,27.35,1
50,4400000720,160,19,1,3.25,S,27.35,1
50,4400000720,161,14,1,3.25,,31.05,1
50,4400000720,162,350,1,1.62,S,38.33,1
50,4400000720,163,9,1,3.25,,31.05,1
50,4400000720,164,38,1,3.25,,27.35,1
50,4400000720,165,9,1,3.25,,27.35,1
50,4400000720,166,21,1,3.25,,27.35,1
50,4400000720,167,24,1,3.25,,27.35,1
50,4400000720,168,56,1,3.25,,27.35,1
50,4400000720,169,27,1,3.25,,27.35,1
50,4400000720,170,25,1,3.25,,27.35,1
50,4400000720,171,12,1,3.25,,27.35,1
50,4400000720,172,4,1,3.25,,27.35,1
50,4400000720,173,18,1,3.25,,27.35,1
50,4400000720,174,27,1,3.25,,31.05,1
50,4400000720,175,14,1,3.25,,31.05,1
50,4400000720,176,538,1,3.25,B,31.05,1
50,4400000720,177,13,1,3.25,,31.05,1
50,4400000720,178,9,1,3.25,,31.05,1
50,4400000720,179,19,1,3.25,,27.35,1
50,4400000720,180,21,1,3.25,,27.35,1
50,4400000720,181,35,1,3.25,,27.35,1
50,4400000720,182,24,1,3.25,S,31.05,1
50,4400000720,183,34,1,3.25,B,31.05,1
50,4400000720,184,2087,1,0.99,B,-99.99,1
50,4400000720,185,7,1,3.25,,27.35,1
50,4400000720,186,7,1,3.25,,27.35,1
50,4400000720,187,4,1,3.25,,27.35,1
50,4400000720,188,14,1,3.15,B,25.05,1
50,4400000720,189,13,1,3.25,,27.35,1
50,4400000720,190,14,1,3.25,,27.35,1
50,4400000720,191,10,1,3.25,,27.35,1
50,4400000720,192,19,1,3.25,,31.04,1
50,4400000720,193,556,1,1.66,G,-35,1
50,4400000720,194,21,1,3.25,,31.04,1
50,4400000720,195,28,1,3.4,,30.55,1
50,4400000720,196,11,1,3.59,,34.23,1
50,4400000720,197,14,1,3.59,,35.43,1
50,4400000720,198,16,1,3.59,,37.57,1
50,4400000720,199,88,1,2.69,S,16.69,1
50,4400000720,200,20,1,3.59,,37.57,1
50,4400000720,201,20,1,3.59,,34.23,1
50,4400000720,202,336,1,3.59,,34.23,1
50,4400000720,203,17,1,3.59,,34.23,1
50,4400000720,204,11,1,3.59,,34.23,1
50,4400000720,205,8,1,3.59,,34.23,1
50,4400000720,206,15,1,3.59,,34.23,1
50,4400000720,207,19,1,3.39,,32.41,1
50,4400000720,208,642,1,1.63,B,-37.48,1
50,4400000720,209,11,1,3.34,B,32.9,1
50,4400000720,210,19,1,3.59,,37.57,1
50,4400000720,211,9,1,3.59,,35.51,1
50,4400000720,212,53,1,3.06,,29.47,1
50,4400000720,213,11,1,2.89,S,25.32,1
50,4400000720,214,1,1,3.25,B,33.6,1
50,4400000720,215,95,1,1.62,S,-33.2,1
50,4400000720,216,0,1,0,,0,1
50,4400000720,217,0,1,0,,0,1
50,4400000720,218,0,1,0,,0,1
50,4400000720,219,0,1,0,,0,0
50,4400000720,220,0,1,0,,0,1
50,4400000720,221,0,1,0,,0,1
50,4400000720,222,0,1,0,,0,1
50,4400000720,223,0,1,0,,0,1
50,4400000720,224,0,1,0,,0,1
50,4400000720,225,0,1,0,,0,1
50,4400000720,226,0,1,0,,0,1
50,4400000720,227,0,1,0,,0,1
50,4400000720,228,0,1,0,,0,1
50,4400000720,229,0,1,0,,0,1
50,4400000720,230,0,1,0,,0,1
50,4400000720,231,0,1,0,,0,1
50,4400000720,232,0,1,0,,0,1
50,4400000720,233,0,1,0,,0,1
50,4400000720,234,0,1,0,,0,1
50,4400000720,235,0,1,0,,0,1
50,4400003721,120,9,1,2.49,,25.98,1
50,4400003721,121,7,1,2.49,,25.98,1
50,4400003721,122,10,1,2.49,,25.98,1
50,4400003721,123,9,1,2.49,,25.98,1
50,4400003721,124,5,1,2.49,,25.98,1
50,4400003721,125,0,1,0,,0,0
50,4400003721,126,7,1,2.49,,25.98,1
50,4400003721,127,6,1,2.49,,25.98,1
50,4400003721,128,12,1,2.49,,25.98,1
50,4400003721,129,8,1,2.37,,27.3,1
50,4400003721,130,17,1,2.37,B,27.3,1
50,4400003721,131,8,1,2.37,B,27.3,1
50,4400003721,132,7,1,2.49,B,30.8,1
50,4400003721,133,16,1,2.49,,30.8,1
50,4400003721,134,9,1,2.49,,25.98,1
50,4400003721,135,10,1,2.49,,25.98,1
50,4400003721,136,7,1,2.49,,30.8,1
50,4400003721,137,20,1,2.39,B,27.91,1
50,4400003721,138,16,1,2.39,B,27.91,1
50,4400003721,139,14,1,2.37,B,27.3,1
50,4400003721,140,12,1,2.37,B,27.3,1
50,4400003721,141,8,1,2.49,,30.8,1
50,4400003721,142,7,1,2.49,,25.98,1
50,4400003721,143,11,1,2.49,,25.98,1
50,4400003721,144,8,1,2.49,,25.98,1
50,4400003721,145,26,1,2.29,B,24.76,1
50,4400003721,146,11,1,2.29,B,24.76,1
50,4400003721,147,10,1,2.49,B,30.8,1
50,4400003721,148,13,1,2.39,B,27.91,1
50,4400003721,149,9,1,2.39,B,27.91,1
50,4400003721,150,11,1,2.39,B,22.89,1
50,4400003721,151,2,1,2.59,,28.84,1
50,4400003721,152,14,1,2.59,,28.84,1
50,4400003721,153,2,1,2.59,,28.84,0
50,4400003721,154,3,1,2.59,,28.84,1
50,4400003721,155,12,1,2.59,,33.47,1
50,4400003721,156,6,1,2.59,,33.47,1
50,4400003721,157,8,1,2.59,,33.47,1
50,4400003721,158,4,1,2.59,,28.84,1
50,4400003721,159,7,1,2.59,,28.84,1
50,4400003721,160,3,1,2.59,,26.02,1
50,4400003721,161,3,1,2.59,,26.02,1
50,4400003721,162,6,1,2.59,,26.02,1
50,4400003721,163,5,1,2.59,,26.02,1
50,4400003721,164,7,1,2.59,,26.02,1
50,4400003721,165,8,1,2.59,,26.02,1
50,4400003721,166,7,1,2.59,,26.02,1
50,4400003721,167,6,1,2.59,,26.02,1
50,4400003721,168,2,1,2.59,,26.02,1
50,4400003721,169,7,1,2.59,,26.02,1
50,4400003721,170,9,1,2.59,,26.02,1
50,4400003721,171,16,1,2.59,,30.66,1
50,4400003721,172,3,1,2.59,,30.66,1
50,4400003721,173,4,1,2.59,,30.66,1
50,4400003721,174,4,1,2.59,,26.02,1
50,4400003721,175,7,1,2.59,,26.02,1
50,4400003721,176,8,1,2.59,,26.02,1
50,4400003721,177,7,1,2.59,,26.02,1
50,4400003721,178,7,1,2.59,,30.66,1
50,4400003721,179,33,1,1.99,S,9.75,1
50,4400003721,180,15,1,2.59,,30.66,1
50,4400003721,181,14,1,2.59,,26.02,1
50,4400003721,182,10,1,2.59,,26.02,1
50,4400003721,183,3,1,2.59,,26.02,1
50,4400003721,184,6,1,2.59,,26.02,1
50,4400003721,185,5,1,2.59,,26.02,1
50,4400003721,186,1,1,2.59,,26.02,1
50,4400003721,187,3,1,2.59,,26.02,1
50,4400003721,188,3,1,2.59,,30.66,1
50,4400003721,189,4,1,2.29,S,21.57,1
50,4400003721,190,4,1,2.59,,30.66,1
50,4400003721,191,2,1,2.59,,26.02,1
50,4400003721,192,5,1,2.59,,30.66,1
50,4400003721,193,8,1,2.59,,30.65,1
50,4400003721,194,6,1,2.39,S,24.85,1
50,4400003721,195,3,1,2.59,,26.02,1
50,4400003721,196,0,1,0,,0,1
50,4400003721,197,4,1,2.59,,26.02,1
50,4400003721,198,6,1,2.67,,28.23,1
50,4400003721,199,2,1,2.85,,32.77,1
50,4400003721,200,2,1,2.85,,32.77,1
50,4400003721,201,5,1,2.85,,32.77,1
50,4400003721,202,3,1,2.85,,32.77,1
50,4400003721,203,17,1,1.99,S,6.58,1
50,4400003721,204,1,1,2.85,,36.98,1
50,4400003721,205,2,1,2.85,,36.98,1
50,4400003721,206,1,1,2.85,,36.98,1
50,4400003721,207,1,1,2.85,,32.77,1
50,4400003721,208,10,1,2.85,,32.77,1
50,4400003721,209,6,1,2.85,,32.77,1
50,4400003721,210,5,1,2.85,,32.77,1
50,4400003721,211,3,1,2.85,,32.77,1
50,4400003721,212,3,1,2.85,,32.77,1
50,4400003721,213,7,1,2.85,,32.77,1
50,4400003721,214,7,1,2.85,,32.77,1
50,4400003721,215,3,1,2.85,,34.17,1
50,4400003721,216,2,1,2.85,,36.98,1
50,4400003721,217,0,1,0,,0,1
50,4400003721,218,0,1,0,,0,1
50,4400003721,219,0,1,0,,0,0
50,4400003721,220,0,1,0,,0,1
50,4400003721,221,0,1,0,,0,1
50,4400003721,222,0,1,0,,0,1
50,4400003721,223,0,1,0,,0,1
50,4400003721,224,0,1,0,,0,1
50,4400003721,225,0,1,0,,0,1
50,4400003721,226,0,1,0,,0,1
50,4400003721,227,0,1,0,,0,1
50,4400003721,228,0,1,0,,0,1
50,4400003721,229,0,1,0,,0,1
50,4400003721,230,0,1,0,,0,1
50,4400003721,231,0,1,0,,0,1
50,4400003721,232,0,1,0,,0,1
50,4400003721,233,0,1,0,,0,1
50,4400003721,234,0,1,0,,0,1
50,4400003721,235,0,1,0,,0,1
50,4400003732,120,1,1,2.99,,25.99,1
50,4400003732,121,8,1,2.99,,25.99,1
50,4400003732,122,8,1,2.99,,25.99,1
50,4400003732,123,5,1,2.99,,25.99,1
50,4400003732,124,4,1,2.99,,25.99,1
50,4400003732,125,0,1,0,,0,0
50,4400003732,126,5,1,2.87,B,27.07,1
50,4400003732,127,2,1,2.99,,30,1
50,4400003732,128,3,1,2.99,C,30,1
50,4400003732,129,2,1,2.99,,30,1
50,4400003732,130,0,1,0,,0,1
50,4400003732,131,5,1,2.99,,25.99,1
50,4400003732,132,1,1,2.99,,25.99,1
50,4400003732,133,8,1,2.69,B,28.88,1
50,4400003732,134,5,1,2.99,,36.02,1
50,4400003732,135,8,1,1.99,B,3.87,1
50,4400003732,136,7,1,1.99,B,3.87,1
50,4400003732,137,4,1,2.99,,36.02,1
50,4400003732,138,1,1,2.99,,25.99,1
50,4400003732,139,5,1,2.99,,25.99,1
50,4400003732,140,8,1,2.99,,30,1
50,4400003732,141,5,1,2.99,B,30,1
50,4400003732,142,44,1,1.99,S,5.18,1
50,4400003732,143,7,1,2.99,B,30,1
50,4400003732,144,5,1,2.87,B,27.07,1
50,4400003732,145,1,1,2.99,,30,1
50,4400003732,146,2,1,2.99,,25.99,1
50,4400003732,147,8,1,2.99,,25.99,1
50,4400003732,148,7,1,2.99,,25.99,1
50,4400003732,149,5,1,2.99,,25.99,1
50,4400003732,150,4,1,2.99,,25.99,1
50,4400003732,151,92,1,2.99,,30,1
50,4400003732,152,5,1,2.99,B,30,1
50,4400003732,153,0,1,0,,0,0
50,4400003732,154,5,1,2.99,,25.99,1
50,4400003732,155,4,1,2.99,,25.99,1
50,4400003732,156,7,1,2.99,,25.99,1
50,4400003732,157,5,1,2.99,,30,1
50,4400003732,158,8,1,2.49,S,15.94,1
50,4400003732,159,5,1,2.99,,30,1
50,4400003732,160,4,1,2.99,,25.99,1
50,4400003732,161,3,1,2.99,,25.99,1
50,4400003732,162,4,1,2.99,,25.99,1
50,4400003732,163,4,1,2.99,,25.99,1
50,4400003732,164,8,1,2.99,,25.99,1
50,4400003732,165,6,1,2.59,S,19.19,1
50,4400003732,166,6,1,2.99,B,30,1
50,4400003732,167,4,1,2.99,,30,1
50,4400003732,168,4,1,2.99,,25.99,1
50,4400003732,169,5,1,2.99,,25.99,1
50,4400003732,170,6,1,2.99,,25.99,1
50,4400003732,171,3,1,2.99,,25.99,1
50,4400003732,172,4,1,2.99,,25.99,1
50,4400003732,173,0,1,0,,0,1
50,4400003732,174,6,1,2.99,S,25.99,1
50,4400003732,175,6,1,2.99,,25.99,1
50,4400003732,176,5,1,2.99,B,30,1
50,4400003732,177,7,1,2.24,S,6.56,1
50,4400003732,178,5,1,2.99,S,30,1
50,4400003732,179,6,1,2.99,B,25.99,1
50,4400003732,180,4,1,2.99,,30,1
50,4400003732,181,63,1,1.49,,-40.47,1
50,4400003732,182,8,1,2.99,,30,1
50,4400003732,183,2,1,2.99,,25.99,1
50,4400003732,184,3,1,2.99,,25.99,1
50,4400003732,185,3,1,2.99,,25.99,1
50,4400003732,186,0,1,0,,0,1
50,4400003732,187,1,1,2.99,,30,1
50,4400003732,188,3,1,2.99,,30,1
50,4400003732,189,9,1,2.99,,30,1
50,4400003732,190,5,1,2.99,,30,1
50,4400003732,191,3,1,2.99,,25.99,1
50,4400003732,192,4,1,2.99,,25.99,1
50,4400003732,193,4,1,3.29,,32.73,1
50,4400003732,194,7,1,3.29,,32.73,1
50,4400003732,195,5,1,3.11,,31.15,1
50,4400003732,196,60,1,1.49,S,-40.46,1
50,4400003732,197,9,1,3.12,,32.91,1
50,4400003732,198,10,1,3.29,,36.38,1
50,4400003732,199,3,1,3.29,,32.73,1
50,4400003732,200,3,1,3.29,,32.73,1
50,4400003732,201,7,1,3.29,,33.79,1
50,4400003732,202,6,1,3.29,,36.38,1
50,4400003732,203,7,1,3.03,,30.92,1
50,4400003732,204,62,1,1.54,B,-35.9,1
50,4400003732,205,0,1,0,,0,1
50,4400003732,206,5,1,3.29,,32.73,1
50,4400003732,207,7,1,3.29,,32.73,1
50,4400003732,208,3,1,3.29,,32.73,1
50,4400003732,209,7,1,3.29,,36.26,1
50,4400003732,210,121,1,1.64,S,-22.56,1
50,4400003732,211,6,1,3.29,,38.9,1
50,4400003732,212,7,1,3.29,,38.9,1
50,4400003732,213,6,1,3.29,,32.73,1
50,4400003732,214,4,1,3.29,,32.73,1
50,4400003732,215,0,1,0,,0,1
50,4400003732,216,0,1,0,,0,1
50,4400003732,217,0,1,0,,0,1
50,4400003732,218,0,1,0,,0,1
50,4400003732,219,0,1,0,,0,0
50,4400003732,220,0,1,0,,0,1
50,4400003732,221,0,1,0,,0,1
50,4400003732,222,0,1,0,,0,1
50,4400003732,223,0,1,0,,0,1
50,4400003732,224,0,1,0,,0,1
50,4400003732,225,0,1,0,,0,1
50,4400003732,226,0,1,0,,0,1
50,4400003732,227,0,1,0,,0,1
50,4400003732,228,0,1,0,,0,1
50,4400003732,229,0,1,0,,0,1
50,4400003732,230,0,1,0,,0,1
50,4400003732,231,0,1,0,,0,1
50,4400003732,232,0,1,0,,0,1
50,4400003732,233,0,1,0,,0,1
50,4400003732,234,0,1,0,,0,1
50,4400003732,235,0,1,0,,0,1
