notes/week02/data.csv
STORE,UPC,WEEK,MOVE,QTY,PRICE,SALE,PROFIT,OK
75,1470001100,120,7,1,1.69,,26.04,1
75,1470001100,121,14,1,1.69,,26.04,1
75,1470001100,122,19,2,3,B,48,1
75,1470001100,123,11,2,3,B,48,1
75,1470001100,124,13,1,1.69,,53.85,1
75,1470001100,125,134,1,0.99,B,21.21,1
75,1470001100,126,29,1,0.99,B,21.21,1
75,1470001100,127,10,1,1.69,,26.04,1
75,1470001100,128,15,1,1.69,,26.04,1
75,1470001100,129,4,1,1.69,,26.04,1
75,1470001100,130,5,1,1.69,,26.04,1
75,1470001100,131,8,1,1.69,,26.04,1
75,1470001100,132,7,1,1.69,,26.04,1
75,1470001100,133,4,1,1.69,,26.03,1
75,1470001100,134,13,1,1.69,,26.03,1
75,1470001100,135,6,1,1.69,,26.03,1
75,1470001100,136,6,1,1.69,,26.03,1
75,1470001100,137,6,1,1.69,,33.96,1
75,1470001100,138,11,1,1.37,,23.35,1
75,1470001100,139,0,1,0,,0,1
75,1470001100,140,24,1,1.05,B,0,1
75,1470001100,141,13,1,1.5,B,30,1
75,1470001100,142,18,1,1.69,,35.26,1
75,1470001100,143,13,1,1.69,,26.03,1
75,1470001100,144,9,1,1.69,,26.03,1
75,1470001100,145,8,1,1.69,,26.03,1
75,1470001100,146,12,1,1.69,,26.03,1
75,1470001100,147,12,1,1.69,,26.03,1
75,1470001100,148,11,1,1.69,,26.03,1
75,1470001100,149,15,1,1.69,,26.03,1
75,1470001100,150,6,1,1.69,,26.03,1
75,1470001100,151,13,1,1.69,,26.03,1
75,1470001100,152,13,1,1.69,,26.03,1
75,1470001100,153,15,1,1.69,,42.01,1
75,1470001100,154,307,1,0.84,S,4.76,1
75,1470001100,155,15,1,1.69,,52.66,1
75,1470001100,156,15,1,1.69,,52.66,1
75,1470001100,157,10,1,1.69,,52.66,1
75,1470001100,158,9,1,1.69,,49.7,1
75,1470001100,159,11,1,1.69,,26.03,1
75,1470001100,160,16,1,1.69,,26.03,1
75,1470001100,161,16,1,1.69,,26.03,1
75,1470001100,162,13,1,1.69,,26.03,1
75,1470001100,163,15,1,1.69,,26.03,1
75,1470001100,164,19,1,1.69,,26.03,1
75,1470001100,165,22,1,1.56,,23.97,1
75,1470001100,166,25,1,1.29,B,18.6,1
75,1470001100,167,28,1,1.35,B,22.22,1
75,1470001100,168,25,1,1.5,B,30,1
75,1470001100,169,22,1,1.55,B,32.25,1
75,1470001100,170,14,1,1.69,,36.21,1
75,1470001100,171,13,1,1.69,,26.03,1
75,1470001100,172,16,1,1.69,,26.03,1
75,1470001100,173,19,1,1.69,,26.03,1
75,1470001100,174,17,1,1.69,,26.03,1
75,1470001100,175,14,1,1.69,,26.03,1
75,1470001100,176,10,1,1.69,,26.03,1
75,1470001100,177,14,1,1.61,,26.83,1
75,1470001100,178,21,1,1.49,B,29.53,1
75,1470001100,179,23,1,1.49,B,29.53,1
75,1470001100,180,22,1,1.49,B,29.53,1
75,1470001100,181,26,1,1.53,B,31.37,1
75,1470001100,182,9,1,1.69,,32.66,1
75,1470001100,183,10,1,1.69,,26.03,1
75,1470001100,184,12,1,1.69,,26.03,1
75,1470001100,185,14,1,1.69,,26.03,1
75,1470001100,186,13,1,1.69,,26.03,1
75,1470001100,187,13,1,1.69,,26.03,1
75,1470001100,188,9,1,1.69,,26.03,1
75,1470001100,189,12,1,1.69,,37.15,1
75,1470001100,190,341,1,0.99,S,19.19,1
75,1470001100,191,22,1,1.18,,32.2,1
75,1470001100,192,57,1,0.99,B,19.19,1
75,1470001100,193,58,1,0.99,B,19.19,1
75,1470001100,194,23,1,1.69,,38.81,1
75,1470001100,195,10,1,1.69,,26.03,1
75,1470001100,196,18,1,1.63,,23.31,1
75,1470001100,197,19,1,1.55,,19.35,1
75,1470001100,198,18,1,1.55,,19.35,1
75,1470001100,199,18,1,1.55,,19.35,1
75,1470001100,200,11,1,1.55,,19.35,1
75,1470001100,201,11,1,1.55,,19.35,1
75,1470001100,202,21,1,1.55,,19.35,1
75,1470001100,203,17,1,1.55,,19.35,1
75,1470001100,204,14,1,1.55,,19.35,1
75,1470001100,205,20,1,1.45,,20.68,1
75,1470001100,206,28,1,1.29,B,18.6,1
75,1470001100,207,24,1,1.29,B,18.6,1
75,1470001100,208,20,1,1.29,B,18.6,1
75,1470001100,209,16,1,1.32,B,20.45,1
75,1470001100,210,7,1,1.55,,28.58,1
75,1470001100,211,11,1,1.55,,19.35,1
75,1470001100,212,20,1,1.55,,19.35,1
75,1470001100,213,7,1,1.55,,19.35,1
75,1470001100,214,14,1,1.55,,19.35,1
75,1470001100,215,14,1,1.55,,19.35,1
75,1470001100,216,6,1,1.55,,19.35,1
75,1470001100,217,20,1,1.52,,23.68,1
75,1470001100,218,17,1,1.49,B,29.53,1
75,1470001100,219,0,1,0,,0,0
75,1470001100,220,13,1,1.49,B,29.53,1
75,1470001100,221,15,1,1.5,B,30,1
75,1470001100,222,10,1,1.55,,27.09,1
75,1470001100,223,13,1,1.67,,25.14,1
75,1470001100,224,8,1,1.79,,30.16,1
75,1470001100,225,8,1,1.79,,30.16,1
75,1470001100,226,9,1,1.79,,30.16,1
75,1470001100,227,7,1,1.79,,30.16,1
75,1470001100,228,9,1,1.79,,30.16,1
75,1470001100,229,9,1,1.79,,32.96,1
75,1470001100,230,22,1,1.24,,35.48,1
75,1470001100,231,38,1,0.99,B,19.19,1
75,1470001100,232,22,1,1.24,,35.48,1
75,1470001100,233,38,1,0.99,B,19.19,1
75,1470001100,234,12,1,1.79,B,53.24,1
75,1470001100,235,14,1,1.79,B,30.16,1
75,1470001110,120,5,1,2.49,B,36.06,1
75,1470001110,121,1,1,2.49,,36.06,1
75,1470001110,122,6,1,2.49,,26.02,1
75,1470001110,123,4,1,2.49,,26.02,1
75,1470001110,124,11,1,2.49,,26.02,1
75,1470001110,125,5,1,2.49,,26.02,1
75,1470001110,126,2,1,2.59,,26.02,1
75,1470001110,127,8,1,2.59,,26.02,1
75,1470001110,128,5,1,2.59,,26.02,1
75,1470001110,129,7,1,2.59,,26.02,1
75,1470001110,130,8,1,2.34,B,28.8,1
75,1470001110,131,12,1,2.19,B,23.93,1
75,1470001110,132,7,1,2.19,B,23.93,1
75,1470001110,133,7,1,2.59,,35.68,1
75,1470001110,134,5,1,2.59,,33.74,1
75,1470001110,135,6,1,2.59,,26.02,1
75,1470001110,136,7,1,2.59,,26.02,1
75,1470001110,137,3,1,2.59,,26.02,1
75,1470001110,138,9,1,2.59,,26.02,1
75,1470001110,139,10,1,2.59,,26.02,1
75,1470001110,140,9,1,2.59,,26.02,1
75,1470001110,141,6,1,2.59,,26.02,1
75,1470001110,142,8,1,2.59,,26.02,1
75,1470001110,143,6,1,2.59,,26.02,1
75,1470001110,144,6,1,2.59,,26.02,1
75,1470001110,145,9,1,2.39,,24.51,1
75,1470001110,146,29,1,1.99,B,16.28,1
75,1470001110,147,22,1,1.99,B,16.28,1
75,1470001110,148,19,1,2.08,B,19.9,1
75,1470001110,149,14,1,2.59,,35.67,1
75,1470001110,150,8,1,2.59,,32.08,1
75,1470001110,151,7,1,2.59,,26.02,1
75,1470001110,152,5,1,2.59,,26.02,1
75,1470001110,153,4,1,2.59,,26.02,1
75,1470001110,154,10,1,2.59,,26.02,1
75,1470001110,155,9,1,2.59,,26.02,1
75,1470001110,156,2,1,2.59,,26.02,1
75,1470001110,157,13,1,2.45,,28.89,1
75,1470001110,158,21,1,2.39,B,30.29,1
75,1470001110,159,9,1,2.39,B,30.29,1
75,1470001110,160,12,1,2.59,,35.67,1
75,1470001110,161,16,1,2.59,,35.67,1
75,1470001110,162,9,1,2.59,,34.63,1
75,1470001110,163,5,1,2.59,,26.02,1
75,1470001110,164,3,1,2.59,,26.02,1
75,1470001110,165,7,1,2.59,,26.02,1
75,1470001110,166,8,1,2.59,,26.02,1
75,1470001110,167,8,1,2.59,,26.02,1
75,1470001110,168,10,1,2.59,,26.02,1
75,1470001110,169,15,1,2.4,,25.04,1
75,1470001110,170,24,1,2.19,B,23.92,1
75,1470001110,171,14,1,2.33,B,28.49,1
75,1470001110,172,6,1,2.59,,35.67,1
75,1470001110,173,16,1,2.59,,35.67,1
75,1470001110,174,6,1,2.59,,32.47,1
75,1470001110,175,10,1,2.59,,26.02,1
75,1470001110,176,4,1,2.59,,26.02,1
75,1470001110,177,9,1,2.59,,26.02,1
75,1470001110,178,11,1,2.59,,26.02,1
75,1470001110,179,8,1,2.59,,26.02,1
75,1470001110,180,10,1,2.59,,26.02,1
75,1470001110,181,7,1,2.41,,32.36,1
75,1470001110,182,19,1,2.19,B,30.77,1
75,1470001110,183,17,1,2.19,B,30.77,1
75,1470001110,184,18,1,2.19,B,30.77,1
75,1470001110,185,18,1,2.23,B,32.01,1
75,1470001110,186,11,1,2.59,,38.68,1
75,1470001110,187,11,1,2.59,,26.02,1
75,1470001110,188,10,1,2.59,,26.02,1
75,1470001110,189,11,1,2.59,,26.02,1
75,1470001110,190,4,1,2.59,,26.02,1
75,1470001110,191,2,1,2.59,,26.02,1
75,1470001110,192,3,1,2.59,,26.02,1
75,1470001110,193,6,1,2.35,,18.46,1
75,1470001110,194,14,1,2.35,,18.46,1
75,1470001110,195,12,1,2.35,,18.46,1
75,1470001110,196,13,1,2.35,,18.46,1
75,1470001110,197,11,1,2.35,,18.46,1
75,1470001110,198,11,1,2.35,,18.46,1
75,1470001110,199,13,1,2.35,,18.46,1
75,1470001110,200,23,1,1.85,B,-3.56,1
75,1470001110,201,12,1,1.93,B,0.72,1
75,1470001110,202,10,1,2.35,,18.46,1
75,1470001110,203,11,1,2.35,,18.46,1
75,1470001110,204,10,1,2.35,,18.46,1
75,1470001110,205,12,1,2.35,,18.46,1
75,1470001110,206,5,1,2.35,,18.46,1
75,1470001110,207,10,1,2.35,,18.46,1
75,1470001110,208,8,1,2.35,,18.46,1
75,1470001110,209,21,1,2.32,,24.09,1
75,1470001110,210,16,1,2.26,B,26.28,1
75,1470001110,211,90,1,1.99,S,16.28,1
75,1470001110,212,22,1,2.26,,26.28,1
75,1470001110,213,18,1,2.26,,26.28,1
75,1470001110,214,10,1,2.35,,24.85,1
75,1470001110,215,11,1,2.35,,18.46,1
75,1470001110,216,14,1,2.35,,18.46,1
75,1470001110,217,16,1,2.35,,18.46,1
75,1470001110,218,12,1,2.35,,18.46,1
75,1470001110,219,0,1,0,,0,0
75,1470001110,220,8,1,2.6,,26.3,1
75,1470001110,221,7,1,2.69,,30.92,1
75,1470001110,222,12,1,2.29,S,33.79,1
75,1470001110,223,6,1,2.69,,43.64,1
75,1470001110,224,13,1,2.69,,43.64,1
75,1470001110,225,11,1,2.69,,43.64,1
75,1470001110,226,13,1,2.69,,37.95,1
75,1470001110,227,13,1,2.69,,28.77,1
75,1470001110,228,7,1,2.69,,28.77,1
75,1470001110,229,16,1,2.69,,28.77,1
75,1470001110,230,12,1,2.69,,28.77,1
75,1470001110,231,2,1,2.69,,28.77,1
75,1470001110,232,12,1,2.69,,28.77,1
75,1470001110,233,2,1,2.69,,28.77,1
75,1470001110,234,12,1,2.69,,41.18,1
75,1470001110,235,9,1,2.69,,43.64,1
75,3010016584,120,8,1,3.05,,31.38,1
75,3010016584,121,6,1,2.69,B,22.19,1
75,3010016584,122,5,1,2.69,B,22.19,1
75,3010016584,123,4,1,2.93,B,28.57,1
75,3010016584,124,2,1,2.93,B,28.57,1
75,3010016584,125,8,1,3.05,,31.38,1
75,3010016584,126,2,1,3.05,,27.44,1
75,3010016584,127,8,1,3.05,,27.44,1
75,3010016584,128,4,1,3.05,,27.44,1
75,3010016584,129,0,1,0,,0,1
75,3010016584,130,3,1,2.93,,28.57,1
75,3010016584,131,17,1,2.29,S,8.6,1
75,3010016584,132,2,1,3.05,S,31.38,1
75,3010016584,133,2,1,3.05,,31.38,1
75,3010016584,134,5,1,3.05,,27.44,1
75,3010016584,135,5,1,3.05,,27.44,1
75,3010016584,136,2,1,3.05,,27.44,1
75,3010016584,137,0,1,0,,0,1
75,3010016584,138,0,1,0,,0,1
75,3010016584,139,15,1,2.94,B,28.8,1
75,3010016584,140,64,1,1.74,B,20.28,1
75,3010016584,141,5,1,3.05,,29.8,1
75,3010016584,142,7,1,3.05,,27.44,1
75,3010016584,143,5,1,3.05,,27.44,1
75,3010016584,144,9,1,2.92,,30.34,1
75,3010016584,145,14,1,2.82,B,29.68,1
75,3010016584,146,12,1,2.82,B,29.68,1
75,3010016584,147,16,1,2.52,S,21.3,1
75,3010016584,148,13,1,3.05,,34.98,1
75,3010016584,149,11,1,3.05,,29.5,1
75,3010016584,150,7,1,3.05,,27.44,1
75,3010016584,151,14,1,3,,29,1
75,3010016584,152,52,1,2.14,B,7.33,1
75,3010016584,153,133,1,1.99,B,0.35,1
75,3010016584,154,13,1,1.99,B,0.35,1
75,3010016584,155,18,1,2.4,B,17.37,1
75,3010016584,156,7,1,3.05,,34.98,1
75,3010016584,157,6,1,3.05,,29.96,1
75,3010016584,158,8,1,3.05,,27.44,1
75,3010016584,159,3,1,3.05,,32.49,1
75,3010016584,160,10,1,2.82,B,29.68,1
75,3010016584,161,7,1,2.85,B,30.42,1
75,3010016584,162,21,1,2.29,S,13.4,1
75,3010016584,163,15,1,3.05,,34.98,1
75,3010016584,164,6,1,3.05,,34.98,1
75,3010016584,165,4,1,3.05,,29.34,1
75,3010016584,166,8,1,3.05,,27.44,1
75,3010016584,167,11,1,3.05,,27.44,1
75,3010016584,168,2,1,3.05,,27.44,1
75,3010016584,169,8,1,3.05,,27.44,1
75,3010016584,170,4,1,3.05,,27.44,1
75,3010016584,171,4,1,3.05,,27.44,1
75,3010016584,172,7,1,3.05,,27.44,1
75,3010016584,173,8,1,3.05,,27.44,1
75,3010016584,174,7,1,3.05,,27.44,1
75,3010016584,175,25,1,2.5,S,11.48,1
75,3010016584,176,7,1,3.05,,27.44,1
75,3010016584,177,9,1,3.05,,31.63,1
75,3010016584,178,10,1,3.05,,34.98,1
75,3010016584,179,67,1,2.29,S,13.4,1
75,3010016584,180,6,1,2.61,,24.02,1
75,3010016584,181,6,1,2.5,B,20.08,1
75,3010016584,182,4,1,3.05,,31.86,1
75,3010016584,183,0,1,0,,0,1
75,3010016584,184,1,1,3.05,,31.86,1
75,3010016584,185,1,1,3.05,,34.98,1
75,3010016584,186,10,1,3.05,,34.98,1
75,3010016584,187,16,1,2.69,S,26.28,1
75,3010016584,188,5,1,3.05,,34.98,1
75,3010016584,189,6,1,3.05,,34.98,1
75,3010016584,190,3,1,3.05,,29.96,1
75,3010016584,191,8,1,3.05,,27.44,1
75,3010016584,192,6,1,2.9,,23.68,1
75,3010016584,193,14,1,2.63,,20.87,1
75,3010016584,194,9,1,2.52,B,21.3,1
75,3010016584,195,6,1,2.52,B,21.3,1
75,3010016584,196,16,1,2.52,B,21.3,1
75,3010016584,197,11,1,2.56,B,22.53,1
75,3010016584,198,6,1,2.75,,20.94,1
75,3010016584,199,9,1,2.75,,19.52,1
75,3010016584,200,5,1,2.75,,19.52,1
75,3010016584,201,7,1,2.75,,20.8,1
75,3010016584,202,9,1,2.63,B,20.41,1
75,3010016584,203,18,1,2.59,S,19.18,1
75,3010016584,204,5,1,2.63,,20.41,1
75,3010016584,205,10,1,2.66,,21.31,1
75,3010016584,206,11,1,2.75,,20.72,1
75,3010016584,207,8,1,2.75,,19.52,1
75,3010016584,208,5,1,2.75,,19.52,1
75,3010016584,209,2,1,2.75,,19.52,1
75,3010016584,210,3,1,2.75,,19.52,1
75,3010016584,211,7,1,2.75,,19.52,1
75,3010016584,212,6,1,2.75,,19.52,1
75,3010016584,213,13,1,2.69,S,17.73,1
75,3010016584,214,3,1,2.75,,19.52,1
75,3010016584,215,8,1,2.75,,19.52,1
75,3010016584,216,3,1,2.75,,19.52,1
75,3010016584,217,3,1,2.75,,19.52,1
75,3010016584,218,12,1,2.75,,19.52,1
75,3010016584,219,0,1,0,,0,0
75,3010016584,220,6,1,2.75,,19.52,1
75,3010016584,221,7,1,2.87,,22.89,1
75,3010016584,222,1,1,3.05,,27.44,1
75,3010016584,223,1,1,3.05,,27.44,1
75,3010016584,224,4,1,3.05,,27.44,1
75,3010016584,225,6,1,3.05,,35.54,1
75,3010016584,226,8,1,3.05,,75.9,1
75,3010016584,227,4,1,3.05,,75.9,1
75,3010016584,228,0,1,0,,0,1
75,3010016584,229,8,1,3,,77,1
75,3010016584,230,8,1,2.93,B,79.01,1
75,3010016584,231,2,1,2.93,B,79.01,1
75,3010016584,232,8,1,2.93,B,79.01,1
75,3010016584,233,2,1,2.93,B,79.01,1
75,3010016584,234,7,1,3.05,B,78.16,1
75,3010016584,235,7,1,3.05,B,75.9,1
75,3010021196,120,0,1,0,,0,1
75,3010021196,121,5,1,2.69,B,22.19,1
75,3010021196,122,3,1,2.69,B,22.19,1
75,3010021196,123,5,1,2.93,B,28.57,1
75,3010021196,124,3,1,2.93,B,28.57,1
75,3010021196,125,2,1,3.05,,31.38,1
75,3010021196,126,2,1,3.05,,27.44,1
75,3010021196,127,7,1,3.05,,27.44,1
75,3010021196,128,3,1,3.05,,27.44,1
75,3010021196,129,0,1,0,,0,1
75,3010021196,130,4,1,2.93,,28.57,1
75,3010021196,131,8,1,2.29,,8.6,1
75,3010021196,132,2,1,3.05,S,31.38,1
75,3010021196,133,4,1,3.05,,31.38,1
75,3010021196,134,1,1,3.05,,27.44,1
75,3010021196,135,2,1,3.05,,27.44,1
75,3010021196,136,2,1,3.05,,29.4,1
75,3010021196,137,1,1,2.93,B,28.56,1
75,3010021196,138,3,1,2.93,B,28.56,1
75,3010021196,139,7,1,2.96,B,29.29,1
75,3010021196,140,63,1,1.58,B,32.46,1
75,3010021196,141,4,1,3.05,,28.42,1
75,3010021196,142,2,1,3.05,,27.44,1
75,3010021196,143,1,1,3.05,,27.44,1
75,3010021196,144,3,1,2.89,,31.38,1
75,3010021196,145,3,1,2.82,B,29.68,1
75,3010021196,146,2,1,2.82,B,29.68,1
75,3010021196,147,16,1,2.52,S,21.3,1
75,3010021196,148,5,1,3.05,,34.98,1
75,3010021196,149,1,1,3.05,,34.98,1
75,3010021196,150,3,1,3.05,,27.44,1
75,3010021196,151,4,1,2.99,,31.77,1
75,3010021196,152,31,1,2.09,B,5.11,1
75,3010021196,153,86,1,1.99,B,0.35,1
75,3010021196,154,14,1,1.99,B,0.35,1
75,3010021196,155,18,1,2.04,B,2.79,1
75,3010021196,156,2,1,3.05,,34.98,1
75,3010021196,157,5,1,3.05,,31.96,1
75,3010021196,158,0,1,0,,0,1
75,3010021196,159,2,1,3.05,,27.44,1
75,3010021196,160,3,1,2.82,B,29.68,1
75,3010021196,161,3,1,2.82,B,29.68,1
75,3010021196,162,5,1,2.29,S,13.4,1
75,3010021196,163,7,1,3.05,,34.98,1
75,3010021196,164,4,1,3.05,,34.98,1
75,3010021196,165,2,1,3.05,,27.44,1
75,3010021196,166,3,1,3.05,,27.44,1
75,3010021196,167,3,1,3.05,,27.44,1
75,3010021196,168,2,1,3.05,,27.44,1
75,3010021196,169,11,1,3.05,,27.44,1
75,3010021196,170,2,1,3.05,,27.44,1
75,3010021196,171,3,1,3.05,,27.44,1
75,3010021196,172,0,1,0,,0,1
75,3010021196,173,3,1,3.05,,27.44,1
75,3010021196,174,6,1,3.05,,37.6,1
75,3010021196,175,23,1,2.5,S,23.88,1
75,3010021196,176,4,1,3.05,,37.6,1
75,3010021196,177,0,1,0,,0,1
75,3010021196,178,1,1,3.05,,27.44,1
75,3010021196,179,3,1,3.05,,27.44,1
75,3010021196,180,4,1,3.05,,27.44,1
75,3010021196,181,1,1,3.05,,34.98,1
75,3010021196,182,1,1,3.05,,34.98,1
75,3010021196,183,6,1,3.05,,34.98,1
75,3010021196,184,15,1,1.99,S,0.35,1
75,3010021196,185,2,1,3.05,,34.98,1
75,3010021196,186,0,1,0,,0,1
75,3010021196,187,2,1,3.05,,27.44,1
75,3010021196,188,7,1,3.05,,27.44,1
75,3010021196,189,4,1,3.05,,27.44,1
75,3010021196,190,12,1,2.75,B,30.8,1
75,3010021196,191,7,1,2.75,B,30.8,1
75,3010021196,192,7,1,2.59,S,26.52,1
75,3010021196,193,2,1,2.75,,30.8,1
75,3010021196,194,8,1,3.05,,31.27,1
75,3010021196,195,2,1,3.05,,27.44,1
75,3010021196,196,4,1,3.05,,27.44,1
75,3010021196,197,3,1,3.05,,28.75,1
75,3010021196,198,3,1,3.05,,31.37,1
75,3010021196,199,6,1,3.05,,31.37,1
75,3010021196,200,428,1,1.52,S,-37.69,1
75,3010021196,201,7,1,2.74,S,23.61,1
75,3010021196,202,10,1,2.75,,21.27,1
75,3010021196,203,5,1,2.75,,19.52,1
75,3010021196,204,6,1,2.75,,19.52,1
75,3010021196,205,8,1,2.73,,18.93,1
75,3010021196,206,7,1,2.63,B,15.85,1
75,3010021196,207,7,1,2.63,B,15.85,1
75,3010021196,208,25,1,2.63,B,15.85,1
75,3010021196,209,318,1,1.38,B,-60.36,1
75,3010021196,210,9,1,2.75,,19.52,1
75,3010021196,211,5,1,2.75,,19.52,1
75,3010021196,212,7,1,2.75,,19.52,1
75,3010021196,213,4,1,2.75,,25.81,1
75,3010021196,214,9,1,2.49,S,20.36,1
75,3010021196,215,2,1,2.75,,27.89,1
75,3010021196,216,7,1,2.52,B,21.3,1
75,3010021196,217,3,1,2.52,B,21.3,1
75,3010021196,218,3,1,2.75,,25.12,1
75,3010021196,219,0,1,0,,0,0
75,3010021196,220,5,1,2.75,,19.52,1
75,3010021196,221,3,1,2.75,,19.52,1
75,3010021196,222,8,1,2.75,,19.52,1
75,3010021196,223,2,1,2.9,,23.68,1
75,3010021196,224,3,1,3.05,,28.75,1
75,3010021196,225,3,1,2.71,B,22.76,1
75,3010021196,226,10,1,2.71,B,22.76,1
75,3010021196,227,7,1,2.71,B,22.76,1
75,3010021196,228,6,1,2.71,B,22.76,1
75,3010021196,229,13,1,2.19,B,4.42,1
75,3010021196,230,3,1,3.05,,28.75,1
75,3010021196,231,2,1,3.05,,27.44,1
75,3010021196,232,3,1,3.05,,28.75,1
75,3010021196,233,2,1,3.05,,27.44,1
75,3010021196,234,54,1,1.99,S,8.39,1
75,3010021196,235,5,1,3.05,,38.45,1
