notes/week02/data.csv
STORE,UPC,WEEK,MOVE,QTY,PRICE,SALE,PROFIT,OK
75,3828112277,120,3,1,1.69,,51.95,1
75,3828112277,121,16,1,1.69,,51.95,1
75,3828112277,122,13,1,1.69,,51.95,1
75,3828112277,123,7,1,1.69,,51.95,1
75,3828112277,124,13,1,1.69,,51.95,1
75,3828112277,125,10,1,1.69,,51.24,1
75,3828112277,126,9,1,1.69,,51.24,1
75,3828112277,127,22,1,1.69,,51.48,1
75,3828112277,128,11,1,1.69,,52.13,1
75,3828112277,129,11,1,1.69,,52.43,1
75,3828112277,130,10,1,1.69,,52.66,1
75,3828112277,131,18,1,1.69,,52.43,1
75,3828112277,132,15,3,4,B,41.28,1
75,3828112277,133,4,1,1.69,,54.08,1
75,3828112277,134,23,1,1.69,,54.08,1
75,3828112277,135,14,1,1.69,,54.08,1
75,3828112277,136,15,1,1.61,,51.8,1
75,3828112277,137,13,1,1.59,,50.69,1
75,3828112277,138,8,1,1.59,,50.69,1
75,3828112277,139,12,1,1.59,,50.88,1
75,3828112277,140,17,1,1.59,,50.88,1
75,3828112277,141,10,1,1.59,,48.49,1
75,3828112277,142,34,1,1.5,S,49.33,1
75,3828112277,143,9,1,1.59,,52.01,1
75,3828112277,144,20,1,1.59,,50.94,1
75,3828112277,145,16,1,1.59,,52.38,1
75,3828112277,146,8,1,1.59,,51.44,1
75,3828112277,147,32,1,1.59,,50.25,1
75,3828112277,148,7,1,1.59,,50.56,1
75,3828112277,149,138,1,0.79,S,1.51,1
75,3828112277,150,23,1,1.59,,49.93,1
75,3828112277,151,18,1,1.59,,51,1
75,3828112277,152,21,1,1.5,B,48.4,1
75,3828112277,153,26,1,1.19,B,34.95,1
75,3828112277,154,35,1,1.47,B,47.34,1
75,3828112277,155,22,1,1.59,,51.5,1
75,3828112277,156,30,1,1.59,,51.5,1
75,3828112277,157,23,1,1.59,,51.5,1
75,3828112277,158,32,1,1.59,,51.5,1
75,3828112277,159,8,1,1.59,,51.57,1
75,3828112277,160,27,1,1.39,S,44.6,1
75,3828112277,161,36,1,1.59,B,51.57,1
75,3828112277,162,19,1,1.54,,50,1
75,3828112277,163,21,1,1.51,B,49,1
75,3828112277,164,43,1,1.19,B,35.29,1
75,3828112277,165,29,1,1.59,,51.57,1
75,3828112277,166,16,1,1.59,,51.57,1
75,3828112277,167,21,1,1.59,,51.57,1
75,3828112277,168,17,1,1.59,,51.57,1
75,3828112277,169,28,1,1.59,,51.57,1
75,3828112277,170,23,1,1.59,,51.57,1
75,3828112277,171,13,1,1.59,,51.57,1
75,3828112277,172,8,1,1.59,,51.57,1
75,3828112277,173,12,1,1.59,,51.57,1
75,3828112277,174,16,1,1.59,,51.57,1
75,3828112277,175,27,1,1.59,,51.57,1
75,3828112277,176,27,1,1.59,,51.57,1
75,3828112277,177,29,1,1.25,B,38.4,1
75,3828112277,178,21,1,1.59,,51.57,1
75,3828112277,179,29,1,1.59,,51.57,1
75,3828112277,180,22,1,1.19,S,35.29,1
75,3828112277,181,21,1,1.59,,51.5,1
75,3828112277,182,30,1,1.59,,49.62,1
75,3828112277,183,26,1,1.59,,50.18,1
75,3828112277,184,18,1,1.59,,50.25,1
75,3828112277,185,28,1,1.59,,48.42,1
75,3828112277,186,21,1,1.59,,47.67,1
75,3828112277,187,12,1,1.59,,47.1,1
75,3828112277,188,20,1,1.5,S,43.73,1
75,3828112277,189,29,1,1.6,,47.25,1
75,3828112277,190,16,1,1.65,,48.96,1
75,3828112277,191,17,1,1.59,B,47.61,1
75,3828112277,192,38,1,1.64,B,49.2,1
75,3828112277,193,18,1,1.69,,50.41,1
75,3828112277,194,27,1,1.69,,50.11,1
75,3828112277,195,10,1,1.69,,50.47,1
75,3828112277,196,21,1,1.69,,50.88,1
75,3828112277,197,26,1,1.69,,51.12,1
75,3828112277,198,18,1,1.69,,50.76,1
75,3828112277,199,27,1,1.69,,51.12,1
75,3828112277,200,14,1,1.69,,50.82,1
75,3828112277,201,18,1,1.69,,50.76,1
75,3828112277,202,12,1,1.69,,50.82,1
75,3828112277,203,13,1,1.69,,50.82,1
75,3828112277,204,30,1,1.69,,51.36,1
75,3828112277,205,12,1,1.69,,52.95,1
75,3828112277,206,47,1,0.99,S,21.81,1
75,3828112277,207,20,1,1.19,S,34.95,1
75,3828112277,208,4,1,1.69,,54.43,1
75,3828112277,209,16,1,1.69,,53.49,1
75,3828112277,210,17,1,1.69,,52.66,1
75,3828112277,211,17,1,1.69,,51,1
75,3828112277,212,13,1,1.69,,52.36,1
75,3828112277,213,14,1,1.69,,52.48,1
75,3828112277,214,42,1,1.39,S,45.39,1
75,3828112277,215,8,1,1.69,,53.31,1
75,3828112277,216,16,1,1.19,S,32.77,1
75,3828112277,217,18,1,1.69,,52.95,1
75,3828112277,218,13,1,1.69,,52.36,1
75,3828112277,219,0,1,0,,0,0
75,3828112277,220,6,1,1.69,,51.77,1
75,3828112277,221,6,1,1.69,,51.77,1
75,3828112277,222,14,1,1.69,,50.53,1
75,3828112277,223,4,1,1.69,,50.47,1
75,3828112277,224,8,1,1.69,,50.23,1
75,3828112277,225,12,1,1.69,,50.11,1
75,3828112277,226,3,1,1.69,,50.29,1
75,3828112277,227,10,1,1.69,,52.42,1
75,3828112277,228,9,1,1.69,,53.31,1
75,3828112277,229,20,1,1.19,S,34.11,1
75,3828112277,230,19,1,1.66,S,52.83,1
75,3828112277,231,12,1,1.69,,54.26,1
75,3828112277,232,19,1,1.66,S,52.83,1
75,3828112277,233,12,1,1.69,,54.26,1
75,3828112277,234,15,1,1.69,S,53.01,1
75,3828112277,235,5,1,1.69,S,53.01,1
75,3828112289,120,5,1,2.39,,40.42,1
75,3828112289,121,7,1,2.39,,40.42,1
75,3828112289,122,6,1,2.39,,40.42,1
75,3828112289,123,3,1,2.39,,39.21,1
75,3828112289,124,8,1,2.29,B,36.55,1
75,3828112289,125,6,1,2.39,,40.75,1
75,3828112289,126,0,1,0,,0,1
75,3828112289,127,2,1,2.39,,56.4,1
75,3828112289,128,2,1,2.39,,52.47,1
75,3828112289,129,3,1,2.39,,46.28,1
75,3828112289,130,6,1,2.39,,46.82,1
75,3828112289,131,5,1,2.19,,39.41,1
75,3828112289,132,8,1,2.19,,41.32,1
75,3828112289,133,5,1,2.19,,41.32,1
75,3828112289,134,5,1,2.07,,37.77,1
75,3828112289,135,17,1,1.89,B,31.11,1
75,3828112289,136,13,1,2.05,B,36.48,1
75,3828112289,137,5,1,2.19,,40.54,1
75,3828112289,138,2,1,2.19,,40.54,1
75,3828112289,139,5,1,2.19,,40.54,1
75,3828112289,140,5,1,2.19,,40.54,1
75,3828112289,141,2,1,2.19,,40.54,1
75,3828112289,142,6,1,2.19,,37.3,1
75,3828112289,143,4,1,2.19,,34.15,1
75,3828112289,144,2,1,2.19,,32.73,1
75,3828112289,145,4,1,2.19,,32.64,1
75,3828112289,146,8,1,2.06,,28.2,1
75,3828112289,147,13,1,1.99,,25.67,1
75,3828112289,148,7,1,1.99,,26.03,1
75,3828112289,149,12,1,1.99,,26.13,1
75,3828112289,150,14,1,1.99,,26.13,1
75,3828112289,151,6,1,1.99,,25.82,1
75,3828112289,152,7,1,1.99,,27.08,1
75,3828112289,153,6,1,1.49,B,5.57,1
75,3828112289,154,4,1,1.61,B,13.47,1
75,3828112289,155,6,1,1.99,,30.35,1
75,3828112289,156,14,1,1.99,,30.35,1
75,3828112289,157,13,1,1.99,,30.35,1
75,3828112289,158,13,1,1.99,,30.35,1
75,3828112289,159,52,1,1.89,B,26.66,1
75,3828112289,160,8,1,1.99,,30.35,1
75,3828112289,161,10,1,1.99,B,30.45,1
75,3828112289,162,13,1,1.96,,29.94,1
75,3828112289,163,12,1,1.91,B,27.95,1
75,3828112289,164,30,1,1.49,B,7.51,1
75,3828112289,165,8,1,1.99,,30.75,1
75,3828112289,166,15,1,1.99,,29.39,1
75,3828112289,167,7,1,1.99,,29.69,1
75,3828112289,168,8,1,1.99,,29.69,1
75,3828112289,169,13,1,1.89,S,25.97,1
75,3828112289,170,13,1,1.99,,29.69,1
75,3828112289,171,4,1,1.99,,29.69,1
75,3828112289,172,12,1,1.99,,29.69,1
75,3828112289,173,7,1,1.99,,29.69,1
75,3828112289,174,7,1,1.99,,29.69,1
75,3828112289,175,12,1,1.99,,29.69,1
75,3828112289,176,8,1,1.99,,29.69,1
75,3828112289,177,9,1,1.99,,27.98,1
75,3828112289,178,6,1,1.99,,26.58,1
75,3828112289,179,16,1,1.99,,28.19,1
75,3828112289,180,27,1,1.49,S,6.44,1
75,3828112289,181,6,1,1.99,,29.44,1
75,3828112289,182,22,1,1.89,S,22.59,1
75,3828112289,183,11,1,1.99,,27.48,1
75,3828112289,184,5,1,1.99,,27.53,1
75,3828112289,185,10,1,1.99,,27.53,1
75,3828112289,186,13,1,1.99,,27.53,1
75,3828112289,187,10,1,1.99,,27.53,1
75,3828112289,188,8,1,1.99,,26.78,1
75,3828112289,189,14,1,1.99,,25.92,1
75,3828112289,190,12,1,1.99,,25.82,1
75,3828112289,191,12,1,1.99,,26.43,1
75,3828112289,192,14,1,1.99,,26.28,1
75,3828112289,193,2,1,1.99,,26.33,1
75,3828112289,194,5,1,1.99,,25.72,1
75,3828112289,195,12,1,1.99,,27.33,1
75,3828112289,196,6,1,1.99,,25.82,1
75,3828112289,197,8,1,1.99,,27.73,1
75,3828112289,198,6,1,1.99,,25.82,1
75,3828112289,199,14,1,1.99,,26.63,1
75,3828112289,200,7,1,1.99,,26.38,1
75,3828112289,201,8,1,1.99,,26.13,1
75,3828112289,202,8,1,1.99,,26.43,1
75,3828112289,203,7,1,1.99,,26.18,1
75,3828112289,204,3,1,1.99,,26.18,1
75,3828112289,205,15,1,1.99,,25.82,1
75,3828112289,206,6,1,1.99,,27.53,1
75,3828112289,207,11,1,1.49,S,7.18,1
75,3828112289,208,6,1,2.29,,39.69,1
75,3828112289,209,5,1,2.37,,40.97,1
75,3828112289,210,1,1,2.49,,42.69,1
75,3828112289,211,2,1,2.49,,42.08,1
75,3828112289,212,6,1,2.07,G,32.89,1
75,3828112289,213,3,1,2.49,,44.81,1
75,3828112289,214,4,1,2.49,,44.81,1
75,3828112289,215,4,1,2.49,,44.69,1
75,3828112289,216,7,1,1.86,S,25,1
75,3828112289,217,7,1,2.4,S,42.04,1
75,3828112289,218,5,1,2.49,,44.13,1
75,3828112289,219,0,1,0,,0,0
75,3828112289,220,7,1,2.49,,42.85,1
75,3828112289,221,4,1,2.49,,42.85,1
75,3828112289,222,1,1,2.49,,42.85,1
75,3828112289,223,5,1,2.49,,40.56,1
75,3828112289,224,3,1,2.49,,40.88,1
75,3828112289,225,4,1,2.49,,40.88,1
75,3828112289,226,5,1,2.49,,40.68,1
75,3828112289,227,2,1,2.49,,40.68,1
75,3828112289,228,7,1,2.49,,40.68,1
75,3828112289,229,8,1,2.49,,40.6,1
75,3828112289,230,8,1,2.49,,40.6,1
75,3828112289,231,4,1,2.49,,41.56,1
75,3828112289,232,8,1,2.49,,40.6,1
75,3828112289,233,4,1,2.49,,41.56,1
75,3828112289,234,1,1,2.49,S,46.74,1
75,4400000516,120,15,1,2.81,B,28.11,1
75,4400000516,121,7,1,2.81,B,28.11,1
75,4400000516,122,6,1,2.93,,26.96,1
75,4400000516,123,9,1,2.93,,26.96,1
75,4400000516,124,11,1,2.93,,26.96,1
75,4400000516,125,15,1,2.93,,31.06,1
75,4400000516,126,26,1,2.79,B,27.6,1
75,4400000516,127,12,1,2.79,B,27.6,1
75,4400000516,128,19,1,2.81,B,28.11,1
75,4400000516,129,6,1,2.93,,31.06,1
75,4400000516,130,10,1,2.93,,26.96,1
75,4400000516,131,10,1,2.93,,26.96,1
75,4400000516,132,8,1,2.93,,26.96,1
75,4400000516,133,5,1,2.93,,26.96,1
75,4400000516,134,6,1,2.93,,26.96,1
75,4400000516,135,13,1,2.93,,26.96,1
75,4400000516,136,10,1,2.93,,26.96,1
75,4400000516,137,9,1,2.93,,26.96,1
75,4400000516,138,7,1,2.93,,26.96,1
75,4400000516,139,9,1,2.93,,26.96,1
75,4400000516,140,9,1,2.74,,25.8,1
75,4400000516,141,24,1,2.69,B,24.9,1
75,4400000516,142,21,1,2.69,B,24.9,1
75,4400000516,143,12,1,2.77,B,27.07,1
75,4400000516,144,16,1,2.93,,31.05,1
75,4400000516,145,5,1,2.93,,28.6,1
75,4400000516,146,15,1,2.93,,26.96,1
75,4400000516,147,4,1,2.93,,26.96,1
75,4400000516,148,12,1,2.85,,28.42,1
75,4400000516,149,17,1,2.81,B,28.11,1
75,4400000516,150,145,1,1.99,S,1.5,1
75,4400000516,151,10,1,2.93,,31.05,1
75,4400000516,152,13,1,2.93,,26.96,1
75,4400000516,153,14,1,2.93,,26.96,1
75,4400000516,154,7,1,2.93,,26.96,1
75,4400000516,155,12,1,2.93,,26.96,1
75,4400000516,156,16,1,2.93,,26.96,1
75,4400000516,157,9,1,2.93,,26.96,1
75,4400000516,158,6,1,2.93,,26.96,1
75,4400000516,159,14,1,2.93,,26.96,1
75,4400000516,160,15,1,2.93,,26.96,1
75,4400000516,161,8,1,2.93,,26.96,1
75,4400000516,162,2,1,2.93,,26.96,1
75,4400000516,163,7,1,2.93,,26.96,1
75,4400000516,164,7,1,2.93,,26.96,1
75,4400000516,165,9,1,2.93,,26.96,1
75,4400000516,166,4,1,2.93,,26.96,1
75,4400000516,167,13,1,2.93,,26.96,1
75,4400000516,168,10,1,2.93,,30.44,1
75,4400000516,169,23,1,2.19,,8.9,1
75,4400000516,170,56,1,1.99,B,0.25,1
75,4400000516,171,10,1,2.93,,31.39,1
75,4400000516,172,13,1,2.93,,26.96,1
75,4400000516,173,15,1,2.93,,26.96,1
75,4400000516,174,13,1,2.93,,26.96,1
75,4400000516,175,6,1,2.93,,26.96,1
75,4400000516,176,7,1,2.93,,26.96,1
75,4400000516,177,8,1,2.93,,26.96,1
75,4400000516,178,4,1,2.93,,26.96,1
75,4400000516,179,12,1,2.93,,26.96,1
75,4400000516,180,10,1,2.93,,26.96,1
75,4400000516,181,7,1,2.93,,26.96,1
75,4400000516,182,8,1,2.93,,26.96,1
75,4400000516,183,5,1,2.93,,26.96,1
75,4400000516,184,16,1,2.93,,26.96,1
75,4400000516,185,11,1,2.93,,26.96,1
75,4400000516,186,8,1,2.93,,26.96,1
75,4400000516,187,15,1,2.93,,28.87,1
75,4400000516,188,20,1,2.49,S,18.87,1
75,4400000516,189,7,1,2.93,,31.05,1
75,4400000516,190,11,1,2.93,,30.71,1
75,4400000516,191,10,1,2.93,,26.96,1
75,4400000516,192,15,1,2.87,,25.43,1
75,4400000516,193,6,1,2.65,,19.24,1
75,4400000516,194,10,1,2.65,,19.24,1
75,4400000516,195,8,1,2.65,,19.24,1
75,4400000516,196,7,1,2.65,,19.24,1
75,4400000516,197,19,1,2.65,,19.24,1
75,4400000516,198,6,1,2.65,,19.24,1
75,4400000516,199,22,1,1.98,S,-8.08,1
75,4400000516,200,6,1,2.65,,19.24,1
75,4400000516,201,11,1,2.65,,19.24,1
75,4400000516,202,11,1,2.65,,19.24,1
75,4400000516,203,13,1,2.65,,21.69,1
75,4400000516,204,11,1,2.65,,23.77,1
75,4400000516,205,35,1,1.99,S,-1.5,1
75,4400000516,206,10,1,2.65,,23.77,1
75,4400000516,207,10,1,2.65,,19.24,1
75,4400000516,208,10,1,2.65,,19.24,1
75,4400000516,209,3,1,2.65,,19.24,1
75,4400000516,210,7,1,2.65,,19.24,1
75,4400000516,211,14,1,2.65,,19.24,1
75,4400000516,212,14,1,2.65,,19.24,1
75,4400000516,213,10,1,2.65,,19.24,1
75,4400000516,214,11,1,2.65,,19.24,1
75,4400000516,215,3,1,2.65,,19.24,1
75,4400000516,216,4,1,2.65,,19.24,1
75,4400000516,217,10,1,2.65,,19.24,1
75,4400000516,218,10,1,2.65,,19.24,1
75,4400000516,219,0,1,0,,0,0
75,4400000516,220,6,1,2.87,,25.43,1
75,4400000516,221,5,1,2.99,,28.42,1
75,4400000516,222,25,1,2.29,S,6.55,1
75,4400000516,223,8,1,2.81,S,23.84,1
75,4400000516,224,6,1,2.99,,28.42,1
75,4400000516,225,10,1,2.99,,28.42,1
75,4400000516,226,9,1,2.99,,27.62,1
75,4400000516,227,13,1,2.99,,25.98,1
75,4400000516,228,5,1,2.99,,25.98,1
75,4400000516,229,12,1,2.99,,25.98,1
75,4400000516,230,49,1,1.99,B,-11.2,1
75,4400000516,231,26,1,2.22,B,0.31,1
75,4400000516,232,49,1,1.99,B,-11.2,1
75,4400000516,233,26,1,2.22,B,0.31,1
75,4400000516,234,15,1,2.99,,25.98,1
75,4400000527,120,6,1,2.84,,27.29,1
75,4400000527,121,14,1,2.84,,27.29,1
75,4400000527,122,23,1,2.84,,27.29,1
75,4400000527,123,17,1,2.84,,27.29,1
75,4400000527,124,19,1,2.84,,27.29,1
75,4400000527,125,16,1,2.64,B,29.51,1
75,4400000527,126,17,1,2.84,,34.47,1
75,4400000527,127,19,2,5,B,25.56,1
75,4400000527,128,33,2,5,B,25.56,1
75,4400000527,129,9,1,2.84,,34.47,1
75,4400000527,130,22,1,2.84,,27.29,1
75,4400000527,131,21,1,2.84,,27.29,1
75,4400000527,132,15,1,2.84,,27.29,1
75,4400000527,133,2,1,2.6,B,29.8,1
75,4400000527,134,23,1,2.58,,29.26,1
75,4400000527,135,44,1,1.99,B,8.29,1
75,4400000527,136,11,1,2.22,B,17.79,1
75,4400000527,137,10,1,2.84,,33.2,1
75,4400000527,138,10,1,2.84,,27.28,1
75,4400000527,139,24,1,2.84,,27.28,1
75,4400000527,140,21,1,2.79,,28.67,1
75,4400000527,141,19,1,2.72,B,28.49,1
75,4400000527,142,17,1,2.76,B,29.52,1
75,4400000527,143,20,1,2.19,S,11.18,1
75,4400000527,144,15,1,2.84,,31.51,1
75,4400000527,145,16,1,2.84,,28.62,1
75,4400000527,146,16,1,2.84,,27.28,1
75,4400000527,147,32,1,2.87,,28.04,1
75,4400000527,148,23,1,2.89,,31.28,1
75,4400000527,149,217,1,1.44,S,35.06,1
75,4400000527,150,18,1,2.89,,32.69,1
75,4400000527,151,21,1,2.89,,32.69,1
75,4400000527,152,10,1,2.89,,28.54,1
75,4400000527,153,14,1,2.89,,28.54,1
75,4400000527,154,27,1,2.89,,28.54,1
75,4400000527,155,7,1,2.89,,28.54,1
75,4400000527,156,23,1,2.89,,28.54,1
75,4400000527,157,18,1,2.89,,28.54,1
75,4400000527,158,26,1,2.89,,29.51,1
75,4400000527,159,31,1,2.59,S,24.63,1
75,4400000527,160,9,1,2.89,,30.1,1
75,4400000527,161,24,1,2.89,,30.1,1
75,4400000527,162,10,1,2.89,,25.95,1
75,4400000527,163,14,1,2.89,,25.95,1
75,4400000527,164,12,1,2.89,,25.95,1
75,4400000527,165,20,1,2.89,,25.95,1
75,4400000527,166,15,1,2.59,S,17.37,1
75,4400000527,167,7,1,2.89,,25.95,1
75,4400000527,168,8,1,2.89,,25.95,1
75,4400000527,169,23,1,2.89,,25.95,1
75,4400000527,170,19,1,2.89,,25.95,1
75,4400000527,171,8,1,2.89,,25.95,1
75,4400000527,172,10,1,2.89,,25.95,1
75,4400000527,173,8,1,2.89,,25.95,1
75,4400000527,174,16,1,2.89,,25.95,1
75,4400000527,175,22,1,2.89,,25.95,1
75,4400000527,176,10,1,2.89,,25.95,1
75,4400000527,177,14,1,2.89,,27.43,1
75,4400000527,178,103,1,1.59,S,-27.04,1
75,4400000527,179,26,1,2.89,,30.1,1
75,4400000527,180,13,1,2.89,,30.1,1
75,4400000527,181,18,1,2.89,,25.95,1
75,4400000527,182,27,1,2.89,,25.95,1
75,4400000527,183,14,1,2.89,,27.16,1
75,4400000527,184,12,1,2.89,,30.1,1
75,4400000527,185,27,1,2.59,S,22,1
75,4400000527,186,25,1,2.89,,30.1,1
75,4400000527,187,18,1,2.69,S,24.9,1
75,4400000527,188,27,1,2.89,,30.1,1
75,4400000527,189,32,1,2.89,,25.95,1
75,4400000527,190,13,1,2.89,,25.95,1
75,4400000527,191,21,1,2.89,,25.95,1
75,4400000527,192,31,1,2.7,,20.74,1
75,4400000527,193,16,1,2.59,,17.37,1
75,4400000527,194,27,1,2.59,,17.37,1
75,4400000527,195,15,1,2.59,,18.91,1
75,4400000527,196,17,1,2.59,,22,1
75,4400000527,197,45,1,2.59,,22,1
75,4400000527,198,22,1,2.59,,22,1
75,4400000527,199,21,1,2.59,,17.37,1
75,4400000527,200,14,1,2.59,,17.37,1
75,4400000527,201,22,1,2.59,,17.37,1
75,4400000527,202,11,1,2.59,,17.37,1
75,4400000527,203,27,1,2.59,,19.26,1
75,4400000527,204,26,1,2.59,,22,1
75,4400000527,205,25,1,2.59,,22,1
75,4400000527,206,21,1,2.59,,22,1
75,4400000527,207,15,1,2.59,,17.37,1
75,4400000527,208,16,1,2.59,,17.37,1
75,4400000527,209,13,1,2.59,,17.37,1
75,4400000527,210,30,1,2.59,,17.37,1
75,4400000527,211,14,1,2.59,,19.38,1
75,4400000527,212,51,1,2.59,,22,1
75,4400000527,213,39,1,2.59,,22,1
75,4400000527,214,10,1,2.59,,22,1
75,4400000527,215,14,1,2.59,,17.37,1
75,4400000527,216,20,1,2.59,,17.37,1
75,4400000527,217,25,1,2.59,,17.37,1
75,4400000527,218,8,1,2.59,,17.37,1
75,4400000527,219,0,1,0,,0,0
75,4400000527,220,14,1,2.7,,25.18,1
75,4400000527,221,14,1,2.49,S,18.87,1
75,4400000527,222,11,1,2.94,S,31.29,1
75,4400000527,223,13,1,2.99,,30.9,1
75,4400000527,224,3,1,2.99,,28.42,1
75,4400000527,225,9,1,2.99,,28.42,1
75,4400000527,226,22,1,2.99,,26.55,1
75,4400000527,227,20,1,2.99,,25.98,1
75,4400000527,228,14,1,2.99,,25.98,1
75,4400000527,229,10,1,2.99,,25.98,1
75,4400000527,230,21,1,2.99,,25.98,1
75,4400000527,231,12,1,2.99,,27.65,1
75,4400000527,232,21,1,2.99,,25.98,1
75,4400000527,233,12,1,2.99,,27.65,1
75,4400000527,234,27,1,2.31,S,9.39,1
