notes/week02/data.csv
STORE,UPC,WEEK,MOVE,QTY,PRICE,SALE,PROFIT,OK
75,4400000551,120,23,1,2.99,,25.99,1
75,4400000551,121,11,1,2.99,,25.99,1
75,4400000551,122,12,1,2.99,,30,1
75,4400000551,123,16,1,2.99,,30,1
75,4400000551,124,21,1,2.99,,30,1
75,4400000551,125,23,1,2.87,B,27.07,1
75,4400000551,126,20,1,2.87,B,27.07,1
75,4400000551,127,11,1,2.99,,30,1
75,4400000551,128,88,1,2.99,C,30,1
75,4400000551,129,18,1,2.99,C,30,1
75,4400000551,130,14,1,2.99,,25.99,1
75,4400000551,131,20,1,2.99,,25.99,1
75,4400000551,132,19,1,2.99,,25.99,1
75,4400000551,133,12,1,2.69,B,28.88,1
75,4400000551,134,27,1,2.43,,21.27,1
75,4400000551,135,72,1,1.99,B,3.86,1
75,4400000551,136,38,1,2.04,B,6.22,1
75,4400000551,137,26,1,2.99,,29.46,1
75,4400000551,138,10,1,2.99,,25.98,1
75,4400000551,139,13,1,2.99,,25.98,1
75,4400000551,140,18,1,2.99,,28.66,1
75,4400000551,141,16,1,2.99,,30,1
75,4400000551,142,80,1,1.99,S,5.17,1
75,4400000551,143,25,1,2.95,,29.05,1
75,4400000551,144,32,1,2.91,B,28.07,1
75,4400000551,145,35,1,2.99,,27.95,1
75,4400000551,146,23,1,2.99,,25.98,1
75,4400000551,147,22,1,2.99,,25.98,1
75,4400000551,148,22,1,2.99,,25.98,1
75,4400000551,149,27,1,2.99,,25.98,1
75,4400000551,150,31,1,2.99,,28.72,1
75,4400000551,151,620,1,1.48,,41.41,1
75,4400000551,152,18,1,2.99,,30,1
75,4400000551,153,18,1,2.99,,30,1
75,4400000551,154,15,1,2.99,,25.98,1
75,4400000551,155,25,1,2.99,,25.98,1
75,4400000551,156,22,1,2.99,,27.82,1
75,4400000551,157,17,1,2.99,,30,1
75,4400000551,158,47,1,2.49,S,15.94,1
75,4400000551,159,20,1,2.99,,30,1
75,4400000551,160,17,1,2.99,,25.98,1
75,4400000551,161,20,1,2.99,,25.98,1
75,4400000551,162,23,1,2.99,,25.98,1
75,4400000551,163,36,1,2.99,,25.98,1
75,4400000551,164,14,1,2.99,,28.59,1
75,4400000551,165,32,1,2.59,S,19.18,1
75,4400000551,166,18,1,2.99,,30,1
75,4400000551,167,36,1,2.99,,30,1
75,4400000551,168,31,1,2.99,,25.98,1
75,4400000551,169,22,1,2.99,,25.98,1
75,4400000551,170,25,1,2.99,,25.98,1
75,4400000551,171,16,1,2.99,,25.98,1
75,4400000551,172,18,1,2.99,,25.98,1
75,4400000551,173,22,1,2.99,,25.98,1
75,4400000551,174,23,1,2.99,,25.98,1
75,4400000551,175,31,1,2.99,,27.55,1
75,4400000551,176,23,1,2.99,,30,1
75,4400000551,177,57,1,2.24,S,6.56,1
75,4400000551,178,26,1,2.99,,30,1
75,4400000551,179,19,1,2.99,,27.25,1
75,4400000551,180,33,1,2.99,,30,1
75,4400000551,181,551,1,1.49,S,-40.46,1
75,4400000551,182,19,1,2.99,,30,1
75,4400000551,183,26,1,2.99,,25.98,1
75,4400000551,184,14,1,2.99,,25.98,1
75,4400000551,185,18,1,2.99,,27.12,1
75,4400000551,186,22,1,2.99,,30,1
75,4400000551,187,26,1,2.99,,30,1
75,4400000551,188,16,1,2.99,,30,1
75,4400000551,189,21,1,2.99,,30,1
75,4400000551,190,27,1,2.99,,29.73,1
75,4400000551,191,16,1,2.99,,25.98,1
75,4400000551,192,26,1,2.87,,22.89,1
75,4400000551,193,24,1,2.69,,17.73,1
75,4400000551,194,30,1,2.69,,17.73,1
75,4400000551,195,46,1,2.69,,20.74,1
75,4400000551,196,648,1,1.34,S,-56.19,1
75,4400000551,197,7,1,2.69,,22.19,1
75,4400000551,198,30,1,2.69,,22.19,1
75,4400000551,199,25,1,2.69,,17.73,1
75,4400000551,200,23,1,2.69,,17.73,1
75,4400000551,201,32,1,2.69,,19.4,1
75,4400000551,202,26,1,2.69,,22.19,1
75,4400000551,203,45,1,2.69,,22.19,1
75,4400000551,204,1019,1,1.41,G,-48.43,1
75,4400000551,205,31,1,2.69,,17.73,1
75,4400000551,206,33,1,2.69,,17.73,1
75,4400000551,207,27,1,2.69,,17.73,1
75,4400000551,208,25,1,2.69,,17.73,1
75,4400000551,209,39,1,2.69,,17.73,1
75,4400000551,210,887,1,1.34,S,-65.14,1
75,4400000551,211,34,1,2.69,,17.73,1
75,4400000551,212,19,1,2.69,,17.73,1
75,4400000551,213,27,1,2.69,,17.73,1
75,4400000551,214,29,1,2.69,,17.73,1
75,4400000551,215,25,1,2.69,,17.73,1
75,4400000551,216,28,1,2.69,,17.73,1
75,4400000551,217,23,1,2.69,,19.1,1
75,4400000551,218,52,1,2.49,S,15.94,1
75,4400000551,219,0,1,0,,0,0
75,4400000551,220,16,1,2.69,,22.19,1
75,4400000551,221,33,1,2.69,,18.02,1
75,4400000551,222,18,1,2.69,,17.73,1
75,4400000551,223,28,1,2.81,,21.24,1
75,4400000551,224,13,1,2.99,,25.98,1
75,4400000551,225,30,1,2.99,,25.98,1
75,4400000551,226,39,1,2.99,,29.89,1
75,4400000551,227,444,1,1.28,,-63.51,1
75,4400000551,228,38,1,2.99,,30,1
75,4400000551,229,24,1,2.99,,26.15,1
75,4400000551,230,41,1,2.99,,25.98,1
75,4400000551,231,27,1,2.99,,27.32,1
75,4400000551,232,41,1,2.99,,25.98,1
75,4400000551,233,27,1,2.99,,27.32,1
75,4400000551,234,49,1,2.01,G,26.16,1
75,4400000655,120,1,1,3.25,,40.06,1
75,4400000655,121,5,1,2.69,,27.58,1
75,4400000655,122,3,1,2.69,B,27.58,1
75,4400000655,123,3,1,3.01,B,35.28,1
75,4400000655,124,2,1,3.01,B,35.28,1
75,4400000655,125,2,1,3.25,,40.06,1
75,4400000655,126,1,1,3.25,,27.35,1
75,4400000655,127,2,1,3.25,,27.35,1
75,4400000655,128,5,1,3.25,,27.35,1
75,4400000655,129,6,1,2.99,,29.06,1
75,4400000655,130,1,1,3.25,,34.74,1
75,4400000655,131,6,1,3.25,,34.74,1
75,4400000655,132,42,3,5,B,27.77,1
75,4400000655,133,11,3,5,,27.77,1
75,4400000655,134,2,1,3.25,,27.35,1
75,4400000655,135,1,1,3.25,,27.35,1
75,4400000655,136,3,1,3.25,,32.27,1
75,4400000655,137,1,1,3.25,,34.73,1
75,4400000655,138,12,1,1.99,S,6.58,1
75,4400000655,139,3,1,3.17,,33.09,1
75,4400000655,140,3,1,3.01,B,29.53,1
75,4400000655,141,2,1,3.25,,34.73,1
75,4400000655,142,0,1,0,,0,1
75,4400000655,143,6,1,3.25,,27.35,1
75,4400000655,144,2,1,3.25,,27.35,1
75,4400000655,145,9,1,1.99,S,8.29,1
75,4400000655,146,1,1,3.25,,43.84,1
75,4400000655,147,2,1,3.25,,35.6,1
75,4400000655,148,2,1,3.25,,27.35,1
75,4400000655,149,1,1,3.25,,27.35,1
75,4400000655,150,2,1,3.25,,27.35,1
75,4400000655,151,2,1,3.25,,27.35,1
75,4400000655,152,2,1,3.25,,29.2,1
75,4400000655,153,2,1,3.25,,31.04,1
75,4400000655,154,33,1,1.62,S,38.33,1
75,4400000655,155,6,1,3.25,,31.04,1
75,4400000655,156,0,1,0,,0,1
75,4400000655,157,0,1,0,,0,1
75,4400000655,158,2,1,3.25,,27.35,1
75,4400000655,159,1,1,3.25,,27.35,1
75,4400000655,160,2,1,3.25,S,29.2,1
75,4400000655,161,6,1,3.25,,31.04,1
75,4400000655,162,88,1,1.62,S,38.33,1
75,4400000655,163,4,1,3.25,,31.04,1
75,4400000655,164,1,1,3.25,,27.35,1
75,4400000655,165,1,1,3.25,,27.35,1
75,4400000655,166,5,1,3.25,,27.35,1
75,4400000655,167,1,1,3.25,,27.35,1
75,4400000655,168,2,1,3.25,,27.35,1
75,4400000655,169,3,1,3.25,,27.35,1
75,4400000655,170,2,1,3.25,,27.35,1
75,4400000655,171,3,1,3.25,,27.35,1
75,4400000655,172,1,1,3.25,,27.35,1
75,4400000655,173,3,1,3.25,,28.58,1
75,4400000655,174,1,1,3.25,,31.04,1
75,4400000655,175,1,1,3.25,,31.04,1
75,4400000655,176,68,1,1.81,G,23.81,1
75,4400000655,177,1,1,3.25,,31.04,1
75,4400000655,178,1,1,3.25,,31.04,1
75,4400000655,179,4,1,3.25,,27.35,1
75,4400000655,180,3,1,3.25,,27.35,1
75,4400000655,181,3,1,3.25,,27.35,1
75,4400000655,182,3,1,3.25,,31.04,1
75,4400000655,183,3,1,3.25,,31.04,1
75,4400000655,184,425,1,0.99,S,-26.36,1
75,4400000655,185,5,1,3.25,,27.35,1
75,4400000655,186,6,1,3.25,,27.35,1
75,4400000655,187,6,1,3.25,,27.35,1
75,4400000655,188,7,1,3.15,B,25.04,1
75,4400000655,189,6,1,3.25,,27.35,1
75,4400000655,190,2,1,3.25,,27.35,1
75,4400000655,191,4,1,3.25,,28.27,1
75,4400000655,192,5,1,3.25,,31.04,1
75,4400000655,193,110,1,1.95,G,-14.92,1
75,4400000655,194,4,1,3.25,,31.04,1
75,4400000655,195,7,1,3.12,,24.32,1
75,4400000655,196,8,1,2.95,,19.96,1
75,4400000655,197,5,1,2.95,,21.59,1
75,4400000655,198,7,1,2.95,,24.03,1
75,4400000655,199,17,1,2.21,S,-1.4,1
75,4400000655,200,1,1,2.95,,24.03,1
75,4400000655,201,3,1,2.95,,19.96,1
75,4400000655,202,5,1,2.95,,19.96,1
75,4400000655,203,3,1,2.95,,19.96,1
75,4400000655,204,4,1,2.95,,19.96,1
75,4400000655,205,4,1,2.95,,19.96,1
75,4400000655,206,4,1,2.95,,19.96,1
75,4400000655,207,6,1,2.95,,22,1
75,4400000655,208,120,1,1.45,G,-54.55,1
75,4400000655,209,2,1,2.95,,24.03,1
75,4400000655,210,0,1,0,,0,1
75,4400000655,211,5,1,2.95,,21.35,1
75,4400000655,212,7,1,2.89,S,25.32,1
75,4400000655,213,9,1,2.89,S,25.32,1
75,4400000655,214,3,1,2.95,,26.84,1
75,4400000655,215,223,1,1.47,S,-46.8,1
75,4400000655,216,3,1,2.95,,26.84,1
75,4400000655,217,3,1,2.95,,19.96,1
75,4400000655,218,1,1,2.95,,19.96,1
75,4400000655,219,0,1,0,,0,0
75,4400000655,220,5,1,2.95,,19.96,1
75,4400000655,221,3,1,3.29,,28.23,1
75,4400000655,222,1,1,3.29,,28.23,1
75,4400000655,223,0,1,0,,0,1
75,4400000655,224,2,1,3.29,,28.23,1
75,4400000655,225,2,1,3.29,,28.23,1
75,4400000655,226,4,1,3.29,,30.75,1
75,4400000655,227,3,1,3.29,,29.63,1
75,4400000655,228,41,1,1.99,S,-16.33,1
75,4400000655,229,2,1,3.29,,29.63,1
75,4400000655,230,1,1,3.29,,29.63,1
75,4400000655,231,0,1,0,,0,1
75,4400000655,232,1,1,3.29,,29.63,1
75,4400000655,233,0,1,0,,0,1
75,4400000655,234,4,1,3.29,,29.63,1
75,4400000720,120,16,1,3.25,,40.06,1
75,4400000720,121,25,1,2.69,,27.58,1
75,4400000720,122,22,1,2.69,B,27.58,1
75,4400000720,123,19,1,3.01,B,35.28,1
75,4400000720,124,19,1,3.01,B,35.28,1
75,4400000720,125,8,1,3.25,,40.06,1
75,4400000720,126,7,1,3.25,,27.35,1
75,4400000720,127,9,1,3.25,,27.35,1
75,4400000720,128,10,1,3.25,,27.35,1
75,4400000720,129,17,1,2.99,,29.06,1
75,4400000720,130,6,1,3.25,,34.74,1
75,4400000720,131,35,1,3.25,,34.74,1
75,4400000720,132,229,3,5,B,27.77,1
75,4400000720,133,4,1,3.25,,34.73,1
75,4400000720,134,31,1,3.25,,34.73,1
75,4400000720,135,10,1,3.25,,34.73,1
75,4400000720,136,10,1,3.25,,34.73,1
75,4400000720,137,8,1,3.25,,34.73,1
75,4400000720,138,161,1,1.99,S,6.58,1
75,4400000720,139,6,1,3.17,,33.09,1
75,4400000720,140,8,1,3.01,B,29.53,1
75,4400000720,141,6,1,3.25,,31.04,1
75,4400000720,142,12,1,3.25,,27.35,1
75,4400000720,143,10,1,3.25,,27.35,1
75,4400000720,144,11,1,3.25,,39.35,1
75,4400000720,145,160,1,1.99,S,8.29,1
75,4400000720,146,16,1,3.25,,43.84,1
75,4400000720,147,21,1,3.25,,36,1
75,4400000720,148,13,1,3.25,,27.35,1
75,4400000720,149,14,1,3.25,,27.35,1
75,4400000720,150,9,1,3.25,,27.35,1
75,4400000720,151,10,1,3.25,,27.35,1
75,4400000720,152,18,1,3.25,,29.01,1
75,4400000720,153,19,1,3.25,,31.04,1
75,4400000720,154,249,1,1.62,S,38.33,1
75,4400000720,155,14,1,3.25,,31.04,1
75,4400000720,156,4,1,3.25,,27.35,1
75,4400000720,157,11,1,3.25,,27.35,1
75,4400000720,158,15,1,3.25,,27.35,1
75,4400000720,159,15,1,3.25,,27.35,1
75,4400000720,160,19,1,3.25,S,30.09,1
75,4400000720,161,21,1,3.25,,31.04,1
75,4400000720,162,431,1,1.62,S,38.33,1
75,4400000720,163,13,1,3.25,,31.04,1
75,4400000720,164,5,1,3.25,,27.35,1
75,4400000720,165,11,1,3.25,,27.35,1
75,4400000720,166,13,1,3.25,,27.35,1
75,4400000720,167,15,1,3.25,,27.35,1
75,4400000720,168,14,1,3.25,,27.35,1
75,4400000720,169,15,1,3.25,,27.35,1
75,4400000720,170,8,1,3.25,,27.35,1
75,4400000720,171,13,1,3.25,,27.35,1
75,4400000720,172,15,1,3.25,,27.35,1
75,4400000720,173,13,1,3.25,,29.63,1
75,4400000720,174,11,1,3.25,,31.04,1
75,4400000720,175,24,1,3.25,,31.04,1
75,4400000720,176,384,1,1.65,G,35.81,1
75,4400000720,177,20,1,3.25,,31.04,1
75,4400000720,178,16,1,3.25,,31.04,1
75,4400000720,179,29,1,3.25,,27.35,1
75,4400000720,180,17,1,3.25,,27.35,1
75,4400000720,181,13,1,3.25,,30.21,1
75,4400000720,182,19,1,3.25,,31.04,1
75,4400000720,183,25,1,3.25,,31.04,1
75,4400000720,184,1579,1,0.99,S,-26.36,1
75,4400000720,185,21,1,3.25,,27.35,1
75,4400000720,186,15,1,3.25,,27.35,1
75,4400000720,187,15,1,3.25,,27.35,1
75,4400000720,188,14,1,3.15,B,25.04,1
75,4400000720,189,15,1,3.25,,27.35,1
75,4400000720,190,21,1,3.25,,27.35,1
75,4400000720,191,13,1,3.25,,28.21,1
75,4400000720,192,13,1,3.25,,31.04,1
75,4400000720,193,358,1,1.62,G,-38.33,1
75,4400000720,194,17,1,3.25,,31.04,1
75,4400000720,195,28,1,3.12,,24.32,1
75,4400000720,196,14,1,2.95,,19.96,1
75,4400000720,197,32,1,2.95,,22.64,1
75,4400000720,198,23,1,2.95,,24.03,1
75,4400000720,199,63,1,2.21,S,-1.4,1
75,4400000720,200,16,1,2.95,,24.03,1
75,4400000720,201,21,1,2.95,,19.96,1
75,4400000720,202,41,1,2.95,,19.96,1
75,4400000720,203,12,1,2.95,,19.96,1
75,4400000720,204,19,1,2.95,,19.96,1
75,4400000720,205,11,1,2.95,,19.96,1
75,4400000720,206,15,1,2.95,,19.96,1
75,4400000720,207,27,1,2.95,,22.1,1
75,4400000720,208,395,1,1.53,G,-46.47,1
75,4400000720,209,24,1,2.95,,24.03,1
75,4400000720,210,10,1,2.95,,24.03,1
75,4400000720,211,24,1,2.95,,24,1
75,4400000720,212,41,1,2.9,,25.58,1
75,4400000720,213,42,1,2.9,S,25.58,1
75,4400000720,214,28,1,2.95,,26.84,1
75,4400000720,215,907,1,1.47,,-46.8,1
75,4400000720,216,18,1,2.37,S,8.94,1
75,4400000720,217,13,1,2.95,,19.96,1
75,4400000720,218,19,1,2.95,,19.96,1
75,4400000720,219,0,1,0,,0,0
75,4400000720,220,16,1,3.05,,22.59,1
75,4400000720,221,12,1,3.29,,28.23,1
75,4400000720,222,19,1,3.29,,28.23,1
75,4400000720,223,22,1,3.29,,28.23,1
75,4400000720,224,12,1,3.29,,28.23,1
75,4400000720,225,13,1,3.29,,29.36,1
75,4400000720,226,10,1,3.29,,30.75,1
75,4400000720,227,17,1,3.29,,29.63,1
75,4400000720,228,180,1,1.99,S,-16.33,1
75,4400000720,229,18,1,3.14,S,26.27,1
75,4400000720,230,23,1,3.29,,29.63,1
75,4400000720,231,12,1,3.29,,26.59,1
75,4400000720,232,23,1,3.29,,29.63,1
75,4400000720,233,12,1,3.29,,26.59,1
75,4400000720,234,18,1,3.29,,33.64,1
75,4400003721,120,9,1,2.49,,25.98,1
75,4400003721,121,8,1,2.49,,25.98,1
75,4400003721,122,10,1,2.49,,25.98,1
75,4400003721,123,6,1,2.49,,25.98,1
75,4400003721,124,11,1,2.49,,25.98,1
75,4400003721,125,9,1,2.49,,25.98,1
75,4400003721,126,16,1,2.49,,25.98,1
75,4400003721,127,8,1,2.49,,25.98,1
75,4400003721,128,16,1,2.49,,25.98,1
75,4400003721,129,15,1,2.37,,27.3,1
75,4400003721,130,13,1,2.37,B,27.3,1
75,4400003721,131,20,1,2.37,B,27.3,1
75,4400003721,132,14,1,2.49,B,30.8,1
75,4400003721,133,13,1,2.49,,30.8,1
75,4400003721,134,17,1,2.49,,25.98,1
75,4400003721,135,17,1,2.49,,25.98,1
75,4400003721,136,15,1,2.43,,27.44,1
75,4400003721,137,13,1,2.39,B,27.9,1
75,4400003721,138,17,1,2.37,B,27.29,1
75,4400003721,139,12,1,2.37,B,27.29,1
75,4400003721,140,7,1,2.42,B,28.8,1
75,4400003721,141,18,1,2.49,,27.34,1
75,4400003721,142,11,1,2.49,,25.98,1
75,4400003721,143,9,1,2.49,,25.98,1
75,4400003721,144,6,1,2.49,,30,1
75,4400003721,145,21,1,2.29,S,24.75,1
75,4400003721,146,17,1,2.29,S,24.75,1
75,4400003721,147,8,1,2.52,,31.62,1
75,4400003721,148,11,1,2.39,B,27.9,1
75,4400003721,149,23,1,2.39,B,25.52,1
75,4400003721,150,14,1,2.46,B,25.08,1
75,4400003721,151,11,1,2.59,,28.84,1
75,4400003721,152,6,1,2.59,,28.84,1
75,4400003721,153,10,1,2.59,,28.84,1
75,4400003721,154,13,1,2.59,,32.08,1
75,4400003721,155,13,1,2.59,,33.47,1
75,4400003721,156,18,1,2.59,,33.47,1
75,4400003721,157,13,1,2.59,,33.47,1
75,4400003721,158,13,1,2.59,,28.84,1
75,4400003721,159,22,1,2.59,,28.49,1
75,4400003721,160,10,1,2.59,,26.02,1
75,4400003721,161,16,1,2.59,,26.02,1
75,4400003721,162,13,1,2.59,,26.02,1
75,4400003721,163,14,1,2.59,,26.02,1
75,4400003721,164,16,1,2.59,,26.02,1
75,4400003721,165,14,1,2.59,,26.02,1
75,4400003721,166,10,1,2.59,,26.02,1
75,4400003721,167,23,1,2.59,,26.02,1
75,4400003721,168,6,1,2.59,,26.02,1
75,4400003721,169,11,1,2.59,,26.02,1
75,4400003721,170,16,1,2.59,,27.18,1
75,4400003721,171,19,1,2.59,,30.65,1
75,4400003721,172,10,1,2.59,,30.65,1
75,4400003721,173,7,1,2.59,,28.68,1
75,4400003721,174,6,1,2.59,,26.02,1
75,4400003721,175,13,1,2.59,,26.02,1
75,4400003721,176,7,1,2.59,,26.02,1
75,4400003721,177,7,1,2.59,,27.37,1
75,4400003721,178,9,1,2.59,,30.65,1
75,4400003721,179,14,1,1.99,S,9.74,1
75,4400003721,180,13,1,2.59,,30.65,1
75,4400003721,181,10,1,2.59,,26.02,1
75,4400003721,182,12,1,2.59,,26.02,1
75,4400003721,183,10,1,2.59,,26.02,1
75,4400003721,184,14,1,2.59,,26.02,1
75,4400003721,185,6,1,2.59,,26.02,1
75,4400003721,186,10,1,2.59,,26.02,1
75,4400003721,187,9,1,2.59,,26.56,1
75,4400003721,188,7,1,2.59,,30.65,1
75,4400003721,189,9,1,2.29,S,21.57,1
75,4400003721,190,7,1,2.59,,30,1
75,4400003721,191,6,1,2.59,,27.56,1
75,4400003721,192,12,1,2.59,,30.65,1
75,4400003721,193,9,1,2.59,,30.65,1
75,4400003721,194,5,1,2.39,S,24.85,1
75,4400003721,195,10,1,2.59,,26.02,1
75,4400003721,196,7,1,2.59,,26.02,1
75,4400003721,197,6,1,2.59,,26.02,1
75,4400003721,198,12,1,2.55,,24.86,1
75,4400003721,199,14,1,2.35,,18.46,1
75,4400003721,200,7,1,2.35,,18.46,1
75,4400003721,201,13,1,2.35,,18.46,1
75,4400003721,202,6,1,2.35,,18.46,1
75,4400003721,203,19,1,1.99,S,5.97,1
75,4400003721,204,5,1,2.35,,23.57,1
75,4400003721,205,13,1,2.35,,23.57,1
75,4400003721,206,6,1,2.35,,23.57,1
75,4400003721,207,14,1,2.35,,18.46,1
75,4400003721,208,15,1,2.35,,18.46,1
75,4400003721,209,10,1,2.35,,18.46,1
75,4400003721,210,12,1,2.35,,18.46,1
75,4400003721,211,28,1,2.35,,18.46,1
75,4400003721,212,9,1,2.35,,18.46,1
75,4400003721,213,14,1,2.35,,18.46,1
75,4400003721,214,15,1,2.35,,18.46,1
75,4400003721,215,12,1,2.35,,20.17,1
75,4400003721,216,14,1,2.35,,23.57,1
75,4400003721,217,8,1,2.35,,23.57,1
75,4400003721,218,12,1,2.35,,23.57,1
75,4400003721,219,0,1,0,,0,0
75,4400003721,220,8,1,2.39,,19.83,1
75,4400003721,221,7,1,2.69,,28.77,1
75,4400003721,222,12,1,2.69,,28.77,1
75,4400003721,223,40,1,1.99,B,3.71,1
75,4400003721,224,23,1,2.05,B,6.53,1
75,4400003721,225,9,1,2.69,,28.77,1
75,4400003721,226,12,1,2.69,,28.77,1
75,4400003721,227,10,1,2.69,,28.77,1
75,4400003721,228,15,1,2.69,,28.77,1
75,4400003721,229,12,1,2.69,,29.51,1
75,4400003721,230,12,1,2.49,B,27.87,1
75,4400003721,231,12,1,2.55,B,29.56,1
75,4400003721,232,12,1,2.49,B,27.87,1
75,4400003721,233,12,1,2.55,B,29.56,1
75,4400003721,234,10,1,2.67,,32.73,1
