notes/week02/data.csv
STORE,UPC,WEEK,MOVE,QTY,PRICE,SALE,PROFIT,OK
75,4400003732,120,7,1,2.99,,25.99,1
75,4400003732,121,6,1,2.99,,25.99,1
75,4400003732,122,3,1,2.99,,25.99,1
75,4400003732,123,5,1,2.99,,25.99,1
75,4400003732,124,8,1,2.99,,25.99,1
75,4400003732,125,9,1,2.87,B,27.07,1
75,4400003732,126,10,1,2.87,B,27.07,1
75,4400003732,127,3,1,2.99,,30,1
75,4400003732,128,32,1,2.99,C,30,1
75,4400003732,129,8,1,2.99,,30,1
75,4400003732,130,9,1,2.99,,25.99,1
75,4400003732,131,9,1,2.99,,25.99,1
75,4400003732,132,3,1,2.99,,25.99,1
75,4400003732,133,14,1,2.69,B,28.88,1
75,4400003732,134,11,1,2.71,,29.4,1
75,4400003732,135,33,1,1.99,B,3.86,1
75,4400003732,136,6,1,1.99,B,3.86,1
75,4400003732,137,5,1,2.99,,30,1
75,4400003732,138,5,1,2.99,,25.98,1
75,4400003732,139,5,1,2.99,,25.98,1
75,4400003732,140,4,1,2.99,,28.99,1
75,4400003732,141,5,1,2.99,,30,1
75,4400003732,142,29,1,1.99,S,5.17,1
75,4400003732,143,9,1,2.99,,30,1
75,4400003732,144,5,1,2.89,B,27.57,1
75,4400003732,145,4,1,2.99,,28.99,1
75,4400003732,146,6,1,2.99,,25.98,1
75,4400003732,147,3,1,2.99,,25.98,1
75,4400003732,148,8,1,2.99,,25.98,1
75,4400003732,149,8,1,2.99,,25.98,1
75,4400003732,150,8,1,2.99,,27.99,1
75,4400003732,151,61,1,1.81,,15.63,1
75,4400003732,152,4,1,2.99,,30,1
75,4400003732,153,3,1,2.99,,30,1
75,4400003732,154,9,1,2.99,,25.98,1
75,4400003732,155,5,1,2.99,,25.98,1
75,4400003732,156,10,1,2.99,,28.79,1
75,4400003732,157,10,1,2.99,,30,1
75,4400003732,158,13,1,2.49,S,15.94,1
75,4400003732,159,10,1,2.99,,30,1
75,4400003732,160,7,1,2.99,,25.98,1
75,4400003732,161,11,1,2.99,,25.98,1
75,4400003732,162,5,1,2.99,,25.98,1
75,4400003732,163,5,1,2.99,,25.98,1
75,4400003732,164,6,1,2.99,,26.65,1
75,4400003732,165,16,1,2.59,S,19.18,1
75,4400003732,166,2,1,2.99,,30,1
75,4400003732,167,8,1,2.99,,30,1
75,4400003732,168,5,1,2.99,,25.98,1
75,4400003732,169,3,1,2.99,,25.98,1
75,4400003732,170,4,1,2.99,,25.98,1
75,4400003732,171,6,1,2.99,,25.98,1
75,4400003732,172,2,1,2.99,,25.98,1
75,4400003732,173,2,1,2.99,,25.98,1
75,4400003732,174,10,1,2.99,,25.98,1
75,4400003732,175,2,1,2.99,,25.98,1
75,4400003732,176,3,1,2.99,,30,1
75,4400003732,177,12,1,2.24,S,6.56,1
75,4400003732,178,6,1,2.99,,30,1
75,4400003732,179,1,1,2.99,,25.98,1
75,4400003732,180,3,1,2.99,,30,1
75,4400003732,181,117,1,1.49,S,-40.46,1
75,4400003732,182,6,1,2.99,,30,1
75,4400003732,183,6,1,2.99,,25.98,1
75,4400003732,184,3,1,2.99,,25.98,1
75,4400003732,185,6,1,2.99,,27.99,1
75,4400003732,186,8,1,2.99,,30,1
75,4400003732,187,5,1,2.99,,30,1
75,4400003732,188,6,1,2.99,,30,1
75,4400003732,189,5,1,2.99,,30,1
75,4400003732,190,3,1,2.99,,30,1
75,4400003732,191,2,1,2.99,,25.98,1
75,4400003732,192,3,1,2.89,,23.42,1
75,4400003732,193,8,1,2.69,,17.73,1
75,4400003732,194,11,1,2.69,,17.73,1
75,4400003732,195,12,1,2.69,,19.21,1
75,4400003732,196,31,1,1.34,S,-56.19,1
75,4400003732,197,0,1,0,,0,1
75,4400003732,198,8,1,2.69,,22.19,1
75,4400003732,199,9,1,2.69,,17.73,1
75,4400003732,200,9,1,2.69,,17.73,1
75,4400003732,201,10,1,2.69,,20.4,1
75,4400003732,202,6,1,2.69,,22.19,1
75,4400003732,203,4,1,2.69,,22.19,1
75,4400003732,204,86,1,1.28,G,-63.51,1
75,4400003732,205,11,1,2.69,,17.73,1
75,4400003732,206,8,1,2.69,,17.73,1
75,4400003732,207,12,1,2.69,,17.73,1
75,4400003732,208,5,1,2.69,,17.73,1
75,4400003732,209,20,1,2.69,,23.79,1
75,4400003732,210,123,1,1.34,S,-50,1
75,4400003732,211,13,1,2.48,,18.95,1
75,4400003732,212,7,1,2.69,,25.27,1
75,4400003732,213,14,1,2.69,,17.73,1
75,4400003732,214,11,1,2.69,,17.73,1
75,4400003732,215,13,1,2.69,,17.73,1
75,4400003732,216,8,1,2.69,,17.73,1
75,4400003732,217,6,1,2.69,,19.21,1
75,4400003732,218,21,1,2.49,,15.94,1
75,4400003732,219,0,1,0,,0,0
75,4400003732,220,7,1,2.69,,22.19,1
75,4400003732,221,7,1,2.69,,17.73,1
75,4400003732,222,7,1,2.69,,17.73,1
75,4400003732,223,4,1,2.69,,17.73,1
75,4400003732,224,4,1,2.99,,25.98,1
75,4400003732,225,6,1,2.99,,25.98,1
75,4400003732,226,8,1,2.99,,30,1
75,4400003732,227,119,1,1.41,,-48.43,1
75,4400003732,228,8,1,2.86,S,26.81,1
75,4400003732,229,11,1,2.99,,26.35,1
75,4400003732,230,9,1,2.99,,25.98,1
75,4400003732,231,5,1,2.99,,26.78,1
75,4400003732,232,9,1,2.99,,25.98,1
75,4400003732,233,5,1,2.99,,26.78,1
75,4400003732,234,11,1,2.44,G,40.69,1
100,1470001100,120,12,1,1.69,,26.03,1
100,1470001100,121,24,1,1.59,,44.84,1
100,1470001100,122,30,1,1.5,B,48,1
100,1470001100,123,41,1,1.53,B,49.01,1
100,1470001100,124,37,1,1.27,,38.58,1
100,1470001100,125,315,1,0.99,B,21.21,1
100,1470001100,126,36,1,0.99,B,21.21,1
100,1470001100,127,19,1,1.69,,26.03,1
100,1470001100,128,18,1,1.69,,26.03,1
100,1470001100,129,17,1,1.69,,26.03,1
100,1470001100,130,14,1,1.69,,26.03,1
100,1470001100,131,11,1,1.69,,26.03,1
100,1470001100,132,17,1,1.69,,26.03,1
100,1470001100,133,15,1,1.69,,26.03,1
100,1470001100,134,17,1,1.69,,26.03,1
100,1470001100,135,17,1,1.69,,26.03,1
100,1470001100,136,16,1,1.69,,26.03,1
100,1470001100,137,9,1,1.69,,36.56,1
100,1470001100,138,36,1,1.28,,17.96,1
100,1470001100,139,185,1,0.99,B,6.06,1
100,1470001100,140,40,1,1.24,B,15.32,1
100,1470001100,141,21,1,1.5,B,30,1
100,1470001100,142,21,1,1.69,,33.37,1
100,1470001100,143,18,1,1.69,,26.03,1
100,1470001100,144,16,1,1.69,,26.03,1
100,1470001100,145,21,1,1.69,,26.03,1
100,1470001100,146,19,1,1.69,,26.03,1
100,1470001100,147,25,1,1.69,,26.03,1
100,1470001100,148,23,1,1.69,,26.03,1
100,1470001100,149,12,1,1.69,,26.03,1
100,1470001100,150,13,1,1.69,,26.03,1
100,1470001100,151,18,1,1.69,,26.03,1
100,1470001100,152,17,1,1.69,,26.03,1
100,1470001100,153,27,1,1.65,,41.45,1
100,1470001100,154,752,1,0.84,S,4.76,1
100,1470001100,155,18,1,1.69,,52.66,1
100,1470001100,156,14,1,1.69,,52.66,1
100,1470001100,157,28,1,1.69,,52.66,1
100,1470001100,158,18,1,1.69,,42.3,1
100,1470001100,159,19,1,1.69,,26.03,1
100,1470001100,160,18,1,1.69,,26.03,1
100,1470001100,161,18,1,1.69,,26.03,1
100,1470001100,162,11,1,1.69,,26.03,1
100,1470001100,163,16,1,1.69,,26.03,1
100,1470001100,164,13,1,1.69,,26.03,1
100,1470001100,165,30,1,1.47,,22.24,1
100,1470001100,166,70,1,1.29,B,18.6,1
100,1470001100,167,32,1,1.31,B,19.84,1
100,1470001100,168,29,1,1.5,B,30,1
100,1470001100,169,18,1,1.5,B,30,1
100,1470001100,170,18,1,1.69,,34.61,1
100,1470001100,171,14,1,1.69,,26.03,1
100,1470001100,172,17,1,1.69,,26.03,1
100,1470001100,173,13,1,1.69,,26.03,1
100,1470001100,174,18,1,1.69,,26.03,1
100,1470001100,175,21,1,1.69,,26.03,1
100,1470001100,176,23,1,1.69,,26.03,1
100,1470001100,177,27,1,1.63,,26.99,1
100,1470001100,178,25,1,1.49,B,29.53,1
100,1470001100,179,37,1,1.49,B,29.53,1
100,1470001100,180,24,1,1.49,B,29.53,1
100,1470001100,181,35,1,1.52,B,30.92,1
100,1470001100,182,10,1,1.69,,34.31,1
100,1470001100,183,16,1,1.69,,26.03,1
100,1470001100,184,9,1,1.69,,26.03,1
100,1470001100,185,16,1,1.69,,26.03,1
100,1470001100,186,21,1,1.69,,26.03,1
100,1470001100,187,7,1,1.69,,26.03,1
100,1470001100,188,18,1,1.69,,26.03,1
100,1470001100,189,19,1,1.69,,41.47,1
100,1470001100,190,287,1,0.99,S,19.19,1
100,1470001100,191,24,1,1.25,,36,1
100,1470001100,192,69,1,0.99,B,19.19,1
100,1470001100,193,60,1,0.99,B,19.19,1
100,1470001100,194,19,1,1.69,,41.47,1
100,1470001100,195,23,1,1.69,,26.03,1
100,1470001100,196,19,1,1.63,,23.31,1
100,1470001100,197,19,1,1.55,,19.35,1
100,1470001100,198,24,1,1.55,,19.35,1
100,1470001100,199,21,1,1.55,,19.35,1
100,1470001100,200,14,1,1.55,,19.35,1
100,1470001100,201,27,1,1.55,,19.35,1
100,1470001100,202,28,1,1.55,,19.35,1
100,1470001100,203,20,1,1.55,,19.35,1
100,1470001100,204,24,1,1.55,,19.35,1
100,1470001100,205,31,1,1.45,,22.27,1
100,1470001100,206,37,1,1.29,B,18.6,1
100,1470001100,207,34,1,1.29,B,18.6,1
100,1470001100,208,27,1,1.29,B,18.6,1
100,1470001100,209,29,1,1.3,B,19.23,1
100,1470001100,210,16,1,1.29,B,12.79,1
100,1470001100,211,14,1,1.29,B,3.1,1
100,1470001100,212,13,1,1.29,B,3.1,1
100,1470001100,213,23,1,1.29,B,3.1,1
100,1470001100,214,26,1,1.29,B,3.1,1
100,1470001100,215,32,1,1.29,B,3.1,1
100,1470001100,216,17,1,1.29,B,3.1,1
100,1470001100,217,20,1,1.38,B,18.11,1
100,1470001100,218,22,1,1.49,B,29.53,1
100,1470001100,219,0,1,0,,0,0
100,1470001100,220,12,1,1.49,B,29.53,1
100,1470001100,221,24,1,1.49,B,29.53,1
100,1470001100,222,13,1,1.55,,29.29,1
100,1470001100,223,20,1,1.62,,22.83,1
100,1470001100,224,4,1,1.79,,30.16,1
100,1470001100,225,20,1,1.79,,30.16,1
100,1470001100,226,16,1,1.79,,30.16,1
100,1470001100,227,20,1,1.79,,30.16,1
100,1470001100,228,14,1,1.79,,30.16,1
100,1470001100,229,9,1,1.79,,38.54,1
100,1470001100,230,26,1,1.26,,36.5,1
100,1470001100,231,61,1,0.99,B,19.19,1
100,1470001100,232,26,1,1.26,,36.5,1
100,1470001100,233,61,1,0.99,B,19.19,1
100,1470001100,234,17,1,1.79,B,49.44,1
100,1470001110,120,23,1,2.49,,36.06,1
100,1470001110,121,12,1,2.49,,31.88,1
100,1470001110,122,24,1,2.49,,26.02,1
100,1470001110,123,26,1,2.49,,26.02,1
100,1470001110,124,38,1,2.49,,26.02,1
100,1470001110,125,13,1,2.49,,26.02,1
100,1470001110,126,34,1,2.59,,26.02,1
100,1470001110,127,30,1,2.59,,26.02,1
100,1470001110,128,24,1,2.59,,26.02,1
100,1470001110,129,7,1,2.59,,27.41,1
100,1470001110,130,27,1,2.29,B,27.24,1
100,1470001110,131,34,1,2.19,B,23.92,1
100,1470001110,132,33,1,2.27,B,26.6,1
100,1470001110,133,13,1,2.59,,35.67,1
100,1470001110,134,14,1,2.59,,35.67,1
100,1470001110,135,13,1,2.59,,26.02,1
100,1470001110,136,18,1,2.59,,26.02,1
100,1470001110,137,9,1,2.59,,26.02,1
100,1470001110,138,23,1,2.59,,26.02,1
100,1470001110,139,16,1,2.59,,26.02,1
100,1470001110,140,16,1,2.59,,26.02,1
100,1470001110,141,29,1,2.59,,26.02,1
100,1470001110,142,19,1,2.59,,26.02,1
100,1470001110,143,19,1,2.59,,26.02,1
100,1470001110,144,22,1,2.59,,26.02,1
100,1470001110,145,23,1,2.45,,24.48,1
100,1470001110,146,32,1,1.99,B,16.28,1
100,1470001110,147,24,1,1.99,B,16.28,1
100,1470001110,148,32,1,2.06,B,19.12,1
100,1470001110,149,20,1,2.59,,35.67,1
100,1470001110,150,29,1,2.59,,33.05,1
100,1470001110,151,25,1,2.59,,26.02,1
100,1470001110,152,29,1,2.59,,26.02,1
100,1470001110,153,20,1,2.59,,26.02,1
100,1470001110,154,17,1,2.59,,26.02,1
100,1470001110,155,20,1,2.59,,26.02,1
100,1470001110,156,12,1,2.59,,26.02,1
100,1470001110,157,24,1,2.5,,27.56,1
100,1470001110,158,15,1,2.39,B,30.29,1
100,1470001110,159,22,1,2.39,B,30.29,1
100,1470001110,160,18,1,2.59,,35.67,1
100,1470001110,161,25,1,2.59,,35.67,1
100,1470001110,162,18,1,2.59,,31.38,1
100,1470001110,163,21,1,2.59,,26.02,1
100,1470001110,164,16,1,2.59,,26.02,1
100,1470001110,165,18,1,2.59,,26.02,1
100,1470001110,166,21,1,2.59,,26.02,1
100,1470001110,167,24,1,2.59,,26.02,1
100,1470001110,168,19,1,2.59,,26.02,1
100,1470001110,169,22,1,2.49,,25.34,1
100,1470001110,170,32,1,2.19,B,23.92,1
100,1470001110,171,28,1,2.39,B,30.29,1
100,1470001110,172,16,1,2.59,,35.67,1
100,1470001110,173,23,1,2.59,,35.67,1
100,1470001110,174,24,1,2.59,,31.66,1
100,1470001110,175,31,1,2.59,,26.02,1
100,1470001110,176,19,1,2.59,,26.02,1
100,1470001110,177,18,1,2.59,,26.02,1
100,1470001110,178,17,1,2.59,,26.02,1
100,1470001110,179,23,1,2.59,,26.02,1
100,1470001110,180,23,1,2.59,,26.02,1
100,1470001110,181,32,1,2.52,,27.93,1
100,1470001110,182,30,1,2.19,B,30.77,1
100,1470001110,183,31,1,2.19,B,30.77,1
100,1470001110,184,27,1,2.19,B,30.77,1
100,1470001110,185,26,1,2.22,B,31.71,1
100,1470001110,186,20,1,2.59,,35.28,1
100,1470001110,187,25,1,2.59,,26.02,1
100,1470001110,188,22,1,2.59,,26.02,1
100,1470001110,189,20,1,2.59,,26.02,1
100,1470001110,190,13,1,2.59,,26.02,1
100,1470001110,191,14,1,2.59,,26.02,1
100,1470001110,192,14,1,2.53,,24.26,1
100,1470001110,193,20,1,2.35,,18.46,1
100,1470001110,194,23,1,2.35,,18.46,1
100,1470001110,195,24,1,2.35,,18.46,1
100,1470001110,196,21,1,2.35,,18.46,1
100,1470001110,197,20,1,2.35,,18.46,1
100,1470001110,198,22,1,2.35,,18.46,1
100,1470001110,199,21,1,2.35,,18.46,1
100,1470001110,200,43,1,1.85,B,-3.56,1
100,1470001110,201,43,1,1.93,B,0.72,1
100,1470001110,202,32,1,2.35,,18.46,1
100,1470001110,203,28,1,2.35,,18.46,1
100,1470001110,204,12,1,2.35,,18.46,1
100,1470001110,205,20,1,2.35,,18.46,1
100,1470001110,206,18,1,2.35,,18.46,1
100,1470001110,207,20,1,2.35,,18.46,1
100,1470001110,208,23,1,2.35,,18.46,1
100,1470001110,209,26,1,2.34,,20.59,1
100,1470001110,210,23,1,2.26,B,26.28,1
100,1470001110,211,53,1,1.99,S,16.28,1
100,1470001110,212,44,1,2.26,,26.28,1
100,1470001110,213,35,1,2.27,,26.6,1
100,1470001110,214,30,1,2.35,,25.23,1
100,1470001110,215,19,1,2.35,,18.46,1
100,1470001110,216,30,1,2.35,,18.46,1
100,1470001110,217,23,1,2.35,,18.46,1
100,1470001110,218,21,1,2.35,,18.46,1
100,1470001110,219,0,1,0,,0,0
100,1470001110,220,20,1,2.41,,20.49,1
100,1470001110,221,33,1,2.69,,32.86,1
100,1470001110,222,36,1,2.29,S,33.79,1
100,1470001110,223,27,1,2.69,,43.64,1
100,1470001110,224,13,1,2.69,,43.64,1
100,1470001110,225,35,1,2.69,,43.64,1
100,1470001110,226,22,1,2.69,,40.96,1
100,1470001110,227,39,1,2.69,,28.77,1
100,1470001110,228,27,1,2.69,,28.77,1
100,1470001110,229,29,1,2.69,,28.77,1
100,1470001110,230,41,1,2.69,,28.77,1
100,1470001110,231,24,1,2.69,,28.77,1
100,1470001110,232,41,1,2.69,,28.77,1
100,1470001110,233,24,1,2.69,,28.77,1
100,1470001110,234,19,1,2.69,,39.73,1
100,3010016584,120,10,1,2.87,,27.07,1
100,3010016584,121,54,1,2.69,B,22.19,1
100,3010016584,122,31,1,2.72,B,23.05,1
100,3010016584,123,24,1,2.93,B,28.56,1
100,3010016584,124,19,1,2.94,B,28.8,1
100,3010016584,125,6,1,3.05,,27.44,1
100,3010016584,126,8,1,3.05,,27.44,1
100,3010016584,127,7,1,3.05,,27.44,1
100,3010016584,128,12,1,3.02,,28.04,1
100,3010016584,129,7,1,2.93,B,28.56,1
100,3010016584,130,23,1,3.01,B,30.46,1
100,3010016584,131,157,1,2.29,S,8.6,1
100,3010016584,132,15,1,3.05,,31.37,1
100,3010016584,133,17,1,3.05,,27.7,1
100,3010016584,134,11,1,3.05,,27.44,1
100,3010016584,135,8,1,3.05,,27.44,1
100,3010016584,136,12,1,3,,28.23,1
100,3010016584,137,14,1,2.93,B,28.56,1
100,3010016584,138,16,1,2.93,B,28.56,1
100,3010016584,139,17,1,2.96,B,29.29,1
100,3010016584,140,142,1,1.7,B,23.11,1
100,3010016584,141,7,1,3.05,,28.59,1
100,3010016584,142,9,1,3.05,,27.44,1
100,3010016584,143,8,1,3.05,,27.44,1
100,3010016584,144,14,1,2.95,,28.88,1
100,3010016584,145,20,1,2.82,B,29.68,1
100,3010016584,146,17,1,2.83,B,29.92,1
100,3010016584,147,48,1,2.49,S,20.36,1
100,3010016584,148,14,1,3.05,,34.98,1
100,3010016584,149,4,1,3.05,,27.44,1
100,3010016584,150,13,1,3.05,,27.44,1
100,3010016584,151,12,1,2.95,,30.2,1
100,3010016584,152,54,1,2.4,B,17.37,1
100,3010016584,153,147,1,1.99,B,0.35,1
100,3010016584,154,11,1,1.99,B,0.35,1
100,3010016584,155,24,1,2.16,B,8.19,1
100,3010016584,156,7,1,3.05,,34.98,1
100,3010016584,157,11,1,3.05,,30.19,1
100,3010016584,158,8,1,3.05,,27.44,1
100,3010016584,159,9,1,2.99,,28.56,1
100,3010016584,160,19,1,2.82,B,29.68,1
100,3010016584,161,77,1,2.85,B,30.42,1
100,3010016584,162,117,1,2.29,S,13.4,1
100,3010016584,163,45,1,3.05,,34.98,1
100,3010016584,164,16,1,3.05,,34.98,1
100,3010016584,165,12,1,3.05,,29.34,1
100,3010016584,166,18,1,3.05,,27.44,1
100,3010016584,167,10,1,3.05,,27.44,1
100,3010016584,168,7,1,3.05,,27.44,1
100,3010016584,169,8,1,3.05,,27.44,1
100,3010016584,170,11,1,3.05,,27.44,1
100,3010016584,171,11,1,3.05,,27.44,1
100,3010016584,172,4,1,3.05,,27.44,1
100,3010016584,173,8,1,3.05,,27.44,1
100,3010016584,174,11,1,3.05,,27.44,1
100,3010016584,175,120,1,2.5,S,11.48,1
100,3010016584,176,12,1,3.05,,27.44,1
100,3010016584,177,11,1,3.05,,30.19,1
100,3010016584,178,11,1,3.05,,34.98,1
100,3010016584,179,15,1,2.29,S,13.4,1
100,3010016584,180,15,1,2.78,,28.66,1
100,3010016584,181,20,1,2.45,B,18.69,1
100,3010016584,182,17,1,3.05,,31.86,1
100,3010016584,183,12,1,3.05,,31.86,1
100,3010016584,184,14,1,3.05,,31.86,1
100,3010016584,185,6,1,3.05,,34.98,1
100,3010016584,186,14,1,3.05,,34.98,1
100,3010016584,187,19,1,2.69,S,26.28,1
100,3010016584,188,9,1,3.05,,34.98,1
100,3010016584,189,7,1,3.05,,34.98,1
100,3010016584,190,14,1,3.05,,30.16,1
100,3010016584,191,10,1,3.05,,27.44,1
100,3010016584,192,19,1,2.9,,23.68,1
100,3010016584,193,13,1,2.67,,20.44,1
100,3010016584,194,17,1,2.52,B,21.3,1
100,3010016584,195,22,1,2.52,B,21.3,1
100,3010016584,196,13,1,2.52,B,21.3,1
100,3010016584,197,18,1,2.55,B,22.23,1
100,3010016584,198,21,1,2.75,,21.92,1
100,3010016584,199,16,1,2.75,,19.52,1
100,3010016584,200,14,1,2.75,,19.52,1
100,3010016584,201,11,1,2.69,,20.59,1
100,3010016584,202,16,1,2.63,B,20.41,1
100,3010016584,203,50,1,2.59,S,19.18,1
100,3010016584,204,27,1,2.63,,20.41,1
100,3010016584,205,14,1,2.65,,21.01,1
100,3010016584,206,14,1,2.75,,21.09,1
100,3010016584,207,14,1,2.75,,19.52,1
100,3010016584,208,12,1,2.75,,19.52,1
100,3010016584,209,28,1,2.75,,19.52,1
100,3010016584,210,18,1,2.75,,19.52,1
100,3010016584,211,18,1,2.75,,19.52,1
100,3010016584,212,24,1,2.75,,19.52,1
100,3010016584,213,40,1,2.69,S,17.73,1
100,3010016584,214,10,1,2.75,,19.52,1
100,3010016584,215,17,1,2.75,,19.52,1
100,3010016584,216,11,1,2.75,,19.52,1
100,3010016584,217,7,1,2.75,,19.52,1
100,3010016584,218,10,1,2.75,,19.52,1
100,3010016584,219,0,1,0,,0,0
100,3010016584,220,18,1,2.75,,19.52,1
100,3010016584,221,12,1,2.9,,23.68,1
100,3010016584,222,10,1,3.05,,27.44,1
100,3010016584,223,10,1,3.05,,27.44,1
100,3010016584,224,5,1,3.05,,27.44,1
100,3010016584,225,9,1,3.05,,32.85,1
100,3010016584,226,14,1,3.05,,75.9,1
100,3010016584,227,11,1,3.05,,75.9,1
100,3010016584,228,7,1,3.05,,75.9,1
100,3010016584,229,11,1,3.01,,77.04,1
100,3010016584,230,8,1,2.93,B,79.01,1
100,3010016584,231,11,1,2.93,B,79.01,1
100,3010016584,232,8,1,2.93,B,79.01,1
100,3010016584,233,11,1,2.93,B,79.01,1
100,3010016584,234,14,1,3.05,B,77.6,1
