notes/week02/data.csv
STORE,UPC,WEEK,MOVE,QTY,PRICE,SALE,PROFIT,OK
100,3010021196,120,14,1,2.76,,24.16,1
100,3010021196,121,60,1,2.69,B,22.19,1
100,3010021196,122,31,1,2.73,B,23.33,1
100,3010021196,123,18,1,2.93,B,28.56,1
100,3010021196,124,14,1,2.97,B,29.52,1
100,3010021196,125,13,1,3.05,,28.36,1
100,3010021196,126,7,1,3.05,,27.44,1
100,3010021196,127,32,1,3.05,,27.44,1
100,3010021196,128,23,1,3.01,,28.03,1
100,3010021196,129,13,1,2.93,B,28.56,1
100,3010021196,130,22,1,2.94,B,28.8,1
100,3010021196,131,57,1,2.29,S,8.6,1
100,3010021196,132,14,1,3.05,,31.37,1
100,3010021196,133,10,1,3.05,,28.62,1
100,3010021196,134,6,1,3.05,,27.44,1
100,3010021196,135,5,1,3.05,,27.44,1
100,3010021196,136,12,1,3.01,,28.13,1
100,3010021196,137,11,1,2.93,B,28.56,1
100,3010021196,138,6,1,2.93,B,28.56,1
100,3010021196,139,16,1,2.94,B,28.8,1
100,3010021196,140,154,1,1.59,B,31.63,1
100,3010021196,141,10,1,3.05,,28.62,1
100,3010021196,142,11,1,3.05,,27.44,1
100,3010021196,143,10,1,3.05,,27.44,1
100,3010021196,144,11,1,2.92,,29.24,1
100,3010021196,145,12,1,2.82,B,29.68,1
100,3010021196,146,12,1,2.82,B,29.68,1
100,3010021196,147,53,1,2.49,S,20.36,1
100,3010021196,148,10,1,3.05,,34.98,1
100,3010021196,149,10,1,3.05,,30.45,1
100,3010021196,150,10,1,3.05,,27.44,1
100,3010021196,151,10,1,2.93,,28.39,1
100,3010021196,152,48,1,2.42,B,18.05,1
100,3010021196,153,115,1,1.99,B,0.35,1
100,3010021196,154,24,1,1.99,B,0.35,1
100,3010021196,155,19,1,2.04,B,2.79,1
100,3010021196,156,6,1,3.05,,34.98,1
100,3010021196,157,7,1,3.05,,29.6,1
100,3010021196,158,7,1,3.05,,27.44,1
100,3010021196,159,11,1,2.94,,29.72,1
100,3010021196,160,8,1,2.82,B,29.68,1
100,3010021196,161,66,1,2.86,B,30.66,1
100,3010021196,162,139,1,2.29,S,13.4,1
100,3010021196,163,53,1,3.05,,34.98,1
100,3010021196,164,17,1,3.05,,34.98,1
100,3010021196,165,8,1,3.05,,30.29,1
100,3010021196,166,18,1,3.05,,27.44,1
100,3010021196,167,14,1,3.05,,27.44,1
100,3010021196,168,4,1,3.05,,27.44,1
100,3010021196,169,10,1,3.05,,27.44,1
100,3010021196,170,6,1,3.05,,27.44,1
100,3010021196,171,18,1,3.05,,27.44,1
100,3010021196,172,13,1,3.05,,27.44,1
100,3010021196,173,8,1,3.05,,31.27,1
100,3010021196,174,22,1,3.05,,37.6,1
100,3010021196,175,121,1,2.5,S,23.88,1
100,3010021196,176,23,1,3.05,,37.6,1
100,3010021196,177,18,1,3.05,,37.6,1
100,3010021196,178,12,1,3.05,,33.37,1
100,3010021196,179,8,1,3.05,,27.44,1
100,3010021196,180,12,1,3.05,,27.44,1
100,3010021196,181,7,1,3.05,,31.77,1
100,3010021196,182,13,1,3.05,,34.98,1
100,3010021196,183,6,1,3.05,,34.98,1
100,3010021196,184,15,1,1.99,S,0.35,1
100,3010021196,185,4,1,3.05,,34.98,1
100,3010021196,186,7,1,3.05,,27.44,1
100,3010021196,187,2,1,3.05,,27.44,1
100,3010021196,188,4,1,3.05,,27.44,1
100,3010021196,189,8,1,3.01,,27.77,1
100,3010021196,190,12,1,2.75,B,30.8,1
100,3010021196,191,12,1,2.75,B,30.8,1
100,3010021196,192,41,1,2.59,S,26.52,1
100,3010021196,193,12,1,2.8,,32.03,1
100,3010021196,194,10,1,3.05,,29.47,1
100,3010021196,195,8,1,3.05,,27.44,1
100,3010021196,196,5,1,3.05,,27.44,1
100,3010021196,197,9,1,3.05,,28.32,1
100,3010021196,198,8,1,3.05,,31.37,1
100,3010021196,199,8,1,3.05,,31.37,1
100,3010021196,200,371,1,1.52,S,-37.69,1
100,3010021196,201,10,1,2.99,,30,1
100,3010021196,202,16,1,2.75,,20.61,1
100,3010021196,203,9,1,2.75,,19.52,1
100,3010021196,204,14,1,2.75,,19.52,1
100,3010021196,205,7,1,2.69,,17.73,1
100,3010021196,206,11,1,2.63,B,15.85,1
100,3010021196,207,7,1,2.63,B,15.85,1
100,3010021196,208,10,1,2.63,B,15.85,1
100,3010021196,209,225,1,1.29,B,-71.55,1
100,3010021196,210,8,1,2.75,,19.52,1
100,3010021196,211,3,1,2.75,,19.52,1
100,3010021196,212,16,1,2.75,,19.52,1
100,3010021196,213,15,1,2.75,,24,1
100,3010021196,214,24,1,2.49,S,20.36,1
100,3010021196,215,6,1,2.63,,24.6,1
100,3010021196,216,10,1,2.52,B,21.3,1
100,3010021196,217,4,1,2.52,B,21.3,1
100,3010021196,218,6,1,2.75,,22.32,1
100,3010021196,219,0,1,0,,0,0
100,3010021196,220,4,1,2.75,,19.52,1
100,3010021196,221,13,1,2.75,,19.52,1
100,3010021196,222,8,1,2.75,,19.52,1
100,3010021196,223,9,1,2.91,,23.95,1
100,3010021196,224,5,1,3.05,,27.44,1
100,3010021196,225,9,1,2.71,B,22.76,1
100,3010021196,226,15,1,2.71,B,22.76,1
100,3010021196,227,6,1,2.71,B,22.76,1
100,3010021196,228,14,1,2.71,B,22.76,1
100,3010021196,229,22,1,2.19,B,4.42,1
100,3010021196,230,7,1,2.92,B,26.57,1
100,3010021196,231,3,1,3.05,,27.44,1
100,3010021196,232,7,1,2.92,B,26.57,1
100,3010021196,233,3,1,3.05,,27.44,1
100,3010021196,234,63,1,1.99,S,8.39,1
100,3828112277,120,16,1,1.69,,51.95,1
100,3828112277,121,23,1,1.69,,51.95,1
100,3828112277,122,27,1,1.69,,51.95,1
100,3828112277,123,19,1,1.69,,51.95,1
100,3828112277,124,16,1,1.69,,51.59,1
100,3828112277,125,20,1,1.69,,51.24,1
100,3828112277,126,18,1,1.69,,51.12,1
100,3828112277,127,12,1,1.69,,53.66,1
100,3828112277,128,24,1,1.64,,50.67,1
100,3828112277,129,19,1,1.59,,49.49,1
100,3828112277,130,18,1,1.59,,49.18,1
100,3828112277,131,16,1,1.51,,46.75,1
100,3828112277,132,36,1,1.33,B,41.27,1
100,3828112277,133,19,1,1.36,B,42.94,1
100,3828112277,134,22,1,1.59,,51.19,1
100,3828112277,135,12,1,1.59,,51.19,1
100,3828112277,136,14,1,1.59,,51.13,1
100,3828112277,137,21,1,1.59,,50.69,1
100,3828112277,138,6,1,1.59,,50.75,1
100,3828112277,139,17,1,1.59,,50.88,1
100,3828112277,140,15,1,1.59,,50.88,1
100,3828112277,141,12,1,1.59,,47.79,1
100,3828112277,142,25,1,1.5,S,49.06,1
100,3828112277,143,19,1,1.59,,51.82,1
100,3828112277,144,16,1,1.59,,50.94,1
100,3828112277,145,13,1,1.59,,52.57,1
100,3828112277,146,4,1,1.59,,51.44,1
100,3828112277,147,14,1,1.59,,51.44,1
100,3828112277,148,5,1,1.59,,49.93,1
100,3828112277,149,118,1,0.79,S,1.51,1
100,3828112277,150,15,1,1.59,,49.93,1
100,3828112277,151,19,1,1.59,,51,1
100,3828112277,152,22,1,1.48,B,47.7,1
100,3828112277,153,24,1,1.19,B,34.95,1
100,3828112277,154,12,1,1.19,B,34.95,1
100,3828112277,155,11,1,1.59,,51.5,1
100,3828112277,156,19,1,1.59,,51.5,1
100,3828112277,157,5,1,1.59,,51.5,1
100,3828112277,158,16,1,1.59,,51.5,1
100,3828112277,159,11,1,1.59,,51.57,1
100,3828112277,160,12,1,1.39,S,44.6,1
100,3828112277,161,9,1,1.59,B,51.57,1
100,3828112277,162,2,1,1.48,B,47.97,1
100,3828112277,163,21,1,1.49,B,48.32,1
100,3828112277,164,17,1,1.19,B,35.29,1
100,3828112277,165,24,1,1.59,,51.57,1
100,3828112277,166,18,1,1.59,,51.57,1
100,3828112277,167,32,1,1.59,,51.57,1
100,3828112277,168,22,1,1.59,,51.57,1
100,3828112277,169,19,1,1.59,,51.57,1
100,3828112277,170,25,1,1.59,,51.57,1
100,3828112277,171,19,1,1.59,,51.57,1
100,3828112277,172,8,1,1.59,,51.57,1
100,3828112277,173,14,1,1.59,,51.57,1
100,3828112277,174,15,1,1.59,,51.57,1
100,3828112277,175,24,1,1.59,,51.57,1
100,3828112277,176,21,1,1.59,,51.57,1
100,3828112277,177,31,1,1.25,B,38.4,1
100,3828112277,178,29,1,1.59,,51.57,1
100,3828112277,179,21,1,1.59,,51.57,1
100,3828112277,180,36,1,1.19,S,35.29,1
100,3828112277,181,16,1,1.59,,51.5,1
100,3828112277,182,14,1,1.59,,49.62,1
100,3828112277,183,20,1,1.59,,50.25,1
100,3828112277,184,18,1,1.59,,50.25,1
100,3828112277,185,33,1,1.59,,48.49,1
100,3828112277,186,27,1,1.59,,47.61,1
100,3828112277,187,10,1,1.59,,47.29,1
100,3828112277,188,29,1,1.5,S,43.73,1
100,3828112277,189,26,1,1.59,,46.91,1
100,3828112277,190,21,1,1.56,,45.89,1
100,3828112277,191,16,1,1.49,B,44.09,1
100,3828112277,192,22,1,1.49,B,44.09,1
100,3828112277,193,14,1,1.59,,47.35,1
100,3828112277,194,19,1,1.59,,47.04,1
100,3828112277,195,25,1,1.59,,47.48,1
100,3828112277,196,16,1,1.59,,48.05,1
100,3828112277,197,22,1,1.59,,48.36,1
100,3828112277,198,26,1,1.59,,47.61,1
100,3828112277,199,30,1,1.59,,48.05,1
100,3828112277,200,10,1,1.59,,47.67,1
100,3828112277,201,18,1,1.59,,47.61,1
100,3828112277,202,23,1,1.59,,47.73,1
100,3828112277,203,20,1,1.59,,47.73,1
100,3828112277,204,19,1,1.59,,47.98,1
100,3828112277,205,15,1,1.59,,50.18,1
100,3828112277,206,45,1,0.99,S,21.81,1
100,3828112277,207,30,1,1.19,S,34.95,1
100,3828112277,208,0,1,0,,0,1
100,3828112277,209,12,1,1.59,,50.62,1
100,3828112277,210,22,1,1.59,,49.43,1
100,3828112277,211,27,1,1.59,,47.73,1
100,3828112277,212,19,1,1.59,,48.93,1
100,3828112277,213,26,1,1.59,,49.37,1
100,3828112277,214,37,1,1.39,S,45.68,1
100,3828112277,215,25,1,1.58,S,50.44,1
100,3828112277,216,30,1,1.19,S,32.68,1
100,3828112277,217,23,1,1.59,,50,1
100,3828112277,218,22,1,1.62,,50.43,1
100,3828112277,219,0,1,0,,0,0
100,3828112277,220,21,1,1.69,,51.77,1
100,3828112277,221,16,1,1.69,,51.71,1
100,3828112277,222,33,1,1.69,,50.53,1
100,3828112277,223,25,1,1.69,,50.47,1
100,3828112277,224,14,1,1.69,,50.23,1
100,3828112277,225,26,1,1.69,,50.11,1
100,3828112277,226,16,1,1.69,,50.35,1
100,3828112277,227,15,1,1.69,,52.13,1
100,3828112277,228,29,1,1.69,,53.31,1
100,3828112277,229,39,1,1.19,S,34.11,1
100,3828112277,230,28,1,1.69,,53.78,1
100,3828112277,231,2,1,1.69,,53.9,1
100,3828112277,232,28,1,1.69,,53.78,1
100,3828112277,233,2,1,1.69,,53.9,1
100,3828112277,234,14,1,1.69,,53.01,1
100,3828112289,120,12,1,2.39,,40.41,1
100,3828112289,121,11,1,2.39,,40.41,1
100,3828112289,122,11,1,2.39,,39.45,1
100,3828112289,123,12,1,2.35,,38.17,1
100,3828112289,124,22,1,2.31,B,37.61,1
100,3828112289,125,16,1,2.39,,41.33,1
100,3828112289,126,14,1,2.39,,41.33,1
100,3828112289,127,12,1,2.39,,53.13,1
100,3828112289,128,2,1,2.39,,46.15,1
100,3828112289,129,12,1,2.29,,44.06,1
100,3828112289,130,13,1,2.08,,36,1
100,3828112289,131,8,1,1.99,,33.91,1
100,3828112289,132,1,1,1.99,,35.42,1
100,3828112289,133,6,1,1.99,,27.23,1
100,3828112289,134,16,1,1.96,,34.28,1
100,3828112289,135,13,1,1.89,B,31.11,1
100,3828112289,136,8,1,1.97,B,33.9,1
100,3828112289,137,13,1,1.99,,34.57,1
100,3828112289,138,5,1,1.99,,34.57,1
100,3828112289,139,16,1,1.99,,34.57,1
100,3828112289,140,6,1,1.99,,34.57,1
100,3828112289,141,12,1,1.99,,34.57,1
100,3828112289,142,13,1,1.99,,31,1
100,3828112289,143,16,1,1.99,,27.33,1
100,3828112289,144,8,1,1.99,,26.13,1
100,3828112289,145,11,1,1.99,,25.92,1
100,3828112289,146,15,1,1.99,,25.72,1
100,3828112289,147,9,1,1.99,,25.67,1
100,3828112289,148,12,1,1.99,,25.82,1
100,3828112289,149,10,1,1.99,,25.97,1
100,3828112289,150,14,1,1.99,,26.18,1
100,3828112289,151,0,1,0,,0,1
100,3828112289,152,8,1,1.99,,28.49,1
100,3828112289,153,21,1,1.49,B,5.9,1
100,3828112289,154,7,1,1.49,B,6.51,1
100,3828112289,155,12,1,1.99,,30.35,1
100,3828112289,156,7,1,1.99,,30.35,1
100,3828112289,157,16,1,1.99,,30.35,1
100,3828112289,158,13,1,1.99,,30.35,1
100,3828112289,159,31,1,1.89,B,26.66,1
100,3828112289,160,22,1,1.99,,30.35,1
100,3828112289,161,16,1,1.99,B,30.45,1
100,3828112289,162,6,1,1.95,,29.58,1
100,3828112289,163,11,1,1.93,B,28.7,1
100,3828112289,164,12,1,1.49,B,7.51,1
100,3828112289,165,14,1,1.99,,30.75,1
100,3828112289,166,19,1,1.99,,29.39,1
100,3828112289,167,26,1,1.99,,29.69,1
100,3828112289,168,5,1,1.99,,29.69,1
100,3828112289,169,26,1,1.89,S,25.97,1
100,3828112289,170,22,1,1.99,,29.69,1
100,3828112289,171,13,1,1.99,,29.69,1
100,3828112289,172,15,1,1.99,,29.69,1
100,3828112289,173,24,1,1.99,,29.69,1
100,3828112289,174,9,1,1.99,,29.69,1
100,3828112289,175,17,1,1.99,,29.69,1
100,3828112289,176,27,1,1.99,,29.69,1
100,3828112289,177,14,1,1.99,,28.39,1
100,3828112289,178,9,1,1.99,,26.58,1
100,3828112289,179,22,1,1.99,,27.88,1
100,3828112289,180,30,1,1.49,S,6.44,1
100,3828112289,181,13,1,1.99,,28.69,1
100,3828112289,182,28,1,1.89,S,22.59,1
100,3828112289,183,9,1,1.99,,27.53,1
100,3828112289,184,15,1,1.99,,27.53,1
100,3828112289,185,17,1,1.99,,27.53,1
100,3828112289,186,18,1,1.99,,27.53,1
100,3828112289,187,13,1,1.99,,27.53,1
100,3828112289,188,18,1,1.99,,27.48,1
100,3828112289,189,23,1,1.99,,25.87,1
100,3828112289,190,20,1,1.99,,25.72,1
100,3828112289,191,19,1,1.99,,26.58,1
100,3828112289,192,12,1,1.99,,26.63,1
100,3828112289,193,3,1,1.99,,26.33,1
100,3828112289,194,21,1,1.99,,25.72,1
100,3828112289,195,13,1,1.99,,26.78,1
100,3828112289,196,7,1,1.99,,26.38,1
100,3828112289,197,17,1,1.99,,27.43,1
100,3828112289,198,21,1,1.99,,25.97,1
100,3828112289,199,14,1,1.99,,26.73,1
100,3828112289,200,13,1,1.99,,26.43,1
100,3828112289,201,20,1,1.99,,26.38,1
100,3828112289,202,14,1,1.99,,26.48,1
100,3828112289,203,14,1,1.99,,26.18,1
100,3828112289,204,13,1,1.99,,26.18,1
100,3828112289,205,16,1,1.99,,25.82,1
100,3828112289,206,22,1,1.99,,27.08,1
100,3828112289,207,29,1,1.5,S,7.8,1
100,3828112289,208,7,1,2.29,,39.69,1
100,3828112289,209,11,1,2.34,,40.47,1
100,3828112289,210,4,1,2.49,,42.44,1
100,3828112289,211,11,1,2.49,,41.76,1
100,3828112289,212,11,1,2.03,G,31.72,1
100,3828112289,213,15,1,2.49,,44.81,1
100,3828112289,214,11,1,2.49,,44.81,1
100,3828112289,215,17,1,2.49,,44.69,1
100,3828112289,216,15,1,1.86,S,25,1
100,3828112289,217,10,1,2.49,,44.13,1
100,3828112289,218,9,1,2.49,,44.13,1
100,3828112289,219,0,1,0,,0,0
100,3828112289,220,12,1,2.49,,42.85,1
100,3828112289,221,12,1,2.49,,42.85,1
100,3828112289,222,17,1,2.49,,42.85,1
100,3828112289,223,9,1,2.49,,40.68,1
100,3828112289,224,14,1,2.49,,40.88,1
100,3828112289,225,17,1,2.49,,40.88,1
100,3828112289,226,12,1,2.49,,40.68,1
100,3828112289,227,8,1,2.49,,40.68,1
100,3828112289,228,12,1,2.49,,40.68,1
100,3828112289,229,9,1,2.49,,40.6,1
100,3828112289,230,12,1,2.49,,40.6,1
100,3828112289,231,12,1,2.49,,41.56,1
100,3828112289,232,12,1,2.49,,40.6,1
100,3828112289,233,12,1,2.49,,41.56,1
100,3828112289,234,5,1,2.49,,46.74,1
100,4400000516,120,23,1,2.81,B,28.11,1
100,4400000516,121,17,1,2.83,B,27.63,1
100,4400000516,122,18,1,2.93,,26.96,1
100,4400000516,123,33,1,2.93,,26.96,1
100,4400000516,124,22,1,2.93,,29.96,1
100,4400000516,125,38,1,2.87,,29.61,1
100,4400000516,126,66,1,2.79,B,27.59,1
100,4400000516,127,31,1,2.79,B,27.59,1
100,4400000516,128,18,1,2.82,B,28.36,1
100,4400000516,129,17,1,2.93,,28.19,1
100,4400000516,130,18,1,2.93,,26.96,1
100,4400000516,131,21,1,2.93,,26.96,1
100,4400000516,132,34,1,2.93,,26.96,1
100,4400000516,133,18,1,2.93,,26.96,1
100,4400000516,134,18,1,2.93,,26.96,1
100,4400000516,135,17,1,2.93,,26.96,1
100,4400000516,136,22,1,2.93,,26.96,1
100,4400000516,137,24,1,2.93,,26.96,1
100,4400000516,138,10,1,2.93,,26.96,1
100,4400000516,139,18,1,2.93,,26.96,1
100,4400000516,140,18,1,2.78,,26.4,1
100,4400000516,141,34,1,2.69,B,24.9,1
100,4400000516,142,24,1,2.69,B,24.9,1
100,4400000516,143,22,1,2.77,B,27.07,1
100,4400000516,144,20,1,2.93,,31.05,1
100,4400000516,145,10,1,2.93,,28.19,1
100,4400000516,146,17,1,2.93,,26.96,1
100,4400000516,147,22,1,2.93,,26.96,1
100,4400000516,148,25,1,2.88,,28.19,1
100,4400000516,149,31,1,2.81,B,28.11,1
100,4400000516,150,58,1,2.59,B,22,1
100,4400000516,151,16,1,2.93,,31.05,1
100,4400000516,152,26,1,2.93,,26.96,1
100,4400000516,153,21,1,2.93,,26.96,1
100,4400000516,154,10,1,2.93,,26.96,1
100,4400000516,155,16,1,2.93,,26.96,1
100,4400000516,156,11,1,2.93,,26.96,1
100,4400000516,157,22,1,2.93,,26.96,1
100,4400000516,158,30,1,2.93,,26.96,1
100,4400000516,159,17,1,2.93,,26.96,1
100,4400000516,160,22,1,2.93,,26.96,1
100,4400000516,161,19,1,2.93,,26.96,1
100,4400000516,162,13,1,2.93,,26.96,1
100,4400000516,163,27,1,2.93,,26.96,1
100,4400000516,164,23,1,2.93,,26.96,1
100,4400000516,165,16,1,2.93,,26.96,1
100,4400000516,166,14,1,2.93,,26.96,1
100,4400000516,167,16,1,2.93,,26.96,1
100,4400000516,168,10,1,2.93,,30.44,1
100,4400000516,169,23,1,2.48,,19.55,1
100,4400000516,170,49,1,1.99,B,0.25,1
100,4400000516,171,20,1,2.93,,31.29,1
100,4400000516,172,13,1,2.93,,26.96,1
100,4400000516,173,16,1,2.93,,26.96,1
100,4400000516,174,16,1,2.93,,26.96,1
100,4400000516,175,16,1,2.93,,26.96,1
100,4400000516,176,11,1,2.93,,26.96,1
100,4400000516,177,17,1,2.93,,26.96,1
100,4400000516,178,16,1,2.93,,26.96,1
100,4400000516,179,8,1,2.93,,26.96,1
100,4400000516,180,16,1,2.93,,26.96,1
100,4400000516,181,12,1,2.93,,26.96,1
100,4400000516,182,17,1,2.93,,26.96,1
100,4400000516,183,18,1,2.93,,26.96,1
100,4400000516,184,14,1,2.93,,26.96,1
100,4400000516,185,10,1,2.93,,26.96,1
100,4400000516,186,10,1,2.93,,26.96,1
100,4400000516,187,13,1,2.93,,28.56,1
100,4400000516,188,28,1,2.49,S,18.87,1
100,4400000516,189,20,1,2.93,,31.05,1
100,4400000516,190,16,1,2.93,,31.05,1
100,4400000516,191,10,1,2.93,,26.96,1
100,4400000516,192,11,1,2.82,,24.11,1
100,4400000516,193,25,1,2.65,,19.24,1
100,4400000516,194,16,1,2.65,,19.24,1
100,4400000516,195,17,1,2.65,,19.24,1
100,4400000516,196,14,1,2.65,,19.24,1
100,4400000516,197,12,1,2.65,,19.24,1
100,4400000516,198,11,1,2.65,,19.24,1
100,4400000516,199,24,1,1.98,S,-8.08,1
100,4400000516,200,14,1,2.65,,19.24,1
100,4400000516,201,12,1,2.65,,19.24,1
100,4400000516,202,5,1,2.65,,19.24,1
100,4400000516,203,17,1,2.65,,21.13,1
100,4400000516,204,8,1,2.65,,23.77,1
100,4400000516,205,232,1,1.99,S,-1.5,1
100,4400000516,206,17,1,2.65,,23.77,1
100,4400000516,207,21,1,2.65,,19.24,1
100,4400000516,208,9,1,2.65,,19.24,1
100,4400000516,209,7,1,2.65,,19.24,1
100,4400000516,210,8,1,2.65,,19.24,1
100,4400000516,211,5,1,2.65,,19.24,1
100,4400000516,212,18,1,2.65,,19.24,1
100,4400000516,213,20,1,2.65,,19.24,1
100,4400000516,214,10,1,2.65,,19.24,1
100,4400000516,215,5,1,2.65,,19.24,1
100,4400000516,216,6,1,2.65,,19.24,1
100,4400000516,217,12,1,2.65,,19.24,1
100,4400000516,218,4,1,2.65,,19.24,1
100,4400000516,219,0,1,0,,0,0
100,4400000516,220,7,1,2.69,,20.44,1
100,4400000516,221,16,1,2.99,,28.42,1
100,4400000516,222,40,1,2.29,S,6.55,1
100,4400000516,223,13,1,2.99,,28.42,1
100,4400000516,224,14,1,2.99,,28.42,1
100,4400000516,225,18,1,2.99,,28.42,1
100,4400000516,226,16,1,2.99,,27.69,1
100,4400000516,227,16,1,2.99,,25.98,1
100,4400000516,228,6,1,2.99,,25.98,1
100,4400000516,229,9,1,2.99,,25.98,1
100,4400000516,230,51,1,1.99,B,-11.2,1
100,4400000516,231,31,1,2.08,B,-6.39,1
100,4400000516,232,51,1,1.99,B,-11.2,1
100,4400000516,233,31,1,2.08,B,-6.39,1
100,4400000516,234,17,1,2.99,,25.98,1
