notes/week02/data.csv
STORE,UPC,WEEK,MOVE,QTY,PRICE,SALE,PROFIT,OK
100,4400000527,120,9,1,2.84,,27.28,1
100,4400000527,121,19,1,2.84,,27.28,1
100,4400000527,122,22,1,2.84,,27.28,1
100,4400000527,123,22,1,2.84,,27.28,1
100,4400000527,124,43,1,2.81,,29.07,1
100,4400000527,125,22,1,2.64,B,29.5,1
100,4400000527,126,20,1,2.6,,28.42,1
100,4400000527,127,44,1,2.5,B,25.56,1
100,4400000527,128,15,1,2.59,B,28.14,1
100,4400000527,129,27,1,2.84,,30.77,1
100,4400000527,130,17,1,2.84,,27.28,1
100,4400000527,131,15,1,2.84,,27.28,1
100,4400000527,132,24,1,2.8,,30.89,1
100,4400000527,133,28,1,2.6,B,29.8,1
100,4400000527,134,23,1,2.39,,23.64,1
100,4400000527,135,34,1,1.99,B,8.29,1
100,4400000527,136,33,1,2.27,B,19.6,1
100,4400000527,137,29,1,2.84,,31.09,1
100,4400000527,138,22,1,2.84,,27.28,1
100,4400000527,139,16,1,2.84,,27.28,1
100,4400000527,140,26,1,2.79,,28.31,1
100,4400000527,141,33,1,2.72,B,28.49,1
100,4400000527,142,26,1,2.76,B,29.52,1
100,4400000527,143,79,1,2.19,S,11.18,1
100,4400000527,144,25,1,2.84,,31.51,1
100,4400000527,145,20,1,2.84,,29.61,1
100,4400000527,146,28,1,2.84,,27.28,1
100,4400000527,147,27,1,2.85,,27.54,1
100,4400000527,148,20,1,2.89,,31.03,1
100,4400000527,149,276,1,1.44,S,35.06,1
100,4400000527,150,14,1,2.89,,32.69,1
100,4400000527,151,15,1,2.89,,32.69,1
100,4400000527,152,23,1,2.89,,28.54,1
100,4400000527,153,15,1,2.89,,28.54,1
100,4400000527,154,10,1,2.89,,28.54,1
100,4400000527,155,16,1,2.89,,28.54,1
100,4400000527,156,24,1,2.89,,28.54,1
100,4400000527,157,20,1,2.89,,28.54,1
100,4400000527,158,28,1,2.89,,30.79,1
100,4400000527,159,36,1,2.59,S,24.74,1
100,4400000527,160,21,1,2.89,,30.1,1
100,4400000527,161,18,1,2.89,,30.1,1
100,4400000527,162,15,1,2.89,,25.95,1
100,4400000527,163,26,1,2.89,,25.95,1
100,4400000527,164,18,1,2.89,,25.95,1
100,4400000527,165,27,1,2.89,,25.95,1
100,4400000527,166,30,1,2.59,S,17.37,1
100,4400000527,167,32,1,2.89,,25.95,1
100,4400000527,168,7,1,2.89,,25.95,1
100,4400000527,169,18,1,2.89,,25.95,1
100,4400000527,170,16,1,2.89,,25.95,1
100,4400000527,171,12,1,2.89,,25.95,1
100,4400000527,172,4,1,2.89,,25.95,1
100,4400000527,173,19,1,2.89,,25.95,1
100,4400000527,174,17,1,2.89,,25.95,1
100,4400000527,175,23,1,2.89,,25.95,1
100,4400000527,176,12,1,2.89,,25.95,1
100,4400000527,177,21,1,2.89,,27.16,1
100,4400000527,178,76,1,1.59,S,-27.04,1
100,4400000527,179,21,1,2.89,,30.1,1
100,4400000527,180,20,1,2.89,,30.1,1
100,4400000527,181,16,1,2.89,,25.95,1
100,4400000527,182,14,1,2.89,,25.95,1
100,4400000527,183,19,1,2.89,,27.92,1
100,4400000527,184,24,1,2.89,,30.1,1
100,4400000527,185,21,1,2.59,S,22,1
100,4400000527,186,19,1,2.89,,30.1,1
100,4400000527,187,19,1,2.69,S,24.9,1
100,4400000527,188,18,1,2.89,,30.1,1
100,4400000527,189,21,1,2.89,,25.95,1
100,4400000527,190,9,1,2.89,,25.95,1
100,4400000527,191,11,1,2.89,,25.95,1
100,4400000527,192,17,1,2.78,,23.02,1
100,4400000527,193,22,1,2.59,,17.37,1
100,4400000527,194,17,1,2.59,,17.37,1
100,4400000527,195,18,1,2.59,,19.45,1
100,4400000527,196,20,1,2.59,,22,1
100,4400000527,197,24,1,2.59,,22,1
100,4400000527,198,34,1,2.59,,22,1
100,4400000527,199,17,1,2.59,,17.37,1
100,4400000527,200,10,1,2.59,,17.37,1
100,4400000527,201,7,1,2.59,,17.37,1
100,4400000527,202,19,1,2.59,,17.37,1
100,4400000527,203,16,1,2.59,,18.84,1
100,4400000527,204,20,1,2.59,,22,1
100,4400000527,205,21,1,2.59,,22,1
100,4400000527,206,16,1,2.59,,22,1
100,4400000527,207,18,1,2.59,,17.37,1
100,4400000527,208,22,1,2.59,,17.37,1
100,4400000527,209,17,1,2.59,,17.37,1
100,4400000527,210,16,1,2.59,,17.37,1
100,4400000527,211,19,1,2.59,,18.61,1
100,4400000527,212,68,1,2.59,,22,1
100,4400000527,213,52,1,2.59,,22,1
100,4400000527,214,18,1,2.59,,22,1
100,4400000527,215,19,1,2.59,,17.37,1
100,4400000527,216,19,1,2.59,,17.37,1
100,4400000527,217,17,1,2.59,,17.37,1
100,4400000527,218,15,1,2.59,,17.37,1
100,4400000527,219,0,1,0,,0,0
100,4400000527,220,10,1,2.63,,23.19,1
100,4400000527,221,23,1,2.53,,20.15,1
100,4400000527,222,13,1,2.99,,32.44,1
100,4400000527,223,12,1,2.99,,28.42,1
100,4400000527,224,6,1,2.99,,28.42,1
100,4400000527,225,8,1,2.99,,28.42,1
100,4400000527,226,16,1,2.99,,27.22,1
100,4400000527,227,19,1,2.99,,25.98,1
100,4400000527,228,12,1,2.99,,25.98,1
100,4400000527,229,9,1,2.99,,25.98,1
100,4400000527,230,17,1,2.99,,25.98,1
100,4400000527,231,8,1,2.99,,26.48,1
100,4400000527,232,17,1,2.99,,25.98,1
100,4400000527,233,8,1,2.99,,26.48,1
100,4400000527,234,15,1,2.33,,10.17,1
100,4400000551,120,62,1,2.99,,25.98,1
100,4400000551,121,78,1,2.99,,27.12,1
100,4400000551,122,74,1,2.99,,30,1
100,4400000551,123,87,1,2.99,,30,1
100,4400000551,124,83,1,2.96,,29.29,1
100,4400000551,125,89,1,2.87,B,27.07,1
100,4400000551,126,85,1,2.87,B,27.07,1
100,4400000551,127,56,1,2.99,,30,1
100,4400000551,128,373,1,2.99,,30,1
100,4400000551,129,166,1,2.99,,27.92,1
100,4400000551,130,61,1,2.99,,25.98,1
100,4400000551,131,45,1,2.99,,25.98,1
100,4400000551,132,63,1,2.91,,30.17,1
100,4400000551,133,81,1,2.69,B,28.88,1
100,4400000551,134,80,1,2.52,,24.08,1
100,4400000551,135,506,1,1.99,B,3.86,1
100,4400000551,136,100,1,2.18,B,12.24,1
100,4400000551,137,56,1,2.99,,30.83,1
100,4400000551,138,51,1,2.99,,25.98,1
100,4400000551,139,59,1,2.99,,25.98,1
100,4400000551,140,54,1,2.99,,27.85,1
100,4400000551,141,68,1,2.96,,29.29,1
100,4400000551,142,844,1,1.99,S,5.17,1
100,4400000551,143,69,1,2.95,,29.05,1
100,4400000551,144,69,1,2.88,B,27.32,1
100,4400000551,145,56,1,2.99,,28.16,1
100,4400000551,146,50,1,2.99,,25.98,1
100,4400000551,147,83,1,2.99,,25.98,1
100,4400000551,148,76,1,2.99,,25.98,1
100,4400000551,149,78,1,2.99,,25.98,1
100,4400000551,150,62,1,2.99,,28.26,1
100,4400000551,151,1118,1,1.54,,35.9,1
100,4400000551,152,51,1,2.99,,30,1
100,4400000551,153,41,1,2.99,,30,1
100,4400000551,154,38,1,2.99,,25.98,1
100,4400000551,155,60,1,2.99,,25.98,1
100,4400000551,156,55,1,2.99,,28.49,1
100,4400000551,157,58,1,2.99,,30,1
100,4400000551,158,91,1,2.49,S,15.94,1
100,4400000551,159,65,1,2.99,,30,1
100,4400000551,160,58,1,2.99,,25.98,1
100,4400000551,161,62,1,2.99,,25.98,1
100,4400000551,162,66,1,2.99,,25.98,1
100,4400000551,163,68,1,2.99,,25.98,1
100,4400000551,164,60,1,2.99,,28.26,1
100,4400000551,165,74,1,2.59,S,19.18,1
100,4400000551,166,64,1,2.99,,30,1
100,4400000551,167,86,1,2.99,,29.39,1
100,4400000551,168,74,1,2.99,,25.98,1
100,4400000551,169,66,1,2.99,,25.98,1
100,4400000551,170,62,1,2.99,,25.98,1
100,4400000551,171,52,1,2.99,,25.98,1
100,4400000551,172,44,1,2.99,,25.98,1
100,4400000551,173,77,1,2.99,,25.98,1
100,4400000551,174,78,1,2.99,,25.98,1
100,4400000551,175,80,1,2.99,,27.39,1
100,4400000551,176,65,1,2.99,,30,1
100,4400000551,177,201,1,2.24,S,6.56,1
100,4400000551,178,77,1,2.99,,30,1
100,4400000551,179,68,1,2.99,,27.99,1
100,4400000551,180,83,1,2.99,,30,1
100,4400000551,181,1343,1,1.49,S,-40.46,1
100,4400000551,182,63,1,2.99,,30,1
100,4400000551,183,69,1,2.99,,25.98,1
100,4400000551,184,56,1,2.99,,25.98,1
100,4400000551,185,67,1,2.99,,27.19,1
100,4400000551,186,77,1,2.99,,30,1
100,4400000551,187,60,1,2.99,,30,1
100,4400000551,188,50,1,2.99,,30,1
100,4400000551,189,76,1,2.99,,30,1
100,4400000551,190,74,1,2.99,,30,1
100,4400000551,191,60,1,2.99,,25.98,1
100,4400000551,192,72,1,2.86,,22.62,1
100,4400000551,193,96,1,2.69,,17.73,1
100,4400000551,194,70,1,2.69,,17.73,1
100,4400000551,195,115,1,2.69,,19.81,1
100,4400000551,196,1453,1,1.34,S,-56.19,1
100,4400000551,197,189,1,2.67,,21.61,1
100,4400000551,198,131,1,2.69,,22.19,1
100,4400000551,199,107,1,2.69,,17.73,1
100,4400000551,200,61,1,2.69,,17.73,1
100,4400000551,201,86,1,2.69,,19.25,1
100,4400000551,202,85,1,2.69,,22.19,1
100,4400000551,203,90,1,2.69,,22.19,1
100,4400000551,204,1367,1,1.41,G,-48.43,1
100,4400000551,205,127,1,2.69,,17.73,1
100,4400000551,206,73,1,2.69,,17.73,1
100,4400000551,207,56,1,2.69,,17.73,1
100,4400000551,208,63,1,2.69,,17.73,1
100,4400000551,209,64,1,2.69,,17.73,1
100,4400000551,210,1477,1,1.34,S,-65.14,1
100,4400000551,211,64,1,2.69,,17.73,1
100,4400000551,212,66,1,2.69,,17.73,1
100,4400000551,213,68,1,2.67,,17.11,1
100,4400000551,214,56,1,2.69,,17.73,1
100,4400000551,215,75,1,2.69,,17.73,1
100,4400000551,216,52,1,2.69,,17.73,1
100,4400000551,217,72,1,2.69,,19.36,1
100,4400000551,218,128,1,2.49,,15.94,1
100,4400000551,219,0,1,0,,0,0
100,4400000551,220,73,1,2.69,,22.19,1
100,4400000551,221,73,1,2.69,,18.06,1
100,4400000551,222,71,1,2.69,,17.73,1
100,4400000551,223,75,1,2.78,,20.39,1
100,4400000551,224,53,1,2.99,,25.98,1
100,4400000551,225,71,1,2.99,,25.98,1
100,4400000551,226,62,1,2.99,,29.56,1
100,4400000551,227,1546,1,1.28,,-63.51,1
100,4400000551,228,108,1,2.97,S,29.52,1
100,4400000551,229,71,1,2.99,,26.18,1
100,4400000551,230,106,1,2.99,,25.98,1
100,4400000551,231,65,1,2.99,,26.68,1
100,4400000551,232,106,1,2.99,,25.98,1
100,4400000551,233,65,1,2.99,,26.68,1
100,4400000551,234,95,1,2.05,G,28.53,1
100,4400000655,120,16,1,2.72,,28.38,1
100,4400000655,121,3,1,2.69,B,27.58,1
100,4400000655,122,8,1,2.77,B,29.67,1
100,4400000655,123,6,1,3.01,B,35.28,1
100,4400000655,124,5,1,3.01,B,35.28,1
100,4400000655,125,4,1,3.25,,36.89,1
100,4400000655,126,2,1,3.25,,27.35,1
100,4400000655,127,5,1,3.25,,27.35,1
100,4400000655,128,4,1,3.12,,32.01,1
100,4400000655,129,7,1,2.99,B,29.06,1
100,4400000655,130,2,1,3.25,,34.73,1
100,4400000655,131,4,1,2.46,,13.78,1
100,4400000655,132,25,1,1.66,B,27.77,1
100,4400000655,133,13,1,1.79,B,25.69,1
100,4400000655,134,4,1,3.25,,27.35,1
100,4400000655,135,1,1,3.25,,27.35,1
100,4400000655,136,5,1,3.25,,28.83,1
100,4400000655,137,1,1,3.25,,34.73,1
100,4400000655,138,12,1,1.99,S,6.58,1
100,4400000655,139,2,1,3.25,,34.73,1
100,4400000655,140,3,1,3.09,B,31.35,1
100,4400000655,141,2,1,3.25,,27.35,1
100,4400000655,142,4,1,3.25,,27.35,1
100,4400000655,143,3,1,3.25,,27.35,1
100,4400000655,144,3,1,3.25,,27.35,1
100,4400000655,145,14,1,1.99,S,8.29,1
100,4400000655,146,5,1,3.25,,43.84,1
100,4400000655,147,4,1,3.25,,43.84,1
100,4400000655,148,2,1,3.25,,27.35,1
100,4400000655,149,2,1,3.25,,27.35,1
100,4400000655,150,3,1,3.25,,27.35,1
100,4400000655,151,0,1,0,,0,1
100,4400000655,152,3,1,3.25,,29.81,1
100,4400000655,153,7,1,3.25,,31.04,1
100,4400000655,154,57,1,1.62,S,38.33,1
100,4400000655,155,2,1,3.25,,31.04,1
100,4400000655,156,2,1,3.25,,27.35,1
100,4400000655,157,2,1,3.25,,27.35,1
100,4400000655,158,10,1,3.25,,27.35,1
100,4400000655,159,6,1,3.25,,27.35,1
100,4400000655,160,7,1,3.25,S,28.95,1
100,4400000655,161,3,1,3.25,,31.04,1
100,4400000655,162,128,1,1.62,S,38.33,1
100,4400000655,163,5,1,3.25,,31.04,1
100,4400000655,164,1,1,3.25,,27.35,1
100,4400000655,165,4,1,3.25,,27.35,1
100,4400000655,166,6,1,3.25,,27.35,1
100,4400000655,167,12,1,3.25,,27.35,1
100,4400000655,168,2,1,3.25,,27.35,1
100,4400000655,169,4,1,3.25,,27.35,1
100,4400000655,170,4,1,3.25,,27.35,1
100,4400000655,171,1,1,3.25,,27.35,1
100,4400000655,172,1,1,3.25,,27.35,1
100,4400000655,173,3,1,3.25,,29.81,1
100,4400000655,174,4,1,3.25,,31.04,1
100,4400000655,175,0,1,0,,0,1
100,4400000655,176,106,1,1.62,G,38.33,1
100,4400000655,177,4,1,3.25,,31.04,1
100,4400000655,178,2,1,3.25,,31.04,1
100,4400000655,179,2,1,3.25,,27.35,1
100,4400000655,180,4,1,3.25,,27.35,1
100,4400000655,181,6,1,3.25,,29.2,1
100,4400000655,182,5,1,3.25,,31.04,1
100,4400000655,183,2,1,2.12,,-5.7,1
100,4400000655,184,258,1,0.99,S,-26.36,1
100,4400000655,185,5,1,2.34,,-0.89,1
100,4400000655,186,6,1,1.74,,-35.68,1
100,4400000655,187,4,1,3.25,,27.35,1
100,4400000655,188,6,1,3.15,B,25.04,1
100,4400000655,189,5,1,3.25,,27.35,1
100,4400000655,190,7,1,3.25,,27.35,1
100,4400000655,191,1,1,3.25,,27.35,1
100,4400000655,192,3,1,3.25,,31.04,1
100,4400000655,193,112,1,1.74,G,-28.79,1
100,4400000655,194,3,1,3.25,,31.04,1
100,4400000655,195,1,1,3.25,,27.35,1
100,4400000655,196,4,1,2.95,,19.96,1
100,4400000655,197,5,1,2.95,,21.59,1
100,4400000655,198,11,1,2.95,,24.03,1
100,4400000655,199,22,1,2.21,S,-1.4,1
100,4400000655,200,2,1,2.95,,24.03,1
100,4400000655,201,8,1,2.95,,19.96,1
100,4400000655,202,6,1,2.95,,19.96,1
100,4400000655,203,7,1,2.95,,19.96,1
100,4400000655,204,3,1,2.95,,19.96,1
100,4400000655,205,1,1,2.95,,19.96,1
100,4400000655,206,2,1,2.95,,19.96,1
100,4400000655,207,7,1,2.95,,21.15,1
100,4400000655,208,185,1,1.45,G,-54.55,1
100,4400000655,209,5,1,2.95,,24.03,1
100,4400000655,210,6,1,2.95,,24.03,1
100,4400000655,211,10,1,2.95,,23.42,1
100,4400000655,212,18,1,2.89,,25.32,1
100,4400000655,213,9,1,2.89,S,25.32,1
100,4400000655,214,10,1,2.95,,26.84,1
100,4400000655,215,104,1,1.47,S,-46.8,1
100,4400000655,216,2,1,2.95,,26.84,1
100,4400000655,217,8,1,2.95,,19.96,1
100,4400000655,218,9,1,2.95,,19.96,1
100,4400000655,219,0,1,0,,0,0
100,4400000655,220,3,1,3.06,,22.84,1
100,4400000655,221,4,1,3.29,,28.23,1
100,4400000655,222,5,1,3.29,,28.23,1
100,4400000655,223,2,1,3.29,,28.23,1
100,4400000655,224,2,1,3.29,,28.23,1
100,4400000655,225,3,1,3.29,,28.23,1
100,4400000655,226,4,1,3.29,,30.75,1
100,4400000655,227,1,1,3.29,,29.63,1
100,4400000655,228,51,1,1.99,S,-16.33,1
100,4400000655,229,18,1,3.29,,29.63,1
100,4400000655,230,10,1,3.29,,29.63,1
100,4400000655,231,3,1,3.29,,25.98,1
100,4400000655,232,10,1,3.29,,29.63,1
100,4400000655,233,3,1,3.29,,25.98,1
100,4400000655,234,5,1,3.29,,44.04,1
100,4400000720,120,50,1,2.92,,33.28,1
100,4400000720,121,155,1,2.69,B,27.58,1
100,4400000720,122,110,1,2.75,B,29.16,1
100,4400000720,123,70,1,3.01,B,35.28,1
100,4400000720,124,49,1,3.07,B,36.54,1
100,4400000720,125,36,1,3.25,,33.01,1
100,4400000720,126,28,1,3.25,,27.35,1
100,4400000720,127,16,1,3.25,,27.35,1
100,4400000720,128,24,1,3.17,,30.88,1
100,4400000720,129,55,1,2.99,B,29.06,1
100,4400000720,130,30,1,3.25,,34.73,1
100,4400000720,131,67,1,2.04,,3.97,1
100,4400000720,132,289,1,1.66,B,27.77,1
100,4400000720,133,80,1,1.8,B,17.83,1
100,4400000720,134,22,1,3.25,,34.73,1
100,4400000720,135,15,1,3.25,,34.73,1
100,4400000720,136,20,1,3.25,,34.73,1
100,4400000720,137,34,1,3.21,,33.92,1
100,4400000720,138,448,1,1.99,S,6.58,1
100,4400000720,139,99,1,3.16,,32.87,1
100,4400000720,140,74,1,3.03,B,30,1
100,4400000720,141,20,1,3.25,,30.67,1
100,4400000720,142,18,1,3.25,,27.35,1
100,4400000720,143,32,1,3.25,,27.35,1
100,4400000720,144,38,1,3.21,,37.88,1
100,4400000720,145,450,1,1.99,S,8.29,1
100,4400000720,146,47,1,3.25,,43.84,1
100,4400000720,147,31,1,3.25,,36.95,1
100,4400000720,148,28,1,3.25,,27.35,1
100,4400000720,149,23,1,3.25,,27.35,1
100,4400000720,150,27,1,3.25,,27.35,1
100,4400000720,151,25,1,3.25,,27.35,1
100,4400000720,152,28,1,3.25,,28.95,1
100,4400000720,153,35,1,3.25,,31.04,1
100,4400000720,154,813,1,1.62,S,38.33,1
100,4400000720,155,56,1,3.25,,31.04,1
100,4400000720,156,45,1,3.25,,27.35,1
100,4400000720,157,26,1,3.25,,27.35,1
100,4400000720,158,23,1,3.25,,27.35,1
100,4400000720,159,29,1,3.25,,27.35,1
100,4400000720,160,29,1,3.25,S,30.3,1
100,4400000720,161,37,1,3.25,,31.04,1
100,4400000720,162,865,1,1.62,S,38.33,1
100,4400000720,163,33,1,3.25,,31.04,1
100,4400000720,164,30,1,3.25,,27.35,1
100,4400000720,165,38,1,3.25,,27.35,1
100,4400000720,166,25,1,3.25,,27.35,1
100,4400000720,167,43,1,3.25,,27.35,1
100,4400000720,168,15,1,3.25,,27.35,1
100,4400000720,169,31,1,3.25,,27.35,1
100,4400000720,170,30,1,3.25,,27.35,1
100,4400000720,171,33,1,3.25,,27.35,1
100,4400000720,172,20,1,3.25,,27.35,1
100,4400000720,173,37,1,3.25,,28.55,1
100,4400000720,174,46,1,3.25,,31.04,1
100,4400000720,175,42,1,3.25,,31.04,1
100,4400000720,176,1174,1,1.65,G,35.81,1
100,4400000720,177,32,1,3.25,,31.04,1
100,4400000720,178,37,1,3.25,,31.04,1
100,4400000720,179,33,1,3.25,,27.35,1
100,4400000720,180,43,1,3.25,,27.35,1
100,4400000720,181,29,1,3.25,,28.12,1
100,4400000720,182,39,1,3.25,,31.04,1
100,4400000720,183,40,1,2.91,,22.98,1
100,4400000720,184,3554,1,0.99,S,-26.36,1
100,4400000720,185,32,1,3.17,,25.52,1
100,4400000720,186,47,1,3.25,,27.35,1
100,4400000720,187,46,1,3.25,,27.35,1
100,4400000720,188,24,1,3.15,B,25.04,1
100,4400000720,189,26,1,3.25,,27.35,1
100,4400000720,190,42,1,3.25,,27.35,1
100,4400000720,191,34,1,3.25,,28.76,1
100,4400000720,192,28,1,3.25,,31.04,1
100,4400000720,193,743,1,1.7,G,-31.82,1
100,4400000720,194,84,1,3.25,,31.04,1
100,4400000720,195,66,1,3.15,,25.04,1
100,4400000720,196,89,1,2.95,,19.96,1
100,4400000720,197,116,1,2.95,,21.55,1
100,4400000720,198,58,1,2.95,,24.03,1
100,4400000720,199,149,1,2.21,S,-1.4,1
100,4400000720,200,48,1,2.95,,24.03,1
100,4400000720,201,59,1,2.95,,19.96,1
100,4400000720,202,120,1,2.95,,19.96,1
100,4400000720,203,46,1,2.95,,19.96,1
100,4400000720,204,45,1,2.95,,19.96,1
100,4400000720,205,28,1,2.95,,19.96,1
100,4400000720,206,45,1,2.95,,19.96,1
100,4400000720,207,33,1,2.95,,21.83,1
100,4400000720,208,946,1,1.51,G,-48.41,1
100,4400000720,209,76,1,2.95,,24.03,1
100,4400000720,210,37,1,2.95,,24.03,1
100,4400000720,211,54,1,2.95,,22.27,1
100,4400000720,212,101,1,2.83,,23.74,1
100,4400000720,213,45,1,2.9,S,25.58,1
100,4400000720,214,43,1,2.95,,26.84,1
100,4400000720,215,1087,1,1.47,,-46.8,1
100,4400000720,216,51,1,2.54,S,15.03,1
100,4400000720,217,42,1,2.95,,20.94,1
100,4400000720,218,35,1,2.95,,19.96,1
100,4400000720,219,0,1,0,,0,0
100,4400000720,220,28,1,3.04,,22.33,1
100,4400000720,221,25,1,3.29,,28.23,1
100,4400000720,222,34,1,3.29,,28.23,1
100,4400000720,223,46,1,3.29,,28.23,1
100,4400000720,224,30,1,3.29,,28.23,1
100,4400000720,225,41,1,3.29,,29.57,1
100,4400000720,226,31,1,3.29,,31.3,1
100,4400000720,227,37,1,3.29,,29.63,1
100,4400000720,228,474,1,1.99,S,-16.33,1
100,4400000720,229,88,1,3.15,S,26.5,1
100,4400000720,230,70,1,3.29,,29.63,1
100,4400000720,231,31,1,3.29,,26.59,1
100,4400000720,232,70,1,3.29,,29.63,1
100,4400000720,233,31,1,3.29,,26.59,1
100,4400000720,234,29,1,3.29,,35.44,1
