notes/week02/data.csv
STORE,UPC,WEEK,MOVE,QTY,PRICE,SALE,PROFIT,OK
100,4400003721,120,33,1,2.49,,25.98,1
100,4400003721,121,36,1,2.49,,25.98,1
100,4400003721,122,27,1,2.49,,25.98,1
100,4400003721,123,21,1,2.49,,25.98,1
100,4400003721,124,36,1,2.49,,25.98,1
100,4400003721,125,28,1,2.49,,25.98,1
100,4400003721,126,31,1,2.49,,25.98,1
100,4400003721,127,22,1,2.49,,25.98,1
100,4400003721,128,25,1,2.46,,27.43,1
100,4400003721,129,34,1,2.37,B,27.29,1
100,4400003721,130,29,1,2.37,B,27.29,1
100,4400003721,131,24,1,2.38,B,27.6,1
100,4400003721,132,26,1,2.49,,30.8,1
100,4400003721,133,26,1,2.49,,27.87,1
100,4400003721,134,26,1,2.49,,25.98,1
100,4400003721,135,20,1,2.49,,25.98,1
100,4400003721,136,27,1,2.45,,27.14,1
100,4400003721,137,24,1,2.39,B,27.9,1
100,4400003721,138,24,1,2.38,B,27.6,1
100,4400003721,139,31,1,2.37,B,27.29,1
100,4400003721,140,27,1,2.41,B,28.5,1
100,4400003721,141,19,1,2.49,,28.03,1
100,4400003721,142,16,1,2.49,,25.98,1
100,4400003721,143,17,1,2.49,,25.98,1
100,4400003721,144,12,1,2.49,,29.19,1
100,4400003721,145,84,1,2.29,S,24.75,1
100,4400003721,146,34,1,2.29,S,24.75,1
100,4400003721,147,25,1,2.51,,31.35,1
100,4400003721,148,32,1,2.39,,27.9,1
100,4400003721,149,30,1,2.39,B,25.06,1
100,4400003721,150,28,1,2.39,B,22.88,1
100,4400003721,151,15,1,2.59,,28.84,1
100,4400003721,152,20,1,2.59,,28.84,1
100,4400003721,153,22,1,2.59,,28.84,1
100,4400003721,154,25,1,2.59,,32,1
100,4400003721,155,20,1,2.59,,33.47,1
100,4400003721,156,22,1,2.59,,33.47,1
100,4400003721,157,25,1,2.59,,33.47,1
100,4400003721,158,21,1,2.59,,28.84,1
100,4400003721,159,20,1,2.59,,28.57,1
100,4400003721,160,11,1,2.59,,26.02,1
100,4400003721,161,19,1,2.59,,26.02,1
100,4400003721,162,13,1,2.59,,26.02,1
100,4400003721,163,27,1,2.59,,26.02,1
100,4400003721,164,18,1,2.59,,26.02,1
100,4400003721,165,15,1,2.59,,26.02,1
100,4400003721,166,15,1,2.59,,26.02,1
100,4400003721,167,34,1,2.59,,26.02,1
100,4400003721,168,0,1,0,,0,1
100,4400003721,169,18,1,2.59,,26.02,1
100,4400003721,170,11,1,2.59,,28.57,1
100,4400003721,171,36,1,2.59,,30.65,1
100,4400003721,172,23,1,2.59,,30.65,1
100,4400003721,173,20,1,2.59,,28.57,1
100,4400003721,174,20,1,2.59,,26.02,1
100,4400003721,175,8,1,2.59,,26.02,1
100,4400003721,176,16,1,2.59,,26.02,1
100,4400003721,177,16,1,2.59,,27.18,1
100,4400003721,178,17,1,2.59,,30.65,1
100,4400003721,179,29,1,1.99,S,9.74,1
100,4400003721,180,11,1,2.59,,30.65,1
100,4400003721,181,14,1,2.59,,26.02,1
100,4400003721,182,14,1,2.59,,26.02,1
100,4400003721,183,6,1,2.59,,26.02,1
100,4400003721,184,12,1,2.59,,26.02,1
100,4400003721,185,14,1,2.59,,26.02,1
100,4400003721,186,15,1,2.59,,26.02,1
100,4400003721,187,24,1,2.59,,26.6,1
100,4400003721,188,9,1,2.59,,30.65,1
100,4400003721,189,23,1,2.3,S,21.91,1
100,4400003721,190,19,1,2.59,,30.65,1
100,4400003721,191,13,1,2.59,,27.83,1
100,4400003721,192,17,1,2.59,,30.65,1
100,4400003721,193,15,1,2.59,,30.65,1
100,4400003721,194,27,1,2.39,S,24.85,1
100,4400003721,195,14,1,2.59,,26.02,1
100,4400003721,196,7,1,2.59,,26.02,1
100,4400003721,197,15,1,2.59,,26.02,1
100,4400003721,198,17,1,2.57,,25.44,1
100,4400003721,199,19,1,2.35,,18.46,1
100,4400003721,200,9,1,2.35,,18.46,1
100,4400003721,201,22,1,2.35,,18.46,1
100,4400003721,202,16,1,2.35,,18.46,1
100,4400003721,203,71,1,1.99,S,6.38,1
100,4400003721,204,40,1,2.35,,23.57,1
100,4400003721,205,21,1,2.35,,23.57,1
100,4400003721,206,17,1,2.35,,23.57,1
100,4400003721,207,19,1,2.35,,18.46,1
100,4400003721,208,24,1,2.35,,18.46,1
100,4400003721,209,22,1,2.35,,18.46,1
100,4400003721,210,10,1,2.35,,18.46,1
100,4400003721,211,20,1,2.35,,18.46,1
100,4400003721,212,24,1,2.35,,18.46,1
100,4400003721,213,18,1,2.35,,18.46,1
100,4400003721,214,17,1,2.35,,18.46,1
100,4400003721,215,21,1,2.35,,20.68,1
100,4400003721,216,8,1,2.35,,23.57,1
100,4400003721,217,17,1,2.35,,23.57,1
100,4400003721,218,12,1,2.35,,23.57,1
100,4400003721,219,0,1,0,,0,0
100,4400003721,220,11,1,2.41,,20.49,1
100,4400003721,221,11,1,2.69,,28.77,1
100,4400003721,222,13,1,2.69,,28.77,1
100,4400003721,223,70,1,1.99,B,3.71,1
100,4400003721,224,46,1,2.14,B,10.46,1
100,4400003721,225,27,1,2.69,,28.77,1
100,4400003721,226,26,1,2.69,,28.77,1
100,4400003721,227,25,1,2.69,,28.77,1
100,4400003721,228,26,1,2.69,,28.77,1
100,4400003721,229,25,1,2.69,,29.85,1
100,4400003721,230,25,1,2.49,B,27.87,1
100,4400003721,231,27,1,2.5,B,28.16,1
100,4400003721,232,25,1,2.49,B,27.87,1
100,4400003721,233,27,1,2.5,B,28.16,1
100,4400003721,234,15,1,2.67,,32.73,1
100,4400003732,120,10,1,2.99,,25.98,1
100,4400003732,121,9,1,2.99,,25.98,1
100,4400003732,122,9,1,2.99,,25.98,1
100,4400003732,123,19,1,2.99,,25.98,1
100,4400003732,124,14,1,2.95,,27.89,1
100,4400003732,125,18,1,2.87,B,27.07,1
100,4400003732,126,15,1,2.87,B,27.07,1
100,4400003732,127,10,1,2.99,,30,1
100,4400003732,128,27,1,2.99,,30,1
100,4400003732,129,5,1,2.99,,26.78,1
100,4400003732,130,14,1,2.99,,25.98,1
100,4400003732,131,6,1,2.99,,25.98,1
100,4400003732,132,14,1,2.9,,29.62,1
100,4400003732,133,13,1,2.69,B,28.88,1
100,4400003732,134,10,1,2.39,,19.95,1
100,4400003732,135,23,1,1.99,B,3.86,1
100,4400003732,136,7,1,2.27,B,15.72,1
100,4400003732,137,13,1,2.99,,30.63,1
100,4400003732,138,13,1,2.99,,25.98,1
100,4400003732,139,5,1,2.99,,25.98,1
100,4400003732,140,9,1,2.99,,27.79,1
100,4400003732,141,6,1,2.99,,30,1
100,4400003732,142,82,1,1.99,S,5.17,1
100,4400003732,143,8,1,2.94,,28.8,1
100,4400003732,144,11,1,2.88,B,27.32,1
100,4400003732,145,13,1,2.99,,27.85,1
100,4400003732,146,9,1,2.99,,25.98,1
100,4400003732,147,15,1,2.99,,25.98,1
100,4400003732,148,9,1,2.99,,25.98,1
100,4400003732,149,12,1,2.99,,25.98,1
100,4400003732,150,8,1,2.99,,29.49,1
100,4400003732,151,10,1,2.09,,0.14,1
100,4400003732,152,3,1,2.99,,30,1
100,4400003732,153,10,1,2.99,,30,1
100,4400003732,154,10,1,2.99,,25.98,1
100,4400003732,155,9,1,2.99,,25.98,1
100,4400003732,156,5,1,2.99,,29.19,1
100,4400003732,157,5,1,2.99,,30,1
100,4400003732,158,18,1,2.49,S,15.94,1
100,4400003732,159,11,1,2.99,,30,1
100,4400003732,160,4,1,2.99,,25.98,1
100,4400003732,161,9,1,2.99,,25.98,1
100,4400003732,162,7,1,2.99,,25.98,1
100,4400003732,163,6,1,2.99,,25.98,1
100,4400003732,164,8,1,2.99,,27.49,1
100,4400003732,165,10,1,2.59,S,19.18,1
100,4400003732,166,9,1,2.99,,30,1
100,4400003732,167,9,1,2.99,,28.22,1
100,4400003732,168,12,1,2.99,,25.98,1
100,4400003732,169,5,1,2.99,,25.98,1
100,4400003732,170,7,1,2.99,,25.98,1
100,4400003732,171,12,1,2.99,,25.98,1
100,4400003732,172,3,1,2.99,,25.98,1
100,4400003732,173,9,1,2.99,,25.98,1
100,4400003732,174,6,1,2.99,,25.98,1
100,4400003732,175,10,1,2.99,,26.38,1
100,4400003732,176,8,1,2.99,,30,1
100,4400003732,177,16,1,2.24,S,6.56,1
100,4400003732,178,12,1,2.99,,30,1
100,4400003732,179,9,1,2.99,,27.32,1
100,4400003732,180,7,1,2.99,,30,1
100,4400003732,181,18,1,1.49,S,-40.46,1
100,4400003732,182,2,1,2.99,,30,1
100,4400003732,183,8,1,2.99,,25.98,1
100,4400003732,184,9,1,2.99,,25.98,1
100,4400003732,185,12,1,2.99,,26.98,1
100,4400003732,186,11,1,2.99,,30,1
100,4400003732,187,4,1,2.99,,30,1
100,4400003732,188,7,1,2.99,,30,1
100,4400003732,189,10,1,2.99,,30,1
100,4400003732,190,11,1,2.99,,30,1
100,4400003732,191,4,1,2.99,,25.98,1
100,4400003732,192,13,1,2.82,,21.52,1
100,4400003732,193,12,1,2.69,,17.73,1
100,4400003732,194,8,1,2.69,,17.73,1
100,4400003732,195,11,1,2.69,,19.36,1
100,4400003732,196,68,1,1.34,S,-56.19,1
100,4400003732,197,16,1,2.6,,19.5,1
100,4400003732,198,11,1,2.69,,22.19,1
100,4400003732,199,16,1,2.69,,17.73,1
100,4400003732,200,11,1,2.69,,17.73,1
100,4400003732,201,19,1,2.69,,20.81,1
100,4400003732,202,14,1,2.69,,22.19,1
100,4400003732,203,22,1,2.69,,22.19,1
100,4400003732,204,61,1,1.41,G,-48.43,1
100,4400003732,205,9,1,2.69,,17.73,1
100,4400003732,206,16,1,2.69,,17.73,1
100,4400003732,207,15,1,2.69,,17.73,1
100,4400003732,208,12,1,2.69,,17.73,1
100,4400003732,209,8,1,2.69,,21.52,1
100,4400003732,210,112,1,1.34,S,-50,1
100,4400003732,211,9,1,2.69,,25.27,1
100,4400003732,212,16,1,2.69,,25.27,1
100,4400003732,213,14,1,2.69,,17.73,1
100,4400003732,214,11,1,2.44,,9.3,1
100,4400003732,215,7,1,2.69,,17.73,1
100,4400003732,216,7,1,2.69,,17.73,1
100,4400003732,217,15,1,2.69,,19.21,1
100,4400003732,218,31,1,2.49,S,15.94,1
100,4400003732,219,0,1,0,,0,0
100,4400003732,220,10,1,2.69,,22.19,1
100,4400003732,221,15,1,2.69,,18.62,1
100,4400003732,222,9,1,2.69,,17.73,1
100,4400003732,223,6,1,2.74,,19.23,1
100,4400003732,224,10,1,2.99,,25.98,1
100,4400003732,225,11,1,2.99,,25.98,1
100,4400003732,226,8,1,2.99,,30,1
100,4400003732,227,279,1,1.15,S,-82,1
100,4400003732,228,9,1,2.87,S,27.07,1
100,4400003732,229,10,1,2.99,,25.98,1
100,4400003732,230,21,1,2.99,,25.98,1
100,4400003732,231,7,1,2.99,,26.58,1
100,4400003732,232,21,1,2.99,,25.98,1
100,4400003732,233,7,1,2.99,,26.58,1
100,4400003732,234,10,1,2.39,G,39.16,1
2,3828112263,125,0,1,0,,0,1
2,3828112263,126,0,1,0,,0,1
2,3828112263,127,0,1,0,,0,1
2,3828112263,128,8,1,0.99,,43.33,1
2,3828112263,129,43,1,0.99,,43.33,1
2,3828112263,130,21,1,0.99,,37.37,1
2,3828112263,131,4,1,0.99,,35.55,1
2,3828112263,132,7,1,0.99,,35.55,1
2,3828112263,133,12,1,0.99,,35.55,1
2,3828112263,134,5,1,0.99,,30,1
2,3828112263,135,27,1,0.89,S,22.92,1
2,3828112263,136,16,1,0.99,,31.71,1
2,3828112263,137,18,1,0.99,,31.71,1
2,3828112263,138,9,1,0.99,,31.71,1
2,3828112263,139,3,1,0.99,,30.8,1
2,3828112263,140,8,1,0.99,,30.1,1
2,3828112263,141,10,1,0.99,,29.39,1
2,3828112263,142,6,1,0.99,,28.58,1
2,3828112263,143,11,1,0.99,,28.58,1
2,3828112263,144,7,1,0.99,,28.48,1
2,3828112263,145,13,1,0.99,,28.38,1
2,3828112263,146,13,1,0.99,,28.28,1
2,3828112263,147,3,1,0.99,,28.28,1
2,3828112263,148,6,1,0.99,,28.28,1
2,3828112263,149,7,1,0.99,,28.28,1
2,3828112263,150,8,1,0.99,,28.28,1
2,3828112263,151,3,1,0.99,,28.28,1
2,3828112263,152,5,1,0.99,,29.69,1
2,3828112263,153,19,1,0.74,B,7.7,1
2,3828112263,154,5,1,0.84,B,20,1
2,3828112263,155,13,1,0.99,,32.22,1
2,3828112263,156,9,1,0.99,,32.22,1
2,3828112263,157,21,1,0.99,,32.22,1
2,3828112263,158,22,1,0.89,B,24.6,1
2,3828112263,159,5,1,0.89,B,24.6,1
2,3828112263,160,7,1,0.99,,29.49,1
2,3828112263,161,2,1,0.99,B,28.68,1
2,3828112263,162,6,1,0.99,,33.13,1
2,3828112263,163,10,1,0.95,B,33.89,1
2,3828112263,164,6,1,0.74,B,12.29,1
2,3828112263,165,12,1,0.99,,34.44,1
2,3828112263,166,8,1,0.99,,30.9,1
2,3828112263,167,8,1,0.99,,30.9,1
2,3828112263,168,2,1,0.99,,30.9,1
2,3828112263,169,4,1,0.99,,30.9,1
2,3828112263,170,4,1,0.97,,29.48,1
2,3828112263,171,4,1,0.94,B,27.23,1
2,3828112263,172,8,1,0.94,B,27.23,1
2,3828112263,173,3,1,0.94,B,27.23,1
2,3828112263,174,12,1,0.99,,29.19,1
2,3828112263,175,10,1,0.99,,28.88,1
2,3828112263,176,6,1,0.99,,28.88,1
2,3828112263,177,7,1,0.99,,28.38,1
2,3828112263,178,10,1,0.99,,28.38,1
2,3828112263,179,6,1,0.99,,28.98,1
2,3828112263,180,16,1,0.74,S,8.51,1
2,3828112263,181,6,1,0.99,,31.31,1
2,3828112263,182,14,1,0.99,,30.3,1
2,3828112263,183,16,1,0.99,,30.3,1
2,3828112263,184,2,1,0.99,,30.3,1
2,3828112263,185,5,1,0.99,,30.3,1
2,3828112263,186,2,1,0.99,,30.3,1
2,3828112263,187,5,1,0.99,,29.69,1
2,3828112263,188,5,1,0.95,B,26.73,1
2,3828112263,189,12,1,0.99,,29.59,1
2,3828112263,190,6,1,0.99,,28.28,1
2,3828112263,191,4,1,0.99,,28.28,1
2,3828112263,192,4,1,0.99,,28.28,1
2,3828112263,193,6,1,0.99,,28.28,1
2,3828112263,194,7,1,0.99,,28.28,1
2,3828112263,195,10,1,0.99,,28.28,1
2,3828112263,196,4,1,0.99,,28.28,1
2,3828112263,197,11,1,0.99,,28.28,1
2,3828112263,198,6,1,0.99,,28.28,1
2,3828112263,199,5,1,0.99,,28.28,1
2,3828112263,200,10,1,0.99,,28.28,1
2,3828112263,201,11,1,0.99,,28.28,1
2,3828112263,202,5,1,0.99,,28.28,1
2,3828112263,203,8,1,0.99,,28.28,1
2,3828112263,204,6,1,0.99,,28.28,1
2,3828112263,205,6,1,0.99,,28.28,1
2,3828112263,206,4,1,0.99,,31.71,1
2,3828112263,207,11,1,0.74,S,10.13,1
2,3828112263,208,10,1,0.99,,33.13,1
2,3828112263,209,7,1,0.99,,33.13,1
2,3828112263,210,11,1,0.99,,33.13,1
2,3828112263,211,20,1,0.99,,33.13,1
2,3828112263,212,9,1,0.99,,32.62,1
2,3828112263,213,16,1,0.99,,30.3,1
2,3828112263,214,12,1,0.99,,36.36,1
2,3828112263,215,9,1,0.99,,35.05,1
2,3828112263,216,9,1,0.74,S,9.72,1
2,3828112263,217,8,1,0.99,,32.52,1
2,3828112263,218,16,1,0.99,,32.52,1
2,3828112263,219,0,1,0,,0,0
2,3828112263,220,8,1,0.99,,31.21,1
2,3828112263,221,9,1,0.99,,31.01,1
2,3828112263,222,8,1,0.99,,28.88,1
2,3828112263,223,8,1,0.99,,28.68,1
2,3828112263,224,4,1,0.99,,28.48,1
2,3828112263,225,3,1,0.99,,28.38,1
2,3828112263,226,7,1,0.99,,28.38,1
2,3828112263,227,10,1,0.99,,28.38,1
2,3828112263,228,8,1,0.99,,28.38,1
2,3828112263,229,12,1,0.99,,28.38,1
2,3828112263,230,15,1,0.99,,29.59,1
2,3828112263,231,8,1,0.89,S,24.83,1
2,3828112263,232,15,1,0.99,,29.59,1
2,3828112263,233,8,1,0.89,S,24.83,1
2,3828112263,234,12,1,0.99,S,34.14,1
2,3828112263,235,24,1,0.99,S,34.14,1
2,3828112267,125,0,1,0,,0,1
2,3828112267,126,0,1,0,,0,1
2,3828112267,127,0,1,0,,0,1
2,3828112267,128,0,1,0,,0,1
2,3828112267,129,25,1,0.99,,45.35,1
2,3828112267,130,14,1,0.99,,37.17,1
2,3828112267,131,7,1,0.99,,34.94,1
2,3828112267,132,6,1,0.99,,34.94,1
2,3828112267,133,7,1,0.99,,31.91,1
2,3828112267,134,7,1,0.99,,30.5,1
2,3828112267,135,19,1,0.89,S,22.8,1
2,3828112267,136,11,1,0.99,,31.91,1
2,3828112267,137,9,1,0.99,,31.51,1
2,3828112267,138,12,1,0.99,,31.51,1
2,3828112267,139,8,1,0.99,,31.51,1
2,3828112267,140,3,1,0.99,,30.4,1
2,3828112267,141,8,1,0.99,,29.29,1
2,3828112267,142,12,1,0.99,,28.58,1
2,3828112267,143,13,1,0.99,,28.48,1
2,3828112267,144,8,1,0.99,,28.38,1
2,3828112267,145,10,1,0.99,,28.28,1
2,3828112267,146,4,1,0.99,,28.28,1
2,3828112267,147,5,1,0.99,,28.28,1
2,3828112267,148,6,1,0.99,,28.28,1
2,3828112267,149,3,1,0.99,,28.28,1
2,3828112267,150,9,1,0.99,,28.28,1
2,3828112267,151,8,1,0.99,,28.28,1
2,3828112267,152,10,1,0.99,,29.79,1
2,3828112267,153,12,1,0.74,B,8.64,1
2,3828112267,154,8,1,0.8,B,16.62,1
2,3828112267,155,3,1,0.99,,32.62,1
2,3828112267,156,8,1,0.99,,32.62,1
2,3828112267,157,4,1,0.99,,32.62,1
2,3828112267,158,13,1,0.89,B,25.05,1
2,3828112267,159,16,1,0.91,B,25.93,1
2,3828112267,160,8,1,0.99,,30.6,1
2,3828112267,161,9,1,0.99,B,29.39,1
2,3828112267,162,12,1,0.97,,32.47,1
2,3828112267,163,12,1,0.94,B,30,1
2,3828112267,164,9,1,0.74,B,10.94,1
2,3828112267,165,3,1,0.99,,32.82,1
2,3828112267,166,9,1,0.99,,30.6,1
2,3828112267,167,12,1,0.99,,30.6,1
2,3828112267,168,12,1,0.99,,30.6,1
2,3828112267,169,9,1,0.99,,30.6,1
2,3828112267,170,6,1,0.98,,29.89,1
2,3828112267,171,8,1,0.94,B,26.91,1
2,3828112267,172,6,1,0.94,B,26.7,1
2,3828112267,173,10,1,0.96,B,27.7,1
2,3828112267,174,12,1,0.99,,29.39,1
2,3828112267,175,5,1,0.99,,28.78,1
2,3828112267,176,7,1,0.99,,28.78,1
2,3828112267,177,10,1,0.99,,28.28,1
2,3828112267,178,11,1,0.99,,28.28,1
2,3828112267,179,13,1,0.99,,29.09,1
2,3828112267,180,23,1,0.74,S,9.18,1
2,3828112267,181,3,1,0.99,,32.12,1
2,3828112267,182,14,1,0.99,,30,1
2,3828112267,183,10,1,0.99,,30,1
2,3828112267,184,5,1,0.99,,30,1
2,3828112267,185,10,1,0.99,,30,1
2,3828112267,186,6,1,0.99,,29.39,1
2,3828112267,187,10,1,0.99,,28.98,1
2,3828112267,188,15,1,0.95,B,26,1
2,3828112267,189,10,1,0.99,,28.78,1
2,3828112267,190,11,1,0.99,,28.28,1
2,3828112267,191,7,1,0.99,,28.28,1
2,3828112267,192,9,1,0.99,,28.28,1
2,3828112267,193,13,1,0.99,,28.28,1
2,3828112267,194,13,1,0.99,,28.28,1
2,3828112267,195,7,1,0.99,,28.28,1
2,3828112267,196,4,1,0.99,,28.28,1
2,3828112267,197,13,1,0.99,,28.28,1
2,3828112267,198,8,1,0.99,,28.28,1
2,3828112267,199,7,1,0.99,,28.28,1
2,3828112267,200,5,1,0.99,,28.28,1
2,3828112267,201,8,1,0.99,,28.28,1
2,3828112267,202,9,1,0.99,,28.28,1
2,3828112267,203,11,1,0.99,,28.28,1
2,3828112267,204,3,1,0.99,,28.28,1
2,3828112267,205,10,1,0.99,,28.28,1
2,3828112267,206,12,1,0.99,,28.98,1
2,3828112267,207,19,1,0.74,S,9.45,1
2,3828112267,208,6,1,0.99,,32.72,1
2,3828112267,209,8,1,0.99,,32.72,1
2,3828112267,210,11,1,0.99,,32.72,1
2,3828112267,211,10,1,0.99,,32.12,1
2,3828112267,212,13,1,0.99,,30.7,1
2,3828112267,213,8,1,0.99,,30.8,1
2,3828112267,214,9,1,0.99,,37.87,1
2,3828112267,215,17,1,0.99,,30,1
2,3828112267,216,18,1,0.74,S,8.64,1
2,3828112267,217,14,1,0.99,,31.71,1
2,3828112267,218,15,1,0.99,,31.71,1
2,3828112267,219,0,1,0,,0,0
2,3828112267,220,9,1,0.99,,30.1,1
2,3828112267,221,6,1,0.99,,30,1
2,3828112267,222,12,1,0.99,,28.98,1
2,3828112267,223,6,1,0.99,,28.78,1
2,3828112267,224,2,1,0.99,,28.58,1
2,3828112267,225,6,1,0.99,,28.38,1
2,3828112267,226,11,1,0.99,,28.38,1
2,3828112267,227,13,1,0.99,,28.38,1
2,3828112267,228,9,1,0.99,,28.38,1
2,3828112267,229,2,1,0.99,,28.38,1
2,3828112267,230,10,1,0.99,,30.5,1
2,3828112267,231,19,1,0.89,S,25.16,1
2,3828112267,232,10,1,0.99,,30.5,1
2,3828112267,233,19,1,0.89,S,25.16,1
2,3828112267,234,13,1,0.99,S,34.44,1
2,3828112267,235,6,1,0.99,S,34.44,1
