notes/week02/data.csv
STORE,UPC,WEEK,MOVE,QTY,PRICE,SALE,PROFIT,OK
2,3828112271,125,0,1,0,,0,1
2,3828112271,126,0,1,0,,0,1
2,3828112271,127,0,1,0,,0,1
2,3828112271,128,7,1,0.99,,43.33,1
2,3828112271,129,20,1,0.99,,43.33,1
2,3828112271,130,34,1,0.99,,36.26,1
2,3828112271,131,7,1,0.99,,34.44,1
2,3828112271,132,8,1,0.99,,34.44,1
2,3828112271,133,6,1,0.99,,34.44,1
2,3828112271,134,6,1,0.99,,31.31,1
2,3828112271,135,14,1,0.89,S,22.35,1
2,3828112271,136,11,1,0.99,,31.31,1
2,3828112271,137,9,1,0.99,,30.6,1
2,3828112271,138,7,1,0.99,,30.6,1
2,3828112271,139,6,1,0.99,,30.6,1
2,3828112271,140,12,1,0.99,,30.6,1
2,3828112271,141,6,1,0.99,,29.39,1
2,3828112271,142,13,1,0.99,,28.88,1
2,3828112271,143,7,1,0.99,,28.78,1
2,3828112271,144,13,1,0.99,,28.48,1
2,3828112271,145,5,1,0.99,,28.38,1
2,3828112271,146,12,1,0.99,,28.28,1
2,3828112271,147,3,1,0.99,,28.28,1
2,3828112271,148,11,1,0.99,,28.28,1
2,3828112271,149,9,1,0.99,,28.28,1
2,3828112271,150,9,1,0.99,,28.28,1
2,3828112271,151,12,1,0.99,,28.28,1
2,3828112271,152,9,1,0.99,,30.7,1
2,3828112271,153,17,1,0.74,B,9.72,1
2,3828112271,154,8,1,0.8,B,17.25,1
2,3828112271,155,12,1,0.99,,33.13,1
2,3828112271,156,14,1,0.99,,33.13,1
2,3828112271,157,14,1,0.99,,33.13,1
2,3828112271,158,16,1,0.89,B,25.61,1
2,3828112271,159,18,1,0.92,B,28.04,1
2,3828112271,160,6,1,0.99,,32.02,1
2,3828112271,161,15,1,0.99,B,30.2,1
2,3828112271,162,11,1,0.98,,32.85,1
2,3828112271,163,12,1,0.95,B,30.63,1
2,3828112271,164,13,1,0.74,B,10.94,1
2,3828112271,165,4,1,0.99,,32.92,1
2,3828112271,166,7,1,0.99,,30.7,1
2,3828112271,167,12,1,0.99,,30.7,1
2,3828112271,168,5,1,0.99,,30.7,1
2,3828112271,169,11,1,0.99,,30.7,1
2,3828112271,170,9,1,0.97,,29.27,1
2,3828112271,171,5,1,0.94,B,27.02,1
2,3828112271,172,3,1,0.94,B,27.02,1
2,3828112271,173,21,1,0.96,B,26.04,1
2,3828112271,174,12,1,0.99,,28.28,1
2,3828112271,175,9,1,0.99,,28.28,1
2,3828112271,176,8,1,0.99,,28.28,1
2,3828112271,177,7,1,0.99,,28.28,1
2,3828112271,178,9,1,0.99,,28.28,1
2,3828112271,179,7,1,0.99,,29.39,1
2,3828112271,180,14,1,0.74,S,9.05,1
2,3828112271,181,12,1,0.99,,31.61,1
2,3828112271,182,7,1,0.99,,29.79,1
2,3828112271,183,7,1,0.99,,29.79,1
2,3828112271,184,4,1,0.99,,29.79,1
2,3828112271,185,8,1,0.99,,29.69,1
2,3828112271,186,3,1,0.99,,28.88,1
2,3828112271,187,7,1,0.99,,28.58,1
2,3828112271,188,8,1,0.95,B,25.57,1
2,3828112271,189,11,1,0.99,,28.48,1
2,3828112271,190,12,1,0.99,,28.38,1
2,3828112271,191,3,1,0.99,,28.28,1
2,3828112271,192,14,1,0.99,,28.28,1
2,3828112271,193,6,1,0.99,,28.28,1
2,3828112271,194,6,1,0.99,,28.28,1
2,3828112271,195,8,1,0.99,,28.28,1
2,3828112271,196,7,1,0.99,,28.28,1
2,3828112271,197,6,1,0.99,,28.28,1
2,3828112271,198,8,1,0.99,,28.28,1
2,3828112271,199,7,1,0.99,,28.28,1
2,3828112271,200,7,1,0.99,,28.28,1
2,3828112271,201,9,1,0.99,,28.28,1
2,3828112271,202,12,1,0.99,,28.28,1
2,3828112271,203,7,1,0.99,,28.28,1
2,3828112271,204,7,1,0.99,,28.28,1
2,3828112271,205,6,1,0.99,,28.28,1
2,3828112271,206,9,1,0.99,,31.01,1
2,3828112271,207,15,1,0.74,S,9.45,1
2,3828112271,208,12,1,0.99,,32.52,1
2,3828112271,209,9,1,0.99,,32.52,1
2,3828112271,210,8,1,0.99,,32.02,1
2,3828112271,211,10,1,0.99,,30.1,1
2,3828112271,212,7,1,0.99,,29.49,1
2,3828112271,213,10,1,0.99,,31.01,1
2,3828112271,214,14,1,0.99,,36.26,1
2,3828112271,215,11,1,0.99,,29.49,1
2,3828112271,216,5,1,0.74,S,8.24,1
2,3828112271,217,8,1,0.99,,31.41,1
2,3828112271,218,12,1,0.99,,31.41,1
2,3828112271,219,0,1,0,,0,0
2,3828112271,220,7,1,0.99,,30,1
2,3828112271,221,9,1,0.99,,30,1
2,3828112271,222,15,1,0.99,,28.98,1
2,3828112271,223,11,1,0.99,,28.68,1
2,3828112271,224,5,1,0.99,,28.48,1
2,3828112271,225,8,1,0.99,,28.38,1
2,3828112271,226,6,1,0.99,,28.38,1
2,3828112271,227,1,1,0.99,,28.38,1
2,3828112271,228,5,1,0.99,,28.38,1
2,3828112271,229,11,1,0.99,,28.38,1
2,3828112271,230,15,1,0.99,,29.39,1
2,3828112271,231,9,1,0.89,S,25.84,1
2,3828112271,232,15,1,0.99,,29.39,1
2,3828112271,233,9,1,0.89,S,25.84,1
2,3828112271,234,23,1,0.99,S,34.84,1
2,3828112271,235,10,1,0.99,S,33.03,1
2,3828112409,125,0,1,0,,0,1
2,3828112409,126,0,1,0,,0,1
2,3828112409,127,0,1,0,,0,1
2,3828112409,128,0,1,0,,0,1
2,3828112409,129,6,1,0.99,,43.33,1
2,3828112409,130,9,1,0.99,,37.37,1
2,3828112409,131,8,1,0.99,,35.55,1
2,3828112409,132,11,1,0.99,,35.55,1
2,3828112409,133,7,1,0.99,,35.55,1
2,3828112409,134,9,1,0.99,,31.21,1
2,3828112409,135,13,1,0.89,S,22.47,1
2,3828112409,136,8,1,0.99,,31.51,1
2,3828112409,137,14,1,0.99,,31.11,1
2,3828112409,138,11,1,0.99,,31.11,1
2,3828112409,139,11,1,0.99,,31.11,1
2,3828112409,140,15,1,0.99,,31.11,1
2,3828112409,141,11,1,0.99,,29.19,1
2,3828112409,142,15,1,0.99,,28.78,1
2,3828112409,143,8,1,0.99,,28.48,1
2,3828112409,144,12,1,0.99,,28.38,1
2,3828112409,145,6,1,0.99,,28.38,1
2,3828112409,146,15,1,0.99,,28.28,1
2,3828112409,147,7,1,0.99,,28.28,1
2,3828112409,148,5,1,0.99,,28.28,1
2,3828112409,149,4,1,0.99,,28.28,1
2,3828112409,150,5,1,0.99,,28.28,1
2,3828112409,151,9,1,0.99,,28.28,1
2,3828112409,152,14,1,0.99,,29.39,1
2,3828112409,153,19,1,0.74,B,9.32,1
2,3828112409,154,15,1,0.77,B,13.63,1
2,3828112409,155,6,1,0.99,,32.92,1
2,3828112409,156,6,1,0.99,,32.92,1
2,3828112409,157,7,1,0.99,,32.92,1
2,3828112409,158,10,1,0.89,B,25.39,1
2,3828112409,159,16,1,0.92,B,27.06,1
2,3828112409,160,7,1,0.99,,31.01,1
2,3828112409,161,11,1,0.99,B,30.3,1
2,3828112409,162,15,1,0.97,,31.23,1
2,3828112409,163,8,1,0.96,B,31.25,1
2,3828112409,164,11,1,0.74,B,10.81,1
2,3828112409,165,5,1,0.99,,33.33,1
2,3828112409,166,3,1,0.99,,29.79,1
2,3828112409,167,9,1,0.99,,29.69,1
2,3828112409,168,9,1,0.99,,29.69,1
2,3828112409,169,6,1,0.99,,29.69,1
2,3828112409,170,9,1,0.96,,27.5,1
2,3828112409,171,5,1,0.94,B,25.95,1
2,3828112409,172,6,1,0.94,B,25.85,1
2,3828112409,173,13,1,0.97,B,27.52,1
2,3828112409,174,11,1,0.99,,28.88,1
2,3828112409,175,9,1,0.99,,28.58,1
2,3828112409,176,11,1,0.99,,28.58,1
2,3828112409,177,10,1,0.99,,28.28,1
2,3828112409,178,7,1,0.99,,28.28,1
2,3828112409,179,5,1,0.99,,28.48,1
2,3828112409,180,10,1,0.74,S,8.37,1
2,3828112409,181,9,1,0.99,,31.41,1
2,3828112409,182,9,1,0.99,,29.89,1
2,3828112409,183,10,1,0.99,,29.89,1
2,3828112409,184,9,1,0.99,,29.89,1
2,3828112409,185,8,1,0.99,,29.39,1
2,3828112409,186,5,1,0.99,,29.09,1
2,3828112409,187,3,1,0.99,,28.88,1
2,3828112409,188,6,1,0.95,B,25.89,1
2,3828112409,189,10,1,0.99,,28.48,1
2,3828112409,190,12,1,0.99,,28.28,1
2,3828112409,191,9,1,0.99,,28.28,1
2,3828112409,192,7,1,0.99,,28.28,1
2,3828112409,193,8,1,0.99,,28.28,1
2,3828112409,194,9,1,0.99,,28.28,1
2,3828112409,195,10,1,0.99,,28.28,1
2,3828112409,196,4,1,0.99,,28.28,1
2,3828112409,197,6,1,0.99,,28.28,1
2,3828112409,198,12,1,0.99,,28.28,1
2,3828112409,199,8,1,0.99,,28.28,1
2,3828112409,200,13,1,0.99,,28.28,1
2,3828112409,201,11,1,0.99,,28.28,1
2,3828112409,202,6,1,0.99,,28.28,1
2,3828112409,203,10,1,0.99,,28.28,1
2,3828112409,204,8,1,0.99,,28.28,1
2,3828112409,205,10,1,0.99,,28.28,1
2,3828112409,206,7,1,0.99,,30.3,1
2,3828112409,207,14,1,0.74,S,10.27,1
2,3828112409,208,13,1,0.99,,33.13,1
2,3828112409,209,13,1,0.99,,33.13,1
2,3828112409,210,20,1,0.99,,32.52,1
2,3828112409,211,6,1,0.99,,30,1
2,3828112409,212,8,1,0.99,,29.49,1
2,3828112409,213,15,1,0.99,,28.88,1
2,3828112409,214,10,1,0.99,,35.45,1
2,3828112409,215,8,1,0.99,,31.51,1
2,3828112409,216,9,1,0.74,S,9.32,1
2,3828112409,217,12,1,0.99,,32.22,1
2,3828112409,218,15,1,0.99,,32.22,1
2,3828112409,219,0,1,0,,0,0
2,3828112409,220,6,1,0.99,,30.4,1
2,3828112409,221,13,1,0.99,,30.4,1
2,3828112409,222,7,1,0.99,,29.09,1
2,3828112409,223,14,1,0.99,,28.88,1
2,3828112409,224,0,1,0,,0,1
2,3828112409,225,4,1,0.99,,28.48,1
2,3828112409,226,23,1,0.99,,28.48,1
2,3828112409,227,12,1,0.99,,28.38,1
2,3828112409,228,7,1,0.99,,28.38,1
2,3828112409,229,11,1,0.99,,28.38,1
2,3828112409,230,12,1,0.99,,30.1,1
2,3828112409,231,19,1,0.89,S,28.2,1
2,3828112409,232,12,1,0.99,,30.1,1
2,3828112409,233,19,1,0.89,S,28.2,1
2,3828112409,234,19,1,0.99,S,36.66,1
2,3828112409,235,25,1,0.99,S,36.66,1
12,3828112263,125,0,1,0,,0,1
12,3828112263,126,0,1,0,,0,1
12,3828112263,127,0,1,0,,0,1
12,3828112263,128,1,1,1.09,,53.12,1
12,3828112263,129,38,1,0.99,,43.33,1
12,3828112263,130,18,1,0.99,,43.33,1
12,3828112263,131,85,1,0.99,,37.37,1
12,3828112263,132,88,1,0.99,,35.56,1
12,3828112263,133,115,1,0.99,,35.56,1
12,3828112263,134,117,1,0.99,,35.56,1
12,3828112263,135,116,1,0.89,,21.91,1
12,3828112263,136,69,1,0.99,,30.4,1
12,3828112263,137,83,1,0.99,,31.72,1
12,3828112263,138,88,1,0.99,,31.72,1
12,3828112263,139,73,1,0.99,,31.72,1
12,3828112263,140,84,1,0.99,,30.81,1
12,3828112263,141,66,1,0.99,,30.1,1
12,3828112263,142,98,1,0.99,,29.39,1
12,3828112263,143,100,1,0.99,,28.59,1
12,3828112263,144,90,1,0.99,,28.48,1
12,3828112263,145,71,1,0.99,,28.38,1
12,3828112263,146,73,1,0.99,,28.28,1
12,3828112263,147,71,1,0.99,,28.28,1
12,3828112263,148,82,1,0.99,,28.28,1
12,3828112263,149,64,1,0.99,,28.28,1
12,3828112263,150,51,1,0.99,,28.28,1
12,3828112263,151,29,1,0.99,,28.28,1
12,3828112263,152,33,1,0.99,,28.28,1
12,3828112263,153,60,1,0.74,B,7.03,1
12,3828112263,154,34,1,0.74,B,7.57,1
12,3828112263,155,34,1,0.99,,32.22,1
12,3828112263,156,32,1,0.99,,32.22,1
12,3828112263,157,33,1,0.99,,32.22,1
12,3828112263,158,71,1,0.89,B,24.61,1
12,3828112263,159,90,1,0.89,,24.61,1
12,3828112263,160,65,1,0.99,,29.8,1
12,3828112263,161,17,1,0.99,,29.19,1
12,3828112263,162,59,1,0.99,,28.69,1
12,3828112263,163,79,1,0.94,,29.57,1
12,3828112263,164,102,1,0.74,,12.3,1
12,3828112263,165,61,1,0.99,,34.44,1
12,3828112263,166,53,1,0.99,,33.13,1
12,3828112263,167,22,1,0.99,,30.91,1
12,3828112263,168,29,1,0.99,,30.91,1
12,3828112263,169,32,1,0.99,,30.91,1
12,3828112263,170,34,1,0.99,,30.91,1
12,3828112263,171,39,1,0.94,B,27.23,1
12,3828112263,172,31,1,0.94,,27.23,1
12,3828112263,173,15,1,0.94,,27.23,1
12,3828112263,174,20,1,0.99,,29.8,1
12,3828112263,175,31,1,0.99,,28.89,1
12,3828112263,176,26,1,0.99,,28.89,1
12,3828112263,177,30,1,0.99,,28.89,1
12,3828112263,178,39,1,0.99,,28.38,1
12,3828112263,179,83,1,0.99,,28.38,1
12,3828112263,180,101,1,0.74,S,6.35,1
12,3828112263,181,75,1,0.99,,31.62,1
12,3828112263,182,92,1,0.99,,31.01,1
12,3828112263,183,97,1,0.99,,30.3,1
12,3828112263,184,61,1,0.99,,30.3,1
12,3828112263,185,83,1,0.99,,30.3,1
12,3828112263,186,142,1,0.99,,30.3,1
12,3828112263,187,68,1,0.99,,29.69,1
12,3828112263,188,84,1,0.95,B,26.73,1
12,3828112263,189,60,1,0.99,,29.39,1
12,3828112263,190,77,1,0.99,,28.28,1
12,3828112263,191,72,1,0.99,,28.28,1
12,3828112263,192,92,1,0.99,,28.28,1
12,3828112263,193,64,1,0.99,,28.28,1
12,3828112263,194,62,1,0.99,,28.28,1
12,3828112263,195,68,1,0.99,,28.28,1
12,3828112263,196,59,1,0.99,,28.28,1
12,3828112263,197,83,1,0.99,,28.28,1
12,3828112263,198,44,1,0.99,,28.28,1
12,3828112263,199,54,1,0.99,,28.28,1
12,3828112263,200,64,1,0.99,,28.28,1
12,3828112263,201,57,1,0.99,,28.28,1
12,3828112263,202,44,1,0.99,,28.28,1
12,3828112263,203,39,1,0.99,,28.28,1
12,3828112263,204,56,1,0.99,,28.28,1
12,3828112263,205,65,1,0.99,,28.28,1
12,3828112263,206,68,1,0.99,,31.11,1
12,3828112263,207,73,1,0.74,S,10.13,1
12,3828112263,208,56,1,0.99,,33.13,1
12,3828112263,209,43,1,0.99,,33.13,1
12,3828112263,210,26,1,0.99,,33.13,1
12,3828112263,211,37,1,0.99,,33.13,1
12,3828112263,212,22,1,0.99,,32.92,1
12,3828112263,213,16,1,0.99,,31.21,1
12,3828112263,214,26,1,0.99,,36.36,1
12,3828112263,215,19,1,0.99,,35.25,1
12,3828112263,216,87,1,0.74,S,9.72,1
12,3828112263,217,103,1,0.98,S,31.83,1
12,3828112263,218,40,1,0.99,,32.52,1
12,3828112263,219,0,1,0,,0,0
12,3828112263,220,22,1,0.99,,31.21,1
12,3828112263,221,19,1,0.99,,30.8,1
12,3828112263,222,31,1,0.99,,28.88,1
12,3828112263,223,39,1,0.99,,28.68,1
12,3828112263,224,20,1,0.99,,28.48,1
12,3828112263,225,40,1,0.99,,28.38,1
12,3828112263,226,106,1,0.99,,28.38,1
12,3828112263,227,112,1,0.99,,28.38,1
12,3828112263,228,133,1,0.99,,28.38,1
12,3828112263,229,133,1,0.99,,28.38,1
12,3828112263,230,82,1,0.99,,29.89,1
12,3828112263,231,79,1,0.89,S,25.05,1
12,3828112263,232,82,1,0.99,,29.89,1
12,3828112263,233,79,1,0.89,S,25.05,1
12,3828112263,234,43,1,0.98,S,33.46,1
12,3828112263,235,56,1,0.99,S,34.14,1
12,3828112267,125,0,1,0,,0,1
12,3828112267,126,0,1,0,,0,1
12,3828112267,127,0,1,0,,0,1
12,3828112267,128,0,1,0,,0,1
12,3828112267,129,6,1,0.99,,45.35,1
12,3828112267,130,17,1,0.99,,45.35,1
12,3828112267,131,117,1,0.99,,37.17,1
12,3828112267,132,65,1,0.99,,34.95,1
12,3828112267,133,118,1,0.99,,34.95,1
12,3828112267,134,117,1,0.99,,31.92,1
12,3828112267,135,157,1,0.89,,22.02,1
12,3828112267,136,93,1,0.99,,30.2,1
12,3828112267,137,77,1,0.99,,31.52,1
12,3828112267,138,91,1,0.99,,31.52,1
12,3828112267,139,70,1,0.99,,31.52,1
12,3828112267,140,83,1,0.99,,31.52,1
12,3828112267,141,92,1,0.99,,30.4,1
12,3828112267,142,98,1,0.99,,29.39,1
12,3828112267,143,117,1,0.99,,28.59,1
12,3828112267,144,85,1,0.99,,28.38,1
12,3828112267,145,74,1,0.99,,28.28,1
12,3828112267,146,85,1,0.99,,28.28,1
12,3828112267,147,92,1,0.99,,28.28,1
12,3828112267,148,74,1,0.99,,28.28,1
12,3828112267,149,47,1,0.99,,28.28,1
12,3828112267,150,21,1,0.99,,28.28,1
12,3828112267,151,16,1,0.99,,28.28,1
12,3828112267,152,21,1,0.99,,28.28,1
12,3828112267,153,55,1,0.74,,7.43,1
12,3828112267,154,34,1,0.74,,8.51,1
12,3828112267,155,19,1,0.99,,32.63,1
12,3828112267,156,26,1,0.99,,32.63,1
12,3828112267,157,32,1,0.99,,32.63,1
12,3828112267,158,170,1,0.89,B,25.06,1
12,3828112267,159,96,1,0.89,B,25.06,1
12,3828112267,160,85,1,0.99,,30.61,1
12,3828112267,161,12,1,0.99,,30.61,1
12,3828112267,162,68,1,0.99,,29.39,1
12,3828112267,163,67,1,0.94,,30.32,1
12,3828112267,164,70,1,0.74,B,10.95,1
12,3828112267,165,55,1,0.99,,33.43,1
12,3828112267,166,31,1,0.99,,32.53,1
12,3828112267,167,19,1,0.99,,30.61,1
12,3828112267,168,7,1,0.99,,30.61,1
12,3828112267,169,17,1,0.99,,30.61,1
12,3828112267,170,20,1,0.99,,30.61,1
12,3828112267,171,20,1,0.94,,26.91,1
12,3828112267,172,19,1,0.94,B,26.91,1
12,3828112267,173,15,1,0.94,B,26.91,1
12,3828112267,174,19,1,0.99,,29.39,1
12,3828112267,175,19,1,0.99,,28.79,1
12,3828112267,176,18,1,0.99,,28.79,1
12,3828112267,177,14,1,0.99,,28.79,1
12,3828112267,178,28,1,0.99,,28.28,1
12,3828112267,179,92,1,0.99,,28.28,1
12,3828112267,180,142,1,0.74,,7.57,1
12,3828112267,181,119,1,0.99,,32.12,1
12,3828112267,182,68,1,0.99,,30.71,1
12,3828112267,183,102,1,0.99,,30,1
12,3828112267,184,47,1,0.99,,30,1
12,3828112267,185,59,1,0.99,,30,1
12,3828112267,186,35,1,0.99,,29.59,1
12,3828112267,187,57,1,0.99,,28.98,1
12,3828112267,188,78,1,0.95,B,26,1
12,3828112267,189,87,1,0.99,,28.88,1
12,3828112267,190,90,1,0.99,,28.28,1
12,3828112267,191,95,1,0.99,,28.28,1
12,3828112267,192,94,1,0.99,,28.28,1
12,3828112267,193,101,1,0.99,,28.28,1
12,3828112267,194,92,1,0.99,,28.28,1
12,3828112267,195,91,1,0.99,,28.28,1
12,3828112267,196,72,1,0.99,,28.28,1
12,3828112267,197,88,1,0.99,,28.28,1
12,3828112267,198,95,1,0.99,,28.28,1
12,3828112267,199,51,1,0.99,,28.28,1
12,3828112267,200,59,1,0.99,,28.28,1
12,3828112267,201,80,1,0.99,,28.28,1
12,3828112267,202,64,1,0.99,,28.28,1
12,3828112267,203,67,1,0.99,,28.28,1
12,3828112267,204,64,1,0.99,,28.28,1
12,3828112267,205,37,1,0.99,,28.28,1
12,3828112267,206,66,1,0.99,,30.8,1
12,3828112267,207,102,1,0.74,S,9.45,1
12,3828112267,208,34,1,0.99,,32.72,1
12,3828112267,209,38,1,0.99,,32.72,1
12,3828112267,210,13,1,0.99,,32.72,1
12,3828112267,211,30,1,0.99,,31.91,1
12,3828112267,212,25,1,0.99,,30.7,1
12,3828112267,213,28,1,0.99,,31.41,1
12,3828112267,214,23,1,0.99,,37.77,1
12,3828112267,215,21,1,0.99,,30.9,1
12,3828112267,216,102,1,0.74,S,8.64,1
12,3828112267,217,36,1,0.98,S,31.02,1
12,3828112267,218,27,1,0.99,,31.71,1
12,3828112267,219,0,1,0,,0,0
12,3828112267,220,17,1,0.99,,30.1,1
12,3828112267,221,23,1,0.99,,30.1,1
12,3828112267,222,23,1,0.99,,28.98,1
12,3828112267,223,23,1,0.99,,28.78,1
12,3828112267,224,26,1,0.99,,28.58,1
12,3828112267,225,25,1,0.99,,28.38,1
12,3828112267,226,10,1,0.99,,28.38,1
12,3828112267,227,23,1,0.99,,28.38,1
12,3828112267,228,34,1,0.99,,28.38,1
12,3828112267,229,12,1,0.99,,28.38,1
12,3828112267,230,9,1,0.99,,32.62,1
12,3828112267,231,75,1,0.89,S,25.39,1
12,3828112267,232,9,1,0.99,,32.62,1
12,3828112267,233,75,1,0.89,S,25.39,1
12,3828112267,234,93,1,0.98,S,33.77,1
12,3828112267,235,74,1,0.99,S,34.44,1
