notes/week02/data.csv
STORE,UPC,WEEK,MOVE,QTY,PRICE,SALE,PROFIT,OK
12,3828112271,125,0,1,0,,0,1
12,3828112271,126,0,1,0,,0,1
12,3828112271,127,0,1,0,,0,1
12,3828112271,128,1,1,1.09,,53.12,1
12,3828112271,129,24,1,0.99,,43.33,1
12,3828112271,130,24,1,0.99,,43.33,1
12,3828112271,131,131,1,0.99,,36.26,1
12,3828112271,132,78,1,0.99,,34.44,1
12,3828112271,133,114,1,0.99,,34.44,1
12,3828112271,134,141,1,0.99,,34.44,1
12,3828112271,135,127,1,0.89,S,22.25,1
12,3828112271,136,80,1,0.99,,29.7,1
12,3828112271,137,82,1,0.99,,30.61,1
12,3828112271,138,90,1,0.99,,30.61,1
12,3828112271,139,89,1,0.99,,30.61,1
12,3828112271,140,97,1,0.99,,30.61,1
12,3828112271,141,59,1,0.99,,30.61,1
12,3828112271,142,81,1,0.99,,29.39,1
12,3828112271,143,72,1,0.99,,28.89,1
12,3828112271,144,82,1,0.99,,28.48,1
12,3828112271,145,62,1,0.99,,28.38,1
12,3828112271,146,92,1,0.99,,28.38,1
12,3828112271,147,60,1,0.99,,28.28,1
12,3828112271,148,68,1,0.99,,28.28,1
12,3828112271,149,63,1,0.99,,28.28,1
12,3828112271,150,54,1,0.99,,28.28,1
12,3828112271,151,28,1,0.99,,28.28,1
12,3828112271,152,27,1,0.99,,28.28,1
12,3828112271,153,50,1,0.74,,8.92,1
12,3828112271,154,50,1,0.74,B,9.59,1
12,3828112271,155,21,1,0.99,,33.13,1
12,3828112271,156,33,1,0.99,,33.13,1
12,3828112271,157,22,1,0.99,,33.13,1
12,3828112271,158,104,1,0.89,B,25.62,1
12,3828112271,159,80,1,0.89,,25.62,1
12,3828112271,160,61,1,0.99,,33.13,1
12,3828112271,161,16,1,0.99,B,31.72,1
12,3828112271,162,73,1,0.99,,30.2,1
12,3828112271,163,75,1,0.94,B,30,1
12,3828112271,164,56,1,0.74,,10.95,1
12,3828112271,165,65,1,0.99,,33.43,1
12,3828112271,166,42,1,0.99,,32.42,1
12,3828112271,167,24,1,0.99,,30.71,1
12,3828112271,168,25,1,0.99,,30.71,1
12,3828112271,169,24,1,0.99,,30.71,1
12,3828112271,170,26,1,0.99,,30.71,1
12,3828112271,171,43,1,0.94,,27.02,1
12,3828112271,172,18,1,0.94,,27.02,1
12,3828112271,173,27,1,0.94,,27.02,1
12,3828112271,174,29,1,0.99,,28.28,1
12,3828112271,175,32,1,0.99,,28.28,1
12,3828112271,176,24,1,0.99,,28.28,1
12,3828112271,177,20,1,0.99,,28.28,1
12,3828112271,178,19,1,0.99,,28.28,1
12,3828112271,179,57,1,0.99,,28.28,1
12,3828112271,180,139,1,0.74,S,6.62,1
12,3828112271,181,85,1,0.99,,32.02,1
12,3828112271,182,65,1,0.99,,30.4,1
12,3828112271,183,73,1,0.99,,29.8,1
12,3828112271,184,46,1,0.99,,29.8,1
12,3828112271,185,60,1,0.99,,29.69,1
12,3828112271,186,94,1,0.99,,28.88,1
12,3828112271,187,77,1,0.99,,28.58,1
12,3828112271,188,75,1,0.95,B,25.57,1
12,3828112271,189,59,1,0.99,,28.48,1
12,3828112271,190,63,1,0.99,,28.38,1
12,3828112271,191,57,1,0.99,,28.28,1
12,3828112271,192,101,1,0.99,,28.28,1
12,3828112271,193,70,1,0.99,,28.28,1
12,3828112271,194,35,1,0.99,,28.28,1
12,3828112271,195,71,1,0.99,,28.28,1
12,3828112271,196,62,1,0.99,,28.28,1
12,3828112271,197,50,1,0.99,,28.28,1
12,3828112271,198,27,1,0.99,,28.28,1
12,3828112271,199,28,1,0.99,,28.28,1
12,3828112271,200,63,1,0.99,,28.28,1
12,3828112271,201,39,1,0.99,,28.28,1
12,3828112271,202,71,1,0.99,,28.28,1
12,3828112271,203,67,1,0.99,,28.28,1
12,3828112271,204,68,1,0.99,,28.28,1
12,3828112271,205,88,1,0.99,,28.28,1
12,3828112271,206,28,1,0.99,,30.6,1
12,3828112271,207,86,1,0.74,,9.45,1
12,3828112271,208,32,1,0.99,,32.52,1
12,3828112271,209,32,1,0.99,,32.52,1
12,3828112271,210,32,1,0.99,,32.22,1
12,3828112271,211,26,1,0.99,,30,1
12,3828112271,212,13,1,0.99,,29.29,1
12,3828112271,213,31,1,0.99,,30.4,1
12,3828112271,214,15,1,0.99,,35.15,1
12,3828112271,215,0,1,0,,0,1
12,3828112271,216,85,1,0.74,S,8.24,1
12,3828112271,217,61,1,0.98,S,30.71,1
12,3828112271,218,48,1,0.99,,31.41,1
12,3828112271,219,0,1,0,,0,0
12,3828112271,220,9,1,0.99,,30,1
12,3828112271,221,22,1,0.99,,30,1
12,3828112271,222,14,1,0.99,,28.98,1
12,3828112271,223,25,1,0.99,,28.68,1
12,3828112271,224,4,1,0.99,,28.48,1
12,3828112271,225,24,1,0.99,,28.38,1
12,3828112271,226,61,1,0.99,,28.38,1
12,3828112271,227,78,1,0.99,,28.38,1
12,3828112271,228,89,1,0.99,,28.38,1
12,3828112271,229,113,1,0.99,,28.38,1
12,3828112271,230,52,1,0.99,,29.89,1
12,3828112271,231,78,1,0.89,S,25.84,1
12,3828112271,232,52,1,0.99,,29.89,1
12,3828112271,233,78,1,0.89,S,25.84,1
12,3828112271,234,58,1,0.98,S,34.18,1
12,3828112271,235,43,1,0.99,S,33.63,1
12,3828112409,125,0,1,0,,0,1
12,3828112409,126,0,1,0,,0,1
12,3828112409,127,0,1,0,,0,1
12,3828112409,128,2,1,1.09,,53.12,1
12,3828112409,129,22,1,0.99,,43.33,1
12,3828112409,130,31,1,0.99,,43.33,1
12,3828112409,131,126,1,0.99,,37.37,1
12,3828112409,132,95,1,0.99,,35.56,1
12,3828112409,133,79,1,0.99,,35.56,1
12,3828112409,134,38,1,0.99,,35.56,1
12,3828112409,135,136,1,0.89,S,22.02,1
12,3828112409,136,97,1,0.99,,29.8,1
12,3828112409,137,69,1,0.99,,31.11,1
12,3828112409,138,75,1,0.99,,31.11,1
12,3828112409,139,87,1,0.99,,31.11,1
12,3828112409,140,86,1,0.99,,31.11,1
12,3828112409,141,86,1,0.99,,31.11,1
12,3828112409,142,31,1,0.99,,29.19,1
12,3828112409,143,100,1,0.99,,28.79,1
12,3828112409,144,92,1,0.99,,28.38,1
12,3828112409,145,94,1,0.99,,28.38,1
12,3828112409,146,97,1,0.99,,28.28,1
12,3828112409,147,86,1,0.99,,28.28,1
12,3828112409,148,82,1,0.99,,28.28,1
12,3828112409,149,34,1,0.99,,28.28,1
12,3828112409,150,9,1,0.99,,28.28,1
12,3828112409,151,24,1,0.99,,28.28,1
12,3828112409,152,27,1,0.99,,28.28,1
12,3828112409,153,52,1,0.74,B,7.43,1
12,3828112409,154,45,1,0.74,,9.19,1
12,3828112409,155,13,1,0.99,,32.93,1
12,3828112409,156,23,1,0.99,,32.93,1
12,3828112409,157,21,1,0.99,,32.93,1
12,3828112409,158,138,1,0.89,B,25.39,1
12,3828112409,159,81,1,0.89,,25.39,1
12,3828112409,160,82,1,0.99,,31.01,1
12,3828112409,161,16,1,0.99,,31.01,1
12,3828112409,162,34,1,0.99,,30.3,1
12,3828112409,163,43,1,0.94,,28.83,1
12,3828112409,164,89,1,0.74,B,10.81,1
12,3828112409,165,53,1,0.99,,33.33,1
12,3828112409,166,25,1,0.99,,31.11,1
12,3828112409,167,22,1,0.99,,29.7,1
12,3828112409,168,38,1,0.99,,29.7,1
12,3828112409,169,42,1,0.99,,29.7,1
12,3828112409,170,31,1,0.99,,29.7,1
12,3828112409,171,35,1,0.94,,25.96,1
12,3828112409,172,30,1,0.94,B,25.96,1
12,3828112409,173,36,1,0.94,B,25.96,1
12,3828112409,174,32,1,0.99,,28.99,1
12,3828112409,175,35,1,0.99,,28.59,1
12,3828112409,176,23,1,0.99,,28.59,1
12,3828112409,177,37,1,0.99,,28.59,1
12,3828112409,178,40,1,0.99,,28.28,1
12,3828112409,179,118,1,0.99,,28.28,1
12,3828112409,180,129,1,0.74,,5.41,1
12,3828112409,181,72,1,0.99,,31.52,1
12,3828112409,182,78,1,0.99,,30.71,1
12,3828112409,183,75,1,0.99,,29.9,1
12,3828112409,184,86,1,0.99,,29.9,1
12,3828112409,185,74,1,0.99,,29.39,1
12,3828112409,186,89,1,0.99,,29.09,1
12,3828112409,187,49,1,0.99,,28.88,1
12,3828112409,188,70,1,0.95,B,25.89,1
12,3828112409,189,73,1,0.99,,28.48,1
12,3828112409,190,45,1,0.99,,28.28,1
12,3828112409,191,66,1,0.99,,28.28,1
12,3828112409,192,80,1,0.99,,28.28,1
12,3828112409,193,74,1,0.99,,28.28,1
12,3828112409,194,73,1,0.99,,28.28,1
12,3828112409,195,80,1,0.99,,28.28,1
12,3828112409,196,64,1,0.99,,28.28,1
12,3828112409,197,51,1,0.99,,28.28,1
12,3828112409,198,92,1,0.99,,28.28,1
12,3828112409,199,46,1,0.99,,28.28,1
12,3828112409,200,52,1,0.99,,28.28,1
12,3828112409,201,33,1,0.99,,28.28,1
12,3828112409,202,68,1,0.99,,28.28,1
12,3828112409,203,58,1,0.99,,28.28,1
12,3828112409,204,66,1,0.99,,28.28,1
12,3828112409,205,82,1,0.99,,28.28,1
12,3828112409,206,43,1,0.99,,30,1
12,3828112409,207,119,1,0.74,S,10.27,1
12,3828112409,208,48,1,0.98,S,32.44,1
12,3828112409,209,32,1,0.99,,33.13,1
12,3828112409,210,18,1,0.99,,33.13,1
12,3828112409,211,12,1,0.99,,29.79,1
12,3828112409,212,27,1,0.99,,29.29,1
12,3828112409,213,18,1,0.99,,31.31,1
12,3828112409,214,19,1,0.99,,36.36,1
12,3828112409,215,24,1,0.99,,32.02,1
12,3828112409,216,36,1,0.74,S,9.32,1
12,3828112409,217,77,1,0.98,S,31.53,1
12,3828112409,218,39,1,0.99,,32.22,1
12,3828112409,219,0,1,0,,0,0
12,3828112409,220,29,1,0.99,,30.4,1
12,3828112409,221,16,1,0.99,,30.4,1
12,3828112409,222,35,1,0.99,,29.09,1
12,3828112409,223,31,1,0.99,,28.88,1
12,3828112409,224,20,1,0.99,,28.68,1
12,3828112409,225,33,1,0.99,,28.48,1
12,3828112409,226,74,1,0.99,,28.48,1
12,3828112409,227,70,1,0.99,,28.38,1
12,3828112409,228,84,1,0.99,,28.38,1
12,3828112409,229,66,1,0.99,,28.38,1
12,3828112409,230,57,1,0.99,,30.4,1
12,3828112409,231,79,1,0.89,,27.86,1
12,3828112409,232,57,1,0.99,,30.4,1
12,3828112409,233,79,1,0.89,,27.86,1
12,3828112409,234,77,1,0.98,S,36.02,1
12,3828112409,235,72,1,0.99,S,36.66,1
12,4400004713,125,3,1,2.64,B,29.51,1
12,4400004713,126,41,1,2.84,,34.47,1
12,4400004713,127,48,2,5,B,25.56,1
12,4400004713,128,20,2,5,B,25.56,1
12,4400004713,129,28,1,2.84,,34.47,1
12,4400004713,130,15,1,2.84,,27.29,1
12,4400004713,131,19,1,2.84,,27.29,1
12,4400004713,132,17,1,2.84,,27.29,1
12,4400004713,133,21,1,2.6,B,29.81,1
12,4400004713,134,18,1,2.84,,35.74,1
12,4400004713,135,21,1,1.99,B,8.29,1
12,4400004713,136,11,1,1.99,B,8.29,1
12,4400004713,137,14,1,2.84,,35.74,1
12,4400004713,138,16,1,2.84,,27.29,1
12,4400004713,139,15,1,2.84,,27.29,1
12,4400004713,140,20,1,2.84,,31.51,1
12,4400004713,141,15,1,2.72,B,28.49,1
12,4400004713,142,23,1,2.72,B,28.49,1
12,4400004713,143,58,1,2.19,S,11.19,1
12,4400004713,144,16,1,2.84,B,31.51,1
12,4400004713,145,16,1,2.84,,31.51,1
12,4400004713,146,14,1,2.84,,27.29,1
12,4400004713,147,10,1,2.84,,27.29,1
12,4400004713,148,17,1,2.89,,28.55,1
12,4400004713,149,79,1,1.44,,35.07,1
12,4400004713,150,32,1,2.89,,32.7,1
12,4400004713,151,9,1,2.89,B,32.7,1
12,4400004713,152,8,1,2.89,,28.55,1
12,4400004713,153,13,1,2.89,,28.55,1
12,4400004713,154,8,1,2.89,,28.55,1
12,4400004713,155,19,1,2.89,,28.55,1
12,4400004713,156,16,1,2.89,,28.55,1
12,4400004713,157,15,1,2.89,,28.55,1
12,4400004713,158,22,1,2.89,,28.55,1
12,4400004713,159,31,1,2.59,S,24.9,1
12,4400004713,160,14,1,2.89,,30.1,1
12,4400004713,161,0,1,0,,0,1
12,4400004713,162,12,1,2.89,,25.95,1
12,4400004713,163,11,1,2.89,,25.95,1
12,4400004713,164,17,1,2.89,,25.95,1
12,4400004713,165,16,1,2.89,,25.95,1
12,4400004713,166,18,1,2.59,B,17.37,1
12,4400004713,167,12,1,2.89,B,25.95,1
12,4400004713,168,9,1,2.89,,25.95,1
12,4400004713,169,18,1,2.89,,25.95,1
12,4400004713,170,9,1,2.89,,25.95,1
12,4400004713,171,11,1,2.89,,25.95,1
12,4400004713,172,3,1,2.89,,25.95,1
12,4400004713,173,15,1,2.89,,25.95,1
12,4400004713,174,15,1,2.89,,25.95,1
12,4400004713,175,13,1,2.89,,25.95,1
12,4400004713,176,17,1,2.89,,25.95,1
12,4400004713,177,25,1,2.89,,25.95,1
12,4400004713,178,60,1,1.59,,-27.04,1
12,4400004713,179,19,1,2.89,,30.1,1
12,4400004713,180,21,1,2.89,,30.1,1
12,4400004713,181,37,1,2.89,,25.95,1
12,4400004713,182,41,1,2.89,,25.95,1
12,4400004713,183,24,1,2.89,,25.95,1
12,4400004713,184,24,1,2.89,,30.1,1
12,4400004713,185,24,1,2.59,S,22,1
12,4400004713,186,25,1,2.89,,30.1,1
12,4400004713,187,27,1,2.69,S,24.9,1
12,4400004713,188,37,1,2.89,,30.1,1
12,4400004713,189,31,1,2.89,,25.95,1
12,4400004713,190,24,1,2.89,,25.95,1
12,4400004713,191,20,1,2.89,,25.95,1
12,4400004713,192,10,1,2.89,,25.95,1
12,4400004713,193,23,1,2.89,,25.95,1
12,4400004713,194,23,1,2.89,,25.95,1
12,4400004713,195,14,1,2.89,,26.26,1
12,4400004713,196,21,1,2.89,,30.1,1
12,4400004713,197,33,1,2.59,B,22,1
12,4400004713,198,22,1,2.64,B,23.48,1
12,4400004713,199,15,1,2.89,,25.95,1
12,4400004713,200,13,1,2.89,,25.95,1
12,4400004713,201,15,1,2.89,,25.95,1
12,4400004713,202,11,1,2.89,,25.95,1
12,4400004713,203,22,1,2.89,,25.95,1
12,4400004713,204,17,1,2.89,,25.95,1
12,4400004713,205,8,1,2.89,,25.95,1
12,4400004713,206,17,1,2.89,,25.95,1
12,4400004713,207,18,1,2.89,,25.95,1
12,4400004713,208,23,1,2.89,,25.95,1
12,4400004713,209,16,1,2.89,,25.95,1
12,4400004713,210,15,1,2.89,,25.95,1
12,4400004713,211,22,1,2.89,,25.95,1
12,4400004713,212,23,1,2.89,,25.95,1
12,4400004713,213,24,1,2.89,,25.95,1
12,4400004713,214,22,1,2.89,,25.95,1
12,4400004713,215,15,1,2.89,,25.95,1
12,4400004713,216,13,1,2.89,,25.95,1
12,4400004713,217,18,1,2.89,,25.95,1
12,4400004713,218,18,1,2.89,,25.95,1
12,4400004713,219,0,1,0,,0,0
12,4400004713,220,8,1,2.96,,27.7,1
12,4400004713,221,25,1,2.99,,28.42,1
12,4400004713,222,12,1,2.99,,28.42,1
12,4400004713,223,15,1,2.99,,28.42,1
12,4400004713,224,10,1,2.99,,28.42,1
12,4400004713,225,12,1,2.99,,28.42,1
12,4400004713,226,18,1,2.99,,27.19,1
12,4400004713,227,24,1,2.99,,26.15,1
12,4400004713,228,27,1,2.99,,26.15,1
12,4400004713,229,21,1,2.99,,26.15,1
12,4400004713,230,19,1,2.99,,26.15,1
12,4400004713,231,17,1,2.99,,28.06,1
12,4400004713,232,19,1,2.99,,26.15,1
12,4400004713,233,17,1,2.99,,28.06,1
12,4400004713,234,19,1,2.99,,30.16,1
12,4400004713,235,17,1,2.99,,26.88,1
50,3828112263,125,0,1,0,,0,0
50,3828112263,126,0,1,0,,0,1
50,3828112263,127,0,1,0,,0,1
50,3828112263,128,0,1,0,,0,1
50,3828112263,129,8,1,0.99,,43.33,1
50,3828112263,130,7,1,0.99,,43.33,1
50,3828112263,131,5,1,0.99,,37.37,1
50,3828112263,132,2,1,0.99,,35.56,1
50,3828112263,133,9,1,0.99,,35.56,1
50,3828112263,134,4,1,0.99,,35.56,1
50,3828112263,135,17,1,0.89,,21.91,1
50,3828112263,136,1,1,0.99,,30.4,1
50,3828112263,137,8,1,0.99,,31.72,1
50,3828112263,138,4,1,0.99,,31.72,1
50,3828112263,139,8,1,0.99,,31.72,1
50,3828112263,140,7,1,0.99,,30.81,1
50,3828112263,141,4,1,0.99,,30.1,1
50,3828112263,142,4,1,0.99,,29.39,1
50,3828112263,143,15,1,0.99,,28.59,1
50,3828112263,144,10,1,0.99,,28.48,1
50,3828112263,145,4,1,0.99,,28.38,1
50,3828112263,146,8,1,0.99,,28.28,1
50,3828112263,147,4,1,0.99,,28.28,1
50,3828112263,148,15,1,0.99,,28.28,1
50,3828112263,149,4,1,0.99,,28.28,1
50,3828112263,150,5,1,0.99,,28.28,1
50,3828112263,151,5,1,0.99,,28.28,1
50,3828112263,152,10,1,0.99,,28.28,1
50,3828112263,153,3,1,0.74,B,7.03,0
50,3828112263,154,8,1,0.74,B,7.57,1
50,3828112263,155,7,1,0.99,,32.22,1
50,3828112263,156,8,1,0.99,,32.22,1
50,3828112263,157,6,1,0.99,,32.22,1
50,3828112263,158,17,1,0.89,B,24.61,1
50,3828112263,159,4,1,0.89,,24.61,1
50,3828112263,160,7,1,0.99,,29.8,1
50,3828112263,161,2,1,0.99,,29.19,1
50,3828112263,162,6,1,0.99,,28.69,1
50,3828112263,163,11,1,0.94,,29.57,1
50,3828112263,164,6,1,0.74,,12.3,1
50,3828112263,165,7,1,0.99,,34.44,1
50,3828112263,166,7,1,0.99,,33.13,1
50,3828112263,167,3,1,0.99,,30.91,1
50,3828112263,168,5,1,0.99,,30.91,1
50,3828112263,169,3,1,0.99,,30.91,1
50,3828112263,170,4,1,0.99,,30.91,1
50,3828112263,171,3,1,0.94,B,27.23,1
50,3828112263,172,2,1,0.94,,27.23,1
50,3828112263,173,6,1,0.94,,27.23,1
50,3828112263,174,6,1,0.99,,29.8,1
50,3828112263,175,4,1,0.99,,28.89,1
50,3828112263,176,7,1,0.99,,28.89,1
50,3828112263,177,1,1,0.99,,28.89,1
50,3828112263,178,1,1,0.99,,28.38,1
50,3828112263,179,3,1,0.99,,28.38,1
50,3828112263,180,5,1,0.74,S,6.35,1
50,3828112263,181,3,1,0.99,,31.62,1
50,3828112263,182,2,1,0.99,,31.01,1
50,3828112263,183,8,1,0.99,,30.3,1
50,3828112263,184,3,1,0.99,,30.3,1
50,3828112263,185,2,1,0.99,,30.3,1
50,3828112263,186,0,1,0,,0,1
50,3828112263,187,4,1,0.99,,29.7,1
50,3828112263,188,5,1,0.95,B,26.74,1
50,3828112263,189,4,1,0.99,,29.7,1
50,3828112263,190,4,1,0.99,,28.28,1
50,3828112263,191,7,1,0.99,,28.28,1
50,3828112263,192,8,1,0.99,,28.28,1
50,3828112263,193,10,1,0.99,,28.28,1
50,3828112263,194,12,1,0.99,,28.28,1
50,3828112263,195,5,1,0.99,,28.28,1
50,3828112263,196,5,1,0.99,,28.28,1
50,3828112263,197,5,1,0.99,,28.28,1
50,3828112263,198,6,1,0.99,,28.28,1
50,3828112263,199,7,1,0.99,,28.28,1
50,3828112263,200,3,1,0.99,,28.28,1
50,3828112263,201,3,1,0.99,,28.28,1
50,3828112263,202,9,1,0.99,,28.28,1
50,3828112263,203,5,1,0.99,,28.28,1
50,3828112263,204,3,1,0.99,,28.28,1
50,3828112263,205,4,1,0.99,,28.28,1
50,3828112263,206,4,1,0.99,,31.71,1
50,3828112263,207,3,1,0.74,S,10.13,1
50,3828112263,208,6,1,0.99,,33.13,1
50,3828112263,209,2,1,0.99,,33.13,1
50,3828112263,210,2,1,0.99,,33.13,1
50,3828112263,211,10,1,0.99,,33.13,1
50,3828112263,212,8,1,0.99,,32.52,1
50,3828112263,213,7,1,0.99,,31.61,1
50,3828112263,214,1,1,0.99,,36.36,1
50,3828112263,215,0,1,0,,0,1
50,3828112263,216,0,1,0,,0,1
50,3828112263,217,0,1,0,,0,1
50,3828112263,218,0,1,0,,0,1
50,3828112263,219,0,1,0,,0,0
50,3828112263,220,0,1,0,,0,1
50,3828112263,221,0,1,0,,0,1
50,3828112263,222,0,1,0,,0,1
50,3828112263,223,0,1,0,,0,1
50,3828112263,224,0,1,0,,0,1
50,3828112263,225,0,1,0,,0,1
50,3828112263,226,0,1,0,,0,1
50,3828112263,227,0,1,0,,0,1
50,3828112263,228,0,1,0,,0,1
50,3828112263,229,0,1,0,,0,1
50,3828112263,230,0,1,0,,0,1
50,3828112263,231,0,1,0,,0,1
50,3828112263,232,0,1,0,,0,1
50,3828112263,233,0,1,0,,0,1
50,3828112263,234,0,1,0,,0,1
50,3828112263,235,0,1,0,,0,1
