notes/week02/data.csv
STORE,UPC,WEEK,MOVE,QTY,PRICE,SALE,PROFIT,OK
50,3828112271,125,0,1,0,,0,0
50,3828112271,126,0,1,0,,0,1
50,3828112271,127,0,1,0,,0,1
50,3828112271,128,0,1,0,,0,1
50,3828112271,129,5,1,0.99,,43.33,1
50,3828112271,130,5,1,0.99,,43.33,1
50,3828112271,131,6,1,0.99,,36.26,1
50,3828112271,132,8,1,0.99,,34.44,1
50,3828112271,133,12,1,0.99,,34.44,1
50,3828112271,134,2,1,0.99,,34.44,1
50,3828112271,135,12,1,0.89,S,22.25,1
50,3828112271,136,6,1,0.99,,29.7,1
50,3828112271,137,8,1,0.99,,30.61,1
50,3828112271,138,7,1,0.99,,30.61,1
50,3828112271,139,3,1,0.99,,30.61,1
50,3828112271,140,5,1,0.99,,30.61,1
50,3828112271,141,5,1,0.99,,30.61,1
50,3828112271,142,15,1,0.99,,29.39,1
50,3828112271,143,7,1,0.99,,28.89,1
50,3828112271,144,8,1,0.99,,28.48,1
50,3828112271,145,4,1,0.99,,28.38,1
50,3828112271,146,15,1,0.99,,28.38,1
50,3828112271,147,7,1,0.99,,28.28,1
50,3828112271,148,16,1,0.99,,28.28,1
50,3828112271,149,11,1,0.99,,28.28,1
50,3828112271,150,6,1,0.99,,28.28,1
50,3828112271,151,4,1,0.99,,28.28,1
50,3828112271,152,15,1,0.99,,28.28,1
50,3828112271,153,10,1,0.74,,8.92,0
50,3828112271,154,11,1,0.74,B,9.59,1
50,3828112271,155,12,1,0.99,,33.13,1
50,3828112271,156,9,1,0.99,,33.13,1
50,3828112271,157,10,1,0.99,,33.13,1
50,3828112271,158,20,1,0.89,B,25.62,1
50,3828112271,159,7,1,0.89,,25.62,1
50,3828112271,160,12,1,0.99,,33.13,1
50,3828112271,161,12,1,0.99,B,31.72,1
50,3828112271,162,10,1,0.99,,30.2,1
50,3828112271,163,10,1,0.94,B,30,1
50,3828112271,164,12,1,0.74,,10.95,1
50,3828112271,165,9,1,0.99,,33.43,1
50,3828112271,166,8,1,0.99,,32.42,1
50,3828112271,167,10,1,0.99,,30.71,1
50,3828112271,168,5,1,0.99,,30.71,1
50,3828112271,169,8,1,0.99,,30.71,1
50,3828112271,170,13,1,0.99,,30.71,1
50,3828112271,171,3,1,0.94,,27.02,1
50,3828112271,172,6,1,0.94,,27.02,1
50,3828112271,173,3,1,0.94,,27.02,1
50,3828112271,174,14,1,0.99,,28.28,1
50,3828112271,175,10,1,0.99,,28.28,1
50,3828112271,176,9,1,0.99,,28.28,1
50,3828112271,177,5,1,0.99,,28.28,1
50,3828112271,178,13,1,0.99,,28.28,1
50,3828112271,179,12,1,0.99,,28.28,1
50,3828112271,180,15,1,0.74,S,6.62,1
50,3828112271,181,6,1,0.99,,32.02,1
50,3828112271,182,7,1,0.99,,30.4,1
50,3828112271,183,8,1,0.99,,29.8,1
50,3828112271,184,4,1,0.99,,29.8,1
50,3828112271,185,7,1,0.99,,29.8,1
50,3828112271,186,1,1,0.99,,29.8,1
50,3828112271,187,3,1,0.99,,28.59,1
50,3828112271,188,10,1,0.95,B,25.58,1
50,3828112271,189,6,1,0.99,,28.59,1
50,3828112271,190,6,1,0.99,,28.38,1
50,3828112271,191,6,1,0.99,,28.28,1
50,3828112271,192,15,1,0.99,,28.28,1
50,3828112271,193,7,1,0.99,,28.28,1
50,3828112271,194,8,1,0.99,,28.28,1
50,3828112271,195,12,1,0.99,,28.28,1
50,3828112271,196,4,1,0.99,,28.28,1
50,3828112271,197,12,1,0.99,,28.28,1
50,3828112271,198,5,1,0.99,,28.28,1
50,3828112271,199,8,1,0.99,,28.28,1
50,3828112271,200,7,1,0.99,,28.28,1
50,3828112271,201,4,1,0.99,,28.28,1
50,3828112271,202,9,1,0.99,,28.28,1
50,3828112271,203,6,1,0.99,,28.28,1
50,3828112271,204,3,1,0.99,,28.28,1
50,3828112271,205,8,1,0.99,,28.28,1
50,3828112271,206,5,1,0.99,,29.89,1
50,3828112271,207,12,1,0.74,S,9.45,1
50,3828112271,208,10,1,0.99,,32.52,1
50,3828112271,209,10,1,0.99,,32.52,1
50,3828112271,210,4,1,0.99,,32.52,1
50,3828112271,211,2,1,0.99,,30.1,1
50,3828112271,212,2,1,0.99,,29.59,1
50,3828112271,213,5,1,0.99,,31.91,1
50,3828112271,214,0,1,0,,0,1
50,3828112271,215,0,1,0,,0,1
50,3828112271,216,0,1,0,,0,1
50,3828112271,217,0,1,0,,0,1
50,3828112271,218,0,1,0,,0,1
50,3828112271,219,0,1,0,,0,0
50,3828112271,220,0,1,0,,0,1
50,3828112271,221,0,1,0,,0,1
50,3828112271,222,0,1,0,,0,1
50,3828112271,223,0,1,0,,0,1
50,3828112271,224,0,1,0,,0,1
50,3828112271,225,0,1,0,,0,1
50,3828112271,226,0,1,0,,0,1
50,3828112271,227,0,1,0,,0,1
50,3828112271,228,0,1,0,,0,1
50,3828112271,229,0,1,0,,0,1
50,3828112271,230,0,1,0,,0,1
50,3828112271,231,0,1,0,,0,1
50,3828112271,232,0,1,0,,0,1
50,3828112271,233,0,1,0,,0,1
50,3828112271,234,0,1,0,,0,1
50,3828112271,235,0,1,0,,0,1
50,3828112409,125,0,1,0,,0,0
50,3828112409,126,0,1,0,,0,1
50,3828112409,127,0,1,0,,0,1
50,3828112409,128,0,1,0,,0,1
50,3828112409,129,8,1,0.99,,43.33,1
50,3828112409,130,4,1,0.99,,43.33,1
50,3828112409,131,6,1,0.99,,37.37,1
50,3828112409,132,0,1,0,,0,1
50,3828112409,133,9,1,0.99,,35.56,1
50,3828112409,134,2,1,0.99,,35.56,1
50,3828112409,135,8,1,0.89,S,22.02,1
50,3828112409,136,4,1,0.99,,29.8,1
50,3828112409,137,8,1,0.99,,31.11,1
50,3828112409,138,8,1,0.99,,31.11,1
50,3828112409,139,4,1,0.99,,31.11,1
50,3828112409,140,6,1,0.99,,31.11,1
50,3828112409,141,3,1,0.99,,31.11,1
50,3828112409,142,7,1,0.99,,29.19,1
50,3828112409,143,5,1,0.99,,28.79,1
50,3828112409,144,10,1,0.99,,28.38,1
50,3828112409,145,6,1,0.99,,28.38,1
50,3828112409,146,9,1,0.99,,28.28,1
50,3828112409,147,9,1,0.99,,28.28,1
50,3828112409,148,6,1,0.99,,28.28,1
50,3828112409,149,3,1,0.99,,28.28,1
50,3828112409,150,8,1,0.99,,28.28,1
50,3828112409,151,4,1,0.99,,28.28,1
50,3828112409,152,7,1,0.99,,28.28,1
50,3828112409,153,1,1,0.74,B,7.43,0
50,3828112409,154,3,1,0.74,,9.19,1
50,3828112409,155,13,1,0.99,,32.93,1
50,3828112409,156,2,1,0.99,,32.93,1
50,3828112409,157,15,1,0.99,,32.93,1
50,3828112409,158,6,1,0.89,B,25.39,1
50,3828112409,159,6,1,0.89,,25.39,1
50,3828112409,160,3,1,0.99,,31.01,1
50,3828112409,161,8,1,0.99,,31.01,1
50,3828112409,162,11,1,0.99,,30.3,1
50,3828112409,163,8,1,0.94,,28.83,1
50,3828112409,164,15,1,0.74,B,10.81,1
50,3828112409,165,5,1,0.99,,33.33,1
50,3828112409,166,6,1,0.99,,31.11,1
50,3828112409,167,9,1,0.99,,29.7,1
50,3828112409,168,8,1,0.99,,29.7,1
50,3828112409,169,5,1,0.99,,29.7,1
50,3828112409,170,9,1,0.99,,29.7,1
50,3828112409,171,3,1,0.94,,25.96,1
50,3828112409,172,5,1,0.94,B,25.96,1
50,3828112409,173,3,1,0.94,B,25.96,1
50,3828112409,174,10,1,0.99,,28.99,1
50,3828112409,175,11,1,0.99,,28.59,1
50,3828112409,176,7,1,0.99,,28.59,1
50,3828112409,177,4,1,0.99,,28.59,1
50,3828112409,178,7,1,0.99,,28.28,1
50,3828112409,179,3,1,0.99,,28.28,1
50,3828112409,180,14,1,0.74,,5.41,1
50,3828112409,181,1,1,0.99,,31.52,1
50,3828112409,182,2,1,0.99,,30.71,1
50,3828112409,183,7,1,0.99,,29.9,1
50,3828112409,184,6,1,0.99,,29.9,1
50,3828112409,185,1,1,0.99,,29.9,1
50,3828112409,186,0,1,0,,0,1
50,3828112409,187,3,1,0.99,,28.89,1
50,3828112409,188,6,1,0.95,,25.89,1
50,3828112409,189,6,1,0.99,,28.89,1
50,3828112409,190,3,1,0.99,,28.28,1
50,3828112409,191,4,1,0.99,,28.28,1
50,3828112409,192,7,1,0.99,,28.28,1
50,3828112409,193,4,1,0.99,,28.28,1
50,3828112409,194,6,1,0.99,,28.28,1
50,3828112409,195,4,1,0.99,,28.28,1
50,3828112409,196,7,1,0.99,,28.28,1
50,3828112409,197,4,1,0.99,,28.28,1
50,3828112409,198,4,1,0.99,,28.28,1
50,3828112409,199,7,1,0.99,,28.28,1
50,3828112409,200,4,1,0.99,,28.28,1
50,3828112409,201,5,1,0.99,,28.28,1
50,3828112409,202,4,1,0.99,,28.28,1
50,3828112409,203,6,1,0.99,,28.28,1
50,3828112409,204,7,1,0.99,,28.28,1
50,3828112409,205,8,1,0.99,,28.28,1
50,3828112409,206,3,1,0.99,,29.89,1
50,3828112409,207,7,1,0.74,S,10.27,1
50,3828112409,208,4,1,0.99,,33.13,1
50,3828112409,209,6,1,0.99,,33.13,1
50,3828112409,210,5,1,0.99,,33.13,1
50,3828112409,211,6,1,0.99,,30,1
50,3828112409,212,7,1,0.99,,29.39,1
50,3828112409,213,10,1,0.99,,31.01,1
50,3828112409,214,0,1,0,,0,1
50,3828112409,215,0,1,0,,0,1
50,3828112409,216,0,1,0,,0,1
50,3828112409,217,0,1,0,,0,1
50,3828112409,218,0,1,0,,0,1
50,3828112409,219,0,1,0,,0,0
50,3828112409,220,0,1,0,,0,1
50,3828112409,221,0,1,0,,0,1
50,3828112409,222,0,1,0,,0,1
50,3828112409,223,0,1,0,,0,1
50,3828112409,224,0,1,0,,0,1
50,3828112409,225,0,1,0,,0,1
50,3828112409,226,0,1,0,,0,1
50,3828112409,227,0,1,0,,0,1
50,3828112409,228,0,1,0,,0,1
50,3828112409,229,0,1,0,,0,1
50,3828112409,230,0,1,0,,0,1
50,3828112409,231,0,1,0,,0,1
50,3828112409,232,0,1,0,,0,1
50,3828112409,233,0,1,0,,0,1
50,3828112409,234,0,1,0,,0,1
50,3828112409,235,0,1,0,,0,1
50,4400004713,125,0,1,0,,0,0
50,4400004713,126,11,1,2.84,,34.47,1
50,4400004713,127,8,2,5,B,25.56,1
50,4400004713,128,9,2,5,B,25.56,1
50,4400004713,129,10,1,2.84,,34.47,1
50,4400004713,130,8,1,2.84,,27.29,1
50,4400004713,131,8,1,2.84,,27.29,1
50,4400004713,132,9,1,2.84,,27.29,1
50,4400004713,133,12,1,2.6,B,29.81,1
50,4400004713,134,9,1,2.84,,35.74,1
50,4400004713,135,20,1,1.99,B,8.29,1
50,4400004713,136,11,1,1.99,B,8.29,1
50,4400004713,137,10,1,2.84,,35.74,1
50,4400004713,138,3,1,2.84,,27.29,1
50,4400004713,139,5,1,2.84,,27.29,1
50,4400004713,140,11,1,2.84,,31.51,1
50,4400004713,141,9,1,2.72,B,28.49,1
50,4400004713,142,6,1,2.72,B,28.49,1
50,4400004713,143,14,1,2.19,S,11.19,1
50,4400004713,144,4,1,2.84,B,31.51,1
50,4400004713,145,12,1,2.84,,31.51,1
50,4400004713,146,8,1,2.84,,27.29,1
50,4400004713,147,14,1,2.84,,27.29,1
50,4400004713,148,13,1,2.89,,28.55,1
50,4400004713,149,12,1,1.44,,35.07,1
50,4400004713,150,14,1,2.89,,32.7,1
50,4400004713,151,10,1,2.89,B,32.7,1
50,4400004713,152,12,1,2.89,,28.55,1
50,4400004713,153,0,1,0,,0,0
50,4400004713,154,7,1,2.89,,28.55,1
50,4400004713,155,7,1,2.89,,28.55,1
50,4400004713,156,8,1,2.89,,28.55,1
50,4400004713,157,10,1,2.89,,28.55,1
50,4400004713,158,12,1,2.89,,28.55,1
50,4400004713,159,7,1,2.59,S,24.9,1
50,4400004713,160,5,1,2.89,,30.1,1
50,4400004713,161,6,1,2.89,,30.1,1
50,4400004713,162,4,1,2.89,,25.95,1
50,4400004713,163,8,1,2.89,,25.95,1
50,4400004713,164,7,1,2.89,,25.95,1
50,4400004713,165,4,1,2.89,,25.95,1
50,4400004713,166,11,1,2.59,B,17.37,1
50,4400004713,167,4,1,2.89,B,25.95,1
50,4400004713,168,3,1,2.89,,25.95,1
50,4400004713,169,4,1,2.89,,25.95,1
50,4400004713,170,3,1,2.89,,25.95,1
50,4400004713,171,0,1,0,,0,1
50,4400004713,172,0,1,0,,0,1
50,4400004713,173,9,1,2.89,,25.95,1
50,4400004713,174,7,1,2.89,,25.95,1
50,4400004713,175,9,1,2.89,,25.95,1
50,4400004713,176,9,1,2.89,,25.95,1
50,4400004713,177,10,1,2.89,,25.95,1
50,4400004713,178,65,1,1.59,,-27.04,1
50,4400004713,179,10,1,2.89,,30.1,1
50,4400004713,180,15,1,2.89,,30.1,1
50,4400004713,181,15,1,2.89,,25.95,1
50,4400004713,182,8,1,2.89,,25.95,1
50,4400004713,183,10,1,2.89,,25.95,1
50,4400004713,184,11,1,2.89,,30.1,1
50,4400004713,185,34,1,2.59,S,22.01,1
50,4400004713,186,4,1,2.89,,30.1,1
50,4400004713,187,6,1,2.69,S,24.91,1
50,4400004713,188,8,1,2.89,B,30.1,1
50,4400004713,189,2,1,2.89,,25.95,1
50,4400004713,190,3,1,2.89,B,25.95,1
50,4400004713,191,11,1,2.89,,25.95,1
50,4400004713,192,14,1,3.19,,32.91,1
50,4400004713,193,13,1,3.19,,32.91,1
50,4400004713,194,8,1,3.19,,32.91,1
50,4400004713,195,12,1,3.19,,35.1,1
50,4400004713,196,10,1,3.19,,36.67,1
50,4400004713,197,22,1,2.59,B,22,1
50,4400004713,198,26,1,2.7,B,25.18,1
50,4400004713,199,8,1,3.19,,32.91,1
50,4400004713,200,7,1,3.19,,32.91,1
50,4400004713,201,13,1,3.19,,32.91,1
50,4400004713,202,10,1,3.19,,32.91,1
50,4400004713,203,10,1,3.19,,32.91,1
50,4400004713,204,11,1,3.19,,32.91,1
50,4400004713,205,9,1,3.19,,32.91,1
50,4400004713,206,8,1,3.19,,32.91,1
50,4400004713,207,8,1,3.19,,32.91,1
50,4400004713,208,14,1,3.19,,32.91,1
50,4400004713,209,13,1,3.19,,32.91,1
50,4400004713,210,16,1,3.19,,32.91,1
50,4400004713,211,11,1,3.19,,32.91,1
50,4400004713,212,13,1,3.19,,32.91,1
50,4400004713,213,9,1,3.19,,32.91,1
50,4400004713,214,0,1,0,,0,1
50,4400004713,215,0,1,0,,0,1
50,4400004713,216,0,1,0,,0,1
50,4400004713,217,0,1,0,,0,1
50,4400004713,218,0,1,0,,0,1
50,4400004713,219,0,1,0,,0,0
50,4400004713,220,0,1,0,,0,1
50,4400004713,221,0,1,0,,0,1
50,4400004713,222,0,1,0,,0,1
50,4400004713,223,0,1,0,,0,1
50,4400004713,224,0,1,0,,0,1
50,4400004713,225,0,1,0,,0,1
50,4400004713,226,0,1,0,,0,1
50,4400004713,227,0,1,0,,0,1
50,4400004713,228,0,1,0,,0,1
50,4400004713,229,0,1,0,,0,1
50,4400004713,230,0,1,0,,0,1
50,4400004713,231,0,1,0,,0,1
50,4400004713,232,0,1,0,,0,1
50,4400004713,233,0,1,0,,0,1
50,4400004713,234,0,1,0,,0,1
50,4400004713,235,0,1,0,,0,1
75,3828112263,125,0,1,0,,0,1
75,3828112263,126,0,1,0,,0,1
75,3828112263,127,0,1,0,,0,1
75,3828112263,128,0,1,0,,0,1
75,3828112263,129,2,1,0.99,,43.33,1
75,3828112263,130,4,1,0.99,,43.33,1
75,3828112263,131,9,1,0.99,,37.37,1
75,3828112263,132,8,1,0.99,,35.56,1
75,3828112263,133,2,1,0.99,,35.55,1
75,3828112263,134,10,1,0.99,,30.1,1
75,3828112263,135,22,1,0.89,S,22.69,1
75,3828112263,136,5,1,0.99,,31.71,1
75,3828112263,137,11,1,0.99,,31.71,1
75,3828112263,138,10,1,0.99,,31.71,1
75,3828112263,139,10,1,0.99,,30.8,1
75,3828112263,140,4,1,0.99,,30.1,1
75,3828112263,141,12,1,0.99,,29.39,1
75,3828112263,142,17,1,0.99,,28.58,1
75,3828112263,143,12,1,0.99,,28.58,1
75,3828112263,144,14,1,0.99,,28.48,1
75,3828112263,145,8,1,0.99,,28.38,1
75,3828112263,146,11,1,0.99,,28.28,1
75,3828112263,147,9,1,0.99,,28.28,1
75,3828112263,148,15,1,0.99,,28.28,1
75,3828112263,149,13,1,0.99,,28.28,1
75,3828112263,150,16,1,0.99,,28.28,1
75,3828112263,151,15,1,0.99,,28.28,1
75,3828112263,152,7,1,0.99,,29.59,1
75,3828112263,153,30,1,0.74,B,7.97,1
75,3828112263,154,5,1,0.79,B,14.68,1
75,3828112263,155,15,1,0.99,,32.22,1
75,3828112263,156,12,1,0.99,,32.22,1
75,3828112263,157,15,1,0.99,,32.22,1
75,3828112263,158,34,1,0.89,B,24.6,1
75,3828112263,159,21,1,0.91,B,24.5,1
75,3828112263,160,25,1,0.99,,29.29,1
75,3828112263,161,19,1,0.99,B,28.68,1
75,3828112263,162,14,1,0.97,,32.57,1
75,3828112263,163,14,1,0.95,B,34.84,1
75,3828112263,164,21,1,0.74,B,12.29,1
75,3828112263,165,7,1,0.99,,34.34,1
75,3828112263,166,6,1,0.99,,30.9,1
75,3828112263,167,12,1,0.99,,30.9,1
75,3828112263,168,4,1,0.99,,30.9,1
75,3828112263,169,14,1,0.99,,30.9,1
75,3828112263,170,16,1,0.97,,29.48,1
75,3828112263,171,8,1,0.94,B,27.23,1
75,3828112263,172,16,1,0.94,B,27.23,1
75,3828112263,173,14,1,0.97,B,29.07,1
75,3828112263,174,6,1,0.99,,29.49,1
75,3828112263,175,14,1,0.99,,28.88,1
75,3828112263,176,9,1,0.99,,28.88,1
75,3828112263,177,22,1,0.99,,28.38,1
75,3828112263,178,11,1,0.99,,28.38,1
75,3828112263,179,11,1,0.99,,29.79,1
75,3828112263,180,23,1,0.74,S,8.51,1
75,3828112263,181,4,1,0.99,,31.31,1
75,3828112263,182,14,1,0.99,,30.3,1
75,3828112263,183,10,1,0.99,,30.3,1
75,3828112263,184,10,1,0.99,,30.3,1
75,3828112263,185,9,1,0.99,,30.3,1
75,3828112263,186,17,1,0.99,,30.3,1
75,3828112263,187,8,1,0.99,,29.69,1
75,3828112263,188,13,1,0.95,B,26.73,1
75,3828112263,189,19,1,0.99,,29.69,1
75,3828112263,190,15,1,0.99,,28.28,1
75,3828112263,191,6,1,0.99,,28.28,1
75,3828112263,192,19,1,0.99,,28.28,1
75,3828112263,193,5,1,0.99,,28.28,1
75,3828112263,194,18,1,0.99,,28.28,1
75,3828112263,195,13,1,0.99,,28.28,1
75,3828112263,196,10,1,0.99,,28.28,1
75,3828112263,197,19,1,0.99,,28.28,1
75,3828112263,198,6,1,0.99,,28.28,1
75,3828112263,199,11,1,0.99,,28.28,1
75,3828112263,200,11,1,0.99,,28.28,1
75,3828112263,201,10,1,0.99,,28.28,1
75,3828112263,202,10,1,0.99,,28.28,1
75,3828112263,203,13,1,0.99,,28.28,1
75,3828112263,204,18,1,0.99,,28.28,1
75,3828112263,205,11,1,0.99,,28.28,1
75,3828112263,206,17,1,0.99,,31.81,1
75,3828112263,207,22,1,0.74,S,10.13,1
75,3828112263,208,18,1,0.99,,33.13,1
75,3828112263,209,17,1,0.99,,33.13,1
75,3828112263,210,7,1,0.99,,33.13,1
75,3828112263,211,10,1,0.99,,33.13,1
75,3828112263,212,13,1,0.99,,32.82,1
75,3828112263,213,16,1,0.99,,31.71,1
75,3828112263,214,16,1,0.99,,36.36,1
75,3828112263,215,8,1,0.99,,35.65,1
75,3828112263,216,20,1,0.74,S,9.72,1
75,3828112263,217,10,1,0.99,,32.52,1
75,3828112263,218,7,1,0.99,,32.52,1
75,3828112263,219,0,1,0,,0,0
75,3828112263,220,6,1,0.99,,31.21,1
75,3828112263,221,11,1,0.99,,30.8,1
75,3828112263,222,8,1,0.99,,28.88,1
75,3828112263,223,9,1,0.99,,28.68,1
75,3828112263,224,7,1,0.99,,28.48,1
75,3828112263,225,9,1,0.99,,28.38,1
75,3828112263,226,19,1,0.99,,28.38,1
75,3828112263,227,15,1,0.99,,28.38,1
75,3828112263,228,11,1,0.99,,28.38,1
75,3828112263,229,12,1,0.99,,28.38,1
75,3828112263,230,12,1,0.99,,28.98,1
75,3828112263,231,43,1,0.89,S,25.16,1
75,3828112263,232,12,1,0.99,,28.98,1
75,3828112263,233,43,1,0.89,S,25.16,1
75,3828112263,234,17,1,0.99,S,34.14,1
75,3828112263,235,6,1,0.99,S,34.14,1
