notes/week02/data.csv
STORE,UPC,WEEK,MOVE,QTY,PRICE,SALE,PROFIT,OK
75,3828112267,125,0,1,0,,0,1
75,3828112267,126,0,1,0,,0,1
75,3828112267,127,0,1,0,,0,1
75,3828112267,128,12,1,1.09,,57.06,1
75,3828112267,129,13,1,0.99,,45.35,1
75,3828112267,130,9,1,0.99,,45.35,1
75,3828112267,131,8,1,0.99,,37.17,1
75,3828112267,132,10,1,0.99,,34.95,1
75,3828112267,133,6,1,0.99,,31.91,1
75,3828112267,134,14,1,0.99,,30.7,1
75,3828112267,135,20,1,0.89,S,22.8,1
75,3828112267,136,13,1,0.99,,32.12,1
75,3828112267,137,15,1,0.99,,31.51,1
75,3828112267,138,9,1,0.99,,31.51,1
75,3828112267,139,6,1,0.99,,31.51,1
75,3828112267,140,20,1,0.99,,30.4,1
75,3828112267,141,14,1,0.99,,29.29,1
75,3828112267,142,9,1,0.99,,28.58,1
75,3828112267,143,16,1,0.99,,28.58,1
75,3828112267,144,11,1,0.99,,28.38,1
75,3828112267,145,12,1,0.99,,28.28,1
75,3828112267,146,8,1,0.99,,28.28,1
75,3828112267,147,9,1,0.99,,28.28,1
75,3828112267,148,13,1,0.99,,28.28,1
75,3828112267,149,10,1,0.99,,28.28,1
75,3828112267,150,13,1,0.99,,28.28,1
75,3828112267,151,13,1,0.99,,28.28,1
75,3828112267,152,11,1,0.99,,29.49,1
75,3828112267,153,24,1,0.74,B,8.64,1
75,3828112267,154,15,1,0.82,B,18.65,1
75,3828112267,155,16,1,0.99,,32.62,1
75,3828112267,156,17,1,0.99,,32.62,1
75,3828112267,157,15,1,0.99,,32.62,1
75,3828112267,158,31,1,0.89,B,25.05,1
75,3828112267,159,10,1,0.9,B,24.77,1
75,3828112267,160,24,1,0.99,,30.6,1
75,3828112267,161,18,1,0.99,B,29.39,1
75,3828112267,162,12,1,0.96,,31.77,1
75,3828112267,163,17,1,0.96,B,31.45,1
75,3828112267,164,25,1,0.74,B,10.94,1
75,3828112267,165,9,1,0.99,,33.23,1
75,3828112267,166,12,1,0.99,,30.6,1
75,3828112267,167,15,1,0.99,,30.6,1
75,3828112267,168,12,1,0.99,,30.6,1
75,3828112267,169,12,1,0.99,,30.6,1
75,3828112267,170,14,1,0.97,,29.17,1
75,3828112267,171,17,1,0.94,B,26.91,1
75,3828112267,172,9,1,0.94,B,26.91,1
75,3828112267,173,12,1,0.96,B,27.5,1
75,3828112267,174,17,1,0.99,,29.19,1
75,3828112267,175,21,1,0.99,,28.78,1
75,3828112267,176,11,1,0.99,,28.78,1
75,3828112267,177,24,1,0.99,,28.28,1
75,3828112267,178,12,1,0.99,,28.28,1
75,3828112267,179,13,1,0.99,,29.69,1
75,3828112267,180,26,1,0.74,S,9.18,1
75,3828112267,181,12,1,0.99,,31.61,1
75,3828112267,182,18,1,0.99,,30,1
75,3828112267,183,13,1,0.99,,30,1
75,3828112267,184,6,1,0.99,,30,1
75,3828112267,185,9,1,0.99,,30,1
75,3828112267,186,27,1,0.99,,29.49,1
75,3828112267,187,15,1,0.99,,28.98,1
75,3828112267,188,12,1,0.95,B,26,1
75,3828112267,189,22,1,0.99,,28.78,1
75,3828112267,190,12,1,0.99,,28.28,1
75,3828112267,191,10,1,0.99,,28.28,1
75,3828112267,192,16,1,0.99,,28.28,1
75,3828112267,193,13,1,0.99,,28.28,1
75,3828112267,194,20,1,0.99,,28.28,1
75,3828112267,195,19,1,0.99,,28.28,1
75,3828112267,196,22,1,0.99,,28.28,1
75,3828112267,197,11,1,0.99,,28.28,1
75,3828112267,198,16,1,0.99,,28.28,1
75,3828112267,199,20,1,0.99,,28.28,1
75,3828112267,200,7,1,0.99,,28.28,1
75,3828112267,201,19,1,0.99,,28.28,1
75,3828112267,202,17,1,0.99,,28.28,1
75,3828112267,203,13,1,0.99,,28.28,1
75,3828112267,204,16,1,0.99,,28.28,1
75,3828112267,205,17,1,0.99,,28.28,1
75,3828112267,206,16,1,0.99,,30.1,1
75,3828112267,207,19,1,0.74,S,9.45,1
75,3828112267,208,8,1,0.99,,32.72,1
75,3828112267,209,12,1,0.99,,32.72,1
75,3828112267,210,5,1,0.99,,32.72,1
75,3828112267,211,17,1,0.99,,31.81,1
75,3828112267,212,14,1,0.99,,30.2,1
75,3828112267,213,9,1,0.99,,31.11,1
75,3828112267,214,11,1,0.99,,37.47,1
75,3828112267,215,10,1,0.99,,31.21,1
75,3828112267,216,11,1,0.76,,11.05,1
75,3828112267,217,22,1,0.99,,31.71,1
75,3828112267,218,9,1,0.99,,31.71,1
75,3828112267,219,0,1,0,,0,0
75,3828112267,220,12,1,0.99,,30.1,1
75,3828112267,221,17,1,0.99,,30.1,1
75,3828112267,222,13,1,0.99,,28.98,1
75,3828112267,223,21,1,0.99,,28.78,1
75,3828112267,224,15,1,0.99,,28.58,1
75,3828112267,225,12,1,0.99,,28.38,1
75,3828112267,226,7,1,0.99,,28.38,1
75,3828112267,227,4,1,0.99,,28.38,1
75,3828112267,228,15,1,0.99,,28.38,1
75,3828112267,229,14,1,0.99,,28.38,1
75,3828112267,230,10,1,0.99,,31.81,1
75,3828112267,231,42,1,0.89,S,25.28,1
75,3828112267,232,10,1,0.99,,31.81,1
75,3828112267,233,42,1,0.89,S,25.28,1
75,3828112267,234,13,1,0.97,S,33.09,1
75,3828112267,235,12,1,0.99,S,34.44,1
75,3828112271,125,0,1,0,,0,1
75,3828112271,126,0,1,0,,0,1
75,3828112271,127,0,1,0,,0,1
75,3828112271,128,0,1,0,,0,1
75,3828112271,129,3,1,0.99,,43.33,1
75,3828112271,130,7,1,0.99,,43.33,1
75,3828112271,131,9,1,0.99,,36.26,1
75,3828112271,132,11,1,0.99,,34.44,1
75,3828112271,133,6,1,0.99,,34.44,1
75,3828112271,134,10,1,0.99,,30.9,1
75,3828112271,135,24,1,0.89,S,22.47,1
75,3828112271,136,11,1,0.99,,31.31,1
75,3828112271,137,14,1,0.99,,30.6,1
75,3828112271,138,12,1,0.99,,30.6,1
75,3828112271,139,18,1,0.99,,30.6,1
75,3828112271,140,12,1,0.99,,30.6,1
75,3828112271,141,12,1,0.99,,29.39,1
75,3828112271,142,11,1,0.99,,28.88,1
75,3828112271,143,14,1,0.99,,28.78,1
75,3828112271,144,13,1,0.99,,28.48,1
75,3828112271,145,21,1,0.99,,28.38,1
75,3828112271,146,14,1,0.99,,28.28,1
75,3828112271,147,21,1,0.99,,28.28,1
75,3828112271,148,17,1,0.99,,28.28,1
75,3828112271,149,17,1,0.99,,28.28,1
75,3828112271,150,21,1,0.99,,28.28,1
75,3828112271,151,22,1,0.99,,28.28,1
75,3828112271,152,11,1,0.99,,31.01,1
75,3828112271,153,23,1,0.74,B,9.72,1
75,3828112271,154,11,1,0.78,B,15.12,1
75,3828112271,155,12,1,0.99,,33.13,1
75,3828112271,156,23,1,0.99,,33.13,1
75,3828112271,157,15,1,0.99,,33.13,1
75,3828112271,158,39,1,0.89,B,25.61,1
75,3828112271,159,11,1,0.89,B,25.61,1
75,3828112271,160,25,1,0.99,,32.22,1
75,3828112271,161,19,1,0.99,B,30.2,1
75,3828112271,162,16,1,0.97,,32.16,1
75,3828112271,163,16,1,0.95,B,30.63,1
75,3828112271,164,24,1,0.74,B,10.94,1
75,3828112271,165,23,1,0.99,,33.43,1
75,3828112271,166,20,1,0.99,,30.7,1
75,3828112271,167,19,1,0.99,,30.7,1
75,3828112271,168,15,1,0.99,,30.7,1
75,3828112271,169,14,1,0.99,,30.7,1
75,3828112271,170,18,1,0.96,,28.54,1
75,3828112271,171,8,1,0.94,B,27.02,1
75,3828112271,172,13,1,0.94,B,27.02,1
75,3828112271,173,19,1,0.95,B,25.26,1
75,3828112271,174,10,1,0.99,,28.28,1
75,3828112271,175,17,1,0.99,,28.28,1
75,3828112271,176,18,1,0.99,,28.28,1
75,3828112271,177,4,1,0.99,,28.28,1
75,3828112271,178,12,1,0.99,,28.28,1
75,3828112271,179,17,1,0.99,,29.79,1
75,3828112271,180,22,1,0.74,S,9.05,1
75,3828112271,181,14,1,0.99,,30.9,1
75,3828112271,182,17,1,0.99,,29.79,1
75,3828112271,183,20,1,0.99,,29.79,1
75,3828112271,184,20,1,0.99,,29.79,1
75,3828112271,185,19,1,0.99,,29.69,1
75,3828112271,186,20,1,0.99,,28.88,1
75,3828112271,187,8,1,0.99,,28.58,1
75,3828112271,188,22,1,0.95,B,25.57,1
75,3828112271,189,15,1,0.99,,28.48,1
75,3828112271,190,17,1,0.99,,28.38,1
75,3828112271,191,13,1,0.99,,28.28,1
75,3828112271,192,16,1,0.99,,28.28,1
75,3828112271,193,13,1,0.99,,28.28,1
75,3828112271,194,12,1,0.99,,28.28,1
75,3828112271,195,23,1,0.99,,28.28,1
75,3828112271,196,21,1,0.99,,28.28,1
75,3828112271,197,17,1,0.99,,28.28,1
75,3828112271,198,24,1,0.99,,28.28,1
75,3828112271,199,16,1,0.99,,28.28,1
75,3828112271,200,11,1,0.99,,28.28,1
75,3828112271,201,16,1,0.99,,28.28,1
75,3828112271,202,14,1,0.99,,28.28,1
75,3828112271,203,14,1,0.99,,28.28,1
75,3828112271,204,17,1,0.99,,28.28,1
75,3828112271,205,9,1,0.99,,28.28,1
75,3828112271,206,10,1,0.99,,28.68,1
75,3828112271,207,23,1,0.74,S,9.45,1
75,3828112271,208,11,1,0.99,,32.52,1
75,3828112271,209,11,1,0.99,,32.52,1
75,3828112271,210,12,1,0.99,,32.52,1
75,3828112271,211,15,1,0.99,,30.1,1
75,3828112271,212,19,1,0.99,,29.59,1
75,3828112271,213,17,1,0.99,,32.02,1
75,3828112271,214,14,1,0.99,,36.76,1
75,3828112271,215,18,1,0.99,,29.29,1
75,3828112271,216,10,1,0.74,S,8.24,1
75,3828112271,217,13,1,0.99,,31.41,1
75,3828112271,218,14,1,0.99,,31.41,1
75,3828112271,219,0,1,0,,0,0
75,3828112271,220,19,1,0.99,,30,1
75,3828112271,221,12,1,0.99,,30,1
75,3828112271,222,16,1,0.99,,28.98,1
75,3828112271,223,7,1,0.99,,28.68,1
75,3828112271,224,15,1,0.99,,28.48,1
75,3828112271,225,19,1,0.99,,28.38,1
75,3828112271,226,13,1,0.99,,28.38,1
75,3828112271,227,8,1,0.99,,28.38,1
75,3828112271,228,12,1,0.99,,28.38,1
75,3828112271,229,7,1,0.99,,28.38,1
75,3828112271,230,25,1,0.99,,30.4,1
75,3828112271,231,11,1,0.89,S,25.84,1
75,3828112271,232,25,1,0.99,,30.4,1
75,3828112271,233,11,1,0.89,S,25.84,1
75,3828112271,234,8,1,0.99,S,34.84,1
75,3828112271,235,13,1,0.99,S,34.74,1
75,3828112409,125,0,1,0,,0,1
75,3828112409,126,0,1,0,,0,1
75,3828112409,127,0,1,0,,0,1
75,3828112409,128,10,1,1.09,,53.12,1
75,3828112409,129,20,1,0.99,,43.33,1
75,3828112409,130,16,1,0.99,,43.33,1
75,3828112409,131,11,1,0.99,,37.37,1
75,3828112409,132,8,1,0.99,,35.56,1
75,3828112409,133,7,1,0.99,,35.55,1
75,3828112409,134,10,1,0.99,,31.31,1
75,3828112409,135,24,1,0.89,S,22.35,1
75,3828112409,136,16,1,0.99,,31.51,1
75,3828112409,137,15,1,0.99,,31.11,1
75,3828112409,138,10,1,0.99,,31.11,1
75,3828112409,139,14,1,0.99,,31.11,1
75,3828112409,140,18,1,0.99,,31.11,1
75,3828112409,141,21,1,0.99,,29.19,1
75,3828112409,142,21,1,0.99,,28.78,1
75,3828112409,143,24,1,0.99,,28.48,1
75,3828112409,144,14,1,0.99,,28.38,1
75,3828112409,145,17,1,0.99,,28.38,1
75,3828112409,146,20,1,0.99,,28.28,1
75,3828112409,147,23,1,0.99,,28.28,1
75,3828112409,148,11,1,0.99,,28.28,1
75,3828112409,149,26,1,0.99,,28.28,1
75,3828112409,150,26,1,0.99,,28.28,1
75,3828112409,151,18,1,0.99,,28.28,1
75,3828112409,152,30,1,0.99,,29.49,1
75,3828112409,153,26,1,0.74,B,9.32,1
75,3828112409,154,31,1,0.83,B,19.87,1
75,3828112409,155,19,1,0.99,,32.92,1
75,3828112409,156,24,1,0.99,,32.92,1
75,3828112409,157,22,1,0.99,,32.92,1
75,3828112409,158,39,1,0.89,B,25.39,1
75,3828112409,159,18,1,0.9,B,25.22,1
75,3828112409,160,28,1,0.99,,31.01,1
75,3828112409,161,23,1,0.99,B,30.3,1
75,3828112409,162,23,1,0.97,,31.13,1
75,3828112409,163,17,1,0.95,B,30.42,1
75,3828112409,164,21,1,0.74,B,10.81,1
75,3828112409,165,18,1,0.99,,32.92,1
75,3828112409,166,13,1,0.99,,29.79,1
75,3828112409,167,15,1,0.99,,29.69,1
75,3828112409,168,9,1,0.99,,29.69,1
75,3828112409,169,21,1,0.99,,29.69,1
75,3828112409,170,11,1,0.97,,28.24,1
75,3828112409,171,20,1,0.94,B,25.95,1
75,3828112409,172,11,1,0.94,B,25.95,1
75,3828112409,173,12,1,0.97,B,27.52,1
75,3828112409,174,11,1,0.99,,28.98,1
75,3828112409,175,13,1,0.99,,28.58,1
75,3828112409,176,19,1,0.99,,28.58,1
75,3828112409,177,20,1,0.99,,28.28,1
75,3828112409,178,16,1,0.99,,28.28,1
75,3828112409,179,9,1,0.99,,30,1
75,3828112409,180,27,1,0.74,S,8.37,1
75,3828112409,181,15,1,0.99,,31.21,1
75,3828112409,182,20,1,0.99,,29.89,1
75,3828112409,183,20,1,0.99,,29.89,1
75,3828112409,184,20,1,0.99,,29.89,1
75,3828112409,185,14,1,0.99,,29.39,1
75,3828112409,186,21,1,0.99,,29.09,1
75,3828112409,187,18,1,0.99,,28.88,1
75,3828112409,188,18,1,0.95,B,25.89,1
75,3828112409,189,23,1,0.99,,28.48,1
75,3828112409,190,13,1,0.99,,28.28,1
75,3828112409,191,19,1,0.99,,28.28,1
75,3828112409,192,30,1,0.99,,28.28,1
75,3828112409,193,21,1,0.99,,28.28,1
75,3828112409,194,15,1,0.99,,28.28,1
75,3828112409,195,12,1,0.99,,28.28,1
75,3828112409,196,17,1,0.99,,28.28,1
75,3828112409,197,9,1,0.99,,28.28,1
75,3828112409,198,20,1,0.99,,28.28,1
75,3828112409,199,21,1,0.99,,28.28,1
75,3828112409,200,16,1,0.99,,28.28,1
75,3828112409,201,16,1,0.99,,28.28,1
75,3828112409,202,19,1,0.99,,28.28,1
75,3828112409,203,14,1,0.99,,28.28,1
75,3828112409,204,20,1,0.99,,28.28,1
75,3828112409,205,8,1,0.99,,28.28,1
75,3828112409,206,11,1,0.99,,30,1
75,3828112409,207,17,1,0.74,S,10.27,1
75,3828112409,208,21,1,0.99,,33.13,1
75,3828112409,209,21,1,0.99,,33.13,1
75,3828112409,210,9,1,0.99,,32.52,1
75,3828112409,211,19,1,0.99,,30,1
75,3828112409,212,22,1,0.99,,29.39,1
75,3828112409,213,16,1,0.99,,30.8,1
75,3828112409,214,18,1,0.99,,36.36,1
75,3828112409,215,12,1,0.99,,30.7,1
75,3828112409,216,22,1,0.74,S,9.32,1
75,3828112409,217,29,1,0.99,,32.22,1
75,3828112409,218,16,1,0.99,,32.22,1
75,3828112409,219,0,1,0,,0,0
75,3828112409,220,19,1,0.99,,30.4,1
75,3828112409,221,25,1,0.99,,30.3,1
75,3828112409,222,11,1,0.99,,29.09,1
75,3828112409,223,14,1,0.99,,28.88,1
75,3828112409,224,11,1,0.99,,28.68,1
75,3828112409,225,10,1,0.99,,28.48,1
75,3828112409,226,16,1,0.99,,28.38,1
75,3828112409,227,24,1,0.99,,28.38,1
75,3828112409,228,18,1,0.99,,28.38,1
75,3828112409,229,0,1,0,,0,1
75,3828112409,230,22,1,0.99,,29.89,1
75,3828112409,231,4,1,0.89,S,29.43,1
75,3828112409,232,22,1,0.99,,29.89,1
75,3828112409,233,4,1,0.89,S,29.43,1
75,3828112409,234,12,1,0.96,S,34.68,1
75,4400004713,125,2,1,2.64,B,29.51,1
75,4400004713,126,20,1,2.84,,34.47,1
75,4400004713,127,15,2,5,B,25.56,1
75,4400004713,128,14,2,5,B,25.56,1
75,4400004713,129,4,1,2.84,,34.47,1
75,4400004713,130,14,1,2.84,,27.29,1
75,4400004713,131,8,1,2.84,,27.29,1
75,4400004713,132,9,1,2.84,,27.29,1
75,4400004713,133,3,1,2.6,B,29.8,1
75,4400004713,134,6,1,2.69,,32.15,1
75,4400004713,135,19,1,1.99,B,8.29,1
75,4400004713,136,10,1,2.41,B,24.27,1
75,4400004713,137,4,1,2.84,,31.51,1
75,4400004713,138,7,1,2.84,,27.28,1
75,4400004713,139,8,1,2.84,,27.28,1
75,4400004713,140,6,1,2.84,,29.4,1
75,4400004713,141,9,1,2.72,B,28.49,1
75,4400004713,142,10,1,2.73,B,28.75,1
75,4400004713,143,19,1,2.19,S,11.18,1
75,4400004713,144,18,1,2.84,,31.51,1
75,4400004713,145,14,1,2.84,,29.11,1
75,4400004713,146,16,1,2.84,,27.28,1
75,4400004713,147,9,1,2.85,,27.54,1
75,4400004713,148,19,1,2.89,,30.31,1
75,4400004713,149,41,1,1.44,S,35.06,1
75,4400004713,150,13,1,2.89,,32.69,1
75,4400004713,151,15,1,2.89,,32.69,1
75,4400004713,152,10,1,2.89,,28.54,1
75,4400004713,153,15,1,2.89,,28.54,1
75,4400004713,154,13,1,2.89,,28.54,1
75,4400004713,155,10,1,2.89,,28.54,1
75,4400004713,156,18,1,2.89,,28.54,1
75,4400004713,157,16,1,2.89,,28.54,1
75,4400004713,158,24,1,2.89,,30.79,1
75,4400004713,159,24,1,2.59,S,24.55,1
75,4400004713,160,11,1,2.89,,30.1,1
75,4400004713,161,12,1,2.89,,30.1,1
75,4400004713,162,12,1,2.89,,25.95,1
75,4400004713,163,9,1,2.89,,25.95,1
75,4400004713,164,4,1,2.89,,25.95,1
75,4400004713,165,7,1,2.89,,25.95,1
75,4400004713,166,11,1,2.59,S,17.37,1
75,4400004713,167,14,1,2.89,,25.95,1
75,4400004713,168,4,1,2.89,,25.95,1
75,4400004713,169,14,1,2.89,,25.95,1
75,4400004713,170,9,1,2.89,,25.95,1
75,4400004713,171,6,1,2.89,,25.95,1
75,4400004713,172,6,1,2.89,,25.95,1
75,4400004713,173,15,1,2.89,,25.95,1
75,4400004713,174,17,1,2.89,,25.95,1
75,4400004713,175,18,1,2.89,,25.95,1
75,4400004713,176,18,1,2.89,,25.95,1
75,4400004713,177,16,1,2.89,,27.5,1
75,4400004713,178,36,1,1.59,S,-27.04,1
75,4400004713,179,8,1,2.89,,30.1,1
75,4400004713,180,16,1,2.89,,30.1,1
75,4400004713,181,28,1,2.89,,25.95,1
75,4400004713,182,26,1,2.89,,25.95,1
75,4400004713,183,29,1,2.89,,27.82,1
75,4400004713,184,25,1,2.89,,30.1,1
75,4400004713,185,24,1,2.59,S,22,1
75,4400004713,186,27,1,2.89,,30.1,1
75,4400004713,187,24,1,2.69,S,24.9,1
75,4400004713,188,13,1,2.89,,30.1,1
75,4400004713,189,28,1,2.89,,25.95,1
75,4400004713,190,15,1,2.89,,25.95,1
75,4400004713,191,7,1,2.89,,25.95,1
75,4400004713,192,22,1,2.83,,24.38,1
75,4400004713,193,26,1,2.59,,17.37,1
75,4400004713,194,27,1,2.59,,17.37,1
75,4400004713,195,25,1,2.59,,19.22,1
75,4400004713,196,26,1,2.59,,22,1
75,4400004713,197,28,1,2.59,,22,1
75,4400004713,198,17,1,2.59,,22,1
75,4400004713,199,22,1,2.59,,17.37,1
75,4400004713,200,22,1,2.59,,17.37,1
75,4400004713,201,17,1,2.59,,17.37,1
75,4400004713,202,32,1,2.59,,17.37,1
75,4400004713,203,29,1,2.59,,17.37,1
75,4400004713,204,21,1,2.59,,17.37,1
75,4400004713,205,19,1,2.59,,17.37,1
75,4400004713,206,25,1,2.59,,17.37,1
75,4400004713,207,22,1,2.59,,17.37,1
75,4400004713,208,29,1,2.59,,17.37,1
75,4400004713,209,16,1,2.59,,17.37,1
75,4400004713,210,17,1,2.59,,17.37,1
75,4400004713,211,18,1,2.59,,17.37,1
75,4400004713,212,22,1,2.59,,17.37,1
75,4400004713,213,19,1,2.59,,17.37,1
75,4400004713,214,20,1,2.59,,17.37,1
75,4400004713,215,16,1,2.59,,17.37,1
75,4400004713,216,23,1,2.59,,17.37,1
75,4400004713,217,24,1,2.59,,17.37,1
75,4400004713,218,25,1,2.59,,17.37,1
75,4400004713,219,0,1,0,,0,0
75,4400004713,220,13,1,2.77,,22.74,1
75,4400004713,221,17,1,2.99,,28.42,1
75,4400004713,222,15,1,2.99,,28.42,1
75,4400004713,223,7,1,2.99,,28.42,1
75,4400004713,224,3,1,2.99,,28.42,1
75,4400004713,225,14,1,2.99,,28.42,1
75,4400004713,226,12,1,2.99,,27.69,1
75,4400004713,227,19,1,2.99,,26.15,1
75,4400004713,228,22,1,2.99,,26.15,1
75,4400004713,229,13,1,2.99,,26.15,1
75,4400004713,230,16,1,2.99,,26.15,1
75,4400004713,231,16,1,2.99,,27.15,1
75,4400004713,232,16,1,2.99,,26.15,1
75,4400004713,233,16,1,2.99,,27.15,1
75,4400004713,234,25,1,2.99,,30.16,1
