notes/week02/data.csv
STORE,UPC,WEEK,MOVE,QTY,PRICE,SALE,PROFIT,OK
100,3828112263,125,0,1,0,,0,1
100,3828112263,126,0,1,0,,0,1
100,3828112263,127,0,1,0,,0,1
100,3828112263,128,0,1,0,,0,1
100,3828112263,129,7,1,0.99,,43.33,1
100,3828112263,130,11,1,0.99,,37.37,1
100,3828112263,131,18,1,0.99,,35.55,1
100,3828112263,132,30,1,0.99,,35.55,1
100,3828112263,133,19,1,0.99,,35.55,1
100,3828112263,134,23,1,0.99,,30.1,1
100,3828112263,135,115,1,0.89,S,23.03,1
100,3828112263,136,58,1,0.99,,31.71,1
100,3828112263,137,29,1,0.99,,31.71,1
100,3828112263,138,23,1,0.99,,31.71,1
100,3828112263,139,27,1,0.99,,30.8,1
100,3828112263,140,20,1,0.99,,30.1,1
100,3828112263,141,22,1,0.99,,29.39,1
100,3828112263,142,35,1,0.99,,28.58,1
100,3828112263,143,20,1,0.99,,28.58,1
100,3828112263,144,36,1,0.99,,28.48,1
100,3828112263,145,39,1,0.99,,28.38,1
100,3828112263,146,34,1,0.99,,28.28,1
100,3828112263,147,25,1,0.99,,28.28,1
100,3828112263,148,27,1,0.99,,28.28,1
100,3828112263,149,24,1,0.99,,28.28,1
100,3828112263,150,35,1,0.99,,28.28,1
100,3828112263,151,27,1,0.99,,28.28,1
100,3828112263,152,30,1,0.99,,29.39,1
100,3828112263,153,32,1,0.74,B,7.7,1
100,3828112263,154,23,1,0.78,B,13.71,1
100,3828112263,155,31,1,0.99,,32.22,1
100,3828112263,156,20,1,0.99,,32.22,1
100,3828112263,157,18,1,0.99,,32.22,1
100,3828112263,158,67,1,0.89,B,24.6,1
100,3828112263,159,50,1,0.92,B,25.76,1
100,3828112263,160,30,1,0.99,,29.39,1
100,3828112263,161,29,1,0.99,B,28.68,1
100,3828112263,162,22,1,0.98,,32.75,1
100,3828112263,163,17,1,0.96,B,33.75,1
100,3828112263,164,19,1,0.74,B,12.29,1
100,3828112263,165,11,1,0.99,,34.44,1
100,3828112263,166,12,1,0.99,,30.9,1
100,3828112263,167,14,1,0.99,,30.9,1
100,3828112263,168,19,1,0.99,,30.9,1
100,3828112263,169,17,1,0.99,,30.9,1
100,3828112263,170,12,1,0.99,,30.9,1
100,3828112263,171,12,1,0.94,B,27.23,1
100,3828112263,172,4,1,0.94,B,27.23,1
100,3828112263,173,10,1,0.96,B,28.54,1
100,3828112263,174,10,1,0.99,,29.69,1
100,3828112263,175,15,1,0.99,,28.88,1
100,3828112263,176,14,1,0.99,,28.88,1
100,3828112263,177,11,1,0.99,,28.38,1
100,3828112263,178,10,1,0.99,,28.38,1
100,3828112263,179,10,1,0.99,,28.78,1
100,3828112263,180,11,1,0.74,S,8.51,1
100,3828112263,181,12,1,0.99,,31.61,1
100,3828112263,182,13,1,0.99,,30.3,1
100,3828112263,183,15,1,0.99,,30.3,1
100,3828112263,184,47,1,0.99,,30.3,1
100,3828112263,185,54,1,0.99,,30.3,1
100,3828112263,186,15,1,0.99,,30.3,1
100,3828112263,187,11,1,0.99,,29.69,1
100,3828112263,188,10,1,0.95,B,26.73,1
100,3828112263,189,8,1,0.99,,29.19,1
100,3828112263,190,17,1,0.99,,28.28,1
100,3828112263,191,7,1,0.99,,28.28,1
100,3828112263,192,11,1,0.99,,28.28,1
100,3828112263,193,11,1,0.99,,28.28,1
100,3828112263,194,14,1,0.99,,28.28,1
100,3828112263,195,13,1,0.99,,28.28,1
100,3828112263,196,8,1,0.99,,28.28,1
100,3828112263,197,15,1,0.99,,28.28,1
100,3828112263,198,20,1,0.99,,28.28,1
100,3828112263,199,12,1,0.99,,28.28,1
100,3828112263,200,12,1,0.99,,28.28,1
100,3828112263,201,13,1,0.99,,28.28,1
100,3828112263,202,12,1,0.99,,28.28,1
100,3828112263,203,11,1,0.99,,28.28,1
100,3828112263,204,13,1,0.99,,28.28,1
100,3828112263,205,6,1,0.99,,28.28,1
100,3828112263,206,5,1,0.99,,31.91,1
100,3828112263,207,10,1,0.74,S,10.13,1
100,3828112263,208,10,1,0.99,,33.13,1
100,3828112263,209,18,1,0.99,,33.13,1
100,3828112263,210,7,1,0.99,,33.13,1
100,3828112263,211,12,1,0.99,,33.13,1
100,3828112263,212,8,1,0.99,,32.52,1
100,3828112263,213,5,1,0.99,,31.01,1
100,3828112263,214,14,1,0.99,,36.16,1
100,3828112263,215,7,1,0.99,,34.24,1
100,3828112263,216,13,1,0.74,S,9.72,1
100,3828112263,217,19,1,0.99,,32.52,1
100,3828112263,218,13,1,0.99,,32.52,1
100,3828112263,219,0,1,0,,0,0
100,3828112263,220,16,1,0.99,,31.21,1
100,3828112263,221,10,1,0.99,,31.21,1
100,3828112263,222,5,1,0.99,,28.88,1
100,3828112263,223,3,1,0.99,,28.68,1
100,3828112263,224,7,1,0.99,,28.48,1
100,3828112263,225,18,1,0.99,,28.38,1
100,3828112263,226,10,1,0.99,,28.38,1
100,3828112263,227,13,1,0.99,,28.38,1
100,3828112263,228,13,1,0.99,,28.38,1
100,3828112263,229,4,1,0.99,,28.38,1
100,3828112263,230,9,1,0.99,,30.1,1
100,3828112263,231,15,1,0.89,S,25.05,1
100,3828112263,232,9,1,0.99,,30.1,1
100,3828112263,233,15,1,0.89,S,25.05,1
100,3828112263,234,22,1,0.99,S,34.14,1
100,3828112267,125,0,1,0,,0,1
100,3828112267,126,0,1,0,,0,1
100,3828112267,127,0,1,0,,0,1
100,3828112267,128,0,1,0,,0,1
100,3828112267,129,6,1,0.99,,45.35,1
100,3828112267,130,25,1,0.99,,37.17,1
100,3828112267,131,14,1,0.99,,34.94,1
100,3828112267,132,25,1,0.99,,34.94,1
100,3828112267,133,21,1,0.99,,31.91,1
100,3828112267,134,17,1,0.99,,30.6,1
100,3828112267,135,114,1,0.89,S,22.69,1
100,3828112267,136,74,1,0.99,,32.12,1
100,3828112267,137,9,1,0.99,,31.51,1
100,3828112267,138,16,1,0.99,,31.51,1
100,3828112267,139,19,1,0.99,,31.51,1
100,3828112267,140,19,1,0.99,,30.4,1
100,3828112267,141,24,1,0.99,,29.39,1
100,3828112267,142,40,1,0.99,,28.58,1
100,3828112267,143,26,1,0.99,,28.48,1
100,3828112267,144,24,1,0.99,,28.38,1
100,3828112267,145,26,1,0.99,,28.28,1
100,3828112267,146,12,1,0.99,,28.28,1
100,3828112267,147,25,1,0.99,,28.28,1
100,3828112267,148,16,1,0.99,,28.28,1
100,3828112267,149,20,1,0.99,,28.28,1
100,3828112267,150,27,1,0.99,,28.28,1
100,3828112267,151,23,1,0.99,,28.28,1
100,3828112267,152,29,1,0.99,,29.79,1
100,3828112267,153,39,1,0.74,B,8.64,1
100,3828112267,154,20,1,0.79,B,15.56,1
100,3828112267,155,19,1,0.99,,32.62,1
100,3828112267,156,31,1,0.99,,32.62,1
100,3828112267,157,16,1,0.99,,32.62,1
100,3828112267,158,65,1,0.89,B,25.05,1
100,3828112267,159,46,1,0.9,B,25.11,1
100,3828112267,160,25,1,0.99,,30.6,1
100,3828112267,161,22,1,0.99,B,29.39,1
100,3828112267,162,18,1,0.97,,32.47,1
100,3828112267,163,27,1,0.96,B,31.45,1
100,3828112267,164,13,1,0.74,B,10.94,1
100,3828112267,165,9,1,0.99,,33.13,1
100,3828112267,166,15,1,0.99,,30.6,1
100,3828112267,167,18,1,0.99,,30.6,1
100,3828112267,168,11,1,0.99,,30.6,1
100,3828112267,169,15,1,0.99,,30.6,1
100,3828112267,170,29,1,0.96,,28.43,1
100,3828112267,171,13,1,0.94,B,26.91,1
100,3828112267,172,13,1,0.94,B,26.91,1
100,3828112267,173,6,1,0.99,,29.89,1
100,3828112267,174,22,1,0.99,,29.39,1
100,3828112267,175,16,1,0.99,,28.78,1
100,3828112267,176,14,1,0.99,,28.78,1
100,3828112267,177,3,1,0.99,,28.28,1
100,3828112267,178,10,1,0.99,,28.28,1
100,3828112267,179,17,1,0.99,,29.69,1
100,3828112267,180,16,1,0.74,S,9.18,1
100,3828112267,181,5,1,0.99,,30.9,1
100,3828112267,182,16,1,0.99,,30,1
100,3828112267,183,17,1,0.99,,30,1
100,3828112267,184,43,1,0.99,,30,1
100,3828112267,185,36,1,0.99,,30,1
100,3828112267,186,9,1,0.99,,29.59,1
100,3828112267,187,6,1,0.99,,28.98,1
100,3828112267,188,12,1,0.95,B,26,1
100,3828112267,189,12,1,0.99,,28.98,1
100,3828112267,190,8,1,0.99,,28.28,1
100,3828112267,191,7,1,0.99,,28.28,1
100,3828112267,192,12,1,0.99,,28.28,1
100,3828112267,193,17,1,0.99,,28.28,1
100,3828112267,194,13,1,0.99,,28.28,1
100,3828112267,195,17,1,0.99,,28.28,1
100,3828112267,196,9,1,0.99,,28.28,1
100,3828112267,197,16,1,0.99,,28.28,1
100,3828112267,198,21,1,0.99,,28.28,1
100,3828112267,199,13,1,0.99,,28.28,1
100,3828112267,200,10,1,0.99,,28.28,1
100,3828112267,201,12,1,0.99,,28.28,1
100,3828112267,202,10,1,0.99,,28.28,1
100,3828112267,203,9,1,0.99,,28.28,1
100,3828112267,204,16,1,0.99,,28.28,1
100,3828112267,205,11,1,0.99,,28.28,1
100,3828112267,206,13,1,0.99,,31.11,1
100,3828112267,207,12,1,0.74,S,9.45,1
100,3828112267,208,1,1,0.99,,32.72,1
100,3828112267,209,18,1,0.99,,32.72,1
100,3828112267,210,10,1,0.99,,32.72,1
100,3828112267,211,13,1,0.99,,31.41,1
100,3828112267,212,14,1,0.99,,30.7,1
100,3828112267,213,12,1,0.99,,31.71,1
100,3828112267,214,9,1,0.99,,37.27,1
100,3828112267,215,7,1,0.99,,28.28,1
100,3828112267,216,20,1,0.74,S,8.64,1
100,3828112267,217,18,1,0.96,S,29.58,1
100,3828112267,218,23,1,0.99,,31.71,1
100,3828112267,219,0,1,0,,0,0
100,3828112267,220,8,1,0.99,,30.1,1
100,3828112267,221,12,1,0.99,,30.1,1
100,3828112267,222,17,1,0.99,,28.98,1
100,3828112267,223,23,1,0.99,,28.78,1
100,3828112267,224,14,1,0.99,,28.58,1
100,3828112267,225,8,1,0.99,,28.38,1
100,3828112267,226,17,1,0.99,,28.38,1
100,3828112267,227,10,1,0.99,,28.38,1
100,3828112267,228,17,1,0.99,,28.38,1
100,3828112267,229,17,1,0.99,,28.38,1
100,3828112267,230,16,1,0.99,,29.79,1
100,3828112267,231,28,1,0.89,S,25.39,1
100,3828112267,232,16,1,0.99,,29.79,1
100,3828112267,233,28,1,0.89,S,25.39,1
100,3828112267,234,39,1,0.97,S,33.09,1
100,3828112271,125,0,1,0,,0,1
100,3828112271,126,0,1,0,,0,1
100,3828112271,127,0,1,0,,0,1
100,3828112271,128,0,1,0,,0,1
100,3828112271,129,7,1,0.99,,43.33,1
100,3828112271,130,15,1,0.99,,36.26,1
100,3828112271,131,1,1,0.99,,34.44,1
100,3828112271,132,12,1,0.99,,34.44,1
100,3828112271,133,20,1,0.99,,34.44,1
100,3828112271,134,11,1,0.99,,31.11,1
100,3828112271,135,96,1,0.89,S,22.35,1
100,3828112271,136,31,1,0.99,,31.31,1
100,3828112271,137,14,1,0.99,,30.6,1
100,3828112271,138,21,1,0.99,,30.6,1
100,3828112271,139,13,1,0.99,,30.6,1
100,3828112271,140,15,1,0.99,,30.6,1
100,3828112271,141,16,1,0.99,,29.39,1
100,3828112271,142,24,1,0.99,,28.88,1
100,3828112271,143,18,1,0.99,,28.68,1
100,3828112271,144,10,1,0.99,,28.48,1
100,3828112271,145,24,1,0.99,,28.38,1
100,3828112271,146,12,1,0.99,,28.28,1
100,3828112271,147,16,1,0.99,,28.28,1
100,3828112271,148,22,1,0.99,,28.28,1
100,3828112271,149,26,1,0.99,,28.28,1
100,3828112271,150,22,1,0.99,,28.28,1
100,3828112271,151,20,1,0.99,,28.28,1
100,3828112271,152,16,1,0.99,,30.6,1
100,3828112271,153,21,1,0.74,B,9.72,1
100,3828112271,154,11,1,0.8,B,17.12,1
100,3828112271,155,17,1,0.99,,33.13,1
100,3828112271,156,24,1,0.99,,33.13,1
100,3828112271,157,16,1,0.99,,33.13,1
100,3828112271,158,54,1,0.89,B,25.61,1
100,3828112271,159,69,1,0.91,B,27.25,1
100,3828112271,160,10,1,0.99,,32.72,1
100,3828112271,161,19,1,0.99,B,30.2,1
100,3828112271,162,20,1,0.98,,32.85,1
100,3828112271,163,18,1,0.94,B,29.89,1
100,3828112271,164,6,1,0.74,B,10.94,1
100,3828112271,165,10,1,0.99,,33.43,1
100,3828112271,166,16,1,0.99,,30.7,1
100,3828112271,167,13,1,0.99,,30.7,1
100,3828112271,168,2,1,0.99,,30.7,1
100,3828112271,169,14,1,0.99,,30.7,1
100,3828112271,170,16,1,0.97,,29.27,1
100,3828112271,171,14,1,0.94,B,27.02,1
100,3828112271,172,5,1,0.94,B,27.02,1
100,3828112271,173,14,1,0.97,B,26.8,1
100,3828112271,174,17,1,0.99,,28.28,1
100,3828112271,175,16,1,0.99,,28.28,1
100,3828112271,176,10,1,0.99,,28.28,1
100,3828112271,177,17,1,0.99,,28.28,1
100,3828112271,178,17,1,0.99,,28.28,1
100,3828112271,179,11,1,0.99,,29.59,1
100,3828112271,180,8,1,0.74,S,9.05,1
100,3828112271,181,21,1,0.99,,31.21,1
100,3828112271,182,13,1,0.99,,29.79,1
100,3828112271,183,23,1,0.99,,29.79,1
100,3828112271,184,49,1,0.99,,29.79,1
100,3828112271,185,57,1,0.99,,29.69,1
100,3828112271,186,22,1,0.99,,28.88,1
100,3828112271,187,19,1,0.99,,28.58,1
100,3828112271,188,17,1,0.95,B,25.57,1
100,3828112271,189,25,1,0.99,,28.48,1
100,3828112271,190,12,1,0.99,,28.38,1
100,3828112271,191,13,1,0.99,,28.28,1
100,3828112271,192,14,1,0.99,,28.28,1
100,3828112271,193,20,1,0.99,,28.28,1
100,3828112271,194,18,1,0.99,,28.28,1
100,3828112271,195,12,1,0.99,,28.28,1
100,3828112271,196,16,1,0.99,,28.28,1
100,3828112271,197,21,1,0.99,,28.28,1
100,3828112271,198,16,1,0.99,,28.28,1
100,3828112271,199,18,1,0.99,,28.28,1
100,3828112271,200,11,1,0.99,,28.28,1
100,3828112271,201,17,1,0.99,,28.28,1
100,3828112271,202,14,1,0.99,,28.28,1
100,3828112271,203,16,1,0.99,,28.28,1
100,3828112271,204,16,1,0.99,,28.28,1
100,3828112271,205,18,1,0.99,,28.28,1
100,3828112271,206,5,1,0.99,,30.7,1
100,3828112271,207,17,1,0.74,S,9.45,1
100,3828112271,208,12,1,0.99,,32.52,1
100,3828112271,209,23,1,0.99,,32.52,1
100,3828112271,210,8,1,0.99,,31.51,1
100,3828112271,211,18,1,0.99,,30.2,1
100,3828112271,212,21,1,0.99,,29.59,1
100,3828112271,213,10,1,0.99,,30.6,1
100,3828112271,214,19,1,0.99,,36.36,1
100,3828112271,215,11,1,0.99,,32.52,1
100,3828112271,216,21,1,0.74,S,8.24,1
100,3828112271,217,10,1,0.99,,31.41,1
100,3828112271,218,18,1,0.99,,31.41,1
100,3828112271,219,0,1,0,,0,0
100,3828112271,220,13,1,0.99,,30,1
100,3828112271,221,19,1,0.99,,29.89,1
100,3828112271,222,15,1,0.99,,28.98,1
100,3828112271,223,10,1,0.99,,28.68,1
100,3828112271,224,13,1,0.99,,28.48,1
100,3828112271,225,19,1,0.99,,28.38,1
100,3828112271,226,12,1,0.99,,28.38,1
100,3828112271,227,18,1,0.99,,28.38,1
100,3828112271,228,14,1,0.99,,28.38,1
100,3828112271,229,25,1,0.99,,28.38,1
100,3828112271,230,25,1,0.99,,30.4,1
100,3828112271,231,32,1,0.89,S,25.84,1
100,3828112271,232,25,1,0.99,,30.4,1
100,3828112271,233,32,1,0.89,S,25.84,1
100,3828112271,234,22,1,0.97,S,33.5,1
100,3828112409,125,0,1,0,,0,1
100,3828112409,126,0,1,0,,0,1
100,3828112409,127,0,1,0,,0,1
100,3828112409,128,0,1,0,,0,1
100,3828112409,129,14,1,0.99,,43.33,1
100,3828112409,130,7,1,0.99,,37.37,1
100,3828112409,131,4,1,0.99,,35.55,1
100,3828112409,132,9,1,0.99,,35.55,1
100,3828112409,133,14,1,0.99,,35.55,1
100,3828112409,134,12,1,0.99,,30.6,1
100,3828112409,135,73,1,0.89,S,22.24,1
100,3828112409,136,51,1,0.99,,31.51,1
100,3828112409,137,15,1,0.99,,31.11,1
100,3828112409,138,15,1,0.99,,31.11,1
100,3828112409,139,13,1,0.99,,31.11,1
100,3828112409,140,17,1,0.99,,31.11,1
100,3828112409,141,15,1,0.99,,29.19,1
100,3828112409,142,20,1,0.99,,28.78,1
100,3828112409,143,23,1,0.99,,28.48,1
100,3828112409,144,20,1,0.99,,28.38,1
100,3828112409,145,23,1,0.99,,28.38,1
100,3828112409,146,16,1,0.99,,28.28,1
100,3828112409,147,24,1,0.99,,28.28,1
100,3828112409,148,26,1,0.99,,28.28,1
100,3828112409,149,12,1,0.99,,28.28,1
100,3828112409,150,26,1,0.99,,28.28,1
100,3828112409,151,8,1,0.99,,28.28,1
100,3828112409,152,21,1,0.99,,29.39,1
100,3828112409,153,21,1,0.74,B,9.45,1
100,3828112409,154,13,1,0.81,B,17.9,1
100,3828112409,155,19,1,0.99,,32.92,1
100,3828112409,156,18,1,0.99,,32.92,1
100,3828112409,157,29,1,0.99,,32.92,1
100,3828112409,158,20,1,0.89,B,25.39,1
100,3828112409,159,31,1,0.9,B,25.22,1
100,3828112409,160,10,1,0.99,,31.01,1
100,3828112409,161,13,1,0.99,B,30.3,1
100,3828112409,162,11,1,0.98,,31.83,1
100,3828112409,163,26,1,0.95,B,30.42,1
100,3828112409,164,12,1,0.74,B,10.81,1
100,3828112409,165,14,1,0.99,,33.23,1
100,3828112409,166,15,1,0.99,,29.79,1
100,3828112409,167,22,1,0.99,,29.69,1
100,3828112409,168,7,1,0.99,,29.69,1
100,3828112409,169,1,1,0.99,,29.69,1
100,3828112409,170,14,1,0.97,,28.24,1
100,3828112409,171,15,1,0.94,B,25.95,1
100,3828112409,172,13,1,0.94,B,25.95,1
100,3828112409,173,11,1,0.94,B,25.21,1
100,3828112409,174,16,1,0.99,,28.98,1
100,3828112409,175,10,1,0.99,,28.58,1
100,3828112409,176,13,1,0.99,,28.58,1
100,3828112409,177,12,1,0.99,,28.28,1
100,3828112409,178,13,1,0.99,,28.28,1
100,3828112409,179,15,1,0.99,,29.39,1
100,3828112409,180,16,1,0.75,S,9.6,1
100,3828112409,181,16,1,0.99,,31.11,1
100,3828112409,182,9,1,0.99,,29.89,1
100,3828112409,183,9,1,0.99,,29.89,1
100,3828112409,184,7,1,0.99,,29.89,1
100,3828112409,185,11,1,0.99,,29.29,1
100,3828112409,186,9,1,0.99,,28.98,1
100,3828112409,187,18,1,0.99,,28.88,1
100,3828112409,188,14,1,0.95,B,25.89,1
100,3828112409,189,15,1,0.99,,28.48,1
100,3828112409,190,10,1,0.99,,28.28,1
100,3828112409,191,23,1,0.99,,28.28,1
100,3828112409,192,10,1,0.99,,28.28,1
100,3828112409,193,12,1,0.99,,28.28,1
100,3828112409,194,15,1,0.99,,28.28,1
100,3828112409,195,13,1,0.99,,28.28,1
100,3828112409,196,8,1,0.99,,28.28,1
100,3828112409,197,16,1,0.99,,28.28,1
100,3828112409,198,7,1,0.99,,28.28,1
100,3828112409,199,15,1,0.99,,28.28,1
100,3828112409,200,20,1,0.99,,28.28,1
100,3828112409,201,17,1,0.99,,28.28,1
100,3828112409,202,10,1,0.99,,28.28,1
100,3828112409,203,14,1,0.99,,28.28,1
100,3828112409,204,11,1,0.99,,28.28,1
100,3828112409,205,8,1,0.99,,28.28,1
100,3828112409,206,6,1,0.99,,29.89,1
100,3828112409,207,17,1,0.74,S,10.27,1
100,3828112409,208,0,1,0,,0,1
100,3828112409,209,11,1,0.99,,33.13,1
100,3828112409,210,9,1,0.99,,32.82,1
100,3828112409,211,16,1,0.99,,29.79,1
100,3828112409,212,17,1,0.99,,29.39,1
100,3828112409,213,15,1,0.99,,31.31,1
100,3828112409,214,7,1,0.99,,36.06,1
100,3828112409,215,17,1,0.99,,30.6,1
100,3828112409,216,12,1,0.74,S,9.32,1
100,3828112409,217,13,1,0.99,,32.22,1
100,3828112409,218,27,1,0.99,,32.22,1
100,3828112409,219,0,1,0,,0,0
100,3828112409,220,15,1,0.99,,30.4,1
100,3828112409,221,12,1,0.99,,30.3,1
100,3828112409,222,18,1,0.99,,29.09,1
100,3828112409,223,17,1,0.99,,28.88,1
100,3828112409,224,14,1,0.99,,28.68,1
100,3828112409,225,8,1,0.99,,28.48,1
100,3828112409,226,21,1,0.99,,28.48,1
100,3828112409,227,14,1,0.99,,28.38,1
100,3828112409,228,25,1,0.99,,28.38,1
100,3828112409,229,18,1,0.99,,28.38,1
100,3828112409,230,15,1,0.99,,30.6,1
100,3828112409,231,20,1,0.89,S,31.23,1
100,3828112409,232,15,1,0.99,,30.6,1
100,3828112409,233,20,1,0.89,S,31.23,1
100,3828112409,234,33,1,0.98,S,36.02,1
