notes/week02/data.csv
STORE,UPC,WEEK,MOVE,QTY,PRICE,SALE,PROFIT,OK
100,4400004713,125,13,1,2.64,B,29.5,1
100,4400004713,126,9,1,2.68,,30.55,1
100,4400004713,127,16,1,2.5,B,25.56,1
100,4400004713,128,13,1,2.52,B,26.15,1
100,4400004713,129,7,1,2.84,,29.36,1
100,4400004713,130,7,1,2.84,,27.28,1
100,4400004713,131,11,1,2.84,,27.28,1
100,4400004713,132,15,1,2.8,,30.25,1
100,4400004713,133,16,1,2.6,B,29.8,1
100,4400004713,134,8,1,2.41,,24.27,1
100,4400004713,135,29,1,1.99,B,8.29,1
100,4400004713,136,3,1,2.84,,35.73,1
100,4400004713,137,12,1,2.84,,31.51,1
100,4400004713,138,12,1,2.84,,27.28,1
100,4400004713,139,9,1,2.84,,27.28,1
100,4400004713,140,17,1,2.79,,29.03,1
100,4400004713,141,9,1,2.72,B,28.49,1
100,4400004713,142,16,1,2.72,B,28.49,1
100,4400004713,143,15,1,2.19,S,11.18,1
100,4400004713,144,7,1,2.84,,31.51,1
100,4400004713,145,8,1,2.84,,28.87,1
100,4400004713,146,12,1,2.84,,27.28,1
100,4400004713,147,6,1,2.86,,27.79,1
100,4400004713,148,7,1,2.89,,32.11,1
100,4400004713,149,58,1,1.44,S,35.06,1
100,4400004713,150,9,1,2.89,,32.69,1
100,4400004713,151,8,1,2.89,,32.69,1
100,4400004713,152,15,1,2.89,,28.54,1
100,4400004713,153,11,1,2.89,,28.54,1
100,4400004713,154,7,1,2.89,,28.54,1
100,4400004713,155,11,1,2.89,,28.54,1
100,4400004713,156,17,1,2.89,,28.54,1
100,4400004713,157,14,1,2.89,,28.54,1
100,4400004713,158,15,1,2.89,,31.59,1
100,4400004713,159,8,1,2.59,S,24.9,1
100,4400004713,160,13,1,2.89,,30.1,1
100,4400004713,161,14,1,2.89,,30.1,1
100,4400004713,162,12,1,2.89,,25.95,1
100,4400004713,163,16,1,2.89,,25.95,1
100,4400004713,164,9,1,2.89,,25.95,1
100,4400004713,165,8,1,2.89,,25.95,1
100,4400004713,166,8,1,2.59,S,17.37,1
100,4400004713,167,7,1,2.89,,25.95,1
100,4400004713,168,2,1,2.89,,25.95,1
100,4400004713,169,7,1,2.89,,25.95,1
100,4400004713,170,7,1,2.89,,25.95,1
100,4400004713,171,2,1,2.89,,25.95,1
100,4400004713,172,6,1,2.89,,25.95,1
100,4400004713,173,12,1,2.89,,25.95,1
100,4400004713,174,12,1,2.89,,25.95,1
100,4400004713,175,13,1,2.89,,25.95,1
100,4400004713,176,20,1,2.89,,25.95,1
100,4400004713,177,13,1,2.89,,28.2,1
100,4400004713,178,42,1,1.59,S,-27.04,1
100,4400004713,179,10,1,2.89,,30.1,1
100,4400004713,180,10,1,2.89,,30.1,1
100,4400004713,181,10,1,2.89,,25.95,1
100,4400004713,182,12,1,2.89,,25.95,1
100,4400004713,183,12,1,2.89,,27.33,1
100,4400004713,184,14,1,2.89,,30.1,1
100,4400004713,185,14,1,2.59,S,22,1
100,4400004713,186,10,1,2.89,,30.1,1
100,4400004713,187,18,1,2.69,S,24.9,1
100,4400004713,188,11,1,2.89,,30.1,1
100,4400004713,189,13,1,2.89,,25.95,1
100,4400004713,190,7,1,2.89,,25.95,1
100,4400004713,191,9,1,2.89,,25.95,1
100,4400004713,192,8,1,2.77,,22.74,1
100,4400004713,193,7,1,2.59,,17.37,1
100,4400004713,194,0,1,0,,0,1
100,4400004713,195,11,1,2.59,,18.64,1
100,4400004713,196,11,1,2.59,,22,1
100,4400004713,197,27,1,2.59,,22,1
100,4400004713,198,13,1,2.59,,22,1
100,4400004713,199,13,1,2.59,,17.37,1
100,4400004713,200,9,1,2.59,,17.37,1
100,4400004713,201,10,1,2.59,,17.37,1
100,4400004713,202,10,1,2.59,,17.37,1
100,4400004713,203,11,1,2.59,,17.37,1
100,4400004713,204,7,1,2.59,,17.37,1
100,4400004713,205,8,1,2.59,,17.37,1
100,4400004713,206,10,1,2.59,,17.37,1
100,4400004713,207,9,1,2.59,,17.37,1
100,4400004713,208,13,1,2.59,,17.37,1
100,4400004713,209,15,1,2.59,,17.37,1
100,4400004713,210,11,1,2.59,,17.37,1
100,4400004713,211,9,1,2.59,,17.37,1
100,4400004713,212,5,1,2.59,,17.37,1
100,4400004713,213,8,1,2.59,,17.37,1
100,4400004713,214,12,1,2.59,,17.37,1
100,4400004713,215,12,1,2.59,,17.37,1
100,4400004713,216,15,1,2.59,,17.37,1
100,4400004713,217,12,1,2.59,,17.37,1
100,4400004713,218,14,1,2.59,,17.37,1
100,4400004713,219,0,1,0,,0,0
100,4400004713,220,5,1,2.59,,17.37,1
100,4400004713,221,18,1,2.99,,28.42,1
100,4400004713,222,11,1,2.99,,28.42,1
100,4400004713,223,4,1,2.99,,28.42,1
100,4400004713,224,3,1,2.99,,28.42,1
100,4400004713,225,11,1,2.99,,28.42,1
100,4400004713,226,15,1,2.99,,27.39,1
100,4400004713,227,4,1,2.99,,26.15,1
100,4400004713,228,10,1,2.99,,26.15,1
100,4400004713,229,14,1,2.99,,26.15,1
100,4400004713,230,12,1,2.99,,26.15,1
100,4400004713,231,12,1,2.99,,27.15,1
100,4400004713,232,12,1,2.99,,26.15,1
100,4400004713,233,12,1,2.99,,27.15,1
100,4400004713,234,6,1,2.99,,30.16,1
50,3828112267,133,0,1,0,,0,1
50,3828112267,134,4,1,0.99,,31.92,1
50,3828112267,135,10,1,0.89,,22.02,1
50,3828112267,136,6,1,0.99,,30.2,1
50,3828112267,137,7,1,0.99,,31.52,1
50,3828112267,138,7,1,0.99,,31.52,1
50,3828112267,139,7,1,0.99,,31.52,1
50,3828112267,140,4,1,0.99,,31.52,1
50,3828112267,141,7,1,0.99,,30.4,1
50,3828112267,142,5,1,0.99,,29.39,1
50,3828112267,143,8,1,0.99,,28.59,1
50,3828112267,144,6,1,0.99,,28.38,1
50,3828112267,145,7,1,0.99,,28.28,1
50,3828112267,146,6,1,0.99,,28.28,1
50,3828112267,147,1,1,0.99,,28.28,1
50,3828112267,148,4,1,0.99,,28.28,1
50,3828112267,149,7,1,0.99,,28.28,1
50,3828112267,150,8,1,0.99,,28.28,1
50,3828112267,151,7,1,0.99,,28.28,1
50,3828112267,152,12,1,0.99,,28.28,1
50,3828112267,153,3,1,0.74,,7.43,0
50,3828112267,154,8,1,0.74,,8.51,1
50,3828112267,155,7,1,0.99,,32.63,1
50,3828112267,156,12,1,0.99,,32.63,1
50,3828112267,157,13,1,0.99,,32.63,1
50,3828112267,158,12,1,0.89,B,25.06,1
50,3828112267,159,10,1,0.89,B,25.06,1
50,3828112267,160,6,1,0.99,,30.61,1
50,3828112267,161,11,1,0.99,,30.61,1
50,3828112267,162,5,1,0.99,,29.39,1
50,3828112267,163,11,1,0.94,,30.32,1
50,3828112267,164,9,1,0.74,B,10.95,1
50,3828112267,165,1,1,0.99,,33.43,1
50,3828112267,166,7,1,0.99,,32.53,1
50,3828112267,167,3,1,0.99,,30.61,1
50,3828112267,168,7,1,0.99,,30.61,1
50,3828112267,169,8,1,0.99,,30.61,1
50,3828112267,170,14,1,0.99,,30.61,1
50,3828112267,171,12,1,0.94,,26.91,1
50,3828112267,172,4,1,0.94,B,26.91,1
50,3828112267,173,9,1,0.94,B,26.91,1
50,3828112267,174,10,1,0.99,,29.39,1
50,3828112267,175,14,1,0.99,,28.79,1
50,3828112267,176,10,1,0.99,,28.79,1
50,3828112267,177,8,1,0.99,,28.79,1
50,3828112267,178,7,1,0.99,,28.28,1
50,3828112267,179,9,1,0.99,,28.28,1
50,3828112267,180,14,1,0.74,,7.57,1
50,3828112267,181,11,1,0.99,,32.12,1
50,3828112267,182,12,1,0.99,,30.71,1
50,3828112267,183,9,1,0.99,,30,1
50,3828112267,184,2,1,0.99,,30,1
50,3828112267,185,2,1,0.99,,30,1
50,3828112267,186,1,1,0.99,,30,1
50,3828112267,187,0,1,0,,0,1
50,3828112267,188,7,1,0.95,B,26,1
50,3828112267,189,7,1,0.99,,28.99,1
50,3828112267,190,8,1,0.99,,28.28,1
50,3828112267,191,8,1,0.99,,28.28,1
50,3828112267,192,10,1,0.99,,28.28,1
50,3828112267,193,9,1,0.99,,28.28,1
50,3828112267,194,14,1,0.99,,28.28,1
50,3828112267,195,9,1,0.99,,28.28,1
50,3828112267,196,7,1,0.99,,28.28,1
50,3828112267,197,9,1,0.99,,28.28,1
50,3828112267,198,13,1,0.99,,28.28,1
50,3828112267,199,12,1,0.99,,28.28,1
50,3828112267,200,7,1,0.99,,28.28,1
50,3828112267,201,8,1,0.99,,28.28,1
50,3828112267,202,8,1,0.99,,28.28,1
50,3828112267,203,10,1,0.99,,28.28,1
50,3828112267,204,5,1,0.99,,28.28,1
50,3828112267,205,5,1,0.99,,28.28,1
50,3828112267,206,6,1,0.99,,28.98,1
50,3828112267,207,11,1,0.74,S,9.45,1
50,3828112267,208,4,1,0.99,,32.72,1
50,3828112267,209,9,1,0.99,,32.72,1
50,3828112267,210,5,1,0.99,,32.72,1
50,3828112267,211,4,1,0.99,,32.22,1
50,3828112267,212,10,1,0.99,,30.5,1
50,3828112267,213,10,1,0.99,,31.81,1
50,3828112267,214,1,1,0.99,,33.33,1
50,3828112267,215,0,1,0,,0,1
50,3828112267,216,0,1,0,,0,1
50,3828112267,217,0,1,0,,0,1
50,3828112267,218,0,1,0,,0,1
50,3828112267,219,0,1,0,,0,0
50,3828112267,220,0,1,0,,0,1
50,3828112267,221,0,1,0,,0,1
50,3828112267,222,0,1,0,,0,1
50,3828112267,223,0,1,0,,0,1
50,3828112267,224,0,1,0,,0,1
50,3828112267,225,0,1,0,,0,1
50,3828112267,226,0,1,0,,0,1
50,3828112267,227,0,1,0,,0,1
50,3828112267,228,0,1,0,,0,1
50,3828112267,229,0,1,0,,0,1
50,3828112267,230,0,1,0,,0,1
50,3828112267,231,0,1,0,,0,1
50,3828112267,232,0,1,0,,0,1
50,3828112267,233,0,1,0,,0,1
50,3828112267,234,0,1,0,,0,1
50,3828112267,235,0,1,0,,0,1
2,4400004898,198,0,1,0,,0,1
2,4400004898,199,0,1,0,,0,1
2,4400004898,200,3,1,2.99,,25.98,1
2,4400004898,201,7,1,2.99,,25.98,1
2,4400004898,202,7,1,2.99,,25.98,1
2,4400004898,203,67,1,1.56,,-41.85,1
2,4400004898,204,265,1,1.38,B,-60.36,1
2,4400004898,205,17,1,3.02,B,26.72,1
2,4400004898,206,7,1,3.29,,32.73,1
2,4400004898,207,9,1,3.29,,32.73,1
2,4400004898,208,10,1,3.29,,32.73,1
2,4400004898,209,4,1,3.29,,32.73,1
2,4400004898,210,172,1,1.64,S,-22.56,1
2,4400004898,211,0,1,0,,0,1
2,4400004898,212,15,1,3.29,,38.9,1
2,4400004898,213,20,1,3.29,,32.73,1
2,4400004898,214,22,1,3.29,,32.73,1
2,4400004898,215,10,1,3.29,,32.73,1
2,4400004898,216,10,1,3.29,,32.73,1
2,4400004898,217,12,1,3.29,,33.95,1
2,4400004898,218,63,1,2.49,S,15.94,1
2,4400004898,219,0,1,0,,0,0
2,4400004898,220,16,1,3.29,,36.38,1
2,4400004898,221,17,1,3.29,,33.19,1
2,4400004898,222,12,1,3.29,,32.73,1
2,4400004898,223,7,1,3.16,,29.96,1
2,4400004898,224,8,1,2.99,,25.98,1
2,4400004898,225,10,1,2.99,,25.98,1
2,4400004898,226,8,1,2.99,,28.99,1
2,4400004898,227,242,1,1.32,S,-58.56,1
2,4400004898,228,9,1,2.99,,30,1
2,4400004898,229,9,1,2.99,,26.88,1
2,4400004898,230,15,1,2.99,,25.98,1
2,4400004898,231,10,1,2.99,,27.19,1
2,4400004898,232,15,1,2.99,,25.98,1
2,4400004898,233,10,1,2.99,,27.19,1
2,4400004898,234,12,1,2.74,G,43.06,1
2,4400004898,235,12,1,2.99,G,25.98,1
12,4400004898,198,0,1,0,,0,1
12,4400004898,199,0,1,0,,0,1
12,4400004898,200,0,1,0,,0,1
12,4400004898,201,4,1,2.99,,25.98,1
12,4400004898,202,8,1,2.99,,25.98,1
12,4400004898,203,10,1,2.99,,25.98,1
12,4400004898,204,187,1,1.64,G,-34.93,1
12,4400004898,205,5,1,2.99,,25.98,1
12,4400004898,206,11,1,2.99,,25.98,1
12,4400004898,207,10,1,2.99,,25.98,1
12,4400004898,208,8,1,2.99,,25.98,1
12,4400004898,209,20,1,2.99,,30.4,1
12,4400004898,210,301,1,1.49,S,-34.89,1
12,4400004898,211,5,1,2.99,,32.77,1
12,4400004898,212,12,1,2.99,,32.77,1
12,4400004898,213,11,1,2.99,,25.98,1
12,4400004898,214,0,1,0,,0,1
12,4400004898,215,18,1,2.99,,25.98,1
12,4400004898,216,17,1,2.99,,25.98,1
12,4400004898,217,10,1,2.99,,28.39,1
12,4400004898,218,74,1,2.49,S,15.94,1
12,4400004898,219,0,1,0,,0,0
12,4400004898,220,14,1,2.99,,30,1
12,4400004898,221,19,1,2.99,,26.85,1
12,4400004898,222,16,1,2.99,,25.98,1
12,4400004898,223,16,1,2.99,,25.98,1
12,4400004898,224,9,1,2.99,,25.98,1
12,4400004898,225,13,1,2.99,,25.98,1
12,4400004898,226,16,1,2.99,,30,1
12,4400004898,227,244,1,1.19,,-75.88,1
12,4400004898,228,23,1,2.94,S,28.8,1
12,4400004898,229,11,1,2.99,,26.72,1
12,4400004898,230,17,1,2.99,,25.98,1
12,4400004898,231,9,1,2.99,,26.45,1
12,4400004898,232,17,1,2.99,,25.98,1
12,4400004898,233,9,1,2.99,,26.45,1
12,4400004898,234,1,1,2.99,,30,1
12,4400004898,235,10,1,2.99,,26.38,1
50,4400004898,198,0,1,0,,0,1
50,4400004898,199,0,1,0,,0,1
50,4400004898,200,0,1,0,,0,1
50,4400004898,201,9,1,2.99,,25.98,1
50,4400004898,202,22,1,2.99,,25.98,1
50,4400004898,203,25,1,3.02,,26.72,1
50,4400004898,204,150,1,1.43,B,-54.75,1
50,4400004898,205,14,1,3.05,B,27.44,1
50,4400004898,206,11,1,3.29,,32.73,1
50,4400004898,207,13,1,3.29,,32.73,1
50,4400004898,208,9,1,3.29,,32.73,1
50,4400004898,209,12,1,3.29,,36.86,1
50,4400004898,210,285,1,1.64,S,-22.56,1
50,4400004898,211,15,1,3.29,,38.9,1
50,4400004898,212,16,1,3.29,,38.9,1
50,4400004898,213,11,1,3.29,,32.73,1
50,4400004898,214,6,1,3.29,,32.73,1
50,4400004898,215,0,1,0,,0,1
50,4400004898,216,0,1,0,,0,1
50,4400004898,217,0,1,0,,0,1
50,4400004898,218,0,1,0,,0,1
50,4400004898,219,0,1,0,,0,0
50,4400004898,220,0,1,0,,0,1
50,4400004898,221,0,1,0,,0,1
50,4400004898,222,0,1,0,,0,1
50,4400004898,223,0,1,0,,0,1
50,4400004898,224,0,1,0,,0,1
50,4400004898,225,0,1,0,,0,1
50,4400004898,226,0,1,0,,0,1
50,4400004898,227,0,1,0,,0,1
50,4400004898,228,0,1,0,,0,1
50,4400004898,229,0,1,0,,0,1
50,4400004898,230,0,1,0,,0,1
50,4400004898,231,0,1,0,,0,1
50,4400004898,232,0,1,0,,0,1
50,4400004898,233,0,1,0,,0,1
50,4400004898,234,0,1,0,,0,1
50,4400004898,235,0,1,0,,0,1
100,4400004898,198,0,1,0,,0,1
100,4400004898,199,0,1,0,,0,1
100,4400004898,200,5,1,2.99,,25.98,1
100,4400004898,201,4,1,2.99,,25.98,1
100,4400004898,202,0,1,0,,0,1
100,4400004898,203,0,1,0,,0,1
100,4400004898,204,60,1,1.25,G,-77.04,1
100,4400004898,205,1,1,2.69,,17.73,1
100,4400004898,206,12,1,2.69,,17.73,1
100,4400004898,207,15,1,2.69,,17.73,1
100,4400004898,208,10,1,2.69,,17.73,1
100,4400004898,209,10,1,2.69,,21.52,1
100,4400004898,210,386,1,1.34,S,-50,1
100,4400004898,211,24,1,2.69,,25.27,1
100,4400004898,212,6,1,2.69,,25.27,1
100,4400004898,213,14,1,2.69,,17.73,1
100,4400004898,214,27,1,2.59,,14.55,1
100,4400004898,215,20,1,2.69,,17.73,1
100,4400004898,216,20,1,2.69,,17.73,1
100,4400004898,217,16,1,2.69,,19.14,1
100,4400004898,218,33,1,2.49,,15.94,1
100,4400004898,219,0,1,0,,0,0
100,4400004898,220,4,1,2.69,,22.19,1
100,4400004898,221,18,1,2.69,,18.73,1
100,4400004898,222,14,1,2.69,,17.73,1
100,4400004898,223,16,1,2.76,,19.81,1
100,4400004898,224,11,1,2.99,,25.98,1
100,4400004898,225,12,1,2.99,,25.98,1
100,4400004898,226,11,1,2.99,,29.29,1
100,4400004898,227,265,1,1.5,S,-39.53,1
100,4400004898,228,75,1,2.99,,30,1
100,4400004898,229,91,1,2.99,,26.58,1
100,4400004898,230,72,1,2.99,,25.98,1
100,4400004898,231,13,1,2.99,,26.62,1
100,4400004898,232,72,1,2.99,,25.98,1
100,4400004898,233,13,1,2.99,,26.62,1
100,4400004898,234,32,1,2.33,G,37.81,1
75,4400004898,202,12,1,2.99,,25.98,1
75,4400004898,203,13,1,2.82,,21.52,1
75,4400004898,204,187,1,1.28,G,-72.89,1
75,4400004898,205,1,1,2.69,,17.73,1
75,4400004898,206,7,1,2.69,,17.73,1
75,4400004898,207,11,1,2.69,,17.73,1
75,4400004898,208,12,1,2.69,,17.73,1
75,4400004898,209,32,1,2.69,,23.64,1
75,4400004898,210,341,1,1.34,S,-50,1
75,4400004898,211,3,1,2.69,,25.27,1
75,4400004898,212,17,1,2.69,,25.27,1
75,4400004898,213,20,1,2.69,,17.73,1
75,4400004898,214,16,1,2.69,,17.73,1
75,4400004898,215,14,1,2.69,,17.73,1
75,4400004898,216,13,1,2.69,,17.73,1
75,4400004898,217,14,1,2.69,,20.29,1
75,4400004898,218,20,1,2.49,S,15.94,1
75,4400004898,219,0,1,0,,0,0
75,4400004898,220,12,1,2.69,,22.19,1
75,4400004898,221,17,1,2.69,,18.02,1
75,4400004898,222,8,1,2.69,,17.73,1
75,4400004898,223,8,1,2.8,,20.96,1
75,4400004898,224,7,1,2.99,,25.98,1
75,4400004898,225,13,1,2.99,,25.98,1
75,4400004898,226,9,1,2.99,,29.56,1
75,4400004898,227,128,1,1.29,S,-62.24,1
75,4400004898,228,13,1,2.99,,30,1
75,4400004898,229,16,1,2.99,,26.75,1
75,4400004898,230,16,1,2.99,,25.98,1
75,4400004898,231,15,1,2.99,,26.78,1
75,4400004898,232,16,1,2.99,,25.98,1
75,4400004898,233,15,1,2.99,,26.78,1
75,4400004898,234,11,1,2.99,G,45.11,1
